Microsoft Windows [Version 10.0.19045.3570]
(c) Microsoft Corporation. All rights reserved.

C:\Users\LucasFelber\Documents\SideProjects\cypress-submit-reload>yarn cypress run
yarn run v1.22.19
$ C:\Users\LucasFelber\Documents\SideProjects\cypress-submit-reload\node_modules\.bin\cypress run
  cypress:cli:cli cli starts with arguments ["C:\\Program Files\\nodejs\\node.exe","C:\\Users\\LucasFelber\\Documents\\SideProjects\\cypress-submit-reload\\node_modules\\cypress\\bin\\cypress","run"] +0ms
  cypress:cli NODE_OPTIONS is not set +0ms
  cypress:cli:cli program parsing arguments +2ms
  cypress:cli:cli running Cypress with args [ Command { _events: [Object: null prototype] { 'option:auto-cancel-after-failures': [Function (anonymous)], 'option:browser': [Function (anonymous)], 'option:ci-build-id': [Function (anonymous)], 'option:component': [Function (anonymous)], 'option:config': [Function (anonymous)], 'option:config-file': [Function (anonymous)], 'option:e2e': [Function (anonymous)], 'option:env': [Function (anonymous)], 'option:group': [Function (anonymous)], 'option:key': [Function (anonymous)], 'option:headed': [Function (anonymous)], 'option:headless': [Function (anonymous)], 'option:no-exit': [Function (anonymous)], 'option:parallel': [Function (anonymous)], 'option:port': [Function (anonymous)], 'option:project': [Function (anonymous)], 'option:quiet': [Function (anonymous)], 'option:record': [Function (anonymous)], 'option:reporter': [Function (anonymous)], 'option:runner-ui': [Function (anonymous)], 'option:no-runner-ui': [Function (anonymous)], 'option:reporter-options': [Function (anonymous)], 'option:spec': [Function (anonymous)], 'option:tag': [Function (anonymous)], 'option:dev': [Function (anonymous)] }, _eventsCount: 25, _maxListeners: undefined, commands: [], options: [ [Option], [Option], [Option], [Option], [Option], [Option], [Option], [Option], [Option], [Option], [Option], [Option], [Option], [Option], [Option], [Option], [Option], [Option], [Option], [Option], [Option], [Option], [Option], [Option], [Option] ], parent: Command { _events: [Object: null prototype], _eventsCount: 1, _maxListeners: undefined, commands: [Array], options: [Array], parent: null, _allowUnknownOption: false, _args: [], rawArgs: [Array], _scriptPath: 'C:\\Users\\LucasFelber\\Documents\\SideProjects\\cypress-submit-reload\\node_modules\\cypress\\bin\\cypress', _name: 'cypress', _optionValues: {}, _storeOptionsAsProperties: true, _storeOptionsAsPropertiesCalled: true, _passCommandToAction: true, _actionResults: [], _actionHandler: null, _executableHandler: false, _executableFile: null, _defaultCommandName: null, _exitCallback: null, _aliases: [], _combineFlagAndOptionalValue: true, _hidden: false, _hasHelpOption: true, _helpFlags: '-h, --help', _helpDescription: 'display help for command', _helpShortFlag: '-h', _helpLongFlag: '--help', _hasImplicitHelpCommand: undefined, _helpCommandName: 'help', _helpCommandnameAndArgs: 'help [command]', _helpCommandDescription: 'display help for command', _usage: '<command> [options]', args: [Array], [Symbol(kCapture)]: false }, _allowUnknownOption: false, _args: [], rawArgs: null, _scriptPath: null, _name: 'run', _optionValues: {}, _storeOptionsAsProperties: true, _storeOptionsAsPropertiesCalled: false, _passCommandToAction: true, _actionResults: [], _actionHandler: [Function: listener], _executableHandler: false, _executableFile: null, _defaultCommandName: null, _exitCallback: null, _aliases: [], _combineFlagAndOptionalValue: true, _hidden: false, _hasHelpOption: true, _helpFlags: '-h, --help', _helpDescription: 'display help for command', _helpShortFlag: '-h', _helpLongFlag: '--help', _hasImplicitHelpCommand: 0, _helpCommandName: 'help', _helpCommandnameAndArgs: 'help [command]', _helpCommandDescription: 'display help for command', _usage: '[options]', _description: 'Runs Cypress tests from the CLI without the GUI', _argsDescription: undefined, exit: true, args: [], [Symbol(kCapture)]: false } ] +1ms
  cypress:cli:cli variable-length opts parsed { args: [ 'C:\\Program Files\\nodejs\\node.exe', 'C:\\Users\\LucasFelber\\Documents\\SideProjects\\cypress-submit-reload\\node_modules\\cypress\\bin\\cypress', 'run' ], opts: Command { _events: [Object: null prototype] { 'option:auto-cancel-after-failures': [Function (anonymous)], 'option:browser': [Function (anonymous)], 'option:ci-build-id': [Function (anonymous)], 'option:component': [Function (anonymous)], 'option:config': [Function (anonymous)], 'option:config-file': [Function (anonymous)], 'option:e2e': [Function (anonymous)], 'option:env': [Function (anonymous)], 'option:group': [Function (anonymous)], 'option:key': [Function (anonymous)], 'option:headed': [Function (anonymous)], 'option:headless': [Function (anonymous)], 'option:no-exit': [Function (anonymous)], 'option:parallel': [Function (anonymous)], 'option:port': [Function (anonymous)], 'option:project': [Function (anonymous)], 'option:quiet': [Function (anonymous)], 'option:record': [Function (anonymous)], 'option:reporter': [Function (anonymous)], 'option:runner-ui': [Function (anonymous)], 'option:no-runner-ui': [Function (anonymous)], 'option:reporter-options': [Function (anonymous)], 'option:spec': [Function (anonymous)], 'option:tag': [Function (anonymous)], 'option:dev': [Function (anonymous)] }, _eventsCount: 25, _maxListeners: undefined, commands: [], options: [ [Option], [Option], [Option], [Option], [Option], [Option], [Option], [Option], [Option], [Option], [Option], [Option], [Option], [Option], [Option], [Option], [Option], [Option], [Option], [Option], [Option], [Option], [Option], [Option], [Option] ], parent: Command { _events: [Object: null prototype], _eventsCount: 1, _maxListeners: undefined, commands: [Array], options: [Array], parent: null, _allowUnknownOption: false, _args: [], rawArgs: [Array], _scriptPath: 'C:\\Users\\LucasFelber\\Documents\\SideProjects\\cypress-submit-reload\\node_modules\\cypress\\bin\\cypress', _name: 'cypress', _optionValues: {}, _storeOptionsAsProperties: true, _storeOptionsAsPropertiesCalled: true, _passCommandToAction: true, _actionResults: [], _actionHandler: null, _executableHandler: false, _executableFile: null, _defaultCommandName: null, _exitCallback: null, _aliases: [], _combineFlagAndOptionalValue: true, _hidden: false, _hasHelpOption: true, _helpFlags: '-h, --help', _helpDescription: 'display help for command', _helpShortFlag: '-h', _helpLongFlag: '--help', _hasImplicitHelpCommand: undefined, _helpCommandName: 'help', _helpCommandnameAndArgs: 'help [command]', _helpCommandDescription: 'display help for command', _usage: '<command> [options]', args: [Array], [Symbol(kCapture)]: false }, _allowUnknownOption: false, _args: [], rawArgs: null, _scriptPath: null, _name: 'run', _optionValues: {}, _storeOptionsAsProperties: true, _storeOptionsAsPropertiesCalled: false, _passCommandToAction: true, _actionResults: [], _actionHandler: [Function: listener], _executableHandler: false, _executableFile: null, _defaultCommandName: null, _exitCallback: null, _aliases: [], _combineFlagAndOptionalValue: true, _hidden: false, _hasHelpOption: true, _helpFlags: '-h, --help', _helpDescription: 'display help for command', _helpShortFlag: '-h', _helpLongFlag: '--help', _hasImplicitHelpCommand: 0, _helpCommandName: 'help', _helpCommandnameAndArgs: 'help [command]', _helpCommandDescription: 'display help for command', _usage: '[options]', _description: 'Runs Cypress tests from the CLI without the GUI', _argsDescription: undefined, exit: true, args: [], [Symbol(kCapture)]: false } } +249ms
  cypress:cli parsed cli options {} +256ms
  cypress:cli verifying Cypress app +0ms
  cypress:cli checking environment variables +0ms
  cypress:cli checking if executable exists C:\Users\LucasFelber\AppData\Local\Cypress\Cache\13.3.1\Cypress\Cypress.exe +4ms
  cypress:cli Binary is executable? : true +3ms
  cypress:cli binaryDir is  C:\Users\LucasFelber\AppData\Local\Cypress\Cache\13.3.1\Cypress +0ms
  cypress:cli Reading binary package.json from: C:\Users\LucasFelber\AppData\Local\Cypress\Cache\13.3.1\Cypress\resources\app\package.json +0ms
  cypress:cli Found binary version 13.3.1 installed in: C:\Users\LucasFelber\AppData\Local\Cypress\Cache\13.3.1\Cypress +5ms
  cypress:cli { verified: true } +6ms
  cypress:cli is Verified ? true +4ms
  cypress:cli:run processing run options { key: null, spec: null, reporter: null, reporterOptions: null, project: 'C:\\Users\\LucasFelber\\Documents\\SideProjects\\cypress-submit-reload' } +0ms
  cypress:cli:run --key is not set, looking up environment variable CYPRESS_RECORD_KEY +1ms
  cypress:cli:run run to spawn.start args ["--run-project","C:\\Users\\LucasFelber\\Documents\\SideProjects\\cypress-submit-reload"] +1ms
  cypress:cli needs to start own Xvfb? false +0ms
  cypress:cli spawning, should retry on display problem? false +0ms
  cypress:cli spawn args [ '--', '--run-project', 'C:\\Users\\LucasFelber\\Documents\\SideProjects\\cypress-submit-reload', '--cwd', 'C:\\Users\\LucasFelber\\Documents\\SideProjects\\cypress-submit-reload', '--userNodePath', 'C:\\Program Files\\nodejs\\node.exe', '--userNodeVersion', '18.17.1' ] { detached: false, stdio: 'pipe', windowsHide: false } +3ms
  cypress:cli spawning Cypress with executable: C:\Users\LucasFelber\AppData\Local\Cypress\Cache\13.3.1\Cypress\Cypress.exe +1ms
  cypress:cli piping process STDIN into child STDIN +15ms
  cypress:cli piping child STDOUT to process STDOUT +1ms
  cypress:cli piping child STDERR to process STDERR +1ms

  cypress:snapshot:info Caching 3472, defining 4287 modules! Using cache +0ms
  cypress:snapshot:debug initializing packherd require +0ms
  cypress:server:performance-benchmark elapsed time at v8-snapshot-startup-time: 153.724ms +0ms
  cypress:server:appdata path: C:\Users\LucasFelber\AppData\Roaming\Cypress\cy\production\browsers +0ms
  cypress:server:cypress starting cypress with argv [ 'C:\\Users\\LucasFelber\\AppData\\Local\\Cypress\\Cache\\13.3.1\\Cypress\\Cypress.exe', '--', '--run-project', 'C:\\Users\\LucasFelber\\Documents\\SideProjects\\cypress-submit-reload', '--cwd', 'C:\\Users\\LucasFelber\\Documents\\SideProjects\\cypress-submit-reload', '--userNodePath', 'C:\\Program Files\\nodejs\\node.exe', '--userNodeVersion', '18.17.1' ] +0ms
  cypress:server:args argv array: [ 'C:\\Users\\LucasFelber\\AppData\\Local\\Cypress\\Cache\\13.3.1\\Cypress\\Cypress.exe', '--run-project', 'C:\\Users\\LucasFelber\\Documents\\SideProjects\\cypress-submit-reload', '--cwd', 'C:\\Users\\LucasFelber\\Documents\\SideProjects\\cypress-submit-reload', '--userNodePath', 'C:\\Program Files\\nodejs\\node.exe', '--userNodeVersion', '18.17.1' ] +0ms
  cypress:server:args parsed argv options { options: { _: [ 'C:\\Users\\LucasFelber\\AppData\\Local\\Cypress\\Cache\\13.3.1\\Cypress\\Cypress.exe' ], 'run-project': 'C:\\Users\\LucasFelber\\Documents\\SideProjects\\cypress-submit-reload', runProject: 'C:\\Users\\LucasFelber\\Documents\\SideProjects\\cypress-submit-reload', cwd: 'C:\\Users\\LucasFelber\\Documents\\SideProjects\\cypress-submit-reload', userNodePath: 'C:\\Program Files\\nodejs\\node.exe', userNodeVersion: '18.17.1' } } +1ms
  cypress:server:args argv parsed: { _: [ 'C:\\Users\\LucasFelber\\AppData\\Local\\Cypress\\Cache\\13.3.1\\Cypress\\Cypress.exe' ], runProject: 'C:\\Users\\LucasFelber\\Documents\\SideProjects\\cypress-submit-reload', cwd: 'C:\\Users\\LucasFelber\\Documents\\SideProjects\\cypress-submit-reload', userNodePath: 'C:\\Program Files\\nodejs\\node.exe', userNodeVersion: '18.17.1', invokedFromCli: true } +4ms
  cypress:server:util:proxy found proxy environment variables {} +0ms
  cypress:server:util:proxy HTTP_PROXY is falsy, disabling HTTP_PROXY +5ms
  cypress:server:util:proxy setting default NO_PROXY of `` +0ms
  cypress:server:util:proxy <-loopback> not found, adding localhost to NO_PROXY +0ms
  cypress:server:util:proxy normalized proxy environment variables { NO_PROXY: '127.0.0.1,::1,localhost' } +0ms
  cypress:server:args options { _: [ 'C:\\Users\\LucasFelber\\AppData\\Local\\Cypress\\Cache\\13.3.1\\Cypress\\Cypress.exe' ], runProject: 'C:\\Users\\LucasFelber\\Documents\\SideProjects\\cypress-submit-reload', cwd: 'C:\\Users\\LucasFelber\\Documents\\SideProjects\\cypress-submit-reload', userNodePath: 'C:\\Program Files\\nodejs\\node.exe', userNodeVersion: '18.17.1', invokedFromCli: true, config: {} } +10ms
  cypress:server:args argv options: { _: [ 'C:\\Users\\LucasFelber\\AppData\\Local\\Cypress\\Cache\\13.3.1\\Cypress\\Cypress.exe' ], runProject: 'C:\\Users\\LucasFelber\\Documents\\SideProjects\\cypress-submit-reload', cwd: 'C:\\Users\\LucasFelber\\Documents\\SideProjects\\cypress-submit-reload', userNodePath: 'C:\\Program Files\\nodejs\\node.exe', userNodeVersion: '18.17.1', invokedFromCli: true, config: {}, projectRoot: 'C:\\Users\\LucasFelber\\Documents\\SideProjects\\cypress-submit-reload' } +1ms
  cypress:server:cypress from argv [ 'C:\\Users\\LucasFelber\\AppData\\Local\\Cypress\\Cache\\13.3.1\\Cypress\\Cypress.exe', '--run-project', 'C:\\Users\\LucasFelber\\Documents\\SideProjects\\cypress-submit-reload', '--cwd', 'C:\\Users\\LucasFelber\\Documents\\SideProjects\\cypress-submit-reload', '--userNodePath', 'C:\\Program Files\\nodejs\\node.exe', '--userNodeVersion', '18.17.1' ] got options { _: [ 'C:\\Users\\LucasFelber\\AppData\\Local\\Cypress\\Cache\\13.3.1\\Cypress\\Cypress.exe' ], runProject: 'C:\\Users\\LucasFelber\\Documents\\SideProjects\\cypress-submit-reload', cwd: 'C:\\Users\\LucasFelber\\Documents\\SideProjects\\cypress-submit-reload', userNodePath: 'C:\\Program Files\\nodejs\\node.exe', userNodeVersion: '18.17.1', invokedFromCli: true, config: {}, projectRoot: 'C:\\Users\\LucasFelber\\Documents\\SideProjects\\cypress-submit-reload' } +19ms
  cypress:server:cypress scaling electron app in headless mode +1ms
  cypress:server:appdata path: C:\Users\LucasFelber\AppData\Roaming\Cypress\cy\production +87ms

DevTools listening on ws://127.0.0.1:56458/devtools/browser/21394616-ac5a-48d7-bc32-9e6e2b8b18f1
  cypress:server:cypress starting in mode run with options { _: [ 'C:\\Users\\LucasFelber\\AppData\\Local\\Cypress\\Cache\\13.3.1\\Cypress\\Cypress.exe' ], runProject: 'C:\\Users\\LucasFelber\\Documents\\SideProjects\\cypress-submit-reload', cwd: 'C:\\Users\\LucasFelber\\Documents\\SideProjects\\cypress-submit-reload', userNodePath: 'C:\\Program Files\\nodejs\\node.exe', userNodeVersion: '18.17.1', invokedFromCli: true, config: {}, projectRoot: 'C:\\Users\\LucasFelber\\Documents\\SideProjects\\cypress-submit-reload' } +76ms
  cypress:server:cypress running Electron currently +0ms
  cypress:graphql:nexusDeferIfNotLoadedPlugin Adding nexusDeferIfNotLoadedPlugin for Query.cloudLatestRunUpdateSpecData +0ms
  cypress:graphql:nexusDeferIfNotLoadedPlugin Adding nexusDeferIfNotLoadedPlugin for Query.cloudProjectBySlug +0ms
  cypress:graphql:nexusDeferIfNotLoadedPlugin Adding nexusDeferIfNotLoadedPlugin for Query.cloudProjectsBySlugs +1ms
  cypress:graphql:nexusDeferIfNotLoadedPlugin Adding nexusDeferIfNotLoadedPlugin for Query.cloudSpecByPath +0ms
  cypress:graphql:nexusDeferIfNotLoadedPlugin Adding nexusDeferIfNotLoadedPlugin for Query.cloudViewer +0ms
  cypress:graphql:nexusDeferIfNotLoadedPlugin Adding nexusDeferIfNotLoadedPlugin for Query.pollingIntervals +0ms
  cypress:graphql:nexusDeferIfNotLoadedPlugin Adding nexusDeferIfNotLoadedPlugin for Query.versions +0ms
  cypress:graphql:nexusDeferIfNotLoadedPlugin Adding nexusDeferIfNotLoadedPlugin for CurrentProject.cloudProject +2ms
  cypress:graphql:nexusDeferIfNotLoadedPlugin Adding nexusDeferIfNotLoadedPlugin for RelevantRunInfo.status +3ms
  cypress:graphql:nexusDeferIfNotLoadedPlugin Adding nexusDeferIfNotLoadedPlugin for RemoteFetchableCloudProjectResult.data +2ms
  cypress:graphql:nexusDeferIfNotLoadedPlugin Adding nexusDeferIfNotLoadedPlugin for RemoteFetchableCloudProjectSpecResult.data +1ms
  cypress:server:browsers:utils getBrowsers +0ms
  cypress:launcher:detect detecting if the following browsers are present [ { name: 'chrome', family: 'chromium', channel: 'stable', displayName: 'Chrome', versionRegex: /Google Chrome (\S+)/m, binary: [ 'google-chrome', 'chrome', 'google-chrome-stable' ], minSupportedVersion: 64 }, { name: 'chromium', family: 'chromium', channel: 'stable', displayName: 'Chromium', versionRegex: /Chromium (\S+)/m, binary: [ 'chromium-browser', 'chromium' ], minSupportedVersion: 64 }, { name: 'chrome', family: 'chromium', channel: 'beta', displayName: 'Chrome Beta', versionRegex: /Google Chrome (\S+) beta/m, binary: 'google-chrome-beta', minSupportedVersion: 64 }, { name: 'chrome', family: 'chromium', channel: 'canary', displayName: 'Canary', versionRegex: /Google Chrome Canary (\S+)/m, binary: 'google-chrome-canary', minSupportedVersion: 64 }, { name: 'firefox', family: 'firefox', channel: 'stable', displayName: 'Firefox', versionRegex: /^Mozilla Firefox ([^\sab]+)$/m, binary: 'firefox', minSupportedVersion: 86, validator: [Function: validator] }, { name: 'firefox', family: 'firefox', channel: 'dev', displayName: 'Firefox Developer Edition', versionRegex: /^Mozilla Firefox (\S+b\S*)$/m, binary: [ 'firefox-developer-edition', 'firefox' ], minSupportedVersion: 86 }, { name: 'firefox', family: 'firefox', channel: 'nightly', displayName: 'Firefox Nightly', versionRegex: /^Mozilla Firefox (\S+a\S*)$/m, binary: [ 'firefox-nightly', 'firefox-trunk' ], minSupportedVersion: 86 }, { name: 'edge', family: 'chromium', channel: 'stable', displayName: 'Edge', versionRegex: /Microsoft Edge (\S+)/im, binary: [ 'edge', 'microsoft-edge' ], minSupportedVersion: 79 }, { name: 'edge', family: 'chromium', channel: 'canary', displayName: 'Edge Canary', versionRegex: /Microsoft Edge.+?(\S*(?= canary)|(?<=canary )\S*)/im, binary: [ 'edge-canary', 'microsoft-edge-canary' ], minSupportedVersion: 79 }, { name: 'edge', family: 'chromium', channel: 'beta', displayName: 'Edge Beta', versionRegex: /Microsoft Edge.+?(\S*(?= beta)|(?<=beta )\S*)/im, binary: [ 'edge-beta', 'microsoft-edge-beta' ], minSupportedVersion: 79 }, { name: 'edge', family: 'chromium', channel: 'dev', displayName: 'Edge Dev', versionRegex: /Microsoft Edge.+?(\S*(?= dev)|(?<=dev )\S*)/im, binary: [ 'edge-dev', 'microsoft-edge-dev' ], minSupportedVersion: 79 } ] +0ms
  cypress:server:browsers:utils WebKit is enabled, but there was an error constructing the WebKit browser: { err: Error: Cannot find module 'playwright-webkit' Require stack: - C:\Users\LucasFelber\AppData\Local\Cypress\Cache\13.3.1\Cypress\resources\app\packages\server\lib\browsers\utils.ts     at Module._resolveFilename (node:internal/modules/cjs/loader:1082:15)     at n._resolveFilename (node:electron/js2c/browser_init:2:117603)     at resolve (node:internal/modules/cjs/helpers:116:19) at Function.resolve (evalmachine.<anonymous>:1:786100) at P (<embedded>:4490:67601) at Object.I [as getBrowsers] (<embedded>:4490:68436) at b.machineBrowsers (<embedded>:4263:74332) at S._setCurrentProject (<embedded>:4446:75591) at new S (<embedded>:4446:68536) at new E (<embedded>:4446:130017) at N (<embedded>:4562:41451) at s.exports (<embedded>:4562:145768) at <embedded>:4569:3280 at tryCatcher (C:\Users\LucasFelber\AppData\Local\Cypress\Cache\13.3.1\Cypress\resources\app\node_modules\bluebird\js\release\util.js:16:23) at Function.<anonymous> (C:\Users\LucasFelber\AppData\Local\Cypress\Cache\13.3.1\Cypress\resources\app\node_modules\bluebird\js\release\method.js:39:29) at Object.runElectron (<embedded>:4569:3050) at Object.startInMode (<embedded>:4569:5738) at <embedded>:4569:4826 at tryCatcher (C:\Users\LucasFelber\AppData\Local\Cypress\Cache\13.3.1\Cypress\resources\app\node_modules\bluebird\js\release\util.js:16:23) at Promise._settlePromiseFromHandler (C:\Users\LucasFelber\AppData\Local\Cypress\Cache\13.3.1\Cypress\resources\app\node_modules\bluebird\js\release\promise.js:512:31) at Promise._settlePromise (C:\Users\LucasFelber\AppData\Local\Cypress\Cache\13.3.1\Cypress\resources\app\node_modules\bluebird\js\release\promise.js:569:18) at Promise._settlePromise0 (C:\Users\LucasFelber\AppData\Local\Cypress\Cache\13.3.1\Cypress\resources\app\node_modules\bluebird\js\release\promise.js:614:10) at Promise._settlePromises (C:\Users\LucasFelber\AppData\Local\Cypress\Cache\13.3.1\Cypress\resources\app\node_modules\bluebird\js\release\promise.js:694:18) at Promise._fulfill (C:\Users\LucasFelber\AppData\Local\Cypress\Cache\13.3.1\Cypress\resources\app\node_modules\bluebird\js\release\promise.js:638:18) at PromiseArray._resolve (C:\Users\LucasFelber\AppData\Local\Cypress\Cache\13.3.1\Cypress\resources\app\node_modules\bluebird\js\release\promise_array.js:126:19) at PromiseArray._promiseFulfilled (C:\Users\LucasFelber\AppData\Local\Cypress\Cache\13.3.1\Cypress\resources\app\node_modules\bluebird\js\release\promise_array.js:144:14) at Promise._settlePromise (C:\Users\LucasFelber\AppData\Local\Cypress\Cache\13.3.1\Cypress\resources\app\node_modules\bluebird\js\release\promise.js:574:26) at Promise._settlePromise0 (C:\Users\LucasFelber\AppData\Local\Cypress\Cache\13.3.1\Cypress\resources\app\node_modules\bluebird\js\release\promise.js:614:10) at Promise._settlePromises (C:\Users\LucasFelber\AppData\Local\Cypress\Cache\13.3.1\Cypress\resources\app\node_modules\bluebird\js\release\promise.js:694:18) at Promise._fulfill (C:\Users\LucasFelber\AppData\Local\Cypress\Cache\13.3.1\Cypress\resources\app\node_modules\bluebird\js\release\promise.js:638:18) at Promise._settlePromise (C:\Users\LucasFelber\AppData\Local\Cypress\Cache\13.3.1\Cypress\resources\app\node_modules\bluebird\js\release\promise.js:582:21) at Promise._settlePromise0 (C:\Users\LucasFelber\AppData\Local\Cypress\Cache\13.3.1\Cypress\resources\app\node_modules\bluebird\js\release\promise.js:614:10) at Promise._settlePromises (C:\Users\LucasFelber\AppData\Local\Cypress\Cache\13.3.1\Cypress\resources\app\node_modules\bluebird\js\release\promise.js:694:18) at Promise._fulfill (C:\Users\LucasFelber\AppData\Local\Cypress\Cache\13.3.1\Cypress\resources\app\node_modules\bluebird\js\release\promise.js:638:18) at Promise._settlePromise (C:\Users\LucasFelber\AppData\Local\Cypress\Cache\13.3.1\Cypress\resources\app\node_modules\bluebird\js\release\promise.js:582:21) at Promise._settlePromise0 (C:\Users\LucasFelber\AppData\Local\Cypress\Cache\13.3.1\Cypress\resources\app\node_modules\bluebird\js\release\promise.js:614:10) at Promise._settlePromises (C:\Users\LucasFelber\AppData\Local\Cypress\Cache\13.3.1\Cypress\resources\app\node_modules\bluebird\js\release\promise.js:694:18) at Promise._fulfill (C:\Users\LucasFelber\AppData\Local\Cypress\Cache\13.3.1\Cypress\resources\app\node_modules\bluebird\js\release\promise.js:638:18) at PromiseArray._resolve (C:\Users\LucasFelber\AppData\Local\Cypress\Cache\13.3.1\Cypress\resources\app\node_modules\bluebird\js\release\promise_array.js:126:19) at PromiseArray._promiseFulfilled (C:\Users\LucasFelber\AppData\Local\Cypress\Cache\13.3.1\Cypress\resources\app\node_modules\bluebird\js\release\promise_array.js:144:14) at Promise._settlePromise (C:\Users\LucasFelber\AppData\Local\Cypress\Cache\13.3.1\Cypress\resources\app\node_modules\bluebird\js\release\promise.js:574:26) at Promise._settlePromise0 (C:\Users\LucasFelber\AppData\Local\Cypress\Cache\13.3.1\Cypress\resources\app\node_modules\bluebird\js\release\promise.js:614:10) at Promise._settlePromises (C:\Users\LucasFelber\AppData\Local\Cypress\Cache\13.3.1\Cypress\resources\app\node_modules\bluebird\js\release\promise.js:694:18) at Promise._fulfill (C:\Users\LucasFelber\AppData\Local\Cypress\Cache\13.3.1\Cypress\resources\app\node_modules\bluebird\js\release\promise.js:638:18) at C:\Users\LucasFelber\AppData\Local\Cypress\Cache\13.3.1\Cypress\resources\app\node_modules\bluebird\js\release\nodeback.js:42:21 at <embedded>:2086:115512 { code: 'MODULE_NOT_FOUND', requireStack: [ 'C:\\Users\\LucasFelber\\AppData\\Local\\Cypress\\Cache\\13.3.1\\Cypress\\resources\\app\\packages\\server\\lib\\browsers\\utils.ts' ] } } +13ms
  cypress:data-context:sources:GitDataSource config: { isRunMode: true, projectRoot: 'C:\\Users\\LucasFelber\\Documents\\SideProjects\\cypress-submit-reload', onError: [Function (anonymous)], onBranchChange: [Function: onBranchChange], onGitInfoChange: [Function: onGitInfoChange], onGitLogChange: [AsyncFunction: onGitLogChange] } +0ms
  cypress:scaffold-config:detect Checking for default Cypress config file +0ms
  cypress:scaffold-config:detect Detected cypress.config.js - using JS +1ms
  cypress:server:video using ffmpeg from C:\Users\LucasFelber\AppData\Local\Cypress\Cache\13.3.1\Cypress\resources\app\node_modules\@ffmpeg-installer\win32-x64\ffmpeg.exe +0ms
  cypress:server:run run start +0ms
  cypress:lifecycle:ProjectConfigIpc fork child process { CHILD_PROCESS_FILE_PATH: 'C:\\Users\\LucasFelber\\AppData\\Local\\Cypress\\Cache\\13.3.1\\Cypress\\resources\\app\\node_modules\\@packages\\server\\lib\\plugins\\child\\require_async_child.js', configProcessArgs: [ '--projectRoot', 'C:\\Users\\LucasFelber\\Documents\\SideProjects\\cypress-submit-reload', '--file', 'C:\\Users\\LucasFelber\\Documents\\SideProjects\\cypress-submit-reload\\cypress.config.js' ], childOptions: { stdio: 'pipe', cwd: 'C:\\Users\\LucasFelber\\Documents\\SideProjects\\cypress-submit-reload', execPath: 'C:\\Program Files\\nodejs\\node.exe' } } +0ms
  cypress:lifecycle:ProjectConfigIpc no typescript found, just use regular Node.js +2ms
  cypress:lifecycle:ProjectConfigIpc trigger the load of the file +14ms
  cypress:launcher:windows got version string for chrome: { exePath: 'C:\\Program Files (x86)\\Google\\Chrome\\Application\\chrome.exe', version: '118.0.5993.71' } +0ms
  cypress:launcher:windows error while looking up exe, trying next exePath { exePath: 'C:\\Program Files (x86)\\Google\\chrome-win32\\chrome.exe', exePaths: [], err: Error: Browser not installed: chromium at r (<embedded>:4459:133634) at a (<embedded>:4459:147048) at <embedded>:4459:147393 { notInstalled: true } } +5ms
  cypress:launcher:windows error while looking up exe, trying next exePath { exePath: 'C:\\Program Files\\Google\\Chrome Beta\\Application\\chrome.exe', exePaths: [], err: Error: Browser not installed: chrome at r (<embedded>:4459:133634) at a (<embedded>:4459:147048) at <embedded>:4459:147393 { notInstalled: true } } +2ms
  cypress:launcher:windows error while looking up exe, trying next exePath { exePath: 'C:\\Program Files (x86)\\Google\\Chrome Beta\\Application\\chrome.exe', exePaths: [], err: Error: Browser not installed: chrome at r (<embedded>:4459:133634) at a (<embedded>:4459:147048) at <embedded>:4459:147498 { notInstalled: true } } +1ms
  cypress:launcher:windows error while looking up exe, trying next exePath { exePath: 'C:\\Users\\LucasFelber\\AppData\\Local\\Google\\Chrome SxS\\Application\\chrome.exe', exePaths: [], err: Error: Browser not installed: chrome at r (<embedded>:4459:133634) at a (<embedded>:4459:147048) at <embedded>:4459:147393 { notInstalled: true } } +0ms
  cypress:launcher:windows got version string for firefox: { exePath: 'C:\\Program Files\\Mozilla Firefox\\firefox.exe', version: '109.0' } +3ms
  cypress:launcher:windows got version string for firefox: { exePath: 'C:\\Program Files\\Firefox Developer Edition\\firefox.exe', version: '119.0' } +2ms
  cypress:launcher:windows error while looking up exe, trying next exePath { exePath: 'C:\\Users\\LucasFelber\\AppData\\Local\\Firefox Nightly\\firefox.exe', exePaths: [], err: Error: Browser not installed: firefox at r (<embedded>:4459:133634) at a (<embedded>:4459:147048) at <embedded>:4459:147393 { notInstalled: true } } +1ms
  cypress:launcher:windows error while looking up exe, trying next exePath { exePath: 'C:\\Program Files (x86)\\Firefox Nightly\\firefox.exe', exePaths: [], err: Error: Browser not installed: firefox at r (<embedded>:4459:133634) at a (<embedded>:4459:147048) at <embedded>:4459:147498 { notInstalled: true } } +1ms
  cypress:launcher:windows error while looking up exe, trying next exePath { exePath: 'C:\\Program Files\\Firefox Nightly\\firefox.exe', exePaths: [], err: Error: Browser not installed: firefox at r (<embedded>:4459:133634) at a (<embedded>:4459:147048) at <embedded>:4459:147498 { notInstalled: true } } +0ms
  cypress:launcher:windows got version string for edge: { exePath: 'C:\\Program Files (x86)\\Microsoft\\Edge\\Application\\msedge.exe', version: '118.0.2088.46' } +3ms
  cypress:launcher:windows error while looking up exe, trying next exePath { exePath: 'C:\\Users\\LucasFelber\\AppData\\Local\\Microsoft\\Edge SxS\\Application\\msedge.exe', exePaths: [], err: Error: Browser not installed: edge at r (<embedded>:4459:133634) at a (<embedded>:4459:147048) at <embedded>:4459:147393 { notInstalled: true } } +1ms
  cypress:launcher:windows error while looking up exe, trying next exePath { exePath: 'C:\\Program Files (x86)\\Microsoft\\Edge Beta\\Application\\msedge.exe', exePaths: [], err: Error: Browser not installed: edge at r (<embedded>:4459:133634) at a (<embedded>:4459:147048) at <embedded>:4459:147393 { notInstalled: true } } +1ms
  cypress:launcher:windows error while looking up exe, trying next exePath { exePath: 'C:\\Program Files (x86)\\Microsoft\\Edge Dev\\Application\\msedge.exe', exePaths: [], err: Error: Browser not installed: edge at r (<embedded>:4459:133634) at a (<embedded>:4459:147048) at <embedded>:4459:147393 { notInstalled: true } } +2ms
  cypress:server:browsers:utils found browsers { browsers: [ { name: 'chrome', family: 'chromium', channel: 'stable', displayName: 'Chrome', version: '118.0.5993.71', path: 'C:\\Program Files (x86)\\Google\\Chrome\\Application\\chrome.exe', minSupportedVersion: 64, majorVersion: '118' }, { name: 'firefox', family: 'firefox', channel: 'stable', displayName: 'Firefox', version: '109.0', path: 'C:\\Program Files\\Mozilla Firefox\\firefox.exe', minSupportedVersion: 86, majorVersion: '109' }, { name: 'firefox', family: 'firefox', channel: 'dev', displayName: 'Firefox Developer Edition', version: '119.0', path: 'C:\\Program Files\\Firefox Developer Edition\\firefox.exe', minSupportedVersion: 86, majorVersion: '119' }, { name: 'edge', family: 'chromium', channel: 'stable', displayName: 'Edge', version: '118.0.2088.46', path: 'C:\\Program Files (x86)\\Microsoft\\Edge\\Application\\msedge.exe', minSupportedVersion: 79, majorVersion: '118' } ] } +229ms
  cypress:lifecycle:child:run_require_async_child:29468 configFile: C:\Users\LucasFelber\Documents\SideProjects\cypress-submit-reload\cypress.config.js +0ms
  cypress:lifecycle:child:run_require_async_child:29468 projectRoot: C:\Users\LucasFelber\Documents\SideProjects\cypress-submit-reload +1ms
  cypress:lifecycle:child:run_require_async_child:29468 try loading C:\Users\LucasFelber\Documents\SideProjects\cypress-submit-reload\cypress.config.js +6ms
  cypress:lifecycle:child:run_require_async_child:29468 Loading file C:\Users\LucasFelber\Documents\SideProjects\cypress-submit-reload\cypress.config.js +1ms
  cypress:lifecycle:child:run_require_async_child:29468 User is loading an ESM config file +14ms
  cypress:lifecycle:child:run_require_async_child:29468 importing esm file file:///C:/Users/LucasFelber/Documents/SideProjects/cypress-submit-reload/cypress.config.js +0ms
  cypress:server:util:process_profiler current & mean memory and CPU usage by process group:
  cypress:server:util:process_profiler ┌─────────┬───────────┬──────────────┬─────────────────────────────┬────────────┬────────────────┬──────────┬──────────────┬─────────────┐
  cypress:server:util:process_profiler │ (index) │   group   │ processCount │            pids             │ cpuPercent │ meanCpuPercent │ memRssMb │ meanMemRssMb │ maxMemRssMb │
  cypress:server:util:process_profiler ├─────────┼───────────┼──────────────┼─────────────────────────────┼────────────┼────────────────┼──────────┼──────────────┼─────────────┤
  cypress:server:util:process_profiler │    0    │ 'cypress' │      1       │           '33780'           │     0      │       0        │  357.74  │    357.74    │   357.74    │
  cypress:server:util:process_profiler │    1    │  'other'  │      4       │ '18548, 36856, 17464, 2200' │     0      │       0        │  263.86  │    263.86    │   263.86    │
  cypress:server:util:process_profiler │    2    │ 'plugin'  │      2       │       '29468, 34532'        │     0      │       0        │   62.9   │     62.9     │    62.9     │
  cypress:server:util:process_profiler │    3    │  'TOTAL'  │      7       │             '-'             │     0      │       0        │  684.5   │    684.5     │    684.5    │
  cypress:server:util:process_profiler └─────────┴───────────┴──────────────┴─────────────────────────────┴────────────┴────────────────┴──────────┴──────────────┴─────────────┘ +0ms
  cypress:lifecycle:child:run_require_async_child:29468 loaded config file C:\Users\LucasFelber\Documents\SideProjects\cypress-submit-reload\cypress.config.js +749ms
  cypress:lifecycle:ProjectConfigIpc loadConfig:reply +2s
  cypress:lifecycle:ProjectConfigManager config is loaded for file C:\Users\LucasFelber\Documents\SideProjects\cypress-submit-reload\cypress.config.js null +0ms
  cypress:config:browser validating configuration {
  component: {
    devServer: {
      framework: 'vue',
      bundler: 'vite',
      viteConfig: '[Function defineNuxtConfig]'
    }
  },
  e2e: { baseUrl: 'http://localhost:3000' }
} +0ms
  cypress:lifecycle:child:run_require_async_child:29468 loaded config from C:\Users\LucasFelber\Documents\SideProjects\cypress-submit-reload\cypress.config.js { component: { devServer: { framework: 'vue', bundler: 'vite', viteConfig: [Function: defineNuxtConfig] } }, e2e: { baseUrl: 'http://localhost:3000' } } +1ms
  cypress:config:browser validating configuration {} +4ms
  cypress:config:project setting config object { cliConfig: {}, projectName: 'cypress-submit-reload', projectRoot: 'C:\\Users\\LucasFelber\\Documents\\SideProjects\\cypress-submit-reload', repoRoot: 'C:/Users/LucasFelber/Documents/SideProjects/cypress-submit-reload', config: { component: { devServer: [Object] }, e2e: { baseUrl: 'http://localhost:3000' }, baseUrl: 'http://localhost:3000' }, envFile: {}, options: { _: [ 'C:\\Users\\LucasFelber\\AppData\\Local\\Cypress\\Cache\\13.3.1\\Cypress\\Cypress.exe' ], runProject: 'C:\\Users\\LucasFelber\\Documents\\SideProjects\\cypress-submit-reload', cwd: 'C:\\Users\\LucasFelber\\Documents\\SideProjects\\cypress-submit-reload', userNodePath: 'C:\\Program Files\\nodejs\\node.exe', userNodeVersion: '18.17.1', invokedFromCli: true, config: {}, projectRoot: 'C:\\Users\\LucasFelber\\Documents\\SideProjects\\cypress-submit-reload', socketId: '24mh0fsfeq', isTextTerminal: true, browser: 'electron', quiet: false, morgan: false, report: true, testingType: 'e2e', configFile: 'cypress.config.js' }, configFile: 'cypress.config.js' } +0ms
  cypress:config:project config is { component: { devServer: { framework: 'vue', bundler: 'vite', viteConfig: '[Function defineNuxtConfig]' } }, e2e: { baseUrl: 'http://localhost:3000' }, baseUrl: 'http://localhost:3000' } +0ms
  cypress:config:project:utils merged config with options, got { component: { devServer: { framework: 'vue', bundler: 'vite', viteConfig: '[Function defineNuxtConfig]' } }, e2e: { baseUrl: 'http://localhost:3000' }, baseUrl: 'http://localhost:3000', envFile: {}, projectRoot: 'C:\\Users\\LucasFelber\\Documents\\SideProjects\\cypress-submit-reload', projectName: 'cypress-submit-reload', repoRoot: 'C:/Users/LucasFelber/Documents/SideProjects/cypress-submit-reload', rawJson: { component: { devServer: [Object] }, e2e: { baseUrl: 'http://localhost:3000' }, baseUrl: 'http://localhost:3000', envFile: {}, projectRoot: 'C:\\Users\\LucasFelber\\Documents\\SideProjects\\cypress-submit-reload', projectName: 'cypress-submit-reload', repoRoot: 'C:/Users/LucasFelber/Documents/SideProjects/cypress-submit-reload' }, configFile: 'cypress.config.js', morgan: false, isTextTerminal: true, socketId: '24mh0fsfeq', report: true } +0ms
  cypress:config:project:utils using CYPRESS_INTERNAL_ENV production +3ms
  cypress:config:project:utils resolved config is { value: [], from: 'default' } +1ms
  cypress:config:browser validating configuration {
  component: {
    devServer: {
      framework: 'vue',
      bundler: 'vite',
      viteConfig: '[Function defineNuxtConfig]'
    },
    specPattern: '**/*.cy.{js,jsx,ts,tsx}',
    indexHtmlFile: 'cypress/support/component-index.html'
  },
  e2e: {
    baseUrl: 'http://localhost:3000',
    specPattern: 'cypress/e2e/**/*.cy.{js,jsx,ts,tsx}'
  },
  baseUrl: 'http://localhost:3000',
  projectRoot: 'C:\\Users\\LucasFelber\\Documents\\SideProjects\\cypress-submit-reload',
  projectName: 'cypress-submit-reload',
  repoRoot: 'C:/Users/LucasFelber/Documents/SideProjects/cypress-submit-reload',
  rawJson: {
    component: { devServer: [Object] },
    e2e: { baseUrl: 'http://localhost:3000' },
    baseUrl: 'http://localhost:3000',
    envFile: {},
    projectRoot: 'C:\\Users\\LucasFelber\\Documents\\SideProjects\\cypress-submit-reload',
    projectName: 'cypress-submit-reload',
    repoRoot: 'C:/Users/LucasFelber/Documents/SideProjects/cypress-submit-reload'
  },
  configFile: 'cypress.config.js',
  morgan: false,
  isTextTerminal: true,
  socketId: '24mh0fsfeq',
  report: true,
  animationDistanceThreshold: 5,
  arch: 'x64',
  blockHosts: null,
  chromeWebSecurity: true,
  clientCertificates: [],
  defaultCommandTimeout: 4000,
  downloadsFolder: 'cypress/downloads',
  env: {},
  execTimeout: 60000,
  experimentalCspAllowList: false,
  experimentalFetchPolyfill: false,
  experimentalInteractiveRunEvents: false,
  experimentalRunAllSpecs: false,
  experimentalMemoryManagement: false,
  experimentalModifyObstructiveThirdPartyCode: false,
  experimentalSkipDomainInjection: null,
  experimentalOriginDependencies: false,
  experimentalSourceRewriting: false,
  experimentalSingleTabRunMode: false,
  experimentalStudio: false,
  experimentalWebKitSupport: false,
  fileServerFolder: '',
  fixturesFolder: 'cypress/fixtures',
  excludeSpecPattern: '*.hot-update.js',
  includeShadowDom: false,
  keystrokeDelay: 0,
  modifyObstructiveCode: true,
  numTestsKeptInMemory: 0,
  platform: 'win32',
  pageLoadTimeout: 60000,
  port: null,
  projectId: null,
  redirectionLimit: 20,
  reporter: 'spec',
  reporterOptions: null,
  requestTimeout: 5000,
  resolvedNodePath: null,
  resolvedNodeVersion: null,
  responseTimeout: 30000,
  retries: { runMode: 0, openMode: 0 },
  screenshotOnRunFailure: true,
  screenshotsFolder: 'cypress/screenshots',
  slowTestThreshold: 10000,
  scrollBehavior: 'top',
  supportFile: 'cypress/support/e2e.{js,jsx,ts,tsx}',
  supportFolder: false,
  taskTimeout: 60000,
  testIsolation: true,
  trashAssetsBeforeRuns: true,
  userAgent: null,
  video: false,
  videoCompression: false,
  videosFolder: 'cypress/videos',
  viewportHeight: 660,
  viewportWidth: 1000,
  waitForAnimations: true,
  watchForFileChanges: false,
  specPattern: 'cypress/e2e/**/*.cy.{js,jsx,ts,tsx}',
  additionalIgnorePattern: [],
  autoOpen: false,
  clientRoute: '/__/',
  cypressBinaryRoot: 'C:\\Users\\LucasFelber\\AppData\\Local\\Cypress\\Cache\\13.3.1\\Cypress\\resources\\app',
  devServerPublicPathRoute: '/__cypress/src',
  hosts: null,
  isInteractive: true,
  namespace: '__cypress',
  reporterRoute: '/__cypress/reporter',
  socketIoCookie: '__socket',
  socketIoRoute: '/__socket',
  version: '13.3.1',
  protocolEnabled: false,
  hideCommandLog: false,
  hideRunnerUi: false,
  cypressEnv: 'production',
  resolved: {
    animationDistanceThreshold: { value: 5, from: 'default' },
    arch: { value: 'x64', from: 'default' },
    baseUrl: { value: 'http://localhost:3000', from: 'config' },
    blockHosts: { value: null, from: 'default' },
    chromeWebSecurity: { value: true, from: 'default' },
    clientCertificates: { value: [], from: 'default' },
    component: { value: [Object], from: 'config' },
    defaultCommandTimeout: { value: 4000, from: 'default' },
    downloadsFolder: { value: 'cypress/downloads', from: 'default' },
    e2e: { value: [Object], from: 'config' },
    env: {},
    execTimeout: { value: 60000, from: 'default' },
    experimentalCspAllowList: { value: false, from: 'default' },
    experimentalFetchPolyfill: { value: false, from: 'default' },
    experimentalInteractiveRunEvents: { value: false, from: 'default' },
    experimentalRunAllSpecs: { value: false, from: 'default' },
    experimentalMemoryManagement: { value: false, from: 'default' },
    experimentalModifyObstructiveThirdPartyCode: { value: false, from: 'default' },
    experimentalSkipDomainInjection: { value: null, from: 'default' },
    experimentalOriginDependencies: { value: false, from: 'default' },
    experimentalSourceRewriting: { value: false, from: 'default' },
    experimentalSingleTabRunMode: { value: false, from: 'default' },
    experimentalStudio: { value: false, from: 'default' },
    experimentalWebKitSupport: { value: false, from: 'default' },
    fileServerFolder: { value: '', from: 'default' },
    fixturesFolder: { value: 'cypress/fixtures', from: 'default' },
    excludeSpecPattern: { value: '*.hot-update.js', from: 'default' },
    includeShadowDom: { value: false, from: 'default' },
    keystrokeDelay: { value: 0, from: 'default' },
    modifyObstructiveCode: { value: true, from: 'default' },
    numTestsKeptInMemory: { value: 0, from: 'config' },
    platform: { value: 'win32', from: 'default' },
    pageLoadTimeout: { value: 60000, from: 'default' },
    port: { value: null, from: 'default' },
    projectId: { value: null, from: 'default' },
    redirectionLimit: { value: 20, from: 'default' },
    reporter: { value: 'spec', from: 'default' },
    reporterOptions: { value: null, from: 'default' },
    requestTimeout: { value: 5000, from: 'default' },
    resolvedNodePath: { value: null, from: 'default' },
    resolvedNodeVersion: { value: null, from: 'default' },
    responseTimeout: { value: 30000, from: 'default' },
    retries: { value: [Object], from: 'default' },
    screenshotOnRunFailure: { value: true, from: 'default' },
    screenshotsFolder: { value: 'cypress/screenshots', from: 'default' },
    slowTestThreshold: { value: 10000, from: 'default' },
    scrollBehavior: { value: 'top', from: 'default' },
    supportFile: { value: 'cypress/support/e2e.{js,jsx,ts,tsx}', from: 'default' },
    supportFolder: { value: false, from: 'default' },
    taskTimeout: { value: 60000, from: 'default' },
    testIsolation: { value: true, from: 'default' },
    trashAssetsBeforeRuns: { value: true, from: 'default' },
    userAgent: { value: null, from: 'default' },
    video: { value: false, from: 'default' },
    videoCompression: { value: false, from: 'default' },
    videosFolder: { value: 'cypress/videos', from: 'default' },
    viewportHeight: { value: 660, from: 'default' },
    viewportWidth: { value: 1000, from: 'default' },
    waitForAnimations: { value: true, from: 'default' },
    watchForFileChanges: { value: false, from: 'config' },
    specPattern: { value: 'cypress/e2e/**/*.cy.{js,jsx,ts,tsx}', from: 'default' },
    browsers: { value: [], from: 'default' },
    hosts: { value: null, from: 'default' },
    isInteractive: { value: true, from: 'default' }
  }
} +6ms
  cypress:server:validation clientCerts: [] +0ms
  cypress:config:project:utils validate that there is no breaking config options before setupNodeEvents +2ms
  cypress:data-context:sources:FileDataSource updating glob patterns to POSIX +0ms
  cypress:data-context:sources:FileDataSource globbing pattern(s): [ 'cypress/support/e2e.{js,jsx,ts,tsx}' ] +1ms
  cypress:data-context:sources:FileDataSource within directory: C:\Users\LucasFelber\Documents\SideProjects\cypress-submit-reload +0ms
  cypress:config:project:utils setting support file C:/Users/LucasFelber/Documents/SideProjects/cypress-submit-reload/cypress/support/e2e.js +12ms
  cypress:config:project:utils for project root C:\Users\LucasFelber\Documents\SideProjects\cypress-submit-reload +0ms
  cypress:config:project:utils resolved support file C:\Users\LucasFelber\Documents\SideProjects\cypress-submit-reload\cypress\support\e2e.js +2ms
  cypress:config:project:utils require.resolve switched support folder from C:/Users/LucasFelber/Documents/SideProjects/cypress-submit-reload/cypress/support/e2e.js to C:\Users\LucasFelber\Documents\SideProjects\cypress-submit-reload\cypress\support\e2e.js +0ms
  cypress:config:project:utils switching to found file C:\Users\LucasFelber\Documents\SideProjects\cypress-submit-reload\cypress\support\e2e.js +1ms
  cypress:config:project:utils set support folder C:\Users\LucasFelber\Documents\SideProjects\cypress-submit-reload\cypress\support +0ms
  cypress:config:browser validating configuration {
  baseUrl: 'http://localhost:3000',
  projectRoot: 'C:\\Users\\LucasFelber\\Documents\\SideProjects\\cypress-submit-reload',
  projectName: 'cypress-submit-reload',
  repoRoot: 'C:/Users/LucasFelber/Documents/SideProjects/cypress-submit-reload',
  rawJson: {
    component: { devServer: [Object] },
    e2e: { baseUrl: 'http://localhost:3000' },
    baseUrl: 'http://localhost:3000',
    envFile: {},
    projectRoot: 'C:\\Users\\LucasFelber\\Documents\\SideProjects\\cypress-submit-reload',
    projectName: 'cypress-submit-reload',
    repoRoot: 'C:/Users/LucasFelber/Documents/SideProjects/cypress-submit-reload'
  },
  configFile: 'cypress.config.js',
  morgan: false,
  isTextTerminal: true,
  socketId: '24mh0fsfeq',
  report: true,
  animationDistanceThreshold: 5,
  arch: 'x64',
  blockHosts: null,
  chromeWebSecurity: true,
  clientCertificates: [],
  defaultCommandTimeout: 4000,
  downloadsFolder: 'C:\\Users\\LucasFelber\\Documents\\SideProjects\\cypress-submit-reload\\cypress\\downloads',
  env: {},
  execTimeout: 60000,
  experimentalCspAllowList: false,
  experimentalFetchPolyfill: false,
  experimentalInteractiveRunEvents: false,
  experimentalRunAllSpecs: false,
  experimentalMemoryManagement: false,
  experimentalModifyObstructiveThirdPartyCode: false,
  experimentalSkipDomainInjection: null,
  experimentalOriginDependencies: false,
  experimentalSourceRewriting: false,
  experimentalSingleTabRunMode: false,
  experimentalStudio: false,
  experimentalWebKitSupport: false,
  fileServerFolder: 'C:\\Users\\LucasFelber\\Documents\\SideProjects\\cypress-submit-reload',
  fixturesFolder: 'C:\\Users\\LucasFelber\\Documents\\SideProjects\\cypress-submit-reload\\cypress\\fixtures',
  excludeSpecPattern: '*.hot-update.js',
  includeShadowDom: false,
  keystrokeDelay: 0,
  modifyObstructiveCode: true,
  numTestsKeptInMemory: 0,
  platform: 'win32',
  pageLoadTimeout: 60000,
  port: null,
  projectId: null,
  redirectionLimit: 20,
  reporter: 'spec',
  reporterOptions: null,
  requestTimeout: 5000,
  resolvedNodePath: 'C:\\Program Files\\nodejs\\node.exe',
  resolvedNodeVersion: '18.17.1',
  responseTimeout: 30000,
  retries: { runMode: 0, openMode: 0 },
  screenshotOnRunFailure: true,
  screenshotsFolder: 'C:\\Users\\LucasFelber\\Documents\\SideProjects\\cypress-submit-reload\\cypress\\screenshots',
  slowTestThreshold: 10000,
  scrollBehavior: 'top',
  supportFile: 'C:\\Users\\LucasFelber\\Documents\\SideProjects\\cypress-submit-reload\\cypress\\support\\e2e.js',
  supportFolder: 'C:\\Users\\LucasFelber\\Documents\\SideProjects\\cypress-submit-reload\\cypress\\support',
  taskTimeout: 60000,
  testIsolation: true,
  trashAssetsBeforeRuns: true,
  userAgent: null,
  video: false,
  videoCompression: false,
  videosFolder: 'C:\\Users\\LucasFelber\\Documents\\SideProjects\\cypress-submit-reload\\cypress\\videos',
  viewportHeight: 660,
  viewportWidth: 1000,
  waitForAnimations: true,
  watchForFileChanges: false,
  specPattern: 'cypress/e2e/**/*.cy.{js,jsx,ts,tsx}',
  additionalIgnorePattern: [],
  autoOpen: false,
  browsers: [
    {
      name: 'chrome',
      family: 'chromium',
      channel: 'stable',
      displayName: 'Chrome',
      version: '118.0.5993.71',
      path: 'C:\\Program Files (x86)\\Google\\Chrome\\Application\\chrome.exe',
      minSupportedVersion: 64,
      majorVersion: '118'
    },
    {
      name: 'firefox',
      family: 'firefox',
      channel: 'stable',
      displayName: 'Firefox',
      version: '109.0',
      path: 'C:\\Program Files\\Mozilla Firefox\\firefox.exe',
      minSupportedVersion: 86,
      majorVersion: '109'
    },
    {
      name: 'firefox',
      family: 'firefox',
      channel: 'dev',
      displayName: 'Firefox Developer Edition',
      version: '119.0',
      path: 'C:\\Program Files\\Firefox Developer Edition\\firefox.exe',
      minSupportedVersion: 86,
      majorVersion: '119'
    },
    {
      name: 'edge',
      family: 'chromium',
      channel: 'stable',
      displayName: 'Edge',
      version: '118.0.2088.46',
      path: 'C:\\Program Files (x86)\\Microsoft\\Edge\\Application\\msedge.exe',
      minSupportedVersion: 79,
      majorVersion: '118'
    },
    {
      name: 'electron',
      channel: 'stable',
      family: 'chromium',
      displayName: 'Electron',
      version: '114.0.5735.289',
      path: '',
      majorVersion: 114
    }
  ],
  clientRoute: '/__/',
  cypressBinaryRoot: 'C:\\Users\\LucasFelber\\AppData\\Local\\Cypress\\Cache\\13.3.1\\Cypress\\resources\\app',
  devServerPublicPathRoute: '/__cypress/src',
  hosts: null,
  isInteractive: true,
  namespace: '__cypress',
  reporterRoute: '/__cypress/reporter',
  socketIoCookie: '__socket',
  socketIoRoute: '/__socket',
  version: '13.3.1',
  protocolEnabled: false,
  hideCommandLog: false,
  hideRunnerUi: false,
  cypressEnv: 'production',
  resolved: {
    animationDistanceThreshold: { value: 5, from: 'default' },
    arch: { value: 'x64', from: 'default' },
    baseUrl: { value: 'http://localhost:3000', from: 'config' },
    blockHosts: { value: null, from: 'default' },
    chromeWebSecurity: { value: true, from: 'default' },
    clientCertificates: { value: [], from: 'default' },
    defaultCommandTimeout: { value: 4000, from: 'default' },
    downloadsFolder: { value: 'cypress/downloads', from: 'default' },
    env: {},
    execTimeout: { value: 60000, from: 'default' },
    experimentalCspAllowList: { value: false, from: 'default' },
    experimentalFetchPolyfill: { value: false, from: 'default' },
    experimentalInteractiveRunEvents: { value: false, from: 'default' },
    experimentalRunAllSpecs: { value: false, from: 'default' },
    experimentalMemoryManagement: { value: false, from: 'default' },
    experimentalModifyObstructiveThirdPartyCode: { value: false, from: 'default' },
    experimentalSkipDomainInjection: { value: null, from: 'default' },
    experimentalOriginDependencies: { value: false, from: 'default' },
    experimentalSourceRewriting: { value: false, from: 'default' },
    experimentalSingleTabRunMode: { value: false, from: 'default' },
    experimentalStudio: { value: false, from: 'default' },
    experimentalWebKitSupport: { value: false, from: 'default' },
    fileServerFolder: { value: '', from: 'default' },
    fixturesFolder: { value: 'cypress/fixtures', from: 'default' },
    excludeSpecPattern: { value: '*.hot-update.js', from: 'default' },
    includeShadowDom: { value: false, from: 'default' },
    keystrokeDelay: { value: 0, from: 'default' },
    modifyObstructiveCode: { value: true, from: 'default' },
    numTestsKeptInMemory: { value: 0, from: 'config' },
    platform: { value: 'win32', from: 'default' },
    pageLoadTimeout: { value: 60000, from: 'default' },
    port: { value: null, from: 'default' },
    projectId: { value: null, from: 'default' },
    redirectionLimit: { value: 20, from: 'default' },
    reporter: { value: 'spec', from: 'default' },
    reporterOptions: { value: null, from: 'default' },
    requestTimeout: { value: 5000, from: 'default' },
    resolvedNodePath: { value: null, from: 'default' },
    resolvedNodeVersion: { value: null, from: 'default' },
    responseTimeout: { value: 30000, from: 'default' },
    retries: { value: [Object], from: 'default' },
    screenshotOnRunFailure: { value: true, from: 'default' },
    screenshotsFolder: { value: 'cypress/screenshots', from: 'default' },
    slowTestThreshold: { value: 10000, from: 'default' },
    scrollBehavior: { value: 'top', from: 'default' },
    supportFile: { value: 'cypress/support/e2e.{js,jsx,ts,tsx}', from: 'default' },
    supportFolder: { value: false, from: 'default' },
    taskTimeout: { value: 60000, from: 'default' },
    testIsolation: { value: true, from: 'default' },
    trashAssetsBeforeRuns: { value: true, from: 'default' },
    userAgent: { value: null, from: 'default' },
    video: { value: false, from: 'default' },
    videoCompression: { value: false, from: 'default' },
    videosFolder: { value: 'cypress/videos', from: 'default' },
    viewportHeight: { value: 660, from: 'default' },
    viewportWidth: { value: 1000, from: 'default' },
    waitForAnimations: { value: true, from: 'default' },
    watchForFileChanges: { value: false, from: 'config' },
    specPattern: { value: 'cypress/e2e/**/*.cy.{js,jsx,ts,tsx}', from: 'default' },
    browsers: { value: [Array], from: 'runtime' },
    hosts: { value: null, from: 'default' },
    isInteractive: { value: true, from: 'default' }
  }
} +17ms
  cypress:server:validation clientCerts: [] +17ms
  cypress:server:validation browsers [ { name: 'chrome', family: 'chromium', channel: 'stable', displayName: 'Chrome', version: '118.0.5993.71', path: 'C:\\Program Files (x86)\\Google\\Chrome\\Application\\chrome.exe', minSupportedVersion: 64, majorVersion: '118' }, { name: 'firefox', family: 'firefox', channel: 'stable', displayName: 'Firefox', version: '109.0', path: 'C:\\Program Files\\Mozilla Firefox\\firefox.exe', minSupportedVersion: 86, majorVersion: '109' }, { name: 'firefox', family: 'firefox', channel: 'dev', displayName: 'Firefox Developer Edition', version: '119.0', path: 'C:\\Program Files\\Firefox Developer Edition\\firefox.exe', minSupportedVersion: 86, majorVersion: '119' }, { name: 'edge', family: 'chromium', channel: 'stable', displayName: 'Edge', version: '118.0.2088.46', path: 'C:\\Program Files (x86)\\Microsoft\\Edge\\Application\\msedge.exe', minSupportedVersion: 79, majorVersion: '118' }, { name: 'electron', channel: 'stable', family: 'chromium', displayName: 'Electron', version: '114.0.5735.289', path: '', majorVersion: 114 } ] +1ms
  cypress:lifecycle:child:run_require_async_child:29468 setupTestingType e2e { additionalIgnorePattern: [], animationDistanceThreshold: 5, arch: 'x64', autoOpen: false, baseUrl: 'http://localhost:3000', blockHosts: null, browsers: [ { name: 'chrome', family: 'chromium', channel: 'stable', displayName: 'Chrome', version: '118.0.5993.71', path: 'C:\\Program Files (x86)\\Google\\Chrome\\Application\\chrome.exe', minSupportedVersion: 64, majorVersion: '118' }, { name: 'firefox', family: 'firefox', channel: 'stable', displayName: 'Firefox', version: '109.0', path: 'C:\\Program Files\\Mozilla Firefox\\firefox.exe', minSupportedVersion: 86, majorVersion: '109' }, { name: 'firefox', family: 'firefox', channel: 'dev', displayName: 'Firefox Developer Edition', version: '119.0', path: 'C:\\Program Files\\Firefox Developer Edition\\firefox.exe', minSupportedVersion: 86, majorVersion: '119' }, { name: 'edge', family: 'chromium', channel: 'stable', displayName: 'Edge', version: '118.0.2088.46', path: 'C:\\Program Files (x86)\\Microsoft\\Edge\\Application\\msedge.exe', minSupportedVersion: 79, majorVersion: '118' }, { name: 'electron', channel: 'stable', family: 'chromium', displayName: 'Electron', version: '114.0.5735.289', path: '', majorVersion: 114 } ], chromeWebSecurity: true, clientCertificates: [], clientRoute: '/__/', configFile: 'C:\\Users\\LucasFelber\\Documents\\SideProjects\\cypress-submit-reload\\cypress.config.js', cypressBinaryRoot: 'C:\\Users\\LucasFelber\\AppData\\Local\\Cypress\\Cache\\13.3.1\\Cypress\\resources\\app', cypressEnv: 'production', defaultCommandTimeout: 4000, devServerPublicPathRoute: '/__cypress/src', downloadsFolder: 'C:\\Users\\LucasFelber\\Documents\\SideProjects\\cypress-submit-reload\\cypress\\downloads', env: {}, excludeSpecPattern: '*.hot-update.js', execTimeout: 60000, experimentalCspAllowList: false, experimentalFetchPolyfill: false, experimentalInteractiveRunEvents: false, experimentalMemoryManagement: false, experimentalModifyObstructiveThirdPartyCode: false, experimentalOriginDependencies: false, experimentalRunAllSpecs: false, experimentalSingleTabRunMode: false, experimentalSkipDomainInjection: null, experimentalSourceRewriting: false, experimentalStudio: false, experimentalWebKitSupport: false, fileServerFolder: 'C:\\Users\\LucasFelber\\Documents\\SideProjects\\cypress-submit-reload', fixturesFolder: 'C:\\Users\\LucasFelber\\Documents\\SideProjects\\cypress-submit-reload\\cypress\\fixtures', hideCommandLog: false, hideRunnerUi: false, hosts: null, includeShadowDom: false, isInteractive: true, isTextTerminal: true, keystrokeDelay: 0, modifyObstructiveCode: true, morgan: false, namespace: '__cypress', numTestsKeptInMemory: 0, pageLoadTimeout: 60000, platform: 'win32', port: null, projectId: null, projectName: 'cypress-submit-reload', projectRoot: 'C:\\Users\\LucasFelber\\Documents\\SideProjects\\cypress-submit-reload', protocolEnabled: false, rawJson: { component: { devServer: [Object] }, e2e: { baseUrl: 'http://localhost:3000' }, baseUrl: 'http://localhost:3000', envFile: {}, projectRoot: 'C:\\Users\\LucasFelber\\Documents\\SideProjects\\cypress-submit-reload', projectName: 'cypress-submit-reload', repoRoot: 'C:/Users/LucasFelber/Documents/SideProjects/cypress-submit-reload' }, redirectionLimit: 20, repoRoot: 'C:/Users/LucasFelber/Documents/SideProjects/cypress-submit-reload', report: true, reporter: 'spec', reporterOptions: null, reporterRoute: '/__cypress/reporter', requestTimeout: 5000, resolved: { animationDistanceThreshold: { value: 5, from: 'default' }, arch: { value: 'x64', from: 'default' }, baseUrl: { value: 'http://localhost:3000', from: 'config' }, blockHosts: { value: null, from: 'default' }, chromeWebSecurity: { value: true, from: 'default' }, clientCertificates: { value: [], from: 'default' }, defaultCommandTimeout: { value: 4000, from: 'default' }, downloadsFolder: { value: 'cypress/downloads', from: 'default' }, env: {}, execTimeout: { value: 60000, from: 'default' }, experimentalCspAllowList: { value: false, from: 'default' }, experimentalFetchPolyfill: { value: false, from: 'default' }, experimentalInteractiveRunEvents: { value: false, from: 'default' }, experimentalRunAllSpecs: { value: false, from: 'default' }, experimentalMemoryManagement: { value: false, from: 'default' }, experimentalModifyObstructiveThirdPartyCode: { value: false, from: 'default' }, experimentalSkipDomainInjection: { value: null, from: 'default' }, experimentalOriginDependencies: { value: false, from: 'default' }, experimentalSourceRewriting: { value: false, from: 'default' }, experimentalSingleTabRunMode: { value: false, from: 'default' }, experimentalStudio: { value: false, from: 'default' }, experimentalWebKitSupport: { value: false, from: 'default' }, fileServerFolder: { value: '', from: 'default' }, fixturesFolder: { value: 'cypress/fixtures', from: 'default' }, excludeSpecPattern: { value: '*.hot-update.js', from: 'default' }, includeShadowDom: { value: false, from: 'default' }, keystrokeDelay: { value: 0, from: 'default' }, modifyObstructiveCode: { value: true, from: 'default' }, numTestsKeptInMemory: { value: 0, from: 'config' }, platform: { value: 'win32', from: 'default' }, pageLoadTimeout: { value: 60000, from: 'default' }, port: { value: null, from: 'default' }, projectId: { value: null, from: 'default' }, redirectionLimit: { value: 20, from: 'default' }, reporter: { value: 'spec', from: 'default' }, reporterOptions: { value: null, from: 'default' }, requestTimeout: { value: 5000, from: 'default' }, resolvedNodePath: { value: null, from: 'default' }, resolvedNodeVersion: { value: null, from: 'default' }, responseTimeout: { value: 30000, from: 'default' }, retries: { value: [Object], from: 'default' }, screenshotOnRunFailure: { value: true, from: 'default' }, screenshotsFolder: { value: 'cypress/screenshots', from: 'default' }, slowTestThreshold: { value: 10000, from: 'default' }, scrollBehavior: { value: 'top', from: 'default' }, supportFile: { value: 'cypress/support/e2e.{js,jsx,ts,tsx}', from: 'default' }, supportFolder: { value: false, from: 'default' }, taskTimeout: { value: 60000, from: 'default' }, testIsolation: { value: true, from: 'default' }, trashAssetsBeforeRuns: { value: true, from: 'default' }, userAgent: { value: null, from: 'default' }, video: { value: false, from: 'default' }, videoCompression: { value: false, from: 'default' }, videosFolder: { value: 'cypress/videos', from: 'default' }, viewportHeight: { value: 660, from: 'default' }, viewportWidth: { value: 1000, from: 'default' }, waitForAnimations: { value: true, from: 'default' }, watchForFileChanges: { value: false, from: 'config' }, specPattern: { value: 'cypress/e2e/**/*.cy.{js,jsx,ts,tsx}', from: 'default' }, browsers: { value: [Array], from: 'runtime' }, hosts: { value: null, from: 'default' }, isInteractive: { value: true, from: 'default' } }, resolvedNodePath: 'C:\\Program Files\\nodejs\\node.exe', resolvedNodeVersion: '18.17.1', responseTimeout: 30000, retries: { runMode: 0, openMode: 0 }, screenshotOnRunFailure: true, screenshotsFolder: 'C:\\Users\\LucasFelber\\Documents\\SideProjects\\cypress-submit-reload\\cypress\\screenshots', scrollBehavior: 'top', slowTestThreshold: 10000, socketId: '24mh0fsfeq', socketIoCookie: '__socket', socketIoRoute: '/__socket', specPattern: 'cypress/e2e/**/*.cy.{js,jsx,ts,tsx}', supportFile: 'C:\\Users\\LucasFelber\\Documents\\SideProjects\\cypress-submit-reload\\cypress\\support\\e2e.js', supportFolder: 'C:\\Users\\LucasFelber\\Documents\\SideProjects\\cypress-submit-reload\\cypress\\support', taskTimeout: 60000, testIsolation: true, trashAssetsBeforeRuns: true, userAgent: null, version: '13.3.1', video: false, videoCompression: false, videosFolder: 'C:\\Users\\LucasFelber\\Documents\\SideProjects\\cypress-submit-reload\\cypress\\videos', viewportHeight: 660, viewportWidth: 1000, waitForAnimations: true, watchForFileChanges: false, testingType: 'e2e' } +33ms
  cypress:lifecycle:child:RunPlugins:29468 project root: C:\Users\LucasFelber\Documents\SideProjects\cypress-submit-reload +0ms
  cypress:lifecycle:child:RunPlugins:29468 passing config { additionalIgnorePattern: [], animationDistanceThreshold: 5, arch: 'x64', autoOpen: false, baseUrl: 'http://localhost:3000', blockHosts: null, browsers: [ { name: 'chrome', family: 'chromium', channel: 'stable', displayName: 'Chrome', version: '118.0.5993.71', path: 'C:\\Program Files (x86)\\Google\\Chrome\\Application\\chrome.exe', minSupportedVersion: 64, majorVersion: '118' }, { name: 'firefox', family: 'firefox', channel: 'stable', displayName: 'Firefox', version: '109.0', path: 'C:\\Program Files\\Mozilla Firefox\\firefox.exe', minSupportedVersion: 86, majorVersion: '109' }, { name: 'firefox', family: 'firefox', channel: 'dev', displayName: 'Firefox Developer Edition', version: '119.0', path: 'C:\\Program Files\\Firefox Developer Edition\\firefox.exe', minSupportedVersion: 86, majorVersion: '119' }, { name: 'edge', family: 'chromium', channel: 'stable', displayName: 'Edge', version: '118.0.2088.46', path: 'C:\\Program Files (x86)\\Microsoft\\Edge\\Application\\msedge.exe', minSupportedVersion: 79, majorVersion: '118' }, { name: 'electron', channel: 'stable', family: 'chromium', displayName: 'Electron', version: '114.0.5735.289', path: '', majorVersion: 114 } ], chromeWebSecurity: true, clientCertificates: [], clientRoute: '/__/', configFile: 'C:\\Users\\LucasFelber\\Documents\\SideProjects\\cypress-submit-reload\\cypress.config.js', cypressBinaryRoot: 'C:\\Users\\LucasFelber\\AppData\\Local\\Cypress\\Cache\\13.3.1\\Cypress\\resources\\app', cypressEnv: 'production', defaultCommandTimeout: 4000, devServerPublicPathRoute: '/__cypress/src', downloadsFolder: 'C:\\Users\\LucasFelber\\Documents\\SideProjects\\cypress-submit-reload\\cypress\\downloads', env: {}, excludeSpecPattern: '*.hot-update.js', execTimeout: 60000, experimentalCspAllowList: false, experimentalFetchPolyfill: false, experimentalInteractiveRunEvents: false, experimentalMemoryManagement: false, experimentalModifyObstructiveThirdPartyCode: false, experimentalOriginDependencies: false, experimentalRunAllSpecs: false, experimentalSingleTabRunMode: false, experimentalSkipDomainInjection: null, experimentalSourceRewriting: false, experimentalStudio: false, experimentalWebKitSupport: false, fileServerFolder: 'C:\\Users\\LucasFelber\\Documents\\SideProjects\\cypress-submit-reload', fixturesFolder: 'C:\\Users\\LucasFelber\\Documents\\SideProjects\\cypress-submit-reload\\cypress\\fixtures', hideCommandLog: false, hideRunnerUi: false, hosts: null, includeShadowDom: false, isInteractive: true, isTextTerminal: true, keystrokeDelay: 0, modifyObstructiveCode: true, morgan: false, namespace: '__cypress', numTestsKeptInMemory: 0, pageLoadTimeout: 60000, platform: 'win32', port: null, projectId: null, projectName: 'cypress-submit-reload', projectRoot: 'C:\\Users\\LucasFelber\\Documents\\SideProjects\\cypress-submit-reload', protocolEnabled: false, rawJson: { component: { devServer: [Object] }, e2e: { baseUrl: 'http://localhost:3000' }, baseUrl: 'http://localhost:3000', envFile: {}, projectRoot: 'C:\\Users\\LucasFelber\\Documents\\SideProjects\\cypress-submit-reload', projectName: 'cypress-submit-reload', repoRoot: 'C:/Users/LucasFelber/Documents/SideProjects/cypress-submit-reload' }, redirectionLimit: 20, repoRoot: 'C:/Users/LucasFelber/Documents/SideProjects/cypress-submit-reload', report: true, reporter: 'spec', reporterOptions: null, reporterRoute: '/__cypress/reporter', requestTimeout: 5000, resolved: { animationDistanceThreshold: { value: 5, from: 'default' }, arch: { value: 'x64', from: 'default' }, baseUrl: { value: 'http://localhost:3000', from: 'config' }, blockHosts: { value: null, from: 'default' }, chromeWebSecurity: { value: true, from: 'default' }, clientCertificates: { value: [], from: 'default' }, defaultCommandTimeout: { value: 4000, from: 'default' }, downloadsFolder: { value: 'cypress/downloads', from: 'default' }, env: {}, execTimeout: { value: 60000, from: 'default' }, experimentalCspAllowList: { value: false, from: 'default' }, experimentalFetchPolyfill: { value: false, from: 'default' }, experimentalInteractiveRunEvents: { value: false, from: 'default' }, experimentalRunAllSpecs: { value: false, from: 'default' }, experimentalMemoryManagement: { value: false, from: 'default' }, experimentalModifyObstructiveThirdPartyCode: { value: false, from: 'default' }, experimentalSkipDomainInjection: { value: null, from: 'default' }, experimentalOriginDependencies: { value: false, from: 'default' }, experimentalSourceRewriting: { value: false, from: 'default' }, experimentalSingleTabRunMode: { value: false, from: 'default' }, experimentalStudio: { value: false, from: 'default' }, experimentalWebKitSupport: { value: false, from: 'default' }, fileServerFolder: { value: '', from: 'default' }, fixturesFolder: { value: 'cypress/fixtures', from: 'default' }, excludeSpecPattern: { value: '*.hot-update.js', from: 'default' }, includeShadowDom: { value: false, from: 'default' }, keystrokeDelay: { value: 0, from: 'default' }, modifyObstructiveCode: { value: true, from: 'default' }, numTestsKeptInMemory: { value: 0, from: 'config' }, platform: { value: 'win32', from: 'default' }, pageLoadTimeout: { value: 60000, from: 'default' }, port: { value: null, from: 'default' }, projectId: { value: null, from: 'default' }, redirectionLimit: { value: 20, from: 'default' }, reporter: { value: 'spec', from: 'default' }, reporterOptions: { value: null, from: 'default' }, requestTimeout: { value: 5000, from: 'default' }, resolvedNodePath: { value: null, from: 'default' }, resolvedNodeVersion: { value: null, from: 'default' }, responseTimeout: { value: 30000, from: 'default' }, retries: { value: [Object], from: 'default' }, screenshotOnRunFailure: { value: true, from: 'default' }, screenshotsFolder: { value: 'cypress/screenshots', from: 'default' }, slowTestThreshold: { value: 10000, from: 'default' }, scrollBehavior: { value: 'top', from: 'default' }, supportFile: { value: 'cypress/support/e2e.{js,jsx,ts,tsx}', from: 'default' }, supportFolder: { value: false, from: 'default' }, taskTimeout: { value: 60000, from: 'default' }, testIsolation: { value: true, from: 'default' }, trashAssetsBeforeRuns: { value: true, from: 'default' }, userAgent: { value: null, from: 'default' }, video: { value: false, from: 'default' }, videoCompression: { value: false, from: 'default' }, videosFolder: { value: 'cypress/videos', from: 'default' }, viewportHeight: { value: 660, from: 'default' }, viewportWidth: { value: 1000, from: 'default' }, waitForAnimations: { value: true, from: 'default' }, watchForFileChanges: { value: false, from: 'config' }, specPattern: { value: 'cypress/e2e/**/*.cy.{js,jsx,ts,tsx}', from: 'default' }, browsers: { value: [Array], from: 'runtime' }, hosts: { value: null, from: 'default' }, isInteractive: { value: true, from: 'default' } }, resolvedNodePath: 'C:\\Program Files\\nodejs\\node.exe', resolvedNodeVersion: '18.17.1', responseTimeout: 30000, retries: { runMode: 0, openMode: 0 }, screenshotOnRunFailure: true, screenshotsFolder: 'C:\\Users\\LucasFelber\\Documents\\SideProjects\\cypress-submit-reload\\cypress\\screenshots', scrollBehavior: 'top', slowTestThreshold: 10000, socketId: '24mh0fsfeq', socketIoCookie: '__socket', socketIoRoute: '/__socket', specPattern: 'cypress/e2e/**/*.cy.{js,jsx,ts,tsx}', supportFile: 'C:\\Users\\LucasFelber\\Documents\\SideProjects\\cypress-submit-reload\\cypress\\support\\e2e.js', supportFolder: 'C:\\Users\\LucasFelber\\Documents\\SideProjects\\cypress-submit-reload\\cypress\\support', taskTimeout: 60000, testIsolation: true, trashAssetsBeforeRuns: true, userAgent: null, version: '13.3.1', video: false, videoCompression: false, videosFolder: 'C:\\Users\\LucasFelber\\Documents\\SideProjects\\cypress-submit-reload\\cypress\\videos', viewportHeight: 660, viewportWidth: 1000, waitForAnimations: true, watchForFileChanges: false, testingType: 'e2e' } +0ms
  cypress:lifecycle:child:RunPlugins:29468 Loading the RunPlugins +2ms
  cypress:lifecycle:child:RunPlugins:29468 register event _get:task:body with id 0 +0ms
  cypress:lifecycle:child:RunPlugins:29468 register event _get:task:keys with id 1 +0ms
  cypress:lifecycle:child:RunPlugins:29468 register event _process:cross:origin:callback with id 2 +1ms
  cypress:lifecycle:child:RunPlugins:29468 Calling setupNodeEvents +0ms
  cypress:lifecycle:child:RunPlugins:29468 register default preprocessor +1ms
  cypress:server:plugins resolving typescript with projectRoot 'C:\\Users\\LucasFelber\\Documents\\SideProjects\\cypress-submit-reload' +0ms
  cypress:server:plugins could not resolve typescript, error: Cannot find module 'typescript'
Require stack:
- C:\Users\LucasFelber\AppData\Local\Cypress\Cache\13.3.1\Cypress\resources\app\node_modules\@packages\server\lib\util\resolve.js
- C:\Users\LucasFelber\AppData\Local\Cypress\Cache\13.3.1\Cypress\resources\app\node_modules\@packages\server\lib\plugins\child\run_plugins.js
- C:\Users\LucasFelber\AppData\Local\Cypress\Cache\13.3.1\Cypress\resources\app\node_modules\@packages\server\lib\plugins\child\run_require_async_child.js
- C:\Users\LucasFelber\AppData\Local\Cypress\Cache\13.3.1\Cypress\resources\app\node_modules\@packages\server\lib\plugins\child\require_async_child.js +1ms
  cypress:lifecycle:child:RunPlugins:29468 creating webpack preprocessor with options {} +2ms
  cypress:lifecycle:child:RunPlugins:29468 register event file:preprocessor with id 3 +141ms
  cypress:lifecycle:child:RunPlugins:29468 plugins file successfully loaded +0ms
  cypress:lifecycle:ProjectConfigManager register plugins process event _get:task:body with id 0 +185ms
  cypress:lifecycle:EventRegistrar register event '_get:task:body' +0ms
  cypress:lifecycle:ProjectConfigManager register plugins process event _get:task:keys with id 1 +0ms
  cypress:lifecycle:EventRegistrar register event '_get:task:keys' +0ms
  cypress:lifecycle:ProjectConfigManager register plugins process event _process:cross:origin:callback with id 2 +0ms
  cypress:lifecycle:EventRegistrar register event '_process:cross:origin:callback' +1ms
  cypress:lifecycle:ProjectConfigManager register plugins process event file:preprocessor with id 3 +1ms
  cypress:lifecycle:EventRegistrar register event 'file:preprocessor' +0ms
  cypress:config:browser validating configuration {} +158ms
  cypress:config:project setting config object { cliConfig: {}, projectName: 'cypress-submit-reload', projectRoot: 'C:\\Users\\LucasFelber\\Documents\\SideProjects\\cypress-submit-reload', repoRoot: 'C:/Users/LucasFelber/Documents/SideProjects/cypress-submit-reload', config: { component: { devServer: [Object] }, e2e: { baseUrl: 'http://localhost:3000' }, baseUrl: 'http://localhost:3000' }, envFile: {}, options: { _: [ 'C:\\Users\\LucasFelber\\AppData\\Local\\Cypress\\Cache\\13.3.1\\Cypress\\Cypress.exe' ], runProject: 'C:\\Users\\LucasFelber\\Documents\\SideProjects\\cypress-submit-reload', cwd: 'C:\\Users\\LucasFelber\\Documents\\SideProjects\\cypress-submit-reload', userNodePath: 'C:\\Program Files\\nodejs\\node.exe', userNodeVersion: '18.17.1', invokedFromCli: true, config: {}, projectRoot: 'C:\\Users\\LucasFelber\\Documents\\SideProjects\\cypress-submit-reload', socketId: '24mh0fsfeq', isTextTerminal: true, browser: 'electron', quiet: false, morgan: false, report: true, testingType: 'e2e', configFile: 'cypress.config.js' }, configFile: 'cypress.config.js' } +181ms
  cypress:config:project config is { component: { devServer: { framework: 'vue', bundler: 'vite', viteConfig: '[Function defineNuxtConfig]' } }, e2e: { baseUrl: 'http://localhost:3000' }, baseUrl: 'http://localhost:3000' } +0ms
  cypress:config:project:utils merged config with options, got { component: { devServer: { framework: 'vue', bundler: 'vite', viteConfig: '[Function defineNuxtConfig]' } }, e2e: { baseUrl: 'http://localhost:3000' }, baseUrl: 'http://localhost:3000', envFile: {}, projectRoot: 'C:\\Users\\LucasFelber\\Documents\\SideProjects\\cypress-submit-reload', projectName: 'cypress-submit-reload', repoRoot: 'C:/Users/LucasFelber/Documents/SideProjects/cypress-submit-reload', rawJson: { component: { devServer: [Object] }, e2e: { baseUrl: 'http://localhost:3000' }, baseUrl: 'http://localhost:3000', envFile: {}, projectRoot: 'C:\\Users\\LucasFelber\\Documents\\SideProjects\\cypress-submit-reload', projectName: 'cypress-submit-reload', repoRoot: 'C:/Users/LucasFelber/Documents/SideProjects/cypress-submit-reload' }, configFile: 'cypress.config.js', morgan: false, isTextTerminal: true, socketId: '24mh0fsfeq', report: true } +159ms
  cypress:config:project:utils using CYPRESS_INTERNAL_ENV production +2ms
  cypress:config:project:utils resolved config is { value: [], from: 'default' } +0ms
  cypress:config:browser validating configuration {
  component: {
    devServer: {
      framework: 'vue',
      bundler: 'vite',
      viteConfig: '[Function defineNuxtConfig]'
    },
    specPattern: '**/*.cy.{js,jsx,ts,tsx}',
    indexHtmlFile: 'cypress/support/component-index.html'
  },
  e2e: {
    baseUrl: 'http://localhost:3000',
    specPattern: 'cypress/e2e/**/*.cy.{js,jsx,ts,tsx}'
  },
  baseUrl: 'http://localhost:3000',
  projectRoot: 'C:\\Users\\LucasFelber\\Documents\\SideProjects\\cypress-submit-reload',
  projectName: 'cypress-submit-reload',
  repoRoot: 'C:/Users/LucasFelber/Documents/SideProjects/cypress-submit-reload',
  rawJson: {
    component: { devServer: [Object] },
    e2e: { baseUrl: 'http://localhost:3000' },
    baseUrl: 'http://localhost:3000',
    envFile: {},
    projectRoot: 'C:\\Users\\LucasFelber\\Documents\\SideProjects\\cypress-submit-reload',
    projectName: 'cypress-submit-reload',
    repoRoot: 'C:/Users/LucasFelber/Documents/SideProjects/cypress-submit-reload'
  },
  configFile: 'cypress.config.js',
  morgan: false,
  isTextTerminal: true,
  socketId: '24mh0fsfeq',
  report: true,
  animationDistanceThreshold: 5,
  arch: 'x64',
  blockHosts: null,
  chromeWebSecurity: true,
  clientCertificates: [],
  defaultCommandTimeout: 4000,
  downloadsFolder: 'cypress/downloads',
  env: {},
  execTimeout: 60000,
  experimentalCspAllowList: false,
  experimentalFetchPolyfill: false,
  experimentalInteractiveRunEvents: false,
  experimentalRunAllSpecs: false,
  experimentalMemoryManagement: false,
  experimentalModifyObstructiveThirdPartyCode: false,
  experimentalSkipDomainInjection: null,
  experimentalOriginDependencies: false,
  experimentalSourceRewriting: false,
  experimentalSingleTabRunMode: false,
  experimentalStudio: false,
  experimentalWebKitSupport: false,
  fileServerFolder: '',
  fixturesFolder: 'cypress/fixtures',
  excludeSpecPattern: '*.hot-update.js',
  includeShadowDom: false,
  keystrokeDelay: 0,
  modifyObstructiveCode: true,
  numTestsKeptInMemory: 0,
  platform: 'win32',
  pageLoadTimeout: 60000,
  port: null,
  projectId: null,
  redirectionLimit: 20,
  reporter: 'spec',
  reporterOptions: null,
  requestTimeout: 5000,
  resolvedNodePath: null,
  resolvedNodeVersion: null,
  responseTimeout: 30000,
  retries: { runMode: 0, openMode: 0 },
  screenshotOnRunFailure: true,
  screenshotsFolder: 'cypress/screenshots',
  slowTestThreshold: 10000,
  scrollBehavior: 'top',
  supportFile: 'cypress/support/e2e.{js,jsx,ts,tsx}',
  supportFolder: false,
  taskTimeout: 60000,
  testIsolation: true,
  trashAssetsBeforeRuns: true,
  userAgent: null,
  video: false,
  videoCompression: false,
  videosFolder: 'cypress/videos',
  viewportHeight: 660,
  viewportWidth: 1000,
  waitForAnimations: true,
  watchForFileChanges: false,
  specPattern: 'cypress/e2e/**/*.cy.{js,jsx,ts,tsx}',
  additionalIgnorePattern: [],
  autoOpen: false,
  clientRoute: '/__/',
  cypressBinaryRoot: 'C:\\Users\\LucasFelber\\AppData\\Local\\Cypress\\Cache\\13.3.1\\Cypress\\resources\\app',
  devServerPublicPathRoute: '/__cypress/src',
  hosts: null,
  isInteractive: true,
  namespace: '__cypress',
  reporterRoute: '/__cypress/reporter',
  socketIoCookie: '__socket',
  socketIoRoute: '/__socket',
  version: '13.3.1',
  protocolEnabled: false,
  hideCommandLog: false,
  hideRunnerUi: false,
  cypressEnv: 'production',
  resolved: {
    animationDistanceThreshold: { value: 5, from: 'default' },
    arch: { value: 'x64', from: 'default' },
    baseUrl: { value: 'http://localhost:3000', from: 'config' },
    blockHosts: { value: null, from: 'default' },
    chromeWebSecurity: { value: true, from: 'default' },
    clientCertificates: { value: [], from: 'default' },
    component: { value: [Object], from: 'config' },
    defaultCommandTimeout: { value: 4000, from: 'default' },
    downloadsFolder: { value: 'cypress/downloads', from: 'default' },
    e2e: { value: [Object], from: 'config' },
    env: {},
    execTimeout: { value: 60000, from: 'default' },
    experimentalCspAllowList: { value: false, from: 'default' },
    experimentalFetchPolyfill: { value: false, from: 'default' },
    experimentalInteractiveRunEvents: { value: false, from: 'default' },
    experimentalRunAllSpecs: { value: false, from: 'default' },
    experimentalMemoryManagement: { value: false, from: 'default' },
    experimentalModifyObstructiveThirdPartyCode: { value: false, from: 'default' },
    experimentalSkipDomainInjection: { value: null, from: 'default' },
    experimentalOriginDependencies: { value: false, from: 'default' },
    experimentalSourceRewriting: { value: false, from: 'default' },
    experimentalSingleTabRunMode: { value: false, from: 'default' },
    experimentalStudio: { value: false, from: 'default' },
    experimentalWebKitSupport: { value: false, from: 'default' },
    fileServerFolder: { value: '', from: 'default' },
    fixturesFolder: { value: 'cypress/fixtures', from: 'default' },
    excludeSpecPattern: { value: '*.hot-update.js', from: 'default' },
    includeShadowDom: { value: false, from: 'default' },
    keystrokeDelay: { value: 0, from: 'default' },
    modifyObstructiveCode: { value: true, from: 'default' },
    numTestsKeptInMemory: { value: 0, from: 'config' },
    platform: { value: 'win32', from: 'default' },
    pageLoadTimeout: { value: 60000, from: 'default' },
    port: { value: null, from: 'default' },
    projectId: { value: null, from: 'default' },
    redirectionLimit: { value: 20, from: 'default' },
    reporter: { value: 'spec', from: 'default' },
    reporterOptions: { value: null, from: 'default' },
    requestTimeout: { value: 5000, from: 'default' },
    resolvedNodePath: { value: null, from: 'default' },
    resolvedNodeVersion: { value: null, from: 'default' },
    responseTimeout: { value: 30000, from: 'default' },
    retries: { value: [Object], from: 'default' },
    screenshotOnRunFailure: { value: true, from: 'default' },
    screenshotsFolder: { value: 'cypress/screenshots', from: 'default' },
    slowTestThreshold: { value: 10000, from: 'default' },
    scrollBehavior: { value: 'top', from: 'default' },
    supportFile: { value: 'cypress/support/e2e.{js,jsx,ts,tsx}', from: 'default' },
    supportFolder: { value: false, from: 'default' },
    taskTimeout: { value: 60000, from: 'default' },
    testIsolation: { value: true, from: 'default' },
    trashAssetsBeforeRuns: { value: true, from: 'default' },
    userAgent: { value: null, from: 'default' },
    video: { value: false, from: 'default' },
    videoCompression: { value: false, from: 'default' },
    videosFolder: { value: 'cypress/videos', from: 'default' },
    viewportHeight: { value: 660, from: 'default' },
    viewportWidth: { value: 1000, from: 'default' },
    waitForAnimations: { value: true, from: 'default' },
    watchForFileChanges: { value: false, from: 'config' },
    specPattern: { value: 'cypress/e2e/**/*.cy.{js,jsx,ts,tsx}', from: 'default' },
    browsers: { value: [], from: 'default' },
    hosts: { value: null, from: 'default' },
    isInteractive: { value: true, from: 'default' }
  }
} +3ms
  cypress:server:validation clientCerts: [] +160ms
  cypress:config:project:utils validate that there is no breaking config options before setupNodeEvents +1ms
  cypress:data-context:sources:FileDataSource updating glob patterns to POSIX +176ms
  cypress:data-context:sources:FileDataSource globbing pattern(s): [ 'cypress/support/e2e.{js,jsx,ts,tsx}' ] +0ms
  cypress:data-context:sources:FileDataSource within directory: C:\Users\LucasFelber\Documents\SideProjects\cypress-submit-reload +0ms
  cypress:config:project:utils setting support file C:/Users/LucasFelber/Documents/SideProjects/cypress-submit-reload/cypress/support/e2e.js +3ms
  cypress:config:project:utils for project root C:\Users\LucasFelber\Documents\SideProjects\cypress-submit-reload +0ms
  cypress:config:project:utils resolved support file C:\Users\LucasFelber\Documents\SideProjects\cypress-submit-reload\cypress\support\e2e.js +0ms
  cypress:config:project:utils require.resolve switched support folder from C:/Users/LucasFelber/Documents/SideProjects/cypress-submit-reload/cypress/support/e2e.js to C:\Users\LucasFelber\Documents\SideProjects\cypress-submit-reload\cypress\support\e2e.js +0ms
  cypress:config:project:utils switching to found file C:\Users\LucasFelber\Documents\SideProjects\cypress-submit-reload\cypress\support\e2e.js +0ms
  cypress:config:project:utils set support folder C:\Users\LucasFelber\Documents\SideProjects\cypress-submit-reload\cypress\support +0ms
  cypress:config:browser validating configuration {
  baseUrl: 'http://localhost:3000',
  projectRoot: 'C:\\Users\\LucasFelber\\Documents\\SideProjects\\cypress-submit-reload',
  projectName: 'cypress-submit-reload',
  repoRoot: 'C:/Users/LucasFelber/Documents/SideProjects/cypress-submit-reload',
  rawJson: {
    component: { devServer: [Object] },
    e2e: { baseUrl: 'http://localhost:3000' },
    baseUrl: 'http://localhost:3000',
    envFile: {},
    projectRoot: 'C:\\Users\\LucasFelber\\Documents\\SideProjects\\cypress-submit-reload',
    projectName: 'cypress-submit-reload',
    repoRoot: 'C:/Users/LucasFelber/Documents/SideProjects/cypress-submit-reload'
  },
  configFile: 'cypress.config.js',
  morgan: false,
  isTextTerminal: true,
  socketId: '24mh0fsfeq',
  report: true,
  animationDistanceThreshold: 5,
  arch: 'x64',
  blockHosts: null,
  chromeWebSecurity: true,
  clientCertificates: [],
  defaultCommandTimeout: 4000,
  downloadsFolder: 'C:\\Users\\LucasFelber\\Documents\\SideProjects\\cypress-submit-reload\\cypress\\downloads',
  env: {},
  execTimeout: 60000,
  experimentalCspAllowList: false,
  experimentalFetchPolyfill: false,
  experimentalInteractiveRunEvents: false,
  experimentalRunAllSpecs: false,
  experimentalMemoryManagement: false,
  experimentalModifyObstructiveThirdPartyCode: false,
  experimentalSkipDomainInjection: null,
  experimentalOriginDependencies: false,
  experimentalSourceRewriting: false,
  experimentalSingleTabRunMode: false,
  experimentalStudio: false,
  experimentalWebKitSupport: false,
  fileServerFolder: 'C:\\Users\\LucasFelber\\Documents\\SideProjects\\cypress-submit-reload',
  fixturesFolder: 'C:\\Users\\LucasFelber\\Documents\\SideProjects\\cypress-submit-reload\\cypress\\fixtures',
  excludeSpecPattern: '*.hot-update.js',
  includeShadowDom: false,
  keystrokeDelay: 0,
  modifyObstructiveCode: true,
  numTestsKeptInMemory: 0,
  platform: 'win32',
  pageLoadTimeout: 60000,
  port: null,
  projectId: null,
  redirectionLimit: 20,
  reporter: 'spec',
  reporterOptions: null,
  requestTimeout: 5000,
  resolvedNodePath: 'C:\\Program Files\\nodejs\\node.exe',
  resolvedNodeVersion: '18.17.1',
  responseTimeout: 30000,
  retries: { runMode: 0, openMode: 0 },
  screenshotOnRunFailure: true,
  screenshotsFolder: 'C:\\Users\\LucasFelber\\Documents\\SideProjects\\cypress-submit-reload\\cypress\\screenshots',
  slowTestThreshold: 10000,
  scrollBehavior: 'top',
  supportFile: 'C:\\Users\\LucasFelber\\Documents\\SideProjects\\cypress-submit-reload\\cypress\\support\\e2e.js',
  supportFolder: 'C:\\Users\\LucasFelber\\Documents\\SideProjects\\cypress-submit-reload\\cypress\\support',
  taskTimeout: 60000,
  testIsolation: true,
  trashAssetsBeforeRuns: true,
  userAgent: null,
  video: false,
  videoCompression: false,
  videosFolder: 'C:\\Users\\LucasFelber\\Documents\\SideProjects\\cypress-submit-reload\\cypress\\videos',
  viewportHeight: 660,
  viewportWidth: 1000,
  waitForAnimations: true,
  watchForFileChanges: false,
  specPattern: 'cypress/e2e/**/*.cy.{js,jsx,ts,tsx}',
  additionalIgnorePattern: [],
  autoOpen: false,
  browsers: [
    {
      name: 'chrome',
      family: 'chromium',
      channel: 'stable',
      displayName: 'Chrome',
      version: '118.0.5993.71',
      path: 'C:\\Program Files (x86)\\Google\\Chrome\\Application\\chrome.exe',
      minSupportedVersion: 64,
      majorVersion: '118'
    },
    {
      name: 'firefox',
      family: 'firefox',
      channel: 'stable',
      displayName: 'Firefox',
      version: '109.0',
      path: 'C:\\Program Files\\Mozilla Firefox\\firefox.exe',
      minSupportedVersion: 86,
      majorVersion: '109'
    },
    {
      name: 'firefox',
      family: 'firefox',
      channel: 'dev',
      displayName: 'Firefox Developer Edition',
      version: '119.0',
      path: 'C:\\Program Files\\Firefox Developer Edition\\firefox.exe',
      minSupportedVersion: 86,
      majorVersion: '119'
    },
    {
      name: 'edge',
      family: 'chromium',
      channel: 'stable',
      displayName: 'Edge',
      version: '118.0.2088.46',
      path: 'C:\\Program Files (x86)\\Microsoft\\Edge\\Application\\msedge.exe',
      minSupportedVersion: 79,
      majorVersion: '118'
    },
    {
      name: 'electron',
      channel: 'stable',
      family: 'chromium',
      displayName: 'Electron',
      version: '114.0.5735.289',
      path: '',
      majorVersion: 114
    }
  ],
  clientRoute: '/__/',
  cypressBinaryRoot: 'C:\\Users\\LucasFelber\\AppData\\Local\\Cypress\\Cache\\13.3.1\\Cypress\\resources\\app',
  devServerPublicPathRoute: '/__cypress/src',
  hosts: null,
  isInteractive: true,
  namespace: '__cypress',
  reporterRoute: '/__cypress/reporter',
  socketIoCookie: '__socket',
  socketIoRoute: '/__socket',
  version: '13.3.1',
  protocolEnabled: false,
  hideCommandLog: false,
  hideRunnerUi: false,
  cypressEnv: 'production',
  resolved: {
    animationDistanceThreshold: { value: 5, from: 'default' },
    arch: { value: 'x64', from: 'default' },
    baseUrl: { value: 'http://localhost:3000', from: 'config' },
    blockHosts: { value: null, from: 'default' },
    chromeWebSecurity: { value: true, from: 'default' },
    clientCertificates: { value: [], from: 'default' },
    defaultCommandTimeout: { value: 4000, from: 'default' },
    downloadsFolder: { value: 'cypress/downloads', from: 'default' },
    env: {},
    execTimeout: { value: 60000, from: 'default' },
    experimentalCspAllowList: { value: false, from: 'default' },
    experimentalFetchPolyfill: { value: false, from: 'default' },
    experimentalInteractiveRunEvents: { value: false, from: 'default' },
    experimentalRunAllSpecs: { value: false, from: 'default' },
    experimentalMemoryManagement: { value: false, from: 'default' },
    experimentalModifyObstructiveThirdPartyCode: { value: false, from: 'default' },
    experimentalSkipDomainInjection: { value: null, from: 'default' },
    experimentalOriginDependencies: { value: false, from: 'default' },
    experimentalSourceRewriting: { value: false, from: 'default' },
    experimentalSingleTabRunMode: { value: false, from: 'default' },
    experimentalStudio: { value: false, from: 'default' },
    experimentalWebKitSupport: { value: false, from: 'default' },
    fileServerFolder: { value: '', from: 'default' },
    fixturesFolder: { value: 'cypress/fixtures', from: 'default' },
    excludeSpecPattern: { value: '*.hot-update.js', from: 'default' },
    includeShadowDom: { value: false, from: 'default' },
    keystrokeDelay: { value: 0, from: 'default' },
    modifyObstructiveCode: { value: true, from: 'default' },
    numTestsKeptInMemory: { value: 0, from: 'config' },
    platform: { value: 'win32', from: 'default' },
    pageLoadTimeout: { value: 60000, from: 'default' },
    port: { value: null, from: 'default' },
    projectId: { value: null, from: 'default' },
    redirectionLimit: { value: 20, from: 'default' },
    reporter: { value: 'spec', from: 'default' },
    reporterOptions: { value: null, from: 'default' },
    requestTimeout: { value: 5000, from: 'default' },
    resolvedNodePath: { value: null, from: 'default' },
    resolvedNodeVersion: { value: null, from: 'default' },
    responseTimeout: { value: 30000, from: 'default' },
    retries: { value: [Object], from: 'default' },
    screenshotOnRunFailure: { value: true, from: 'default' },
    screenshotsFolder: { value: 'cypress/screenshots', from: 'default' },
    slowTestThreshold: { value: 10000, from: 'default' },
    scrollBehavior: { value: 'top', from: 'default' },
    supportFile: { value: 'cypress/support/e2e.{js,jsx,ts,tsx}', from: 'default' },
    supportFolder: { value: false, from: 'default' },
    taskTimeout: { value: 60000, from: 'default' },
    testIsolation: { value: true, from: 'default' },
    trashAssetsBeforeRuns: { value: true, from: 'default' },
    userAgent: { value: null, from: 'default' },
    video: { value: false, from: 'default' },
    videoCompression: { value: false, from: 'default' },
    videosFolder: { value: 'cypress/videos', from: 'default' },
    viewportHeight: { value: 660, from: 'default' },
    viewportWidth: { value: 1000, from: 'default' },
    waitForAnimations: { value: true, from: 'default' },
    watchForFileChanges: { value: false, from: 'config' },
    specPattern: { value: 'cypress/e2e/**/*.cy.{js,jsx,ts,tsx}', from: 'default' },
    browsers: { value: [Array], from: 'runtime' },
    hosts: { value: null, from: 'default' },
    isInteractive: { value: true, from: 'default' }
  }
} +4ms
  cypress:server:validation clientCerts: [] +4ms
  cypress:server:validation browsers [ { name: 'chrome', family: 'chromium', channel: 'stable', displayName: 'Chrome', version: '118.0.5993.71', path: 'C:\\Program Files (x86)\\Google\\Chrome\\Application\\chrome.exe', minSupportedVersion: 64, majorVersion: '118' }, { name: 'firefox', family: 'firefox', channel: 'stable', displayName: 'Firefox', version: '109.0', path: 'C:\\Program Files\\Mozilla Firefox\\firefox.exe', minSupportedVersion: 86, majorVersion: '109' }, { name: 'firefox', family: 'firefox', channel: 'dev', displayName: 'Firefox Developer Edition', version: '119.0', path: 'C:\\Program Files\\Firefox Developer Edition\\firefox.exe', minSupportedVersion: 86, majorVersion: '119' }, { name: 'edge', family: 'chromium', channel: 'stable', displayName: 'Edge', version: '118.0.2088.46', path: 'C:\\Program Files (x86)\\Microsoft\\Edge\\Application\\msedge.exe', minSupportedVersion: 79, majorVersion: '118' }, { name: 'electron', channel: 'stable', family: 'chromium', displayName: 'Electron', version: '114.0.5735.289', path: '', majorVersion: 114 } ] +0ms
  cypress:config:project updateWithPluginValues { cfg: { baseUrl: 'http://localhost:3000', projectRoot: 'C:\\Users\\LucasFelber\\Documents\\SideProjects\\cypress-submit-reload', projectName: 'cypress-submit-reload', repoRoot: 'C:/Users/LucasFelber/Documents/SideProjects/cypress-submit-reload', rawJson: { component: [Object], e2e: [Object], baseUrl: 'http://localhost:3000', envFile: {}, projectRoot: 'C:\\Users\\LucasFelber\\Documents\\SideProjects\\cypress-submit-reload', projectName: 'cypress-submit-reload', repoRoot: 'C:/Users/LucasFelber/Documents/SideProjects/cypress-submit-reload' }, configFile: 'cypress.config.js', morgan: false, isTextTerminal: true, socketId: '24mh0fsfeq', report: true, animationDistanceThreshold: 5, arch: 'x64', blockHosts: null, chromeWebSecurity: true, clientCertificates: [], defaultCommandTimeout: 4000, downloadsFolder: 'C:\\Users\\LucasFelber\\Documents\\SideProjects\\cypress-submit-reload\\cypress\\downloads', env: {}, execTimeout: 60000, experimentalCspAllowList: false, experimentalFetchPolyfill: false, experimentalInteractiveRunEvents: false, experimentalRunAllSpecs: false, experimentalMemoryManagement: false, experimentalModifyObstructiveThirdPartyCode: false, experimentalSkipDomainInjection: null, experimentalOriginDependencies: false, experimentalSourceRewriting: false, experimentalSingleTabRunMode: false, experimentalStudio: false, experimentalWebKitSupport: false, fileServerFolder: 'C:\\Users\\LucasFelber\\Documents\\SideProjects\\cypress-submit-reload', fixturesFolder: 'C:\\Users\\LucasFelber\\Documents\\SideProjects\\cypress-submit-reload\\cypress\\fixtures', excludeSpecPattern: '*.hot-update.js', includeShadowDom: false, keystrokeDelay: 0, modifyObstructiveCode: true, numTestsKeptInMemory: 0, platform: 'win32', pageLoadTimeout: 60000, port: null, projectId: null, redirectionLimit: 20, reporter: 'spec', reporterOptions: null, requestTimeout: 5000, resolvedNodePath: 'C:\\Program Files\\nodejs\\node.exe', resolvedNodeVersion: '18.17.1', responseTimeout: 30000, retries: { runMode: 0, openMode: 0 }, screenshotOnRunFailure: true, screenshotsFolder: 'C:\\Users\\LucasFelber\\Documents\\SideProjects\\cypress-submit-reload\\cypress\\screenshots', slowTestThreshold: 10000, scrollBehavior: 'top', supportFile: 'C:\\Users\\LucasFelber\\Documents\\SideProjects\\cypress-submit-reload\\cypress\\support\\e2e.js', supportFolder: 'C:\\Users\\LucasFelber\\Documents\\SideProjects\\cypress-submit-reload\\cypress\\support', taskTimeout: 60000, testIsolation: true, trashAssetsBeforeRuns: true, userAgent: null, video: false, videoCompression: false, videosFolder: 'C:\\Users\\LucasFelber\\Documents\\SideProjects\\cypress-submit-reload\\cypress\\videos', viewportHeight: 660, viewportWidth: 1000, waitForAnimations: true, watchForFileChanges: false, specPattern: 'cypress/e2e/**/*.cy.{js,jsx,ts,tsx}', additionalIgnorePattern: [], autoOpen: false, browsers: [ [Object], [Object], [Object], [Object], [Object] ], clientRoute: '/__/', cypressBinaryRoot: 'C:\\Users\\LucasFelber\\AppData\\Local\\Cypress\\Cache\\13.3.1\\Cypress\\resources\\app', devServerPublicPathRoute: '/__cypress/src', hosts: null, isInteractive: true, namespace: '__cypress', reporterRoute: '/__cypress/reporter', socketIoCookie: '__socket', socketIoRoute: '/__socket', version: '13.3.1', protocolEnabled: false, hideCommandLog: false, hideRunnerUi: false, cypressEnv: 'production', resolved: { animationDistanceThreshold: [Object], arch: [Object], baseUrl: [Object], blockHosts: [Object], chromeWebSecurity: [Object], clientCertificates: [Object], defaultCommandTimeout: [Object], downloadsFolder: [Object], env: {}, execTimeout: [Object], experimentalCspAllowList: [Object], experimentalFetchPolyfill: [Object], experimentalInteractiveRunEvents: [Object], experimentalRunAllSpecs: [Object], experimentalMemoryManagement: [Object], experimentalModifyObstructiveThirdPartyCode: [Object], experimentalSkipDomainInjection: [Object], experimentalOriginDependencies: [Object], experimentalSourceRewriting: [Object], experimentalSingleTabRunMode: [Object], experimentalStudio: [Object], experimentalWebKitSupport: [Object], fileServerFolder: [Object], fixturesFolder: [Object], excludeSpecPattern: [Object], includeShadowDom: [Object], keystrokeDelay: [Object], modifyObstructiveCode: [Object], numTestsKeptInMemory: [Object], platform: [Object], pageLoadTimeout: [Object], port: [Object], projectId: [Object], redirectionLimit: [Object], reporter: [Object], reporterOptions: [Object], requestTimeout: [Object], resolvedNodePath: [Object], resolvedNodeVersion: [Object], responseTimeout: [Object], retries: [Object], screenshotOnRunFailure: [Object], screenshotsFolder: [Object], slowTestThreshold: [Object], scrollBehavior: [Object], supportFile: [Object], supportFolder: [Object], taskTimeout: [Object], testIsolation: [Object], trashAssetsBeforeRuns: [Object], userAgent: [Object], video: [Object], videoCompression: [Object], videosFolder: [Object], viewportHeight: [Object], viewportWidth: [Object], waitForAnimations: [Object], watchForFileChanges: [Object], specPattern: [Object], browsers: [Object], hosts: [Object], isInteractive: [Object] } }, modifiedConfig: {} } +8ms
  cypress:config:browser validating configuration {} +2ms
  cypress:config:project validate that there is no breaking config options added by setupNodeEvents +0ms
  cypress:config:project config diffs null +1ms
  cypress:config:project merged config object { baseUrl: 'http://localhost:3000', projectRoot: 'C:\\Users\\LucasFelber\\Documents\\SideProjects\\cypress-submit-reload', projectName: 'cypress-submit-reload', repoRoot: 'C:/Users/LucasFelber/Documents/SideProjects/cypress-submit-reload', rawJson: { component: { devServer: [Object] }, e2e: { baseUrl: 'http://localhost:3000' }, baseUrl: 'http://localhost:3000', envFile: {}, projectRoot: 'C:\\Users\\LucasFelber\\Documents\\SideProjects\\cypress-submit-reload', projectName: 'cypress-submit-reload', repoRoot: 'C:/Users/LucasFelber/Documents/SideProjects/cypress-submit-reload' }, configFile: 'cypress.config.js', morgan: false, isTextTerminal: true, socketId: '24mh0fsfeq', report: true, animationDistanceThreshold: 5, arch: 'x64', blockHosts: null, chromeWebSecurity: true, clientCertificates: [], defaultCommandTimeout: 4000, downloadsFolder: 'C:\\Users\\LucasFelber\\Documents\\SideProjects\\cypress-submit-reload\\cypress\\downloads', env: {}, execTimeout: 60000, experimentalCspAllowList: false, experimentalFetchPolyfill: false, experimentalInteractiveRunEvents: false, experimentalRunAllSpecs: false, experimentalMemoryManagement: false, experimentalModifyObstructiveThirdPartyCode: false, experimentalSkipDomainInjection: null, experimentalOriginDependencies: false, experimentalSourceRewriting: false, experimentalSingleTabRunMode: false, experimentalStudio: false, experimentalWebKitSupport: false, fileServerFolder: 'C:\\Users\\LucasFelber\\Documents\\SideProjects\\cypress-submit-reload', fixturesFolder: 'C:\\Users\\LucasFelber\\Documents\\SideProjects\\cypress-submit-reload\\cypress\\fixtures', excludeSpecPattern: '*.hot-update.js', includeShadowDom: false, keystrokeDelay: 0, modifyObstructiveCode: true, numTestsKeptInMemory: 0, platform: 'win32', pageLoadTimeout: 60000, port: null, projectId: null, redirectionLimit: 20, reporter: 'spec', reporterOptions: null, requestTimeout: 5000, resolvedNodePath: 'C:\\Program Files\\nodejs\\node.exe', resolvedNodeVersion: '18.17.1', responseTimeout: 30000, retries: { runMode: 0, openMode: 0 }, screenshotOnRunFailure: true, screenshotsFolder: 'C:\\Users\\LucasFelber\\Documents\\SideProjects\\cypress-submit-reload\\cypress\\screenshots', slowTestThreshold: 10000, scrollBehavior: 'top', supportFile: 'C:\\Users\\LucasFelber\\Documents\\SideProjects\\cypress-submit-reload\\cypress\\support\\e2e.js', supportFolder: 'C:\\Users\\LucasFelber\\Documents\\SideProjects\\cypress-submit-reload\\cypress\\support', taskTimeout: 60000, testIsolation: true, trashAssetsBeforeRuns: true, userAgent: null, video: false, videoCompression: false, videosFolder: 'C:\\Users\\LucasFelber\\Documents\\SideProjects\\cypress-submit-reload\\cypress\\videos', viewportHeight: 660, viewportWidth: 1000, waitForAnimations: true, watchForFileChanges: false, specPattern: 'cypress/e2e/**/*.cy.{js,jsx,ts,tsx}', additionalIgnorePattern: [], autoOpen: false, browsers: [ { name: 'chrome', family: 'chromium', channel: 'stable', displayName: 'Chrome', version: '118.0.5993.71', path: 'C:\\Program Files (x86)\\Google\\Chrome\\Application\\chrome.exe', minSupportedVersion: 64, majorVersion: '118' }, { name: 'firefox', family: 'firefox', channel: 'stable', displayName: 'Firefox', version: '109.0', path: 'C:\\Program Files\\Mozilla Firefox\\firefox.exe', minSupportedVersion: 86, majorVersion: '109' }, { name: 'firefox', family: 'firefox', channel: 'dev', displayName: 'Firefox Developer Edition', version: '119.0', path: 'C:\\Program Files\\Firefox Developer Edition\\firefox.exe', minSupportedVersion: 86, majorVersion: '119' }, { name: 'edge', family: 'chromium', channel: 'stable', displayName: 'Edge', version: '118.0.2088.46', path: 'C:\\Program Files (x86)\\Microsoft\\Edge\\Application\\msedge.exe', minSupportedVersion: 79, majorVersion: '118' }, { name: 'electron', channel: 'stable', family: 'chromium', displayName: 'Electron', version: '114.0.5735.289', path: '', majorVersion: 114 } ], clientRoute: '/__/', cypressBinaryRoot: 'C:\\Users\\LucasFelber\\AppData\\Local\\Cypress\\Cache\\13.3.1\\Cypress\\resources\\app', devServerPublicPathRoute: '/__cypress/src', hosts: null, isInteractive: true, namespace: '__cypress', reporterRoute: '/__cypress/reporter', socketIoCookie: '__socket', socketIoRoute: '/__socket', version: '13.3.1', protocolEnabled: false, hideCommandLog: false, hideRunnerUi: false, cypressEnv: 'production', resolved: { animationDistanceThreshold: { value: 5, from: 'default' }, arch: { value: 'x64', from: 'default' }, baseUrl: { value: 'http://localhost:3000', from: 'config' }, blockHosts: { value: null, from: 'default' }, chromeWebSecurity: { value: true, from: 'default' }, clientCertificates: { value: [], from: 'default' }, defaultCommandTimeout: { value: 4000, from: 'default' }, downloadsFolder: { value: 'cypress/downloads', from: 'default' }, env: {}, execTimeout: { value: 60000, from: 'default' }, experimentalCspAllowList: { value: false, from: 'default' }, experimentalFetchPolyfill: { value: false, from: 'default' }, experimentalInteractiveRunEvents: { value: false, from: 'default' }, experimentalRunAllSpecs: { value: false, from: 'default' }, experimentalMemoryManagement: { value: false, from: 'default' }, experimentalModifyObstructiveThirdPartyCode: { value: false, from: 'default' }, experimentalSkipDomainInjection: { value: null, from: 'default' }, experimentalOriginDependencies: { value: false, from: 'default' }, experimentalSourceRewriting: { value: false, from: 'default' }, experimentalSingleTabRunMode: { value: false, from: 'default' }, experimentalStudio: { value: false, from: 'default' }, experimentalWebKitSupport: { value: false, from: 'default' }, fileServerFolder: { value: '', from: 'default' }, fixturesFolder: { value: 'cypress/fixtures', from: 'default' }, excludeSpecPattern: { value: '*.hot-update.js', from: 'default' }, includeShadowDom: { value: false, from: 'default' }, keystrokeDelay: { value: 0, from: 'default' }, modifyObstructiveCode: { value: true, from: 'default' }, numTestsKeptInMemory: { value: 0, from: 'config' }, platform: { value: 'win32', from: 'default' }, pageLoadTimeout: { value: 60000, from: 'default' }, port: { value: null, from: 'default' }, projectId: { value: null, from: 'default' }, redirectionLimit: { value: 20, from: 'default' }, reporter: { value: 'spec', from: 'default' }, reporterOptions: { value: null, from: 'default' }, requestTimeout: { value: 5000, from: 'default' }, resolvedNodePath: { value: null, from: 'default' }, resolvedNodeVersion: { value: null, from: 'default' }, responseTimeout: { value: 30000, from: 'default' }, retries: { value: [Object], from: 'default' }, screenshotOnRunFailure: { value: true, from: 'default' }, screenshotsFolder: { value: 'cypress/screenshots', from: 'default' }, slowTestThreshold: { value: 10000, from: 'default' }, scrollBehavior: { value: 'top', from: 'default' }, supportFile: { value: 'cypress/support/e2e.{js,jsx,ts,tsx}', from: 'default' }, supportFolder: { value: false, from: 'default' }, taskTimeout: { value: 60000, from: 'default' }, testIsolation: { value: true, from: 'default' }, trashAssetsBeforeRuns: { value: true, from: 'default' }, userAgent: { value: null, from: 'default' }, video: { value: false, from: 'default' }, videoCompression: { value: false, from: 'default' }, videosFolder: { value: 'cypress/videos', from: 'default' }, viewportHeight: { value: 660, from: 'default' }, viewportWidth: { value: 1000, from: 'default' }, waitForAnimations: { value: true, from: 'default' }, watchForFileChanges: { value: false, from: 'config' }, specPattern: { value: 'cypress/e2e/**/*.cy.{js,jsx,ts,tsx}', from: 'default' }, browsers: { value: [Array], from: 'runtime' }, hosts: { value: null, from: 'default' }, isInteractive: { value: true, from: 'default' } } } +0ms
  cypress:config:project merged plugins config { baseUrl: 'http://localhost:3000', projectRoot: 'C:\\Users\\LucasFelber\\Documents\\SideProjects\\cypress-submit-reload', projectName: 'cypress-submit-reload', repoRoot: 'C:/Users/LucasFelber/Documents/SideProjects/cypress-submit-reload', rawJson: { component: { devServer: [Object] }, e2e: { baseUrl: 'http://localhost:3000' }, baseUrl: 'http://localhost:3000', envFile: {}, projectRoot: 'C:\\Users\\LucasFelber\\Documents\\SideProjects\\cypress-submit-reload', projectName: 'cypress-submit-reload', repoRoot: 'C:/Users/LucasFelber/Documents/SideProjects/cypress-submit-reload' }, configFile: 'cypress.config.js', morgan: false, isTextTerminal: true, socketId: '24mh0fsfeq', report: true, animationDistanceThreshold: 5, arch: 'x64', blockHosts: null, chromeWebSecurity: true, clientCertificates: [], defaultCommandTimeout: 4000, downloadsFolder: 'C:\\Users\\LucasFelber\\Documents\\SideProjects\\cypress-submit-reload\\cypress\\downloads', env: {}, execTimeout: 60000, experimentalCspAllowList: false, experimentalFetchPolyfill: false, experimentalInteractiveRunEvents: false, experimentalRunAllSpecs: false, experimentalMemoryManagement: false, experimentalModifyObstructiveThirdPartyCode: false, experimentalSkipDomainInjection: null, experimentalOriginDependencies: false, experimentalSourceRewriting: false, experimentalSingleTabRunMode: false, experimentalStudio: false, experimentalWebKitSupport: false, fileServerFolder: 'C:\\Users\\LucasFelber\\Documents\\SideProjects\\cypress-submit-reload', fixturesFolder: 'C:\\Users\\LucasFelber\\Documents\\SideProjects\\cypress-submit-reload\\cypress\\fixtures', excludeSpecPattern: '*.hot-update.js', includeShadowDom: false, keystrokeDelay: 0, modifyObstructiveCode: true, numTestsKeptInMemory: 0, platform: 'win32', pageLoadTimeout: 60000, port: null, projectId: null, redirectionLimit: 20, reporter: 'spec', reporterOptions: null, requestTimeout: 5000, resolvedNodePath: 'C:\\Program Files\\nodejs\\node.exe', resolvedNodeVersion: '18.17.1', responseTimeout: 30000, retries: { runMode: 0, openMode: 0 }, screenshotOnRunFailure: true, screenshotsFolder: 'C:\\Users\\LucasFelber\\Documents\\SideProjects\\cypress-submit-reload\\cypress\\screenshots', slowTestThreshold: 10000, scrollBehavior: 'top', supportFile: 'C:\\Users\\LucasFelber\\Documents\\SideProjects\\cypress-submit-reload\\cypress\\support\\e2e.js', supportFolder: 'C:\\Users\\LucasFelber\\Documents\\SideProjects\\cypress-submit-reload\\cypress\\support', taskTimeout: 60000, testIsolation: true, trashAssetsBeforeRuns: true, userAgent: null, video: false, videoCompression: false, videosFolder: 'C:\\Users\\LucasFelber\\Documents\\SideProjects\\cypress-submit-reload\\cypress\\videos', viewportHeight: 660, viewportWidth: 1000, waitForAnimations: true, watchForFileChanges: false, specPattern: 'cypress/e2e/**/*.cy.{js,jsx,ts,tsx}', additionalIgnorePattern: [], autoOpen: false, browsers: [ { name: 'chrome', family: 'chromium', channel: 'stable', displayName: 'Chrome', version: '118.0.5993.71', path: 'C:\\Program Files (x86)\\Google\\Chrome\\Application\\chrome.exe', minSupportedVersion: 64, majorVersion: '118' }, { name: 'firefox', family: 'firefox', channel: 'stable', displayName: 'Firefox', version: '109.0', path: 'C:\\Program Files\\Mozilla Firefox\\firefox.exe', minSupportedVersion: 86, majorVersion: '109' }, { name: 'firefox', family: 'firefox', channel: 'dev', displayName: 'Firefox Developer Edition', version: '119.0', path: 'C:\\Program Files\\Firefox Developer Edition\\firefox.exe', minSupportedVersion: 86, majorVersion: '119' }, { name: 'edge', family: 'chromium', channel: 'stable', displayName: 'Edge', version: '118.0.2088.46', path: 'C:\\Program Files (x86)\\Microsoft\\Edge\\Application\\msedge.exe', minSupportedVersion: 79, majorVersion: '118' }, { name: 'electron', channel: 'stable', family: 'chromium', displayName: 'Electron', version: '114.0.5735.289', path: '', majorVersion: 114 } ], clientRoute: '/__/', cypressBinaryRoot: 'C:\\Users\\LucasFelber\\AppData\\Local\\Cypress\\Cache\\13.3.1\\Cypress\\resources\\app', devServerPublicPathRoute: '/__cypress/src', hosts: null, isInteractive: true, namespace: '__cypress', reporterRoute: '/__cypress/reporter', socketIoCookie: '__socket', socketIoRoute: '/__socket', version: '13.3.1', protocolEnabled: false, hideCommandLog: false, hideRunnerUi: false, cypressEnv: 'production', resolved: { animationDistanceThreshold: { value: 5, from: 'default' }, arch: { value: 'x64', from: 'default' }, baseUrl: { value: 'http://localhost:3000', from: 'config' }, blockHosts: { value: null, from: 'default' }, chromeWebSecurity: { value: true, from: 'default' }, clientCertificates: { value: [], from: 'default' }, defaultCommandTimeout: { value: 4000, from: 'default' }, downloadsFolder: { value: 'cypress/downloads', from: 'default' }, env: {}, execTimeout: { value: 60000, from: 'default' }, experimentalCspAllowList: { value: false, from: 'default' }, experimentalFetchPolyfill: { value: false, from: 'default' }, experimentalInteractiveRunEvents: { value: false, from: 'default' }, experimentalRunAllSpecs: { value: false, from: 'default' }, experimentalMemoryManagement: { value: false, from: 'default' }, experimentalModifyObstructiveThirdPartyCode: { value: false, from: 'default' }, experimentalSkipDomainInjection: { value: null, from: 'default' }, experimentalOriginDependencies: { value: false, from: 'default' }, experimentalSourceRewriting: { value: false, from: 'default' }, experimentalSingleTabRunMode: { value: false, from: 'default' }, experimentalStudio: { value: false, from: 'default' }, experimentalWebKitSupport: { value: false, from: 'default' }, fileServerFolder: { value: '', from: 'default' }, fixturesFolder: { value: 'cypress/fixtures', from: 'default' }, excludeSpecPattern: { value: '*.hot-update.js', from: 'default' }, includeShadowDom: { value: false, from: 'default' }, keystrokeDelay: { value: 0, from: 'default' }, modifyObstructiveCode: { value: true, from: 'default' }, numTestsKeptInMemory: { value: 0, from: 'config' }, platform: { value: 'win32', from: 'default' }, pageLoadTimeout: { value: 60000, from: 'default' }, port: { value: null, from: 'default' }, projectId: { value: null, from: 'default' }, redirectionLimit: { value: 20, from: 'default' }, reporter: { value: 'spec', from: 'default' }, reporterOptions: { value: null, from: 'default' }, requestTimeout: { value: 5000, from: 'default' }, resolvedNodePath: { value: null, from: 'default' }, resolvedNodeVersion: { value: null, from: 'default' }, responseTimeout: { value: 30000, from: 'default' }, retries: { value: [Object], from: 'default' }, screenshotOnRunFailure: { value: true, from: 'default' }, screenshotsFolder: { value: 'cypress/screenshots', from: 'default' }, slowTestThreshold: { value: 10000, from: 'default' }, scrollBehavior: { value: 'top', from: 'default' }, supportFile: { value: 'cypress/support/e2e.{js,jsx,ts,tsx}', from: 'default' }, supportFolder: { value: false, from: 'default' }, taskTimeout: { value: 60000, from: 'default' }, testIsolation: { value: true, from: 'default' }, trashAssetsBeforeRuns: { value: true, from: 'default' }, userAgent: { value: null, from: 'default' }, video: { value: false, from: 'default' }, videoCompression: { value: false, from: 'default' }, videosFolder: { value: 'cypress/videos', from: 'default' }, viewportHeight: { value: 660, from: 'default' }, viewportWidth: { value: 1000, from: 'default' }, waitForAnimations: { value: true, from: 'default' }, watchForFileChanges: { value: false, from: 'config' }, specPattern: { value: 'cypress/e2e/**/*.cy.{js,jsx,ts,tsx}', from: 'default' }, browsers: { value: [Array], from: 'runtime' }, hosts: { value: null, from: 'default' }, isInteractive: { value: true, from: 'default' } } } +1ms
  cypress:data-context:sources:FileDataSource updating glob patterns to POSIX +9ms
  cypress:data-context:sources:FileDataSource globbing pattern(s): [ 'cypress/e2e/**/*.cy.{js,jsx,ts,tsx}' ] +0ms
  cypress:data-context:sources:FileDataSource within directory: C:\Users\LucasFelber\Documents\SideProjects\cypress-submit-reload +0ms
  cypress:data-context:sources:ProjectDataSource found specs [ 'C:/Users/LucasFelber/Documents/SideProjects/cypress-submit-reload/cypress/e2e/spec.cy.js' ] +0ms
  cypress:data-context:sources:GitDataSource getting git info for [ 'C:/Users/LucasFelber/Documents/SideProjects/cypress-submit-reload/cypress/e2e/spec.cy.js' ]: +2s
  cypress:data-context:sources:GitDataSource executing command: `FOR %x in ("C:\Users\LucasFelber\Documents\SideProjects\cypress-submit-reload\cypress\e2e\spec.cy.js") DO (git log --max-count=1 --pretty="format:%ci %ar %an|%h|%s" %x)` +0ms
  cypress:data-context:sources:GitDataSource cwd: `C:/Users/LucasFelber/Documents/SideProjects/cypress-submit-reload` +0ms
  cypress:data-context:codegen:code-generator hasNonExampleSpec - calling with template directory "C:\Users\LucasFelber\AppData\Local\Cypress\Cache\13.3.1\Cypress\resources\app\packages\example\cypress\e2e" and 1 +0ms
  cypress:server:browsers:utils searching for browser { nameOrPath: 'electron', filter: { name: 'electron', channel: 'stable' }, knownBrowsers: [ { name: 'chrome', family: 'chromium', channel: 'stable', displayName: 'Chrome', version: '118.0.5993.71', path: 'C:\\Program Files (x86)\\Google\\Chrome\\Application\\chrome.exe', minSupportedVersion: 64, majorVersion: '118' }, { name: 'firefox', family: 'firefox', channel: 'stable', displayName: 'Firefox', version: '109.0', path: 'C:\\Program Files\\Mozilla Firefox\\firefox.exe', minSupportedVersion: 86, majorVersion: '109' }, { name: 'firefox', family: 'firefox', channel: 'dev', displayName: 'Firefox Developer Edition', version: '119.0', path: 'C:\\Program Files\\Firefox Developer Edition\\firefox.exe', minSupportedVersion: 86, majorVersion: '119' }, { name: 'edge', family: 'chromium', channel: 'stable', displayName: 'Edge', version: '118.0.2088.46', path: 'C:\\Program Files (x86)\\Microsoft\\Edge\\Application\\msedge.exe', minSupportedVersion: 79, majorVersion: '118' }, { name: 'electron', channel: 'stable', family: 'chromium', displayName: 'Electron', version: '114.0.5735.289', path: '', majorVersion: 114 } ] } +2s
  cypress:data-context browser found to set electron +0ms
  cypress:server:appdata path: C:\Users\LucasFelber\AppData\Roaming\Cypress\cy\production\cache +2s
  cypress:server:saved_state making saved state from C:\Users\LucasFelber\AppData\Local\Cypress\Cache\13.3.1\Cypress\resources\app\packages\server +0ms
  cypress:server:saved_state missing project path, looking for project here +0ms
  cypress:server:saved_state state path for global mode +5ms
  cypress:server:appdata path: C:\Users\LucasFelber\AppData\Roaming\Cypress\cy\production\projects\__global__\state.json +10ms
  cypress:server:saved_state full state path C:\Users\LucasFelber\AppData\Roaming\Cypress\cy\production\projects\__global__\state.json +0ms
  cypress:server:saved_state making new state file around C:\Users\LucasFelber\AppData\Roaming\Cypress\cy\production\projects\__global__\state.json +0ms
  cypress:data-context:codegen:code-generator hasNonExampleSpec - checking for spec spec.cy.js +34ms
  cypress:server:run run mode ready with options { _: [ 'C:\\Users\\LucasFelber\\AppData\\Local\\Cypress\\Cache\\13.3.1\\Cypress\\Cypress.exe' ], runProject: 'C:\\Users\\LucasFelber\\Documents\\SideProjects\\cypress-submit-reload', cwd: 'C:\\Users\\LucasFelber\\Documents\\SideProjects\\cypress-submit-reload', userNodePath: 'C:\\Program Files\\nodejs\\node.exe', userNodeVersion: '18.17.1', invokedFromCli: true, config: {}, projectRoot: 'C:\\Users\\LucasFelber\\Documents\\SideProjects\\cypress-submit-reload', socketId: '24mh0fsfeq', isTextTerminal: true, browser: 'electron', quiet: false, morgan: false, report: true, testingType: 'e2e' } +2s
  cypress:server:browsers:utils getBrowsers +22ms
  cypress:launcher:detect detecting if the following browsers are present [ { name: 'chrome', family: 'chromium', channel: 'stable', displayName: 'Chrome', versionRegex: /Google Chrome (\S+)/m, binary: [ 'google-chrome', 'chrome', 'google-chrome-stable' ], minSupportedVersion: 64 }, { name: 'chromium', family: 'chromium', channel: 'stable', displayName: 'Chromium', versionRegex: /Chromium (\S+)/m, binary: [ 'chromium-browser', 'chromium' ], minSupportedVersion: 64 }, { name: 'chrome', family: 'chromium', channel: 'beta', displayName: 'Chrome Beta', versionRegex: /Google Chrome (\S+) beta/m, binary: 'google-chrome-beta', minSupportedVersion: 64 }, { name: 'chrome', family: 'chromium', channel: 'canary', displayName: 'Canary', versionRegex: /Google Chrome Canary (\S+)/m, binary: 'google-chrome-canary', minSupportedVersion: 64 }, { name: 'firefox', family: 'firefox', channel: 'stable', displayName: 'Firefox', versionRegex: /^Mozilla Firefox ([^\sab]+)$/m, binary: 'firefox', minSupportedVersion: 86, validator: [Function: validator] }, { name: 'firefox', family: 'firefox', channel: 'dev', displayName: 'Firefox Developer Edition', versionRegex: /^Mozilla Firefox (\S+b\S*)$/m, binary: [ 'firefox-developer-edition', 'firefox' ], minSupportedVersion: 86 }, { name: 'firefox', family: 'firefox', channel: 'nightly', displayName: 'Firefox Nightly', versionRegex: /^Mozilla Firefox (\S+a\S*)$/m, binary: [ 'firefox-nightly', 'firefox-trunk' ], minSupportedVersion: 86 }, { name: 'edge', family: 'chromium', channel: 'stable', displayName: 'Edge', versionRegex: /Microsoft Edge (\S+)/im, binary: [ 'edge', 'microsoft-edge' ], minSupportedVersion: 79 }, { name: 'edge', family: 'chromium', channel: 'canary', displayName: 'Edge Canary', versionRegex: /Microsoft Edge.+?(\S*(?= canary)|(?<=canary )\S*)/im, binary: [ 'edge-canary', 'microsoft-edge-canary' ], minSupportedVersion: 79 }, { name: 'edge', family: 'chromium', channel: 'beta', displayName: 'Edge Beta', versionRegex: /Microsoft Edge.+?(\S*(?= beta)|(?<=beta )\S*)/im, binary: [ 'edge-beta', 'microsoft-edge-beta' ], minSupportedVersion: 79 }, { name: 'edge', family: 'chromium', channel: 'dev', displayName: 'Edge Dev', versionRegex: /Microsoft Edge.+?(\S*(?= dev)|(?<=dev )\S*)/im, binary: [ 'edge-dev', 'microsoft-edge-dev' ], minSupportedVersion: 79 } ] +2s
  cypress:server:browsers:utils WebKit is enabled, but there was an error constructing the WebKit browser: { err: Error: Cannot find module 'playwright-webkit' Require stack: - C:\Users\LucasFelber\AppData\Local\Cypress\Cache\13.3.1\Cypress\resources\app\packages\server\lib\browsers\utils.ts     at Module._resolveFilename (node:internal/modules/cjs/loader:1082:15)     at n._resolveFilename (node:electron/js2c/browser_init:2:117603)     at resolve (node:internal/modules/cjs/helpers:116:19) at Function.resolve (evalmachine.<anonymous>:1:786100) at P (<embedded>:4490:67601) at Object.I [as get] (<embedded>:4490:68436) at W (<embedded>:4562:138446) at Object.H (<embedded>:4562:140974) { code: 'MODULE_NOT_FOUND', requireStack: [ 'C:\\Users\\LucasFelber\\AppData\\Local\\Cypress\\Cache\\13.3.1\\Cypress\\resources\\app\\packages\\server\\lib\\browsers\\utils.ts' ] } } +2ms
  cypress:launcher:windows got version string for chrome: { exePath: 'C:\\Program Files (x86)\\Google\\Chrome\\Application\\chrome.exe', version: '118.0.5993.71' } +2s
  cypress:launcher:windows error while looking up exe, trying next exePath { exePath: 'C:\\Program Files (x86)\\Google\\chrome-win32\\chrome.exe', exePaths: [], err: Error: Browser not installed: chromium at r (<embedded>:4459:133634) at a (<embedded>:4459:147048) at <embedded>:4459:147393 { notInstalled: true } } +1ms
  cypress:launcher:windows error while looking up exe, trying next exePath { exePath: 'C:\\Program Files\\Google\\Chrome Beta\\Application\\chrome.exe', exePaths: [], err: Error: Browser not installed: chrome at r (<embedded>:4459:133634) at a (<embedded>:4459:147048) at <embedded>:4459:147393 { notInstalled: true } } +1ms
  cypress:launcher:windows error while looking up exe, trying next exePath { exePath: 'C:\\Program Files (x86)\\Google\\Chrome Beta\\Application\\chrome.exe', exePaths: [], err: Error: Browser not installed: chrome at r (<embedded>:4459:133634) at a (<embedded>:4459:147048) at <embedded>:4459:147498 { notInstalled: true } } +1ms
  cypress:launcher:windows error while looking up exe, trying next exePath { exePath: 'C:\\Users\\LucasFelber\\AppData\\Local\\Google\\Chrome SxS\\Application\\chrome.exe', exePaths: [], err: Error: Browser not installed: chrome at r (<embedded>:4459:133634) at a (<embedded>:4459:147048) at <embedded>:4459:147393 { notInstalled: true } } +1ms
  cypress:launcher:windows got version string for firefox: { exePath: 'C:\\Program Files\\Mozilla Firefox\\firefox.exe', version: '109.0' } +1ms
  cypress:launcher:windows got version string for firefox: { exePath: 'C:\\Program Files\\Firefox Developer Edition\\firefox.exe', version: '119.0' } +2ms
  cypress:launcher:windows error while looking up exe, trying next exePath { exePath: 'C:\\Users\\LucasFelber\\AppData\\Local\\Firefox Nightly\\firefox.exe', exePaths: [], err: Error: Browser not installed: firefox at r (<embedded>:4459:133634) at a (<embedded>:4459:147048) at <embedded>:4459:147393 { notInstalled: true } } +2ms
  cypress:launcher:windows error while looking up exe, trying next exePath { exePath: 'C:\\Program Files (x86)\\Firefox Nightly\\firefox.exe', exePaths: [], err: Error: Browser not installed: firefox at r (<embedded>:4459:133634) at a (<embedded>:4459:147048) at <embedded>:4459:147498 { notInstalled: true } } +1ms
  cypress:launcher:windows error while looking up exe, trying next exePath { exePath: 'C:\\Program Files\\Firefox Nightly\\firefox.exe', exePaths: [], err: Error: Browser not installed: firefox at r (<embedded>:4459:133634) at a (<embedded>:4459:147048) at <embedded>:4459:147498 { notInstalled: true } } +0ms
  cypress:launcher:windows got version string for edge: { exePath: 'C:\\Program Files (x86)\\Microsoft\\Edge\\Application\\msedge.exe', version: '118.0.2088.46' } +1ms
  cypress:launcher:windows error while looking up exe, trying next exePath { exePath: 'C:\\Users\\LucasFelber\\AppData\\Local\\Microsoft\\Edge SxS\\Application\\msedge.exe', exePaths: [], err: Error: Browser not installed: edge at r (<embedded>:4459:133634) at a (<embedded>:4459:147048) at <embedded>:4459:147393 { notInstalled: true } } +2ms
  cypress:launcher:windows error while looking up exe, trying next exePath { exePath: 'C:\\Program Files (x86)\\Microsoft\\Edge Beta\\Application\\msedge.exe', exePaths: [], err: Error: Browser not installed: edge at r (<embedded>:4459:133634) at a (<embedded>:4459:147048) at <embedded>:4459:147393 { notInstalled: true } } +1ms
  cypress:launcher:windows error while looking up exe, trying next exePath { exePath: 'C:\\Program Files (x86)\\Microsoft\\Edge Dev\\Application\\msedge.exe', exePaths: [], err: Error: Browser not installed: edge at r (<embedded>:4459:133634) at a (<embedded>:4459:147048) at <embedded>:4459:147393 { notInstalled: true } } +1ms
  cypress:server:browsers:utils found browsers { browsers: [ { name: 'chrome', family: 'chromium', channel: 'stable', displayName: 'Chrome', version: '118.0.5993.71', path: 'C:\\Program Files (x86)\\Google\\Chrome\\Application\\chrome.exe', minSupportedVersion: 64, majorVersion: '118' }, { name: 'firefox', family: 'firefox', channel: 'stable', displayName: 'Firefox', version: '109.0', path: 'C:\\Program Files\\Mozilla Firefox\\firefox.exe', minSupportedVersion: 86, majorVersion: '109' }, { name: 'firefox', family: 'firefox', channel: 'dev', displayName: 'Firefox Developer Edition', version: '119.0', path: 'C:\\Program Files\\Firefox Developer Edition\\firefox.exe', minSupportedVersion: 86, majorVersion: '119' }, { name: 'edge', family: 'chromium', channel: 'stable', displayName: 'Edge', version: '118.0.2088.46', path: 'C:\\Program Files (x86)\\Microsoft\\Edge\\Application\\msedge.exe', minSupportedVersion: 79, majorVersion: '118' } ] } +18ms
  cypress:server:run found all system browsers [ { channel: 'stable', displayName: 'Chrome', family: 'chromium', majorVersion: '118', name: 'chrome', path: 'C:\\Program Files (x86)\\Google\\Chrome\\Application\\chrome.exe', version: '118.0.5993.71' }, { channel: 'stable', displayName: 'Firefox', family: 'firefox', majorVersion: '109', name: 'firefox', path: 'C:\\Program Files\\Mozilla Firefox\\firefox.exe', version: '109.0' }, { channel: 'dev', displayName: 'Firefox Developer Edition', family: 'firefox', majorVersion: '119', name: 'firefox', path: 'C:\\Program Files\\Firefox Developer Edition\\firefox.exe', version: '119.0' }, { channel: 'stable', displayName: 'Edge', family: 'chromium', majorVersion: '118', name: 'edge', path: 'C:\\Program Files (x86)\\Microsoft\\Edge\\Application\\msedge.exe', version: '118.0.2088.46' }, { channel: 'stable', displayName: 'Electron', family: 'chromium', majorVersion: 114, name: 'electron', path: '', version: '114.0.5735.289' } ] +21ms
  cypress:server:open_project open_project create C:\Users\LucasFelber\Documents\SideProjects\cypress-submit-reload +0ms  cypress:server:open_project opening project C:\Users\LucasFelber\Documents\SideProjects\cypress-submit-reload +1ms
  cypress:server:open_project and options { socketId: '24mh0fsfeq', morgan: false, report: true, isTextTerminal: true, browsers: [ { name: 'chrome', family: 'chromium', channel: 'stable', displayName: 'Chrome', version: '118.0.5993.71', path: 'C:\\Program Files (x86)\\Google\\Chrome\\Application\\chrome.exe', minSupportedVersion: 64, majorVersion: '118' }, { name: 'firefox', family: 'firefox', channel: 'stable', displayName: 'Firefox', version: '109.0', path: 'C:\\Program Files\\Mozilla Firefox\\firefox.exe', minSupportedVersion: 86, majorVersion: '109' }, { name: 'firefox', family: 'firefox', channel: 'dev', displayName: 'Firefox Developer Edition', version: '119.0', path: 'C:\\Program Files\\Firefox Developer Edition\\firefox.exe', minSupportedVersion: 86, majorVersion: '119' }, { name: 'edge', family: 'chromium', channel: 'stable', displayName: 'Edge', version: '118.0.2088.46', path: 'C:\\Program Files (x86)\\Microsoft\\Edge\\Application\\msedge.exe', minSupportedVersion: 79, majorVersion: '118' }, { name: 'electron', channel: 'stable', family: 'chromium', displayName: 'Electron', version: '114.0.5735.289', path: '', majorVersion: 114 } ], onWarning: [Function: F], spec: undefined, onError: [Function (anonymous)], onReloadBrowser: [Function: onReloadBrowser], args: { _: [ 'C:\\Users\\LucasFelber\\AppData\\Local\\Cypress\\Cache\\13.3.1\\Cypress\\Cypress.exe' ], runProject: 'C:\\Users\\LucasFelber\\Documents\\SideProjects\\cypress-submit-reload', cwd: 'C:\\Users\\LucasFelber\\Documents\\SideProjects\\cypress-submit-reload', userNodePath: 'C:\\Program Files\\nodejs\\node.exe', userNodeVersion: '18.17.1', invokedFromCli: true, config: {}, projectRoot: 'C:\\Users\\LucasFelber\\Documents\\SideProjects\\cypress-submit-reload', socketId: '24mh0fsfeq', isTextTerminal: true, browser: 'electron', quiet: false, morgan: false, report: true, testingType: 'e2e', onError: [Function (anonymous)], browsers: [ [Object], [Object], [Object], [Object], [Object] ] } } +0ms
  cypress:server:project Project created { testingType: 'e2e', projectRoot: 'C:\\Users\\LucasFelber\\Documents\\SideProjects\\cypress-submit-reload' } +0ms
  cypress:server:project opening project instance C:\Users\LucasFelber\Documents\SideProjects\cypress-submit-reload +1ms  cypress:server:project project open options { report: true, onFocusTests: [Function: onFocusTests], onError: [Function (anonymous)], onWarning: [Function: F], socketId: '24mh0fsfeq', morgan: false, isTextTerminal: true, browsers: [ { name: 'chrome', family: 'chromium', channel: 'stable', displayName: 'Chrome', version: '118.0.5993.71', path: 'C:\\Program Files (x86)\\Google\\Chrome\\Application\\chrome.exe', minSupportedVersion: 64, majorVersion: '118' }, { name: 'firefox', family: 'firefox', channel: 'stable', displayName: 'Firefox', version: '109.0', path: 'C:\\Program Files\\Mozilla Firefox\\firefox.exe', minSupportedVersion: 86, majorVersion: '109' }, { name: 'firefox', family: 'firefox', channel: 'dev', displayName: 'Firefox Developer Edition', version: '119.0', path: 'C:\\Program Files\\Firefox Developer Edition\\firefox.exe', minSupportedVersion: 86, majorVersion: '119' }, { name: 'edge', family: 'chromium', channel: 'stable', displayName: 'Edge', version: '118.0.2088.46', path: 'C:\\Program Files (x86)\\Microsoft\\Edge\\Application\\msedge.exe', minSupportedVersion: 79, majorVersion: '118' }, { name: 'electron', channel: 'stable', family: 'chromium', displayName: 'Electron', version: '114.0.5735.289', path: '', majorVersion: 114 } ], spec: undefined, onReloadBrowser: [Function: onReloadBrowser], args: { _: [ 'C:\\Users\\LucasFelber\\AppData\\Local\\Cypress\\Cache\\13.3.1\\Cypress\\Cypress.exe' ], runProject: 'C:\\Users\\LucasFelber\\Documents\\SideProjects\\cypress-submit-reload', cwd: 'C:\\Users\\LucasFelber\\Documents\\SideProjects\\cypress-submit-reload', userNodePath: 'C:\\Program Files\\nodejs\\node.exe', userNodeVersion: '18.17.1', invokedFromCli: true, config: {}, projectRoot: 'C:\\Users\\LucasFelber\\Documents\\SideProjects\\cypress-submit-reload', socketId: '24mh0fsfeq', isTextTerminal: true, browser: 'electron', quiet: false, morgan: false, report: true, testingType: 'e2e', onError: [Function (anonymous)], browsers: [ [Object], [Object], [Object], [Object], [Object] ] }, testingType: 'e2e' } +0ms
  cypress:server:project project has config { baseUrl: 'http://localhost:3000', projectRoot: 'C:\\Users\\LucasFelber\\Documents\\SideProjects\\cypress-submit-reload', projectName: 'cypress-submit-reload', repoRoot: 'C:/Users/LucasFelber/Documents/SideProjects/cypress-submit-reload', rawJson: { component: { devServer: [Object] }, e2e: { baseUrl: 'http://localhost:3000' }, baseUrl: 'http://localhost:3000', envFile: {}, projectRoot: 'C:\\Users\\LucasFelber\\Documents\\SideProjects\\cypress-submit-reload', projectName: 'cypress-submit-reload', repoRoot: 'C:/Users/LucasFelber/Documents/SideProjects/cypress-submit-reload' }, configFile: 'cypress.config.js', morgan: false, isTextTerminal: true, socketId: '24mh0fsfeq', report: true, animationDistanceThreshold: 5, arch: 'x64', blockHosts: null, chromeWebSecurity: true, clientCertificates: [], defaultCommandTimeout: 4000, downloadsFolder: 'C:\\Users\\LucasFelber\\Documents\\SideProjects\\cypress-submit-reload\\cypress\\downloads', env: {}, execTimeout: 60000, experimentalCspAllowList: false, experimentalFetchPolyfill: false, experimentalInteractiveRunEvents: false, experimentalRunAllSpecs: false, experimentalMemoryManagement: false, experimentalModifyObstructiveThirdPartyCode: false, experimentalSkipDomainInjection: null, experimentalOriginDependencies: false, experimentalSourceRewriting: false, experimentalSingleTabRunMode: false, experimentalStudio: false, experimentalWebKitSupport: false, fileServerFolder: 'C:\\Users\\LucasFelber\\Documents\\SideProjects\\cypress-submit-reload', fixturesFolder: 'C:\\Users\\LucasFelber\\Documents\\SideProjects\\cypress-submit-reload\\cypress\\fixtures', excludeSpecPattern: '*.hot-update.js', includeShadowDom: false, keystrokeDelay: 0, modifyObstructiveCode: true, numTestsKeptInMemory: 0, platform: 'win32', pageLoadTimeout: 60000, port: null, projectId: null, redirectionLimit: 20, reporter: 'spec', reporterOptions: null, requestTimeout: 5000, resolvedNodePath: 'C:\\Program Files\\nodejs\\node.exe', resolvedNodeVersion: '18.17.1', responseTimeout: 30000, retries: { runMode: 0, openMode: 0 }, screenshotOnRunFailure: true, screenshotsFolder: 'C:\\Users\\LucasFelber\\Documents\\SideProjects\\cypress-submit-reload\\cypress\\screenshots', slowTestThreshold: 10000, scrollBehavior: 'top', supportFile: 'C:\\Users\\LucasFelber\\Documents\\SideProjects\\cypress-submit-reload\\cypress\\support\\e2e.js', supportFolder: 'C:\\Users\\LucasFelber\\Documents\\SideProjects\\cypress-submit-reload\\cypress\\support', taskTimeout: 60000, testIsolation: true, trashAssetsBeforeRuns: true, userAgent: null, video: false, videoCompression: false, videosFolder: 'C:\\Users\\LucasFelber\\Documents\\SideProjects\\cypress-submit-reload\\cypress\\videos', viewportHeight: 660, viewportWidth: 1000, waitForAnimations: true, watchForFileChanges: false, specPattern: 'cypress/e2e/**/*.cy.{js,jsx,ts,tsx}', additionalIgnorePattern: [], autoOpen: false, browsers: [ { name: 'chrome', family: 'chromium', channel: 'stable', displayName: 'Chrome', version: '118.0.5993.71', path: 'C:\\Program Files (x86)\\Google\\Chrome\\Application\\chrome.exe', minSupportedVersion: 64, majorVersion: '118' }, { name: 'firefox', family: 'firefox', channel: 'stable', displayName: 'Firefox', version: '109.0', path: 'C:\\Program Files\\Mozilla Firefox\\firefox.exe', minSupportedVersion: 86, majorVersion: '109' }, { name: 'firefox', family: 'firefox', channel: 'dev', displayName: 'Firefox Developer Edition', version: '119.0', path: 'C:\\Program Files\\Firefox Developer Edition\\firefox.exe', minSupportedVersion: 86, majorVersion: '119' }, { name: 'edge', family: 'chromium', channel: 'stable', displayName: 'Edge', version: '118.0.2088.46', path: 'C:\\Program Files (x86)\\Microsoft\\Edge\\Application\\msedge.exe', minSupportedVersion: 79, majorVersion: '118' }, { name: 'electron', channel: 'stable', family: 'chromium', displayName: 'Electron', version: '114.0.5735.289', path: '', majorVersion: 114 } ], clientRoute: '/__/', cypressBinaryRoot: 'C:\\Users\\LucasFelber\\AppData\\Local\\Cypress\\Cache\\13.3.1\\Cypress\\resources\\app', devServerPublicPathRoute: '/__cypress/src', hosts: null, isInteractive: true, namespace: '__cypress', reporterRoute: '/__cypress/reporter', socketIoCookie: '__socket', socketIoRoute: '/__socket', version: '13.3.1', protocolEnabled: false, hideCommandLog: false, hideRunnerUi: false, cypressEnv: 'production', resolved: { animationDistanceThreshold: { value: 5, from: 'default' }, arch: { value: 'x64', from: 'default' }, baseUrl: { value: 'http://localhost:3000', from: 'config' }, blockHosts: { value: null, from: 'default' }, chromeWebSecurity: { value: true, from: 'default' }, clientCertificates: { value: [], from: 'default' }, defaultCommandTimeout: { value: 4000, from: 'default' }, downloadsFolder: { value: 'cypress/downloads', from: 'default' }, env: {}, execTimeout: { value: 60000, from: 'default' }, experimentalCspAllowList: { value: false, from: 'default' }, experimentalFetchPolyfill: { value: false, from: 'default' }, experimentalInteractiveRunEvents: { value: false, from: 'default' }, experimentalRunAllSpecs: { value: false, from: 'default' }, experimentalMemoryManagement: { value: false, from: 'default' }, experimentalModifyObstructiveThirdPartyCode: { value: false, from: 'default' }, experimentalSkipDomainInjection: { value: null, from: 'default' }, experimentalOriginDependencies: { value: false, from: 'default' }, experimentalSourceRewriting: { value: false, from: 'default' }, experimentalSingleTabRunMode: { value: false, from: 'default' }, experimentalStudio: { value: false, from: 'default' }, experimentalWebKitSupport: { value: false, from: 'default' }, fileServerFolder: { value: '', from: 'default' }, fixturesFolder: { value: 'cypress/fixtures', from: 'default' }, excludeSpecPattern: { value: '*.hot-update.js', from: 'default' }, includeShadowDom: { value: false, from: 'default' }, keystrokeDelay: { value: 0, from: 'default' }, modifyObstructiveCode: { value: true, from: 'default' }, numTestsKeptInMemory: { value: 0, from: 'config' }, platform: { value: 'win32', from: 'default' }, pageLoadTimeout: { value: 60000, from: 'default' }, port: { value: null, from: 'default' }, projectId: { value: null, from: 'default' }, redirectionLimit: { value: 20, from: 'default' }, reporter: { value: 'spec', from: 'default' }, reporterOptions: { value: null, from: 'default' }, requestTimeout: { value: 5000, from: 'default' }, resolvedNodePath: { value: null, from: 'default' }, resolvedNodeVersion: { value: null, from: 'default' }, responseTimeout: { value: 30000, from: 'default' }, retries: { value: [Object], from: 'default' }, screenshotOnRunFailure: { value: true, from: 'default' }, screenshotsFolder: { value: 'cypress/screenshots', from: 'default' }, slowTestThreshold: { value: 10000, from: 'default' }, scrollBehavior: { value: 'top', from: 'default' }, supportFile: { value: 'cypress/support/e2e.{js,jsx,ts,tsx}', from: 'default' }, supportFolder: { value: false, from: 'default' }, taskTimeout: { value: 60000, from: 'default' }, testIsolation: { value: true, from: 'default' }, trashAssetsBeforeRuns: { value: true, from: 'default' }, userAgent: { value: null, from: 'default' }, video: { value: false, from: 'default' }, videoCompression: { value: false, from: 'default' }, videosFolder: { value: 'cypress/videos', from: 'default' }, viewportHeight: { value: 660, from: 'default' }, viewportWidth: { value: 1000, from: 'default' }, waitForAnimations: { value: true, from: 'default' }, watchForFileChanges: { value: false, from: 'config' }, specPattern: { value: 'cypress/e2e/**/*.cy.{js,jsx,ts,tsx}', from: 'default' }, browsers: { value: [Array], from: 'runtime' }, hosts: { value: null, from: 'default' }, isInteractive: { value: true, from: 'default' } }, testingType: 'e2e' } +0ms
  cypress:server:server-base server open +0ms
  cypress:network:client-certificates loaded client certificates for 0 URL(s) +0ms
  cypress:server:server-base createServer connecting to server +36ms
  cypress:server:server-base Server listening on  { address: '127.0.0.1', family: 'IPv4', port: 56459 } +22ms
  cypress:server:appdata path: C:\Users\LucasFelber\AppData\Roaming\Cypress\cy\production\proxy +99ms
  cypress:https-proxy:ca checking CA version { actualVersion: 1, CA_VERSION: 1 } +0ms
  cypress:https-proxy Created SNI HTTPS Proxy Server { port: 56461 } +0ms
  cypress:server:ensure-url checking that baseUrl is available {
  baseUrl: 'http://localhost:3000',
  delaysRemaining: [ 3000, 3000, 4000 ],
  retryIntervals: [ 3000, 3000, 4000 ]
} +0ms
  cypress:network:connect beginning getAddress { hostname: 'localhost', port: 3000 } +0ms
  cypress:network:connect got addresses { hostname: 'localhost', port: 3000, addresses: [ { address: '::1', family: 6 }, { address: '127.0.0.1', family: 4 } ] } +7ms
  cypress:network:cors Parsed URL { port: '3000', protocol: 'http:', subdomain: null, domain: '', tld: 'localhost' } +0ms
  cypress:network:cors Parsed URL { port: '3000', protocol: 'http:', subdomain: null, domain: '', tld: 'localhost' } +1ms
  cypress:server:remote-states setting remote state { auth: undefined, origin: 'http://localhost:3000', strategy: 'http', fileServer: null, domainName: 'localhost', props: { port: '3000', protocol: 'http:', subdomain: null, domain: '', tld: 'localhost' } } for http://localhost:3000 +0ms
  cypress:network:cors Parsed URL { port: '3000', protocol: 'http:', subdomain: null, domain: '', tld: 'localhost' } +0ms
  cypress:server:remote-states getting remote state: { auth: undefined, origin: 'http://localhost:3000', strategy: 'http', fileServer: null, domainName: 'localhost', props: { port: '3000', protocol: 'http:', subdomain: null, domain: '', tld: 'localhost' } } for: http://localhost:3000 +0ms
  cypress:server:project project config: { baseUrl: 'http://localhost:3000', projectRoot: 'C:\\Users\\LucasFelber\\Documents\\SideProjects\\cypress-submit-reload', projectName: 'cypress-submit-reload', repoRoot: 'C:/Users/LucasFelber/Documents/SideProjects/cypress-submit-reload', rawJson: { component: { devServer: [Object] }, e2e: { baseUrl: 'http://localhost:3000' }, baseUrl: 'http://localhost:3000', envFile: {}, projectRoot: 'C:\\Users\\LucasFelber\\Documents\\SideProjects\\cypress-submit-reload', projectName: 'cypress-submit-reload', repoRoot: 'C:/Users/LucasFelber/Documents/SideProjects/cypress-submit-reload' }, configFile: 'cypress.config.js', morgan: false, isTextTerminal: true, socketId: '24mh0fsfeq', report: true, animationDistanceThreshold: 5, arch: 'x64', blockHosts: null, chromeWebSecurity: true, clientCertificates: [], defaultCommandTimeout: 4000, downloadsFolder: 'C:\\Users\\LucasFelber\\Documents\\SideProjects\\cypress-submit-reload\\cypress\\downloads', env: {}, execTimeout: 60000, experimentalCspAllowList: false, experimentalFetchPolyfill: false, experimentalInteractiveRunEvents: false, experimentalRunAllSpecs: false, experimentalMemoryManagement: false, experimentalModifyObstructiveThirdPartyCode: false, experimentalSkipDomainInjection: null, experimentalOriginDependencies: false, experimentalSourceRewriting: false, experimentalSingleTabRunMode: false, experimentalStudio: false, experimentalWebKitSupport: false, fileServerFolder: 'C:\\Users\\LucasFelber\\Documents\\SideProjects\\cypress-submit-reload', fixturesFolder: 'C:\\Users\\LucasFelber\\Documents\\SideProjects\\cypress-submit-reload\\cypress\\fixtures', excludeSpecPattern: '*.hot-update.js', includeShadowDom: false, keystrokeDelay: 0, modifyObstructiveCode: true, numTestsKeptInMemory: 0, platform: 'win32', pageLoadTimeout: 60000, port: 56459, projectId: null, redirectionLimit: 20, reporter: 'spec', reporterOptions: null, requestTimeout: 5000, resolvedNodePath: 'C:\\Program Files\\nodejs\\node.exe', resolvedNodeVersion: '18.17.1', responseTimeout: 30000, retries: { runMode: 0, openMode: 0 }, screenshotOnRunFailure: true, screenshotsFolder: 'C:\\Users\\LucasFelber\\Documents\\SideProjects\\cypress-submit-reload\\cypress\\screenshots', slowTestThreshold: 10000, scrollBehavior: 'top', supportFile: 'C:\\Users\\LucasFelber\\Documents\\SideProjects\\cypress-submit-reload\\cypress\\support\\e2e.js', supportFolder: 'C:\\Users\\LucasFelber\\Documents\\SideProjects\\cypress-submit-reload\\cypress\\support', taskTimeout: 60000, testIsolation: true, trashAssetsBeforeRuns: true, userAgent: null, video: false, videoCompression: false, videosFolder: 'C:\\Users\\LucasFelber\\Documents\\SideProjects\\cypress-submit-reload\\cypress\\videos', viewportHeight: 660, viewportWidth: 1000, waitForAnimations: true, watchForFileChanges: false, specPattern: 'cypress/e2e/**/*.cy.{js,jsx,ts,tsx}', additionalIgnorePattern: [], autoOpen: false, browsers: [ { name: 'chrome', family: 'chromium', channel: 'stable', displayName: 'Chrome', version: '118.0.5993.71', path: 'C:\\Program Files (x86)\\Google\\Chrome\\Application\\chrome.exe', minSupportedVersion: 64, majorVersion: '118' }, { name: 'firefox', family: 'firefox', channel: 'stable', displayName: 'Firefox', version: '109.0', path: 'C:\\Program Files\\Mozilla Firefox\\firefox.exe', minSupportedVersion: 86, majorVersion: '109' }, { name: 'firefox', family: 'firefox', channel: 'dev', displayName: 'Firefox Developer Edition', version: '119.0', path: 'C:\\Program Files\\Firefox Developer Edition\\firefox.exe', minSupportedVersion: 86, majorVersion: '119' }, { name: 'edge', family: 'chromium', channel: 'stable', displayName: 'Edge', version: '118.0.2088.46', path: 'C:\\Program Files (x86)\\Microsoft\\Edge\\Application\\msedge.exe', minSupportedVersion: 79, majorVersion: '118' }, { name: 'electron', channel: 'stable', family: 'chromium', displayName: 'Electron', version: '114.0.5735.289', path: '', majorVersion: 114 } ], clientRoute: '/__/', cypressBinaryRoot: 'C:\\Users\\LucasFelber\\AppData\\Local\\Cypress\\Cache\\13.3.1\\Cypress\\resources\\app', devServerPublicPathRoute: '/__cypress/src', hosts: null, isInteractive: true, namespace: '__cypress', reporterRoute: '/__cypress/reporter', socketIoCookie: '__socket', socketIoRoute: '/__socket', version: '13.3.1', protocolEnabled: false, hideCommandLog: false, hideRunnerUi: false, cypressEnv: 'production', testingType: 'e2e', remote: {}, browser: null, specs: [], proxyUrl: 'http://localhost:56459', browserUrl: 'http://localhost:3000/__/', reporterUrl: 'http://localhost:3000/__cypress/reporter', proxyServer: 'http://localhost:56459' } +115ms
  cypress:server:reporter trying to load reporter: spec +0ms
  cypress:server:reporter spec is Mocha reporter +1ms
  cypress:server:saved_state noop saved state +159ms
  cypress:server:project project has config { baseUrl: 'http://localhost:3000', projectRoot: 'C:\\Users\\LucasFelber\\Documents\\SideProjects\\cypress-submit-reload', projectName: 'cypress-submit-reload', repoRoot: 'C:/Users/LucasFelber/Documents/SideProjects/cypress-submit-reload', rawJson: { component: { devServer: [Object] }, e2e: { baseUrl: 'http://localhost:3000' }, baseUrl: 'http://localhost:3000', envFile: {}, projectRoot: 'C:\\Users\\LucasFelber\\Documents\\SideProjects\\cypress-submit-reload', projectName: 'cypress-submit-reload', repoRoot: 'C:/Users/LucasFelber/Documents/SideProjects/cypress-submit-reload' }, configFile: 'cypress.config.js', morgan: false, isTextTerminal: true, socketId: '24mh0fsfeq', report: true, animationDistanceThreshold: 5, arch: 'x64', blockHosts: null, chromeWebSecurity: true, clientCertificates: [], defaultCommandTimeout: 4000, downloadsFolder: 'C:\\Users\\LucasFelber\\Documents\\SideProjects\\cypress-submit-reload\\cypress\\downloads', env: {}, execTimeout: 60000, experimentalCspAllowList: false, experimentalFetchPolyfill: false, experimentalInteractiveRunEvents: false, experimentalRunAllSpecs: false, experimentalMemoryManagement: false, experimentalModifyObstructiveThirdPartyCode: false, experimentalSkipDomainInjection: null, experimentalOriginDependencies: false, experimentalSourceRewriting: false, experimentalSingleTabRunMode: false, experimentalStudio: false, experimentalWebKitSupport: false, fileServerFolder: 'C:\\Users\\LucasFelber\\Documents\\SideProjects\\cypress-submit-reload', fixturesFolder: 'C:\\Users\\LucasFelber\\Documents\\SideProjects\\cypress-submit-reload\\cypress\\fixtures', excludeSpecPattern: '*.hot-update.js', includeShadowDom: false, keystrokeDelay: 0, modifyObstructiveCode: true, numTestsKeptInMemory: 0, platform: 'win32', pageLoadTimeout: 60000, port: 56459, projectId: null, redirectionLimit: 20, reporter: 'spec', reporterOptions: null, requestTimeout: 5000, resolvedNodePath: 'C:\\Program Files\\nodejs\\node.exe', resolvedNodeVersion: '18.17.1', responseTimeout: 30000, retries: { runMode: 0, openMode: 0 }, screenshotOnRunFailure: true, screenshotsFolder: 'C:\\Users\\LucasFelber\\Documents\\SideProjects\\cypress-submit-reload\\cypress\\screenshots', slowTestThreshold: 10000, scrollBehavior: 'top', supportFile: 'C:\\Users\\LucasFelber\\Documents\\SideProjects\\cypress-submit-reload\\cypress\\support\\e2e.js', supportFolder: 'C:\\Users\\LucasFelber\\Documents\\SideProjects\\cypress-submit-reload\\cypress\\support', taskTimeout: 60000, testIsolation: true, trashAssetsBeforeRuns: true, userAgent: null, video: false, videoCompression: false, videosFolder: 'C:\\Users\\LucasFelber\\Documents\\SideProjects\\cypress-submit-reload\\cypress\\videos', viewportHeight: 660, viewportWidth: 1000, waitForAnimations: true, watchForFileChanges: false, specPattern: 'cypress/e2e/**/*.cy.{js,jsx,ts,tsx}', additionalIgnorePattern: [], autoOpen: false, browsers: [ { name: 'chrome', family: 'chromium', channel: 'stable', displayName: 'Chrome', version: '118.0.5993.71', path: 'C:\\Program Files (x86)\\Google\\Chrome\\Application\\chrome.exe', minSupportedVersion: 64, majorVersion: '118' }, { name: 'firefox', family: 'firefox', channel: 'stable', displayName: 'Firefox', version: '109.0', path: 'C:\\Program Files\\Mozilla Firefox\\firefox.exe', minSupportedVersion: 86, majorVersion: '109' }, { name: 'firefox', family: 'firefox', channel: 'dev', displayName: 'Firefox Developer Edition', version: '119.0', path: 'C:\\Program Files\\Firefox Developer Edition\\firefox.exe', minSupportedVersion: 86, majorVersion: '119' }, { name: 'edge', family: 'chromium', channel: 'stable', displayName: 'Edge', version: '118.0.2088.46', path: 'C:\\Program Files (x86)\\Microsoft\\Edge\\Application\\msedge.exe', minSupportedVersion: 79, majorVersion: '118' }, { name: 'electron', channel: 'stable', family: 'chromium', displayName: 'Electron', version: '114.0.5735.289', path: '', majorVersion: 114 } ], clientRoute: '/__/', cypressBinaryRoot: 'C:\\Users\\LucasFelber\\AppData\\Local\\Cypress\\Cache\\13.3.1\\Cypress\\resources\\app', devServerPublicPathRoute: '/__cypress/src', hosts: null, isInteractive: true, namespace: '__cypress', reporterRoute: '/__cypress/reporter', socketIoCookie: '__socket', socketIoRoute: '/__socket', version: '13.3.1', protocolEnabled: false, hideCommandLog: false, hideRunnerUi: false, cypressEnv: 'production', resolved: { animationDistanceThreshold: { value: 5, from: 'default' }, arch: { value: 'x64', from: 'default' }, baseUrl: { value: 'http://localhost:3000', from: 'config' }, blockHosts: { value: null, from: 'default' }, chromeWebSecurity: { value: true, from: 'default' }, clientCertificates: { value: [], from: 'default' }, defaultCommandTimeout: { value: 4000, from: 'default' }, downloadsFolder: { value: 'cypress/downloads', from: 'default' }, env: {}, execTimeout: { value: 60000, from: 'default' }, experimentalCspAllowList: { value: false, from: 'default' }, experimentalFetchPolyfill: { value: false, from: 'default' }, experimentalInteractiveRunEvents: { value: false, from: 'default' }, experimentalRunAllSpecs: { value: false, from: 'default' }, experimentalMemoryManagement: { value: false, from: 'default' }, experimentalModifyObstructiveThirdPartyCode: { value: false, from: 'default' }, experimentalSkipDomainInjection: { value: null, from: 'default' }, experimentalOriginDependencies: { value: false, from: 'default' }, experimentalSourceRewriting: { value: false, from: 'default' }, experimentalSingleTabRunMode: { value: false, from: 'default' }, experimentalStudio: { value: false, from: 'default' }, experimentalWebKitSupport: { value: false, from: 'default' }, fileServerFolder: { value: '', from: 'default' }, fixturesFolder: { value: 'cypress/fixtures', from: 'default' }, excludeSpecPattern: { value: '*.hot-update.js', from: 'default' }, includeShadowDom: { value: false, from: 'default' }, keystrokeDelay: { value: 0, from: 'default' }, modifyObstructiveCode: { value: true, from: 'default' }, numTestsKeptInMemory: { value: 0, from: 'config' }, platform: { value: 'win32', from: 'default' }, pageLoadTimeout: { value: 60000, from: 'default' }, port: { value: null, from: 'default' }, projectId: { value: null, from: 'default' }, redirectionLimit: { value: 20, from: 'default' }, reporter: { value: 'spec', from: 'default' }, reporterOptions: { value: null, from: 'default' }, requestTimeout: { value: 5000, from: 'default' }, resolvedNodePath: { value: null, from: 'default' }, resolvedNodeVersion: { value: null, from: 'default' }, responseTimeout: { value: 30000, from: 'default' }, retries: { value: [Object], from: 'default' }, screenshotOnRunFailure: { value: true, from: 'default' }, screenshotsFolder: { value: 'cypress/screenshots', from: 'default' }, slowTestThreshold: { value: 10000, from: 'default' }, scrollBehavior: { value: 'top', from: 'default' }, supportFile: { value: 'cypress/support/e2e.{js,jsx,ts,tsx}', from: 'default' }, supportFolder: { value: false, from: 'default' }, taskTimeout: { value: 60000, from: 'default' }, testIsolation: { value: true, from: 'default' }, trashAssetsBeforeRuns: { value: true, from: 'default' }, userAgent: { value: null, from: 'default' }, video: { value: false, from: 'default' }, videoCompression: { value: false, from: 'default' }, videosFolder: { value: 'cypress/videos', from: 'default' }, viewportHeight: { value: 660, from: 'default' }, viewportWidth: { value: 1000, from: 'default' }, waitForAnimations: { value: true, from: 'default' }, watchForFileChanges: { value: false, from: 'config' }, specPattern: { value: 'cypress/e2e/**/*.cy.{js,jsx,ts,tsx}', from: 'default' }, browsers: { value: [Array], from: 'runtime' }, hosts: { value: null, from: 'default' }, isInteractive: { value: true, from: 'default' } }, testingType: 'e2e', remote: {}, browser: null, specs: [], proxyUrl: 'http://localhost:56459', browserUrl: 'http://localhost:3000/__/', reporterUrl: 'http://localhost:3000/__cypress/reporter', proxyServer: 'http://localhost:56459', state: {} } +10ms
  cypress:network:cors Parsed URL { port: '3000', protocol: 'http:', subdomain: null, domain: '', tld: 'localhost' } +12ms
  cypress:server:remote-states getting remote state: { auth: undefined, origin: 'http://localhost:3000', strategy: 'http', fileServer: null, domainName: 'localhost', props: { port: '3000', protocol: 'http:', subdomain: null, domain: '', tld: 'localhost' } } for: http://localhost:3000 +12ms
  cypress:server:run project created and opened with config { baseUrl: 'http://localhost:3000', projectRoot: 'C:\\Users\\LucasFelber\\Documents\\SideProjects\\cypress-submit-reload', projectName: 'cypress-submit-reload', configFile: 'cypress.config.js', isTextTerminal: true, animationDistanceThreshold: 5, arch: 'x64', blockHosts: null, chromeWebSecurity: true, clientCertificates: [], defaultCommandTimeout: 4000, downloadsFolder: 'C:\\Users\\LucasFelber\\Documents\\SideProjects\\cypress-submit-reload\\cypress\\downloads', env: {}, execTimeout: 60000, experimentalCspAllowList: false, experimentalFetchPolyfill: false, experimentalInteractiveRunEvents: false, experimentalRunAllSpecs: false, experimentalMemoryManagement: false, experimentalModifyObstructiveThirdPartyCode: false, experimentalSkipDomainInjection: null, experimentalOriginDependencies: false, experimentalSourceRewriting: false, experimentalSingleTabRunMode: false, experimentalStudio: false, experimentalWebKitSupport: false, fileServerFolder: 'C:\\Users\\LucasFelber\\Documents\\SideProjects\\cypress-submit-reload', fixturesFolder: 'C:\\Users\\LucasFelber\\Documents\\SideProjects\\cypress-submit-reload\\cypress\\fixtures', excludeSpecPattern: '*.hot-update.js', includeShadowDom: false, keystrokeDelay: 0, modifyObstructiveCode: true, numTestsKeptInMemory: 0, platform: 'win32', pageLoadTimeout: 60000, port: 56459, projectId: null, redirectionLimit: 20, reporter: 'spec', reporterOptions: null, requestTimeout: 5000, resolvedNodePath: 'C:\\Program Files\\nodejs\\node.exe', resolvedNodeVersion: '18.17.1', responseTimeout: 30000, retries: { runMode: 0, openMode: 0 }, screenshotOnRunFailure: true, screenshotsFolder: 'C:\\Users\\LucasFelber\\Documents\\SideProjects\\cypress-submit-reload\\cypress\\screenshots', slowTestThreshold: 10000, scrollBehavior: 'top', supportFile: 'C:\\Users\\LucasFelber\\Documents\\SideProjects\\cypress-submit-reload\\cypress\\support\\e2e.js', taskTimeout: 60000, testIsolation: true, trashAssetsBeforeRuns: true, userAgent: null, video: false, videoCompression: false, videosFolder: 'C:\\Users\\LucasFelber\\Documents\\SideProjects\\cypress-submit-reload\\cypress\\videos', viewportHeight: 660, viewportWidth: 1000, waitForAnimations: true, watchForFileChanges: false, specPattern: 'cypress/e2e/**/*.cy.{js,jsx,ts,tsx}', browsers: [ { channel: 'stable', displayName: 'Chrome', family: 'chromium', majorVersion: '118', name: 'chrome', path: 'C:\\Program Files (x86)\\Google\\Chrome\\Application\\chrome.exe', version: '118.0.5993.71' }, { channel: 'stable', displayName: 'Firefox', family: 'firefox', majorVersion: '109', name: 'firefox', path: 'C:\\Program Files\\Mozilla Firefox\\firefox.exe', version: '109.0' }, { channel: 'dev', displayName: 'Firefox Developer Edition', family: 'firefox', majorVersion: '119', name: 'firefox', path: 'C:\\Program Files\\Firefox Developer Edition\\firefox.exe', version: '119.0' }, { channel: 'stable', displayName: 'Edge', family: 'chromium', majorVersion: '118', name: 'edge', path: 'C:\\Program Files (x86)\\Microsoft\\Edge\\Application\\msedge.exe', version: '118.0.2088.46' }, { channel: 'stable', displayName: 'Electron', family: 'chromium', majorVersion: 114, name: 'electron', path: '', version: '114.0.5735.289' } ], cypressBinaryRoot: 'C:\\Users\\LucasFelber\\AppData\\Local\\Cypress\\Cache\\13.3.1\\Cypress\\resources\\app', hosts: null, isInteractive: true, version: '13.3.1', testingType: 'e2e', browser: null, cypressInternalEnv: 'production' } +131ms
  cypress:server:browsers:utils searching for browser { nameOrPath: 'electron', filter: { name: 'electron', channel: 'stable' }, knownBrowsers: [ { name: 'chrome', family: 'chromium', channel: 'stable', displayName: 'Chrome', version: '118.0.5993.71', path: 'C:\\Program Files (x86)\\Google\\Chrome\\Application\\chrome.exe', minSupportedVersion: 64, majorVersion: '118' }, { name: 'firefox', family: 'firefox', channel: 'stable', displayName: 'Firefox', version: '109.0', path: 'C:\\Program Files\\Mozilla Firefox\\firefox.exe', minSupportedVersion: 86, majorVersion: '109' }, { name: 'firefox', family: 'firefox', channel: 'dev', displayName: 'Firefox Developer Edition', version: '119.0', path: 'C:\\Program Files\\Firefox Developer Edition\\firefox.exe', minSupportedVersion: 86, majorVersion: '119' }, { name: 'edge', family: 'chromium', channel: 'stable', displayName: 'Edge', version: '118.0.2088.46', path: 'C:\\Program Files (x86)\\Microsoft\\Edge\\Application\\msedge.exe', minSupportedVersion: 79, majorVersion: '118' }, { name: 'electron', channel: 'stable', family: 'chromium', displayName: 'Electron', version: '114.0.5735.289', path: '', majorVersion: 114 } ] } +132ms
  cypress:server:profilecleaner found 1 profile folders: [ 'C:/Users/LucasFelber/AppData/Roaming/Cypress/Partitions/run-16320' ] +0ms
  cypress:server:profilecleaner finding process by pid: 16320 +1ms
  cypress:server:profilecleaner found 0 root level profile matches: [] +28ms
  cypress:server:profilecleaner found 0 profile folders: [] +0ms
  cypress:server:profilecleaner removing old profile { pid: 16320, folder: 'C:/Users/LucasFelber/AppData/Roaming/Cypress/Partitions/run-16320' } +1s
  cypress:server:chrome_policy_check running chrome policy check +0ms
  cypress:server:chrome_policy_check received policies { policies: [], badPolicyNames: [ 'ProxySettings', 'ProxyMode', 'ProxyServerMode', 'ProxyServer', 'ProxyPacUrl', 'ProxyBypassList', 'ExtensionInstallBlacklist', 'ExtensionInstallWhitelist', 'ExtensionInstallForcelist', 'ExtensionInstallSources', 'ExtensionAllowedTypes', 'ExtensionAllowInsecureUpdates', 'ExtensionSettings', 'UninstallBlacklistedExtensions' ] } +1ms

====================================================================================================

  (Run Starting)

  ┌────────────────────────────────────────────────────────────────────────────────────────────────┐
  │ Cypress:        13.3.1                                                                         │
  │ Browser:        Electron 114 (headless)                                                        │
  │ Node Version:   v18.17.1 (C:\Program Files\nodejs\node.exe)                                    │
  │ Specs:          1 found (spec.cy.js)                                                           │
  │ Searched:       cypress/e2e/**/*.cy.{js,jsx,ts,tsx}                                            │
  └────────────────────────────────────────────────────────────────────────────────────────────────┘
  cypress:lifecycle:EventRegistrar plugin event registered? { eventName: 'before:run', isRegistered: false } +1s
  cypress:server:run about to run spec { spec: { absolute: 'C:/Users/LucasFelber/Documents/SideProjects/cypress-submit-reload/cypress/e2e/spec.cy.js', fileExtension: '.js', fileName: 'spec', name: 'spec.cy.js', relative: 'cypress\\e2e\\spec.cy.js' }, isHeadless: true, browser: { channel: 'stable', displayName: 'Electron', family: 'chromium', majorVersion: 114, name: 'electron', path: '', version: '114.0.5735.289' } } +1s
  cypress:util:crash_handling waiting for early exit +0ms
  cypress:server:run waiting for socket to connect and browser to launch... +1ms
  cypress:server:run waiting for socket connection... { id: '24mh0fsfeq' } +0ms


────────────────────────────────────────────────────────────────────────────────────────────────────

  Running:  spec.cy.js                                                                      (1 of 1)
  cypress:server:open_project resetting project state, preparing to launch browser electron for spec { fileExtension: '.js', baseName: 'spec.cy.js', fileName: 'spec', specFileExtension: '.cy.js', relativeToCommonRoot: 'spec.cy.js', specType: 'integration', name: 'cypress/e2e/spec.cy.js', relative: 'cypress\\e2e\\spec.cy.js', absolute: 'C:/Users/LucasFelber/Documents/SideProjects/cypress-submit-reload/cypress/e2e/spec.cy.js' } options { protocolManager: undefined, projectRoot: 'C:\\Users\\LucasFelber\\Documents\\SideProjects\\cypress-submit-reload', shouldLaunchNewTab: false, onError: [Function (anonymous)], videoApi: undefined, automationMiddleware: { onBeforeRequest: [Function: onBeforeRequest], onAfterResponse: [Function: onAfterResponse] }, onWarning: [Function: onWarning] } +1s
  cypress:server:project resetting project instance C:\Users\LucasFelber\Documents\SideProjects\cypress-submit-reload +1s
  cypress:proxy:http:util:buffers resetting buffers +0ms
  cypress:network:cors Parsed URL { port: '3000', protocol: 'http:', subdomain: null, domain: '', tld: 'localhost' } +1s  cypress:network:cors Parsed URL { port: '3000', protocol: 'http:', subdomain: null, domain: '', tld: 'localhost' } +0ms
  cypress:server:remote-states setting remote state { auth: undefined, origin: 'http://localhost:3000', strategy: 'http', fileServer: null, domainName: 'localhost', props: { port: '3000', protocol: 'http:', subdomain: null, domain: '', tld: 'localhost' } } for http://localhost:3000 +1s
  cypress:network:cors Parsed URL { port: '3000', protocol: 'http:', subdomain: null, domain: '', tld: 'localhost' } +0ms
  cypress:server:remote-states getting remote state: { auth: undefined, origin: 'http://localhost:3000', strategy: 'http', fileServer: null, domainName: 'localhost', props: { port: '3000', protocol: 'http:', subdomain: null, domain: '', tld: 'localhost' } } for: http://localhost:3000 +0ms
  cypress:server:project_utils returning spec url http://localhost:3000/__/#/specs/runner?file=cypress\e2e\spec.cy.js +0ms
  cypress:server:open_project open project url http://localhost:3000/__/#/specs/runner?file=cypress\e2e\spec.cy.js +1ms
  cypress:server:project project has config { baseUrl: 'http://localhost:3000', projectRoot: 'C:\\Users\\LucasFelber\\Documents\\SideProjects\\cypress-submit-reload', projectName: 'cypress-submit-reload', repoRoot: 'C:/Users/LucasFelber/Documents/SideProjects/cypress-submit-reload', rawJson: { component: { devServer: [Object] }, e2e: { baseUrl: 'http://localhost:3000' }, baseUrl: 'http://localhost:3000', envFile: {}, projectRoot: 'C:\\Users\\LucasFelber\\Documents\\SideProjects\\cypress-submit-reload', projectName: 'cypress-submit-reload', repoRoot: 'C:/Users/LucasFelber/Documents/SideProjects/cypress-submit-reload' }, configFile: 'cypress.config.js', morgan: false, isTextTerminal: true, socketId: '24mh0fsfeq', report: true, animationDistanceThreshold: 5, arch: 'x64', blockHosts: null, chromeWebSecurity: true, clientCertificates: [], defaultCommandTimeout: 4000, downloadsFolder: 'C:\\Users\\LucasFelber\\Documents\\SideProjects\\cypress-submit-reload\\cypress\\downloads', env: {}, execTimeout: 60000, experimentalCspAllowList: false, experimentalFetchPolyfill: false, experimentalInteractiveRunEvents: false, experimentalRunAllSpecs: false, experimentalMemoryManagement: false, experimentalModifyObstructiveThirdPartyCode: false, experimentalSkipDomainInjection: null, experimentalOriginDependencies: false, experimentalSourceRewriting: false, experimentalSingleTabRunMode: false, experimentalStudio: false, experimentalWebKitSupport: false, fileServerFolder: 'C:\\Users\\LucasFelber\\Documents\\SideProjects\\cypress-submit-reload', fixturesFolder: 'C:\\Users\\LucasFelber\\Documents\\SideProjects\\cypress-submit-reload\\cypress\\fixtures', excludeSpecPattern: '*.hot-update.js', includeShadowDom: false, keystrokeDelay: 0, modifyObstructiveCode: true, numTestsKeptInMemory: 0, platform: 'win32', pageLoadTimeout: 60000, port: 56459, projectId: null, redirectionLimit: 20, reporter: 'spec', reporterOptions: null, requestTimeout: 5000, resolvedNodePath: 'C:\\Program Files\\nodejs\\node.exe', resolvedNodeVersion: '18.17.1', responseTimeout: 30000, retries: { runMode: 0, openMode: 0 }, screenshotOnRunFailure: true, screenshotsFolder: 'C:\\Users\\LucasFelber\\Documents\\SideProjects\\cypress-submit-reload\\cypress\\screenshots', slowTestThreshold: 10000, scrollBehavior: 'top', supportFile: 'C:\\Users\\LucasFelber\\Documents\\SideProjects\\cypress-submit-reload\\cypress\\support\\e2e.js', supportFolder: 'C:\\Users\\LucasFelber\\Documents\\SideProjects\\cypress-submit-reload\\cypress\\support', taskTimeout: 60000, testIsolation: true, trashAssetsBeforeRuns: true, userAgent: null, video: false, videoCompression: false, videosFolder: 'C:\\Users\\LucasFelber\\Documents\\SideProjects\\cypress-submit-reload\\cypress\\videos', viewportHeight: 660, viewportWidth: 1000, waitForAnimations: true, watchForFileChanges: false, specPattern: 'cypress/e2e/**/*.cy.{js,jsx,ts,tsx}', additionalIgnorePattern: [], autoOpen: false, browsers: [ { name: 'chrome', family: 'chromium', channel: 'stable', displayName: 'Chrome', version: '118.0.5993.71', path: 'C:\\Program Files (x86)\\Google\\Chrome\\Application\\chrome.exe', minSupportedVersion: 64, majorVersion: '118' }, { name: 'firefox', family: 'firefox', channel: 'stable', displayName: 'Firefox', version: '109.0', path: 'C:\\Program Files\\Mozilla Firefox\\firefox.exe', minSupportedVersion: 86, majorVersion: '109' }, { name: 'firefox', family: 'firefox', channel: 'dev', displayName: 'Firefox Developer Edition', version: '119.0', path: 'C:\\Program Files\\Firefox Developer Edition\\firefox.exe', minSupportedVersion: 86, majorVersion: '119' }, { name: 'edge', family: 'chromium', channel: 'stable', displayName: 'Edge', version: '118.0.2088.46', path: 'C:\\Program Files (x86)\\Microsoft\\Edge\\Application\\msedge.exe', minSupportedVersion: 79, majorVersion: '118' }, { name: 'electron', channel: 'stable', family: 'chromium', displayName: 'Electron', version: '114.0.5735.289', path: '', majorVersion: 114 } ], clientRoute: '/__/', cypressBinaryRoot: 'C:\\Users\\LucasFelber\\AppData\\Local\\Cypress\\Cache\\13.3.1\\Cypress\\resources\\app', devServerPublicPathRoute: '/__cypress/src', hosts: null, isInteractive: true, namespace: '__cypress', reporterRoute: '/__cypress/reporter', socketIoCookie: '__socket', socketIoRoute: '/__socket', version: '13.3.1', protocolEnabled: false, hideCommandLog: false, hideRunnerUi: false, cypressEnv: 'production', resolved: { animationDistanceThreshold: { value: 5, from: 'default' }, arch: { value: 'x64', from: 'default' }, baseUrl: { value: 'http://localhost:3000', from: 'config' }, blockHosts: { value: null, from: 'default' }, chromeWebSecurity: { value: true, from: 'default' }, clientCertificates: { value: [], from: 'default' }, defaultCommandTimeout: { value: 4000, from: 'default' }, downloadsFolder: { value: 'cypress/downloads', from: 'default' }, env: {}, execTimeout: { value: 60000, from: 'default' }, experimentalCspAllowList: { value: false, from: 'default' }, experimentalFetchPolyfill: { value: false, from: 'default' }, experimentalInteractiveRunEvents: { value: false, from: 'default' }, experimentalRunAllSpecs: { value: false, from: 'default' }, experimentalMemoryManagement: { value: false, from: 'default' }, experimentalModifyObstructiveThirdPartyCode: { value: false, from: 'default' }, experimentalSkipDomainInjection: { value: null, from: 'default' }, experimentalOriginDependencies: { value: false, from: 'default' }, experimentalSourceRewriting: { value: false, from: 'default' }, experimentalSingleTabRunMode: { value: false, from: 'default' }, experimentalStudio: { value: false, from: 'default' }, experimentalWebKitSupport: { value: false, from: 'default' }, fileServerFolder: { value: '', from: 'default' }, fixturesFolder: { value: 'cypress/fixtures', from: 'default' }, excludeSpecPattern: { value: '*.hot-update.js', from: 'default' }, includeShadowDom: { value: false, from: 'default' }, keystrokeDelay: { value: 0, from: 'default' }, modifyObstructiveCode: { value: true, from: 'default' }, numTestsKeptInMemory: { value: 0, from: 'config' }, platform: { value: 'win32', from: 'default' }, pageLoadTimeout: { value: 60000, from: 'default' }, port: { value: null, from: 'default' }, projectId: { value: null, from: 'default' }, redirectionLimit: { value: 20, from: 'default' }, reporter: { value: 'spec', from: 'default' }, reporterOptions: { value: null, from: 'default' }, requestTimeout: { value: 5000, from: 'default' }, resolvedNodePath: { value: null, from: 'default' }, resolvedNodeVersion: { value: null, from: 'default' }, responseTimeout: { value: 30000, from: 'default' }, retries: { value: [Object], from: 'default' }, screenshotOnRunFailure: { value: true, from: 'default' }, screenshotsFolder: { value: 'cypress/screenshots', from: 'default' }, slowTestThreshold: { value: 10000, from: 'default' }, scrollBehavior: { value: 'top', from: 'default' }, supportFile: { value: 'cypress/support/e2e.{js,jsx,ts,tsx}', from: 'default' }, supportFolder: { value: false, from: 'default' }, taskTimeout: { value: 60000, from: 'default' }, testIsolation: { value: true, from: 'default' }, trashAssetsBeforeRuns: { value: true, from: 'default' }, userAgent: { value: null, from: 'default' }, video: { value: false, from: 'default' }, videoCompression: { value: false, from: 'default' }, videosFolder: { value: 'cypress/videos', from: 'default' }, viewportHeight: { value: 660, from: 'default' }, viewportWidth: { value: 1000, from: 'default' }, waitForAnimations: { value: true, from: 'default' }, watchForFileChanges: { value: false, from: 'config' }, specPattern: { value: 'cypress/e2e/**/*.cy.{js,jsx,ts,tsx}', from: 'default' }, browsers: { value: [Array], from: 'runtime' }, hosts: { value: null, from: 'default' }, isInteractive: { value: true, from: 'default' } }, testingType: 'e2e', remote: {}, browser: null, specs: [], proxyUrl: 'http://localhost:56459', browserUrl: 'http://localhost:3000/__/', reporterUrl: 'http://localhost:3000/__cypress/reporter', proxyServer: 'http://localhost:56459', state: {} } +1ms
  cypress:network:cors Parsed URL { port: '3000', protocol: 'http:', subdomain: null, domain: '', tld: 'localhost' } +1ms
  cypress:server:remote-states getting remote state: { auth: undefined, origin: 'http://localhost:3000', strategy: 'http', fileServer: null, domainName: 'localhost', props: { port: '3000', protocol: 'http:', subdomain: null, domain: '', tld: 'localhost' } } for: http://localhost:3000 +1ms
  cypress:server:open_project launching browser: { name: 'electron', channel: 'stable', family: 'chromium', displayName: 'Electron', version: '114.0.5735.289', path: '', majorVersion: 114, isHeadless: true, isHeaded: false }, spec: cypress\e2e\spec.cy.js +1ms
  cypress:server:browsers browsers.kill called with no active instance +0ms
  cypress:server:browsers getBrowserLauncher { browser: { name: 'electron', channel: 'stable', family: 'chromium', displayName: 'Electron', version: '114.0.5735.289', path: '', majorVersion: 114, isHeadless: true, isHeaded: false } } +0ms
  cypress:server:browsers opening browser { name: 'electron', channel: 'stable', family: 'chromium', displayName: 'Electron', version: '114.0.5735.289', path: '', majorVersion: 114, isHeadless: true, isHeaded: false } +1ms
  cypress:server:browsers:electron open { browser: { name: 'electron', channel: 'stable', family: 'chromium', displayName: 'Electron', version: '114.0.5735.289', path: '', majorVersion: 114, isHeadless: true, isHeaded: false }, url: 'http://localhost:3000/__/#/specs/runner?file=cypress\\e2e\\spec.cy.js' } +0ms
  cypress:server:saved_state noop saved state +1s
  cypress:server:browsers:electron received saved state {} +1ms
  cypress:server:browsers:electron browser window options { browser: { name: 'electron', channel: 'stable', family: 'chromium', displayName: 'Electron', version: '114.0.5735.289', path: '', majorVersion: 114, isHeadless: true, isHeaded: false }, url: 'http://localhost:3000/__/#/specs/runner?file=cypress\\e2e\\spec.cy.js', browsers: [ { name: 'chrome', family: 'chromium', channel: 'stable', displayName: 'Chrome', version: '118.0.5993.71', path: 'C:\\Program Files (x86)\\Google\\Chrome\\Application\\chrome.exe', minSupportedVersion: 64, majorVersion: '118' }, { name: 'firefox', family: 'firefox', channel: 'stable', displayName: 'Firefox', version: '109.0', path: 'C:\\Program Files\\Mozilla Firefox\\firefox.exe', minSupportedVersion: 86, majorVersion: '109' }, { name: 'firefox', family: 'firefox', channel: 'dev', displayName: 'Firefox Developer Edition', version: '119.0', path: 'C:\\Program Files\\Firefox Developer Edition\\firefox.exe', minSupportedVersion: 86, majorVersion: '119' }, { name: 'edge', family: 'chromium', channel: 'stable', displayName: 'Edge', version: '118.0.2088.46', path: 'C:\\Program Files (x86)\\Microsoft\\Edge\\Application\\msedge.exe', minSupportedVersion: 79, majorVersion: '118' }, { name: 'electron', channel: 'stable', family: 'chromium', displayName: 'Electron', version: '114.0.5735.289', path: '', majorVersion: 114 } ], userAgent: null, proxyUrl: 'http://localhost:56459', proxyServer: 'http://localhost:56459', socketIoRoute: '/__socket', chromeWebSecurity: true, isTextTerminal: true, downloadsFolder: 'C:\\Users\\LucasFelber\\Documents\\SideProjects\\cypress-submit-reload\\cypress\\downloads', experimentalModifyObstructiveThirdPartyCode: false, experimentalWebKitSupport: false, protocolManager: undefined, projectRoot: 'C:\\Users\\LucasFelber\\Documents\\SideProjects\\cypress-submit-reload', shouldLaunchNewTab: false, videoApi: undefined, automationMiddleware: { onBeforeRequest: [Function: onBeforeRequest], onAfterResponse: [Function: onAfterResponse] }, x: null, y: null, width: 1280, height: 720, minWidth: 100, minHeight: 100, devTools: false, contextMenu: true, partition: 'persist:run-33780', trackState: { width: 'browserWidth', height: 'browserHeight', x: 'browserX', y: 'browserY', devTools: 'isBrowserDevToolsOpen' }, webPreferences: { sandbox: true, partition: null, webSecurity: true, nodeIntegration: false, backgroundThrottling: false }, show: false, resizable: false, frame: true, recordFrameRate: null } +1ms
  cypress:lifecycle:EventRegistrar plugin event registered? { eventName: 'before:browser:launch', isRegistered: false } +9ms
  cypress:server:browsers:electron launching browser window to url: http://localhost:3000/__/#/specs/runner?file=cypress\e2e\spec.cy.js +1ms
  cypress:network:connect successfully connected { opts: { host: '127.0.0.1', port: '56458', getDelayMsForRetry: [Function: getDelayMsForRetry] }, iteration: 0 } +1s
  cypress:server:browsers:cri-client connecting { connected: false, target: 'ws://127.0.0.1:56458/devtools/browser/21394616-ac5a-48d7-bc32-9e6e2b8b18f1' } +0ms
  cypress:server:browsers:cri-client connected { connected: true, target: 'ws://127.0.0.1:56458/devtools/browser/21394616-ac5a-48d7-bc32-9e6e2b8b18f1' } +14ms
  cypress:server:browsers:cri-client registering CDP on event { eventName: 'Target.targetDestroyed' } +3ms
  cypress:server:browsers:browser-cri-client Attaching to target url about:blank +0ms
  cypress:server:browsers:cri-client connecting { connected: false, target: '7C33974A5F09D799F5F69F171ED3F535' } +2ms
  cypress:server:browsers:cri-client connected { connected: true, target: '7C33974A5F09D799F5F69F171ED3F535' } +6ms
  cypress:server:browsers:cri-client registering CDP on event { eventName: 'Network.requestWillBeSent' } +1ms
  cypress:server:browsers:cri-client registering CDP on event { eventName: 'Network.responseReceived' } +0ms
  cypress:server:browsers:cri-client registering CDP on event { eventName: 'Network.requestServedFromCache' } +0ms
  cypress:server:browsers:cri-client registering CDP on event { eventName: 'Network.loadingFailed' } +0ms
  cypress:server:browsers:electron clearing cache +161ms
  cypress:server:browsers:cri-client registering CDP on event { eventName: 'Runtime.bindingCalled' } +21ms
  cypress:server:browsers:cri-client registering CDP on event { eventName: 'Runtime.bindingCalled' } +1ms
  cypress:server:browsers:cri-client registering CDP on event { eventName: 'Runtime.bindingCalled' } +2ms
  cypress:server:socket-base socket connected +0ms
  cypress:server:browsers:electron debugger: enable Console and Network +23ms
  cypress:server:browsers:cri-client registering CDP on event { eventName: 'Fetch.requestPaused' } +4ms
  cypress:server:browsers:cri-client registering CDP on event { eventName: 'Page.frameAttached' } +1ms
  cypress:server:browsers:cri-client registering CDP on event { eventName: 'Page.frameDetached' } +0ms
  cypress:server:project project has config { baseUrl: 'http://localhost:3000', projectRoot: 'C:\\Users\\LucasFelber\\Documents\\SideProjects\\cypress-submit-reload', projectName: 'cypress-submit-reload', repoRoot: 'C:/Users/LucasFelber/Documents/SideProjects/cypress-submit-reload', rawJson: { component: { devServer: [Object] }, e2e: { baseUrl: 'http://localhost:3000' }, baseUrl: 'http://localhost:3000', envFile: {}, projectRoot: 'C:\\Users\\LucasFelber\\Documents\\SideProjects\\cypress-submit-reload', projectName: 'cypress-submit-reload', repoRoot: 'C:/Users/LucasFelber/Documents/SideProjects/cypress-submit-reload' }, configFile: 'cypress.config.js', morgan: false, isTextTerminal: true, socketId: '24mh0fsfeq', report: true, animationDistanceThreshold: 5, arch: 'x64', blockHosts: null, chromeWebSecurity: true, clientCertificates: [], defaultCommandTimeout: 4000, downloadsFolder: 'C:\\Users\\LucasFelber\\Documents\\SideProjects\\cypress-submit-reload\\cypress\\downloads', env: {}, execTimeout: 60000, experimentalCspAllowList: false, experimentalFetchPolyfill: false, experimentalInteractiveRunEvents: false, experimentalRunAllSpecs: false, experimentalMemoryManagement: false, experimentalModifyObstructiveThirdPartyCode: false, experimentalSkipDomainInjection: null, experimentalOriginDependencies: false, experimentalSourceRewriting: false, experimentalSingleTabRunMode: false, experimentalStudio: false, experimentalWebKitSupport: false, fileServerFolder: 'C:\\Users\\LucasFelber\\Documents\\SideProjects\\cypress-submit-reload', fixturesFolder: 'C:\\Users\\LucasFelber\\Documents\\SideProjects\\cypress-submit-reload\\cypress\\fixtures', excludeSpecPattern: '*.hot-update.js', includeShadowDom: false, keystrokeDelay: 0, modifyObstructiveCode: true, numTestsKeptInMemory: 0, platform: 'win32', pageLoadTimeout: 60000, port: 56459, projectId: null, redirectionLimit: 20, reporter: 'spec', reporterOptions: null, requestTimeout: 5000, resolvedNodePath: 'C:\\Program Files\\nodejs\\node.exe', resolvedNodeVersion: '18.17.1', responseTimeout: 30000, retries: { runMode: 0, openMode: 0 }, screenshotOnRunFailure: true, screenshotsFolder: 'C:\\Users\\LucasFelber\\Documents\\SideProjects\\cypress-submit-reload\\cypress\\screenshots', slowTestThreshold: 10000, scrollBehavior: 'top', supportFile: 'C:\\Users\\LucasFelber\\Documents\\SideProjects\\cypress-submit-reload\\cypress\\support\\e2e.js', supportFolder: 'C:\\Users\\LucasFelber\\Documents\\SideProjects\\cypress-submit-reload\\cypress\\support', taskTimeout: 60000, testIsolation: true, trashAssetsBeforeRuns: true, userAgent: null, video: false, videoCompression: false, videosFolder: 'C:\\Users\\LucasFelber\\Documents\\SideProjects\\cypress-submit-reload\\cypress\\videos', viewportHeight: 660, viewportWidth: 1000, waitForAnimations: true, watchForFileChanges: false, specPattern: 'cypress/e2e/**/*.cy.{js,jsx,ts,tsx}', additionalIgnorePattern: [], autoOpen: false, browsers: [ { name: 'chrome', family: 'chromium', channel: 'stable', displayName: 'Chrome', version: '118.0.5993.71', path: 'C:\\Program Files (x86)\\Google\\Chrome\\Application\\chrome.exe', minSupportedVersion: 64, majorVersion: '118' }, { name: 'firefox', family: 'firefox', channel: 'stable', displayName: 'Firefox', version: '109.0', path: 'C:\\Program Files\\Mozilla Firefox\\firefox.exe', minSupportedVersion: 86, majorVersion: '109' }, { name: 'firefox', family: 'firefox', channel: 'dev', displayName: 'Firefox Developer Edition', version: '119.0', path: 'C:\\Program Files\\Firefox Developer Edition\\firefox.exe', minSupportedVersion: 86, majorVersion: '119' }, { name: 'edge', family: 'chromium', channel: 'stable', displayName: 'Edge', version: '118.0.2088.46', path: 'C:\\Program Files (x86)\\Microsoft\\Edge\\Application\\msedge.exe', minSupportedVersion: 79, majorVersion: '118' }, { name: 'electron', channel: 'stable', family: 'chromium', displayName: 'Electron', version: '114.0.5735.289', path: '', majorVersion: 114 } ], clientRoute: '/__/', cypressBinaryRoot: 'C:\\Users\\LucasFelber\\AppData\\Local\\Cypress\\Cache\\13.3.1\\Cypress\\resources\\app', devServerPublicPathRoute: '/__cypress/src', hosts: null, isInteractive: true, namespace: '__cypress', reporterRoute: '/__cypress/reporter', socketIoCookie: '__socket', socketIoRoute: '/__socket', version: '13.3.1', protocolEnabled: false, hideCommandLog: false, hideRunnerUi: false, cypressEnv: 'production', resolved: { animationDistanceThreshold: { value: 5, from: 'default' }, arch: { value: 'x64', from: 'default' }, baseUrl: { value: 'http://localhost:3000', from: 'config' }, blockHosts: { value: null, from: 'default' }, chromeWebSecurity: { value: true, from: 'default' }, clientCertificates: { value: [], from: 'default' }, defaultCommandTimeout: { value: 4000, from: 'default' }, downloadsFolder: { value: 'cypress/downloads', from: 'default' }, env: {}, execTimeout: { value: 60000, from: 'default' }, experimentalCspAllowList: { value: false, from: 'default' }, experimentalFetchPolyfill: { value: false, from: 'default' }, experimentalInteractiveRunEvents: { value: false, from: 'default' }, experimentalRunAllSpecs: { value: false, from: 'default' }, experimentalMemoryManagement: { value: false, from: 'default' }, experimentalModifyObstructiveThirdPartyCode: { value: false, from: 'default' }, experimentalSkipDomainInjection: { value: null, from: 'default' }, experimentalOriginDependencies: { value: false, from: 'default' }, experimentalSourceRewriting: { value: false, from: 'default' }, experimentalSingleTabRunMode: { value: false, from: 'default' }, experimentalStudio: { value: false, from: 'default' }, experimentalWebKitSupport: { value: false, from: 'default' }, fileServerFolder: { value: '', from: 'default' }, fixturesFolder: { value: 'cypress/fixtures', from: 'default' }, excludeSpecPattern: { value: '*.hot-update.js', from: 'default' }, includeShadowDom: { value: false, from: 'default' }, keystrokeDelay: { value: 0, from: 'default' }, modifyObstructiveCode: { value: true, from: 'default' }, numTestsKeptInMemory: { value: 0, from: 'config' }, platform: { value: 'win32', from: 'default' }, pageLoadTimeout: { value: 60000, from: 'default' }, port: { value: null, from: 'default' }, projectId: { value: null, from: 'default' }, redirectionLimit: { value: 20, from: 'default' }, reporter: { value: 'spec', from: 'default' }, reporterOptions: { value: null, from: 'default' }, requestTimeout: { value: 5000, from: 'default' }, resolvedNodePath: { value: null, from: 'default' }, resolvedNodeVersion: { value: null, from: 'default' }, responseTimeout: { value: 30000, from: 'default' }, retries: { value: [Object], from: 'default' }, screenshotOnRunFailure: { value: true, from: 'default' }, screenshotsFolder: { value: 'cypress/screenshots', from: 'default' }, slowTestThreshold: { value: 10000, from: 'default' }, scrollBehavior: { value: 'top', from: 'default' }, supportFile: { value: 'cypress/support/e2e.{js,jsx,ts,tsx}', from: 'default' }, supportFolder: { value: false, from: 'default' }, taskTimeout: { value: 60000, from: 'default' }, testIsolation: { value: true, from: 'default' }, trashAssetsBeforeRuns: { value: true, from: 'default' }, userAgent: { value: null, from: 'default' }, video: { value: false, from: 'default' }, videoCompression: { value: false, from: 'default' }, videosFolder: { value: 'cypress/videos', from: 'default' }, viewportHeight: { value: 660, from: 'default' }, viewportWidth: { value: 1000, from: 'default' }, waitForAnimations: { value: true, from: 'default' }, watchForFileChanges: { value: false, from: 'config' }, specPattern: { value: 'cypress/e2e/**/*.cy.{js,jsx,ts,tsx}', from: 'default' }, browsers: { value: [Array], from: 'runtime' }, hosts: { value: null, from: 'default' }, isInteractive: { value: true, from: 'default' } }, testingType: 'e2e', remote: {}, browser: null, specs: [], proxyUrl: 'http://localhost:56459', browserUrl: 'http://localhost:3000/__/', reporterUrl: 'http://localhost:3000/__cypress/reporter', proxyServer: 'http://localhost:56459', state: {} } +537ms
  cypress:network:cors Parsed URL { port: '3000', protocol: 'http:', subdomain: null, domain: '', tld: 'localhost' } +538ms
  cypress:server:remote-states getting remote state: { auth: undefined, origin: 'http://localhost:3000', strategy: 'http', fileServer: null, domainName: 'localhost', props: { port: '3000', protocol: 'http:', subdomain: null, domain: '', tld: 'localhost' } } for: http://localhost:3000 +538ms
  cypress:server:remote-states getting primary remote state: { auth: undefined, origin: 'http://localhost:3000', strategy: 'http', fileServer: null, domainName: 'localhost', props: { port: '3000', protocol: 'http:', subdomain: null, domain: '', tld: 'localhost' } } +1ms
  cypress:server:routes proxying static assets /__/assets/polyfills-93a39af8.js, params[0] polyfills-93a39af8.js +0ms
  cypress:server:routes proxying static assets /__/assets/index-90d5d7af.css, params[0] index-90d5d7af.css +33ms
  cypress:server:routes proxying static assets /__/assets/index-78a2c835.js, params[0] index-78a2c835.js +9ms
  cypress:server:routes proxying static assets /__/assets/Specs-d562a506.js, params[0] Specs-d562a506.js +374ms
  cypress:server:routes proxying static assets /__/assets/route-block-c0a8bdd8.js, params[0] route-block-c0a8bdd8.js +2ms
  cypress:server:routes proxying static assets /__/assets/Runner-c40fe68b.js, params[0] Runner-c40fe68b.js +1ms
  cypress:server:routes proxying static assets /__/assets/InlineCodeFragment.vue_vue_type_script_setup_true_lang-15b1a13a.js, params[0] InlineCodeFragment.vue_vue_type_script_setup_true_lang-15b1a13a.js +5ms
  cypress:server:routes proxying static assets /__/assets/InlineCodeFragment-c3583692.css, params[0] InlineCodeFragment-c3583692.css +2ms
  cypress:server:routes proxying static assets /__/assets/Runner-5f3efe16.css, params[0] Runner-5f3efe16.css +11ms
  cypress:server:routes proxying static assets /__/assets/box-open_x48-87a12f2c.js, params[0] box-open_x48-87a12f2c.js +17ms
  cypress:server:routes proxying static assets /__/assets/SpecPatterns.vue_vue_type_script_setup_true_lang-697049e1.js, params[0] SpecPatterns.vue_vue_type_script_setup_true_lang-697049e1.js +4ms
  cypress:server:routes proxying static assets /__/assets/Switch.vue_vue_type_script_setup_true_lang-d74a28ca.js, params[0] Switch.vue_vue_type_script_setup_true_lang-d74a28ca.js +3ms
  cypress:server:routes proxying static assets /__/assets/refresh_x16-cdb18003.js, params[0] refresh_x16-cdb18003.js +5ms
  cypress:server:routes proxying static assets /__/assets/graphql-3e44b6e0.js, params[0] graphql-3e44b6e0.js +1ms
  cypress:server:server-base Got CONNECT request from localhost:3000 +3s
  cypress:https-proxy Writing browserSocket connection headers { url: 'localhost:3000', headLength: 0, headers: { host: 'localhost:3000', 'proxy-connection': 'keep-alive', 'user-agent': 'Mozilla/5.0 (Windows NT 10.0; Win64; x64) AppleWebKit/537.36 (KHTML, like Gecko) Cypress/13.3.1 Chrome/114.0.5735.289 Electron/25.8.4 Safari/537.36' } } +3s
  cypress:https-proxy Got first head bytes { url: 'localhost:3000', head: 'GET /__socket-graphql HTTP/1.1\r\nHost: localhost:3000\r\nConnection' } +2ms
  cypress:https-proxy Making intercepted connection to 56459 +0ms
  cypress:network:connect successfully connected { opts: { port: 56459, host: 'localhost', getDelayMsForRetry: [Function: h] }, iteration: 0 } +1s
  cypress:https-proxy received upstreamSocket callback for request { port: 56459, hostname: 'localhost', err: undefined } +2ms
  cypress:server:util:socket_allowed allowing socket { localPort: 56486 } +0ms
  cypress:server:server-base Got UPGRADE request from /__socket-graphql +6ms
  cypress:server:util:socket_allowed is incoming request allowed? { isAllowed: true, reqUrl: '/__socket-graphql', remotePort: 56486, remoteAddress: '127.0.0.1' } +1ms
  cypress:server:project project has config { baseUrl: 'http://localhost:3000', projectRoot: 'C:\\Users\\LucasFelber\\Documents\\SideProjects\\cypress-submit-reload', projectName: 'cypress-submit-reload', repoRoot: 'C:/Users/LucasFelber/Documents/SideProjects/cypress-submit-reload', rawJson: { component: { devServer: [Object] }, e2e: { baseUrl: 'http://localhost:3000' }, baseUrl: 'http://localhost:3000', envFile: {}, projectRoot: 'C:\\Users\\LucasFelber\\Documents\\SideProjects\\cypress-submit-reload', projectName: 'cypress-submit-reload', repoRoot: 'C:/Users/LucasFelber/Documents/SideProjects/cypress-submit-reload' }, configFile: 'cypress.config.js', morgan: false, isTextTerminal: true, socketId: '24mh0fsfeq', report: true, animationDistanceThreshold: 5, arch: 'x64', blockHosts: null, chromeWebSecurity: true, clientCertificates: [], defaultCommandTimeout: 4000, downloadsFolder: 'C:\\Users\\LucasFelber\\Documents\\SideProjects\\cypress-submit-reload\\cypress\\downloads', env: {}, execTimeout: 60000, experimentalCspAllowList: false, experimentalFetchPolyfill: false, experimentalInteractiveRunEvents: false, experimentalRunAllSpecs: false, experimentalMemoryManagement: false, experimentalModifyObstructiveThirdPartyCode: false, experimentalSkipDomainInjection: null, experimentalOriginDependencies: false, experimentalSourceRewriting: false, experimentalSingleTabRunMode: false, experimentalStudio: false, experimentalWebKitSupport: false, fileServerFolder: 'C:\\Users\\LucasFelber\\Documents\\SideProjects\\cypress-submit-reload', fixturesFolder: 'C:\\Users\\LucasFelber\\Documents\\SideProjects\\cypress-submit-reload\\cypress\\fixtures', excludeSpecPattern: '*.hot-update.js', includeShadowDom: false, keystrokeDelay: 0, modifyObstructiveCode: true, numTestsKeptInMemory: 0, platform: 'win32', pageLoadTimeout: 60000, port: 56459, projectId: null, redirectionLimit: 20, reporter: 'spec', reporterOptions: null, requestTimeout: 5000, resolvedNodePath: 'C:\\Program Files\\nodejs\\node.exe', resolvedNodeVersion: '18.17.1', responseTimeout: 30000, retries: { runMode: 0, openMode: 0 }, screenshotOnRunFailure: true, screenshotsFolder: 'C:\\Users\\LucasFelber\\Documents\\SideProjects\\cypress-submit-reload\\cypress\\screenshots', slowTestThreshold: 10000, scrollBehavior: 'top', supportFile: 'C:\\Users\\LucasFelber\\Documents\\SideProjects\\cypress-submit-reload\\cypress\\support\\e2e.js', supportFolder: 'C:\\Users\\LucasFelber\\Documents\\SideProjects\\cypress-submit-reload\\cypress\\support', taskTimeout: 60000, testIsolation: true, trashAssetsBeforeRuns: true, userAgent: null, video: false, videoCompression: false, videosFolder: 'C:\\Users\\LucasFelber\\Documents\\SideProjects\\cypress-submit-reload\\cypress\\videos', viewportHeight: 660, viewportWidth: 1000, waitForAnimations: true, watchForFileChanges: false, specPattern: 'cypress/e2e/**/*.cy.{js,jsx,ts,tsx}', additionalIgnorePattern: [], autoOpen: false, browsers: [ { name: 'chrome', family: 'chromium', channel: 'stable', displayName: 'Chrome', version: '118.0.5993.71', path: 'C:\\Program Files (x86)\\Google\\Chrome\\Application\\chrome.exe', minSupportedVersion: 64, majorVersion: '118' }, { name: 'firefox', family: 'firefox', channel: 'stable', displayName: 'Firefox', version: '109.0', path: 'C:\\Program Files\\Mozilla Firefox\\firefox.exe', minSupportedVersion: 86, majorVersion: '109' }, { name: 'firefox', family: 'firefox', channel: 'dev', displayName: 'Firefox Developer Edition', version: '119.0', path: 'C:\\Program Files\\Firefox Developer Edition\\firefox.exe', minSupportedVersion: 86, majorVersion: '119' }, { name: 'edge', family: 'chromium', channel: 'stable', displayName: 'Edge', version: '118.0.2088.46', path: 'C:\\Program Files (x86)\\Microsoft\\Edge\\Application\\msedge.exe', minSupportedVersion: 79, majorVersion: '118' }, { name: 'electron', channel: 'stable', family: 'chromium', displayName: 'Electron', version: '114.0.5735.289', path: '', majorVersion: 114 } ], clientRoute: '/__/', cypressBinaryRoot: 'C:\\Users\\LucasFelber\\AppData\\Local\\Cypress\\Cache\\13.3.1\\Cypress\\resources\\app', devServerPublicPathRoute: '/__cypress/src', hosts: null, isInteractive: true, namespace: '__cypress', reporterRoute: '/__cypress/reporter', socketIoCookie: '__socket', socketIoRoute: '/__socket', version: '13.3.1', protocolEnabled: false, hideCommandLog: false, hideRunnerUi: false, cypressEnv: 'production', resolved: { animationDistanceThreshold: { value: 5, from: 'default' }, arch: { value: 'x64', from: 'default' }, baseUrl: { value: 'http://localhost:3000', from: 'config' }, blockHosts: { value: null, from: 'default' }, chromeWebSecurity: { value: true, from: 'default' }, clientCertificates: { value: [], from: 'default' }, defaultCommandTimeout: { value: 4000, from: 'default' }, downloadsFolder: { value: 'cypress/downloads', from: 'default' }, env: {}, execTimeout: { value: 60000, from: 'default' }, experimentalCspAllowList: { value: false, from: 'default' }, experimentalFetchPolyfill: { value: false, from: 'default' }, experimentalInteractiveRunEvents: { value: false, from: 'default' }, experimentalRunAllSpecs: { value: false, from: 'default' }, experimentalMemoryManagement: { value: false, from: 'default' }, experimentalModifyObstructiveThirdPartyCode: { value: false, from: 'default' }, experimentalSkipDomainInjection: { value: null, from: 'default' }, experimentalOriginDependencies: { value: false, from: 'default' }, experimentalSourceRewriting: { value: false, from: 'default' }, experimentalSingleTabRunMode: { value: false, from: 'default' }, experimentalStudio: { value: false, from: 'default' }, experimentalWebKitSupport: { value: false, from: 'default' }, fileServerFolder: { value: '', from: 'default' }, fixturesFolder: { value: 'cypress/fixtures', from: 'default' }, excludeSpecPattern: { value: '*.hot-update.js', from: 'default' }, includeShadowDom: { value: false, from: 'default' }, keystrokeDelay: { value: 0, from: 'default' }, modifyObstructiveCode: { value: true, from: 'default' }, numTestsKeptInMemory: { value: 0, from: 'config' }, platform: { value: 'win32', from: 'default' }, pageLoadTimeout: { value: 60000, from: 'default' }, port: { value: null, from: 'default' }, projectId: { value: null, from: 'default' }, redirectionLimit: { value: 20, from: 'default' }, reporter: { value: 'spec', from: 'default' }, reporterOptions: { value: null, from: 'default' }, requestTimeout: { value: 5000, from: 'default' }, resolvedNodePath: { value: null, from: 'default' }, resolvedNodeVersion: { value: null, from: 'default' }, responseTimeout: { value: 30000, from: 'default' }, retries: { value: [Object], from: 'default' }, screenshotOnRunFailure: { value: true, from: 'default' }, screenshotsFolder: { value: 'cypress/screenshots', from: 'default' }, slowTestThreshold: { value: 10000, from: 'default' }, scrollBehavior: { value: 'top', from: 'default' }, supportFile: { value: 'cypress/support/e2e.{js,jsx,ts,tsx}', from: 'default' }, supportFolder: { value: false, from: 'default' }, taskTimeout: { value: 60000, from: 'default' }, testIsolation: { value: true, from: 'default' }, trashAssetsBeforeRuns: { value: true, from: 'default' }, userAgent: { value: null, from: 'default' }, video: { value: false, from: 'default' }, videoCompression: { value: false, from: 'default' }, videosFolder: { value: 'cypress/videos', from: 'default' }, viewportHeight: { value: 660, from: 'default' }, viewportWidth: { value: 1000, from: 'default' }, waitForAnimations: { value: true, from: 'default' }, watchForFileChanges: { value: false, from: 'config' }, specPattern: { value: 'cypress/e2e/**/*.cy.{js,jsx,ts,tsx}', from: 'default' }, browsers: { value: [Array], from: 'runtime' }, hosts: { value: null, from: 'default' }, isInteractive: { value: true, from: 'default' } }, testingType: 'e2e', remote: {}, browser: null, specs: [], proxyUrl: 'http://localhost:56459', browserUrl: 'http://localhost:3000/__/', reporterUrl: 'http://localhost:3000/__cypress/reporter', proxyServer: 'http://localhost:56459', state: {} } +862ms
  cypress:network:cors Parsed URL { port: '3000', protocol: 'http:', subdomain: null, domain: '', tld: 'localhost' } +862ms
  cypress:server:remote-states getting remote state: { auth: undefined, origin: 'http://localhost:3000', strategy: 'http', fileServer: null, domainName: 'localhost', props: { port: '3000', protocol: 'http:', subdomain: null, domain: '', tld: 'localhost' } } for: http://localhost:3000 +861ms
  cypress:server:remote-states getting primary remote state: { auth: undefined, origin: 'http://localhost:3000', strategy: 'http', fileServer: null, domainName: 'localhost', props: { port: '3000', protocol: 'http:', subdomain: null, domain: '', tld: 'localhost' } } +1ms
  cypress:server:server-base Got CONNECT request from localhost:3000 +243ms
  cypress:https-proxy Writing browserSocket connection headers { url: 'localhost:3000', headLength: 0, headers: { host: 'localhost:3000', 'proxy-connection': 'keep-alive', 'user-agent': 'Mozilla/5.0 (Windows NT 10.0; Win64; x64) AppleWebKit/537.36 (KHTML, like Gecko) Cypress/13.3.1 Chrome/114.0.5735.289 Electron/25.8.4 Safari/537.36' } } +246ms
  cypress:server:project socket:connected +594ms
  cypress:server:run got socket connection { id: '24mh0fsfeq' } +2s
  cypress:server:run socket connected { socketId: '24mh0fsfeq' } +0ms
  cypress:server:routes proxying static assets /__/assets/electron-fb07f5cc.svg, params[0] electron-fb07f5cc.svg +972ms
  cypress:server:socket-e2e watch:test:file { fileExtension: '.js', baseName: 'spec.cy.js', fileName: 'spec', specFileExtension: '.cy.js', relativeToCommonRoot: 'spec.cy.js', specType: 'integration', name: 'spec.cy.js', relative: 'cypress\\e2e\\spec.cy.js', absolute: 'C:/Users/LucasFelber/Documents/SideProjects/cypress-submit-reload/cypress/e2e/spec.cy.js' } +0ms
  cypress:server:socket-e2e watching spec with config { fileExtension: '.js', baseName: 'spec.cy.js', fileName: 'spec', specFileExtension: '.cy.js', relativeToCommonRoot: 'spec.cy.js', specType: 'integration', name: 'spec.cy.js', relative: 'cypress\\e2e\\spec.cy.js', absolute: 'C:/Users/LucasFelber/Documents/SideProjects/cypress-submit-reload/cypress/e2e/spec.cy.js' } +0ms
  cypress:server:socket-e2e will watch test file path 'cypress\\e2e\\spec.cy.js' +0ms
  cypress:server:preprocessor getting file cypress\e2e\spec.cy.js +0ms
  cypress:server:preprocessor getFile C:\Users\LucasFelber\Documents\SideProjects\cypress-submit-reload\cypress\e2e\spec.cy.js +0ms
  cypress:server:appdata path: C:\Users\LucasFelber\AppData\Roaming\Cypress\cy\production\projects\cypress-submit-reload-52780bcf315467a46729b6747af2301d\bundles\cypress\e2e\spec.cy.js +3s
  cypress:lifecycle:EventRegistrar execute plugin event 'file:preprocessor' Node 'v18.15.0' with args: EventEmitter { _events: [Object: null prototype] { rerun: [Function (anonymous)] }, _eventsCount: 1, _maxListeners: undefined, filePath: 'C:\\Users\\LucasFelber\\Documents\\SideProjects\\cypress-submit-reload\\cypress\\e2e\\spec.cy.js', shouldWatch: false, outputPath: 'C:\\Users\\LucasFelber\\AppData\\Roaming\\Cypress\\cy\\production\\projects\\cypress-submit-reload-52780bcf315467a46729b6747af2301d\\bundles\\cypress\\e2e\\spec.cy.js', [Symbol(kCapture)]: false } undefined undefined +2s
  cypress:lifecycle:ProjectConfigManager call event file:preprocessor for invocation id inv1 +3s
  cypress:lifecycle:child:RunPlugins:29468 execute plugin event: file:preprocessor ({ invocationId: 'inv1', eventId: 3 }) +3s
  cypress:lifecycle:EventRegistrar plugin event registered? { eventName: 'before:spec', isRegistered: false } +4ms
  cypress:webpack user options: { webpackOptions: { mode: 'development', node: { global: true, __filename: true, __dirname: true }, module: { rules: [Array] }, plugins: [ [ProvidePlugin] ], resolve: { extensions: [Array], fallback: [Object], plugins: [] } } } +0ms
  cypress:webpack get C:\Users\LucasFelber\Documents\SideProjects\cypress-submit-reload\cypress\e2e\spec.cy.js +0ms
  cypress:webpack load default options +1ms
  cypress:webpack setting devtool to inline-source-map +0ms
  cypress:webpack typescript not found +0ms
  cypress:webpack Limiting number of chunks to 1 +2ms
  cypress:webpack webpackOptions: { mode: 'development', node: { global: true, __filename: true, __dirname: true }, module: { rules: [ [Object], [Object], [Object] ] }, plugins: [ ProvidePlugin { definitions: [Object] }, LimitChunkCountPlugin { options: [Object] } ], resolve: { extensions: [ '.js', '.json', '.jsx', '.mjs', '.coffee' ], fallback: { assert: 'C:\\Users\\LucasFelber\\AppData\\Local\\Cypress\\Cache\\13.3.1\\Cypress\\resources\\app\\node_modules\\assert\\build\\assert.js', buffer: 'C:\\Users\\LucasFelber\\AppData\\Local\\Cypress\\Cache\\13.3.1\\Cypress\\resources\\app\\node_modules\\buffer\\index.js', child_process: false, cluster: false, console: false, constants: 'C:\\Users\\LucasFelber\\AppData\\Local\\Cypress\\Cache\\13.3.1\\Cypress\\resources\\app\\node_modules\\constants-browserify\\constants.json', crypto: 'C:\\Users\\LucasFelber\\AppData\\Local\\Cypress\\Cache\\13.3.1\\Cypress\\resources\\app\\node_modules\\crypto-browserify\\index.js', dgram: false, dns: false, domain: 'C:\\Users\\LucasFelber\\AppData\\Local\\Cypress\\Cache\\13.3.1\\Cypress\\resources\\app\\node_modules\\domain-browser\\source\\index.js', events: 'C:\\Users\\LucasFelber\\AppData\\Local\\Cypress\\Cache\\13.3.1\\Cypress\\resources\\app\\node_modules\\events\\events.js', fs: false, http: 'C:\\Users\\LucasFelber\\AppData\\Local\\Cypress\\Cache\\13.3.1\\Cypress\\resources\\app\\node_modules\\stream-http\\index.js', https: 'C:\\Users\\LucasFelber\\AppData\\Local\\Cypress\\Cache\\13.3.1\\Cypress\\resources\\app\\node_modules\\https-browserify\\index.js', http2: false, inspector: false, module: false, net: false, os: 'C:\\Users\\LucasFelber\\AppData\\Local\\Cypress\\Cache\\13.3.1\\Cypress\\resources\\app\\node_modules\\os-browserify\\browser.js', path: 'C:\\Users\\LucasFelber\\AppData\\Local\\Cypress\\Cache\\13.3.1\\Cypress\\resources\\app\\node_modules\\path-browserify\\index.js', perf_hooks: false, punycode: 'C:\\Users\\LucasFelber\\AppData\\Local\\Cypress\\Cache\\13.3.1\\Cypress\\resources\\app\\node_modules\\punycode\\punycode.js', process: 'C:\\Users\\LucasFelber\\AppData\\Local\\Cypress\\Cache\\13.3.1\\Cypress\\resources\\app\\node_modules\\process\\browser.js', querystring: 'C:\\Users\\LucasFelber\\AppData\\Local\\Cypress\\Cache\\13.3.1\\Cypress\\resources\\app\\node_modules\\querystring-es3\\index.js', readline: false, repl: false, stream: 'C:\\Users\\LucasFelber\\AppData\\Local\\Cypress\\Cache\\13.3.1\\Cypress\\resources\\app\\node_modules\\stream-browserify\\index.js', string_decoder: 'C:\\Users\\LucasFelber\\AppData\\Local\\Cypress\\Cache\\13.3.1\\Cypress\\resources\\app\\node_modules\\string_decoder\\lib\\string_decoder.js', sys: 'C:\\Users\\LucasFelber\\AppData\\Local\\Cypress\\Cache\\13.3.1\\Cypress\\resources\\app\\node_modules\\util\\util.js', timers: 'C:\\Users\\LucasFelber\\AppData\\Local\\Cypress\\Cache\\13.3.1\\Cypress\\resources\\app\\node_modules\\timers-browserify\\main.js', tls: false, tty: 'C:\\Users\\LucasFelber\\AppData\\Local\\Cypress\\Cache\\13.3.1\\Cypress\\resources\\app\\node_modules\\tty-browserify\\index.js', url: 'C:\\Users\\LucasFelber\\AppData\\Local\\Cypress\\Cache\\13.3.1\\Cypress\\resources\\app\\node_modules\\url\\url.js', util: 'C:\\Users\\LucasFelber\\AppData\\Local\\Cypress\\Cache\\13.3.1\\Cypress\\resources\\app\\node_modules\\util\\util.js', vm: 'C:\\Users\\LucasFelber\\AppData\\Local\\Cypress\\Cache\\13.3.1\\Cypress\\resources\\app\\node_modules\\vm-browserify\\index.js', zlib: 'C:\\Users\\LucasFelber\\AppData\\Local\\Cypress\\Cache\\13.3.1\\Cypress\\resources\\app\\node_modules\\browserify-zlib\\lib\\index.js' }, plugins: [] }, entry: [ 'C:\\Users\\LucasFelber\\Documents\\SideProjects\\cypress-submit-reload\\cypress\\e2e\\spec.cy.js' ], output: { publicPath: '', path: 'C:\\Users\\LucasFelber\\AppData\\Roaming\\Cypress\\cy\\production\\projects\\cypress-submit-reload-52780bcf315467a46729b6747af2301d\\bundles\\cypress\\e2e', filename: 'spec.cy.js' }, devtool: 'inline-source-map' } +12ms
  cypress:webpack watchOptions: {} +1ms
  cypress:webpack input: C:\Users\LucasFelber\Documents\SideProjects\cypress-submit-reload\cypress\e2e\spec.cy.js +0ms
  cypress:webpack output: C:\Users\LucasFelber\AppData\Roaming\Cypress\cy\production\projects\cypress-submit-reload-52780bcf315467a46729b6747af2301d\bundles\cypress\e2e\spec.cy.js +0ms
  cypress:server:iframes handling iframe for project spec { spec: { fileExtension: '.js', baseName: 'spec.cy.js', fileName: 'spec', specFileExtension: '.cy.js', relativeToCommonRoot: 'spec.cy.js', specType: 'integration', name: 'cypress/e2e/spec.cy.js', relative: 'cypress\\e2e\\spec.cy.js', absolute: 'C:/Users/LucasFelber/Documents/SideProjects/cypress-submit-reload/cypress/e2e/spec.cy.js' }, extraOptions: { specType: 'integration' } } +0ms
  cypress:server:controllers handle iframe { test: 'cypress\\e2e\\spec.cy.js', specFilter: undefined } +0ms
  cypress:server:controllers get specs { spec: 'cypress\\e2e\\spec.cy.js', extraOptions: { specType: 'integration' } } +0ms
  cypress:server:controllers normalizing spec { spec: 'cypress\\e2e\\spec.cy.js' } +0ms
  cypress:server:controllers converted cypress\e2e\spec.cy.js to C:\Users\LucasFelber\Documents\SideProjects\cypress-submit-reload\cypress\e2e\spec.cy.js +0ms
  cypress:server:controllers test url for file { file: 'cypress\\e2e\\spec.cy.js', url: '/__cypress/tests?p=cypress\\e2e\\spec.cy.js' } +0ms
  cypress:server:controllers test url for file { file: 'cypress\\support\\e2e.js', url: '/__cypress/tests?p=cypress\\support\\e2e.js' } +0ms
  cypress:server:controllers all files to send [ 'cypress\\support\\e2e.js', 'cypress\\e2e\\spec.cy.js' ] +0ms
  cypress:server:remote-states getting primary remote state: { auth: undefined, origin: 'http://localhost:3000', strategy: 'http', fileServer: null, domainName: 'localhost', props: { port: '3000', protocol: 'http:', subdomain: null, domain: '', tld: 'localhost' } } +718ms
  cypress:server:controllers iframe cypress\e2e\spec.cy.js options { superDomain: 'localhost', title: 'cypress\\e2e\\spec.cy.js', scripts: '[{"absolute":"C:\\\\Users\\\\LucasFelber\\\\Documents\\\\SideProjects\\\\cypress-submit-reload\\\\cypress\\\\support\\\\e2e.js","relative":"cypress\\\\support\\\\e2e.js","relativeUrl":"/__cypress/tests?p=cypress\\\\support\\\\e2e.js"},{"absolute":"C:\\\\Users\\\\LucasFelber\\\\Documents\\\\SideProjects\\\\cypress-submit-reload\\\\cypress\\\\e2e\\\\spec.cy.js","relative":"cypress\\\\e2e\\\\spec.cy.js","relativeUrl":"/__cypress/tests?p=cypress\\\\e2e\\\\spec.cy.js"}]', privilegedChannel: '/* global window */\r\n' + '(({ browserFamily, isSpecBridge, key, namespace, scripts, url, win = window }) => {\r\n' + '  /**\r\n' + '   * This file is read as a string in the server and injected into the spec\r\n' + '   * frame in order to create a privileged channel between the server and\r\n' + '   * the spec frame. The values above are provided by the server, with the\r\n' + '   * `key` being particularly important since it is used to validate\r\n' + '   * any messages sent from this channel back to the server.\r\n' + '   *\r\n' + '   * This file does not get preprocessed, so it should not contain syntax that\r\n' + '   * our minimum supported browsers do not support.\r\n' + '   */\r\n' + '\r\n' + '  const Err = win.Error\r\n' + '  const captureStackTrace = win.Error.captureStackTrace\r\n' + '  const filter = win.Array.prototype.filter\r\n' + '  const arrayIncludes = win.Array.prototype.includes\r\n' + '  const map = win.Array.prototype.map\r\n' + '  const slice = win.Array.prototype.slice\r\n' + '  const isArray = win.Array.isArray\r\n' + '  const stringIncludes = win.String.prototype.includes\r\n' + '  const replace = win.String.prototype.replace\r\n' + '  const split = win.String.prototype.split\r\n' + '  const functionToString = win.Function.prototype.toString\r\n' + '  const fetch = win.fetch\r\n' + '  const parse = win.JSON.parse\r\n' + '  const stringify = win.JSON.stringify\r\n' + '  const charCodeAt = win.String.prototype.charCodeAt\r\n' + '  const imul = Math.imul\r\n' + '\r\n' + '  const queryStringRegex = /\\?.*$/\r\n' + '\r\n' + '  let hasValidCallbackContext = false\r\n' + '\r\n' + "  // since this function is eval'd, the scripts are included as stringified JSON\r\n" + '  if (scripts) {\r\n' + '    scripts = parse(scripts)\r\n' + '  }\r\n' + '\r\n' + '  // when privileged commands are called within the cy.origin() callback,\r\n' + "  // since the callback is eval'd in the spec bridge instead of being run\r\n" + '  // directly in the spec frame, we need to use different criteria, namely\r\n' + '  // that the stack includes the function where we eval the callback\r\n' + '  const hasSpecBridgeInvocation = (err) => {\r\n' + '    switch (browserFamily) {\r\n' + "      case 'chromium':\r\n" + "        return stringIncludes.call(err.stack, 'at invokeOriginFn')\r\n" + "      case 'firefox':\r\n" + "        return stringIncludes.call(err.stack, 'invokeOriginFn@')\r\n" + "      // currently, this won't run in webkit since it doesn't\r\n" + '      // support cy.origin()\r\n' + '      default:\r\n' + '        return false\r\n' + '    }\r\n' + '  }\r\n' + '\r\n' + '  // in chromium, stacks only include lines from the frame where the error is\r\n' + '  // created, so to validate a function call was from the spec frame, we strip\r\n' + '  // message lines and any eval calls (since they could be invoked from outside\r\n' + '  // the spec frame) and if there are lines left, they must have been from\r\n' + '  // the spec frame itself\r\n' + '  const hasSpecFrameStackLines = (err) => {\r\n' + "    const stackLines = split.call(err.stack, '\\n')\r\n" + '    const filteredLines = filter.call(stackLines, (line) => {\r\n' + '      return (\r\n' + '        !stringIncludes.call(line, err.message)\r\n' + "        && !stringIncludes.call(line, 'eval at <anonymous>')\r\n" + '      )\r\n' + '    })\r\n' + '\r\n' + '    return filteredLines.length > 0\r\n' + '  }\r\n' + '\r\n' + '  const isInCallback = (err) => {\r\n' + "    return stringIncludes.call(err.stack, 'thenFn@') || stringIncludes.call(err.stack, 'withinFn@')\r\n" + '  }\r\n' + '\r\n' + '  const hasCallbackInsideEval = (err) => {\r\n' + "    if (browserFamily === 'webkit') {\r\n" + '      return isInCallback(err) && hasValidCallbackContext\r\n' + '    }\r\n' + '\r\n' + "    return isInCallback(err) && stringIncludes.call(err.stack, '> eval line')\r\n" + '  }\r\n' + '\r\n' + '  // in non-chromium browsers, the stack will include either the spec file url\r\n' + '  // or the support file\r\n' + '  const hasStackLinesFromSpecOrSupportFile = (err) => {\r\n' + '    return filter.call(scripts, (script) => {\r\n' + '      // in webkit, stack line might not include the query string\r\n' + "      if (browserFamily === 'webkit') {\r\n" + "        script = replace.call(script, queryStringRegex, '')\r\n" + '      }\r\n' + '\r\n' + '      return stringIncludes.call(err.stack, script)\r\n' + '    }).length > 0\r\n' + '  }\r\n' + '\r\n' + '  // privileged commands are commands that should only be called from the spec\r\n' + '  // because they escape the browser sandbox and (generally) have access to node\r\n' + '  const privilegedCommands = [\r\n' + "    'exec',\r\n" + "    // cy.origin() doesn't directly access node, but is a pathway for other\r\n" + '    // commands to do so\r\n' + "    'origin',\r\n" + "    'readFile',\r\n" + '    // cy.selectFile() accesses node when using the path argument to read a file\r\n' + "    'selectFile',\r\n" + "    'writeFile',\r\n" + "    'task',\r\n" + '  ]\r\n' + '\r\n' + '  const callbackCommands = [\r\n' + "    'each',\r\n" + "    'then',\r\n" + "    'within',\r\n" + '  ]\r\n' + '\r\n' + '  function stackIsFromSpecFrame (err) {\r\n' + '    if (isSpecBridge) {\r\n' + '      return hasSpecBridgeInvocation(err)\r\n' + '    }\r\n' + '\r\n' + "    if (browserFamily === 'chromium') {\r\n" + '      return hasStackLinesFromSpecOrSupportFile(err) || hasSpecFrameStackLines(err)\r\n' + '    }\r\n' + '\r\n' + '    return hasCallbackInsideEval(err) || hasStackLinesFromSpecOrSupportFile(err)\r\n' + '  }\r\n' + '\r\n' + '  // source: https://github.com/bryc/code/blob/d0dac1c607a005679799024ff66166e13601d397/jshash/experimental/cyrb53.js\r\n' + '  function hash (str) {\r\n' + '    const seed = 0\r\n' + '    let h1 = 0xdeadbeef ^ seed\r\n' + '    let h2 = 0x41c6ce57 ^ seed\r\n' + '\r\n' + '    for (let i = 0, ch; i < str.length; i++) {\r\n' + '      ch = charCodeAt.call(str, i)\r\n' + '      h1 = imul(h1 ^ ch, 2654435761)\r\n' + '      h2 = imul(h2 ^ ch, 1597334677)\r\n' + '    }\r\n' + '    h1 = imul(h1 ^ (h1 >>> 16), 2246822507)\r\n' + '    h1 ^= imul(h2 ^ (h2 >>> 13), 3266489909)\r\n' + '    h2 = imul(h2 ^ (h2 >>> 16), 2246822507)\r\n' + '    h2 ^= imul(h1 ^ (h1 >>> 13), 3266489909)\r\n' + '\r\n' + '    return `${4294967296 * (2097151 & h2) + (h1 >>> 0)}`\r\n' + '  }\r\n' + '\r\n' + '  // removes trailing undefined args\r\n' + '  function dropRightUndefined (array) {\r\n' + '    if (!isArray(array)) return []\r\n' + '\r\n' + '    let index = array.length\r\n' + '\r\n' + '    // find index of last non-undefined arg\r\n' + '    // eslint-disable-next-line no-empty\r\n' + '    while (index-- && array[index] === undefined) {}\r\n' + '\r\n' + '    return slice.call(array, 0, index + 1)\r\n' + '  }\r\n' + '\r\n' + '  function onCommandInvocation (command) {\r\n' + "    // message doesn't really matter since we're only interested in the stack\r\n" + "    const err = new Err('command stack error')\r\n" + '\r\n' + '    // strips the stack for this function itself, so we get a more accurate\r\n' + '    // look at where the command was called from\r\n' + '    if (captureStackTrace) {\r\n' + '      captureStackTrace.call(Err, err, onCommandInvocation)\r\n' + '    }\r\n' + '\r\n' + '    if (arrayIncludes.call(callbackCommands, command.name)) {\r\n' + '      hasValidCallbackContext = stackIsFromSpecFrame(err)\r\n' + '    }\r\n' + '\r\n' + '    if (!arrayIncludes.call(privilegedCommands, command.name)) return\r\n' + '\r\n' + "    // if stack is not validated as being from the spec frame, don't add\r\n" + '    // it as a verified command\r\n' + '    if (!stackIsFromSpecFrame(err)) return\r\n' + '\r\n' + '    // hash the args to avoid `413 Request Entity Too Large` error from express.\r\n' + '    // see https://github.com/cypress-io/cypress/issues/27099 and\r\n' + '    // https://github.com/cypress-io/cypress/issues/27097\r\n' + '    const args = map.call(dropRightUndefined([...(command.args || [])]), (arg) => {\r\n' + '      if (arg === undefined) {\r\n' + '        arg = null\r\n' + '      }\r\n' + '\r\n' + "      if (typeof arg === 'function') {\r\n" + '        arg = functionToString.call(arg)\r\n' + '      }\r\n' + '\r\n' + '      return hash(stringify(arg))\r\n' + '    })\r\n' + '\r\n' + '    // if we verify a privileged command was invoked from the spec frame, we\r\n' + "    // send it to the server, where it's stored in state. when the command is\r\n" + '    // run and it sends its message to the server via websocket, we check\r\n' + '    // that verified status before allowing the command to continue running\r\n' + '    const promise = fetch(`/${namespace}/add-verified-command`, {\r\n' + '      body: stringify({\r\n' + '        args,\r\n' + '        name: command.name,\r\n' + '        key,\r\n' + '        url,\r\n' + '      }),\r\n' + '      headers: {\r\n' + "        'Content-Type': 'application/json',\r\n" + '      },\r\n' + "      method: 'POST',\r\n" + '    }).catch(() => {\r\n' + "      // this erroring is unlikely, but it's fine to ignore. if adding the\r\n" + '      // verified command failed, the default behavior is NOT to allow\r\n' + '      // the privileged command to run\r\n' + '    })\r\n' + '\r\n' + '    return {\r\n' + '      args,\r\n' + '      promise,\r\n' + '    }\r\n' + '  }\r\n' + '\r\n' + "  win.Cypress.on('command:invocation', onCommandInvocation)\r\n" + '\r\n' + '  // returned for testing purposes only\r\n' + '  return {\r\n' + '    dropRightUndefined,\r\n' + '    onCommandInvocation,\r\n' + '  }\r\n' + '})\r\n' + '({\n' + "      browserFamily: 'chromium',\n" + '      isSpecBridge: false,\n' + "      key: 'b54ae523-a885-4478-a3d4-ef66a74c1746',\n" + "      namespace: '__cypress',\n" + `      scripts: '["/__cypress/tests?p=cypress\\\\\\\\support\\\\\\\\e2e.js","/__cypress/tests?p=cypress\\\\\\\\e2e\\\\\\\\spec.cy.js"]',\n` + "      url: 'http://localhost:3000/__cypress/iframes/cypress%5Ce2e%5Cspec.cy.js?browserFamily=chromium'\n" + '    })' } +4ms
  cypress:server:browsers browser opened +2s
  cypress:server:controllers:spec request for { spec: 'cypress\\support\\e2e.js' } +0ms
  cypress:server:preprocessor getting file cypress\support\e2e.js +125ms
  cypress:server:preprocessor getFile C:\Users\LucasFelber\Documents\SideProjects\cypress-submit-reload\cypress\support\e2e.js +0ms
  cypress:server:appdata path: C:\Users\LucasFelber\AppData\Roaming\Cypress\cy\production\projects\cypress-submit-reload-52780bcf315467a46729b6747af2301d\bundles\cypress\support\e2e.js +126ms
  cypress:lifecycle:EventRegistrar execute plugin event 'file:preprocessor' Node 'v18.15.0' with args: EventEmitter { _events: [Object: null prototype] { rerun: [Function (anonymous)] }, _eventsCount: 1, _maxListeners: undefined, filePath: 'C:\\Users\\LucasFelber\\Documents\\SideProjects\\cypress-submit-reload\\cypress\\support\\e2e.js', shouldWatch: false, outputPath: 'C:\\Users\\LucasFelber\\AppData\\Roaming\\Cypress\\cy\\production\\projects\\cypress-submit-reload-52780bcf315467a46729b6747af2301d\\bundles\\cypress\\support\\e2e.js', [Symbol(kCapture)]: false } undefined undefined +121ms
  cypress:lifecycle:ProjectConfigManager call event file:preprocessor for invocation id inv2 +125ms
  cypress:server:controllers:spec request for { spec: 'cypress\\e2e\\spec.cy.js' } +2ms
  cypress:server:preprocessor getting file cypress\e2e\spec.cy.js +2ms
  cypress:server:preprocessor getFile C:\Users\LucasFelber\Documents\SideProjects\cypress-submit-reload\cypress\e2e\spec.cy.js +0ms
  cypress:server:preprocessor headless and already processed +0ms
  cypress:lifecycle:child:RunPlugins:29468 execute plugin event: file:preprocessor ({ invocationId: 'inv2', eventId: 3 }) +638ms
  cypress:webpack user options: { webpackOptions: { mode: 'development', node: { global: true, __filename: true, __dirname: true }, module: { rules: [Array] }, plugins: [ [ProvidePlugin], [LimitChunkCountPlugin] ], resolve: { extensions: [Array], fallback: [Object], plugins: [] }, entry: [ 'C:\\Users\\LucasFelber\\Documents\\SideProjects\\cypress-submit-reload\\cypress\\e2e\\spec.cy.js' ], output: { publicPath: '', path: 'C:\\Users\\LucasFelber\\AppData\\Roaming\\Cypress\\cy\\production\\projects\\cypress-submit-reload-52780bcf315467a46729b6747af2301d\\bundles\\cypress\\e2e', filename: 'spec.cy.js' }, devtool: 'inline-source-map' } } +616ms
  cypress:webpack get C:\Users\LucasFelber\Documents\SideProjects\cypress-submit-reload\cypress\support\e2e.js +0ms
  cypress:webpack load default options +0ms
  cypress:webpack setting devtool to inline-source-map +1ms
  cypress:webpack typescript not found +631ms
  cypress:webpack Limiting number of chunks to 1 +1ms
  cypress:webpack webpackOptions: { mode: 'development', node: { global: true, __filename: true, __dirname: true }, module: { rules: [ [Object], [Object], [Object] ] }, plugins: [ ProvidePlugin { definitions: [Object] }, LimitChunkCountPlugin { options: [Object] }, LimitChunkCountPlugin { options: [Object] } ], resolve: { extensions: [ '.js', '.json', '.jsx', '.mjs', '.coffee' ], fallback: { assert: 'C:\\Users\\LucasFelber\\AppData\\Local\\Cypress\\Cache\\13.3.1\\Cypress\\resources\\app\\node_modules\\assert\\build\\assert.js', buffer: 'C:\\Users\\LucasFelber\\AppData\\Local\\Cypress\\Cache\\13.3.1\\Cypress\\resources\\app\\node_modules\\buffer\\index.js', child_process: false, cluster: false, console: false, constants: 'C:\\Users\\LucasFelber\\AppData\\Local\\Cypress\\Cache\\13.3.1\\Cypress\\resources\\app\\node_modules\\constants-browserify\\constants.json', crypto: 'C:\\Users\\LucasFelber\\AppData\\Local\\Cypress\\Cache\\13.3.1\\Cypress\\resources\\app\\node_modules\\crypto-browserify\\index.js', dgram: false, dns: false, domain: 'C:\\Users\\LucasFelber\\AppData\\Local\\Cypress\\Cache\\13.3.1\\Cypress\\resources\\app\\node_modules\\domain-browser\\source\\index.js', events: 'C:\\Users\\LucasFelber\\AppData\\Local\\Cypress\\Cache\\13.3.1\\Cypress\\resources\\app\\node_modules\\events\\events.js', fs: false, http: 'C:\\Users\\LucasFelber\\AppData\\Local\\Cypress\\Cache\\13.3.1\\Cypress\\resources\\app\\node_modules\\stream-http\\index.js', https: 'C:\\Users\\LucasFelber\\AppData\\Local\\Cypress\\Cache\\13.3.1\\Cypress\\resources\\app\\node_modules\\https-browserify\\index.js', http2: false, inspector: false, module: false, net: false, os: 'C:\\Users\\LucasFelber\\AppData\\Local\\Cypress\\Cache\\13.3.1\\Cypress\\resources\\app\\node_modules\\os-browserify\\browser.js', path: 'C:\\Users\\LucasFelber\\AppData\\Local\\Cypress\\Cache\\13.3.1\\Cypress\\resources\\app\\node_modules\\path-browserify\\index.js', perf_hooks: false, punycode: 'C:\\Users\\LucasFelber\\AppData\\Local\\Cypress\\Cache\\13.3.1\\Cypress\\resources\\app\\node_modules\\punycode\\punycode.js', process: 'C:\\Users\\LucasFelber\\AppData\\Local\\Cypress\\Cache\\13.3.1\\Cypress\\resources\\app\\node_modules\\process\\browser.js', querystring: 'C:\\Users\\LucasFelber\\AppData\\Local\\Cypress\\Cache\\13.3.1\\Cypress\\resources\\app\\node_modules\\querystring-es3\\index.js', readline: false, repl: false, stream: 'C:\\Users\\LucasFelber\\AppData\\Local\\Cypress\\Cache\\13.3.1\\Cypress\\resources\\app\\node_modules\\stream-browserify\\index.js', string_decoder: 'C:\\Users\\LucasFelber\\AppData\\Local\\Cypress\\Cache\\13.3.1\\Cypress\\resources\\app\\node_modules\\string_decoder\\lib\\string_decoder.js', sys: 'C:\\Users\\LucasFelber\\AppData\\Local\\Cypress\\Cache\\13.3.1\\Cypress\\resources\\app\\node_modules\\util\\util.js', timers: 'C:\\Users\\LucasFelber\\AppData\\Local\\Cypress\\Cache\\13.3.1\\Cypress\\resources\\app\\node_modules\\timers-browserify\\main.js', tls: false, tty: 'C:\\Users\\LucasFelber\\AppData\\Local\\Cypress\\Cache\\13.3.1\\Cypress\\resources\\app\\node_modules\\tty-browserify\\index.js', url: 'C:\\Users\\LucasFelber\\AppData\\Local\\Cypress\\Cache\\13.3.1\\Cypress\\resources\\app\\node_modules\\url\\url.js', util: 'C:\\Users\\LucasFelber\\AppData\\Local\\Cypress\\Cache\\13.3.1\\Cypress\\resources\\app\\node_modules\\util\\util.js', vm: 'C:\\Users\\LucasFelber\\AppData\\Local\\Cypress\\Cache\\13.3.1\\Cypress\\resources\\app\\node_modules\\vm-browserify\\index.js', zlib: 'C:\\Users\\LucasFelber\\AppData\\Local\\Cypress\\Cache\\13.3.1\\Cypress\\resources\\app\\node_modules\\browserify-zlib\\lib\\index.js' }, plugins: [] }, entry: [ 'C:\\Users\\LucasFelber\\Documents\\SideProjects\\cypress-submit-reload\\cypress\\support\\e2e.js' ], output: { publicPath: '', path: 'C:\\Users\\LucasFelber\\AppData\\Roaming\\Cypress\\cy\\production\\projects\\cypress-submit-reload-52780bcf315467a46729b6747af2301d\\bundles\\cypress\\support', filename: 'e2e.js' }, devtool: 'inline-source-map' } +0ms
  cypress:webpack watchOptions: {} +0ms
  cypress:webpack input: C:\Users\LucasFelber\Documents\SideProjects\cypress-submit-reload\cypress\support\e2e.js +1ms
  cypress:webpack output: C:\Users\LucasFelber\AppData\Roaming\Cypress\cy\production\projects\cypress-submit-reload-52780bcf315467a46729b6747af2301d\bundles\cypress\support\e2e.js +0ms
  cypress:webpack finished bundling C:\Users\LucasFelber\AppData\Roaming\Cypress\cy\production\projects\cypress-submit-reload-52780bcf315467a46729b6747af2301d\bundles\cypress\e2e\spec.cy.js +1s
asset spec.cy.js 2.3 KiB [compared for emit] (name: main)
./cypress/e2e/spec.cy.js 435 bytes [built] [code generated]
webpack 5.88.2 compiled successfully in 1329 ms
  cypress:lifecycle:ProjectConfigManager promise resolved for id 'inv1' with value C:\Users\LucasFelber\AppData\Roaming\Cypress\cy\production\projects\cypress-submit-reload-52780bcf315467a46729b6747af2301d\bundles\cypress\e2e\spec.cy.js +2s
  cypress:server:controllers:spec sending spec { filePath: 'C:\\Users\\LucasFelber\\AppData\\Roaming\\Cypress\\cy\\production\\projects\\cypress-submit-reload-52780bcf315467a46729b6747af2301d\\bundles\\cypress\\e2e\\spec.cy.js' } +2s
  cypress:webpack finished bundling C:\Users\LucasFelber\AppData\Roaming\Cypress\cy\production\projects\cypress-submit-reload-52780bcf315467a46729b6747af2301d\bundles\cypress\support\e2e.js +48ms
asset e2e.js 6.74 KiB [compared for emit] (name: main)
./cypress/support/e2e.js 37 bytes [built] [code generated]
./cypress/support/commands.js 948 bytes [built] [code generated]
webpack 5.88.2 compiled successfully in 1347 ms
  cypress:lifecycle:ProjectConfigManager promise resolved for id 'inv2' with value C:\Users\LucasFelber\AppData\Roaming\Cypress\cy\production\projects\cypress-submit-reload-52780bcf315467a46729b6747af2301d\bundles\cypress\support\e2e.js +38ms
  cypress:server:controllers:spec sending spec { filePath: 'C:\\Users\\LucasFelber\\AppData\\Roaming\\Cypress\\cy\\production\\projects\\cypress-submit-reload-52780bcf315467a46729b6747af2301d\\bundles\\cypress\\support\\e2e.js' } +39ms
  cypress:server:project received runnables { id: 'r1', title: '', root: true, pending: false, type: 'suite', file: 'cypress\\e2e\\spec.cy.js', retries: -1, _slow: 10000, hooks: [], tests: [], suites: [ { id: 'r2', title: 'page', root: false, pending: false, type: 'suite', file: null, invocationDetails: [Object], retries: -1, _slow: 10000, hooks: [], tests: [Array], suites: [] } ], runtimeConfig: {}, totalUnfilteredTests: 0 } +2s
  cypress:server:reporter trying to load reporter: spec +5s
  cypress:server:reporter spec is Mocha reporter +0ms
  cypress:server:reporter got mocha event 'start' with args: [ undefined ] +12ms

  cypress:server:reporter got mocha event 'suite' with args: [ p { title: '', ctx: {}, suites: [ [p] ], tests: [], pending: false, _beforeEach: [], _beforeAll: [], _afterEach: [], _afterAll: [], root: true, _timeout: 2000, _enableTimeouts: true, _slow: 10000, _bail: false, _retries: -1, _onlyTests: [], _onlySuites: [], delayed: false, _events: [Object: null prototype] { newListener: [Function (anonymous)] }, _eventsCount: 1, file: 'cypress\\e2e\\spec.cy.js', id: 'r1', type: 'suite' } ] +1ms

  cypress:server:reporter got mocha event 'suite' with args: [ p { title: 'page', ctx: {}, suites: [], tests: [ [u] ], pending: false, _beforeEach: [], _beforeAll: [], _afterEach: [], _afterAll: [], root: false, _timeout: 2000, _enableTimeouts: true, _slow: 10000, _bail: false, _retries: -1, _onlyTests: [], _onlySuites: [], delayed: false, _events: [Object: null prototype] { newListener: [Function (anonymous)] }, _eventsCount: 1, parent: p { title: '', ctx: {}, suites: [Array], tests: [], pending: false, _beforeEach: [], _beforeAll: [], _afterEach: [], _afterAll: [], root: true, _timeout: 2000, _enableTimeouts: true, _slow: 10000, _bail: false, _retries: -1, _onlyTests: [], _onlySuites: [], delayed: false, _events: [Object: null prototype], _eventsCount: 1, file: 'cypress\\e2e\\spec.cy.js', id: 'r1', type: 'suite' }, file: null, id: 'r2', type: 'suite', invocationDetails: { function: 'eval', fileUrl: 'http://localhost:3000/__cypress/tests?p=cypress\\e2e\\spec.cy.js', originalFile: 'webpack://cypress-test-tiny/./cypress/e2e/spec.cy.js', relativeFile: 'cypress/e2e/spec.cy.js', absoluteFile: 'C:\\Users\\LucasFelber\\Documents\\SideProjects\\cypress-submit-reload/cypress/e2e/spec.cy.js', line: 2, column: 0, whitespace: '    ', stack: 'Error\n' + '    at eval (http://localhost:3000/__cypress/tests?p=cypress\\e2e\\spec.cy.js:10:1)\n' + '    at eval (http://localhost:3000/__cypress/tests?p=cypress\\e2e\\spec.cy.js:22:12)\n' + '    at eval (<anonymous>)' } } ] +2ms
  page
  cypress:server:reporter got mocha event 'test' with args: [ u { title: 'does not work', fn: [Function: o] { toString: [Function (anonymous)] }, body: '() => {\n' + "    cy.visit('/signup');\n" + '    cy.getByData("button-signup").click();\n' + '    cy.getByData("email").within(() => {\n' + '      cy.get(".text-input-label-appendage").contains("Email is required");\n' + '    });\n' + '    cy.getByData("password").within(() => {\n' + '      cy.get(".text-input-label-appendage").contains("Password is required");\n' + '    });\n' + '  }', async: undefined, sync: undefined, _timeout: 2000, _slow: 10000, _enableTimeouts: true, timedOut: undefined, _retries: -1, _currentRetry: 0, pending: false, type: 'test', duration: undefined, state: 'skipped', parent: p { title: 'page', ctx: {}, suites: [], tests: [Array], pending: false, _beforeEach: [], _beforeAll: [], _afterEach: [], _afterAll: [], root: false, _timeout: 2000, _enableTimeouts: true, _slow: 10000, _bail: false, _retries: -1, _onlyTests: [], _onlySuites: [], delayed: false, _events: [Object: null prototype], _eventsCount: 1, parent: [p], file: null, id: 'r2', type: 'suite', invocationDetails: [Object] }, id: 'r3', _testConfig: { testConfigList: [], unverifiedTestConfig: {} }, order: 1, file: null, invocationDetails: { function: 'Suite.eval', fileUrl: 'http://localhost:3000/__cypress/tests?p=cypress\\e2e\\spec.cy.js', originalFile: 'webpack://cypress-test-tiny/./cypress/e2e/spec.cy.js', relativeFile: 'cypress/e2e/spec.cy.js', absoluteFile: 'C:\\Users\\LucasFelber\\Documents\\SideProjects\\cypress-submit-reload/cypress/e2e/spec.cy.js', line: 4, column: 2, whitespace: '    ', stack: 'Error\n' + '    at Suite.eval (http://localhost:3000/__cypress/tests?p=cypress\\e2e\\spec.cy.js:11:3)\n' + '    at eval (http://localhost:3000/__cypress/tests?p=cypress\\e2e\\spec.cy.js:10:1)\n' + '    at eval (http://localhost:3000/__cypress/tests?p=cypress\\e2e\\spec.cy.js:22:12)\n' + '    at eval (<anonymous>)' } } ] +1ms
  cypress:server:reporter got mocha event 'test:before:run' with args: [ u { title: 'does not work', fn: [Function: o] { toString: [Function (anonymous)] }, body: '() => {\n' + "    cy.visit('/signup');\n" + '    cy.getByData("button-signup").click();\n' + '    cy.getByData("email").within(() => {\n' + '      cy.get(".text-input-label-appendage").contains("Email is required");\n' + '    });\n' + '    cy.getByData("password").within(() => {\n' + '      cy.get(".text-input-label-appendage").contains("Password is required");\n' + '    });\n' + '  }', async: undefined, sync: undefined, _timeout: 2000, _slow: 10000, _enableTimeouts: true, timedOut: undefined, _retries: 0, _currentRetry: 0, pending: false, type: 'test', duration: undefined, state: 'skipped', parent: p { title: 'page', ctx: {}, suites: [], tests: [Array], pending: false, _beforeEach: [], _beforeAll: [], _afterEach: [], _afterAll: [], root: false, _timeout: 2000, _enableTimeouts: true, _slow: 10000, _bail: false, _retries: -1, _onlyTests: [], _onlySuites: [], delayed: false, _events: [Object: null prototype], _eventsCount: 1, parent: [p], file: null, id: 'r2', type: 'suite', invocationDetails: [Object] }, id: 'r3', _testConfig: { testConfigList: [], unverifiedTestConfig: {}, applied: 'complete' }, order: 1, file: null, invocationDetails: { function: 'Suite.eval', fileUrl: 'http://localhost:3000/__cypress/tests?p=cypress\\e2e\\spec.cy.js', originalFile: 'webpack://cypress-test-tiny/./cypress/e2e/spec.cy.js', relativeFile: 'cypress/e2e/spec.cy.js', absoluteFile: 'C:\\Users\\LucasFelber\\Documents\\SideProjects\\cypress-submit-reload/cypress/e2e/spec.cy.js', line: 4, column: 2, whitespace: '    ', stack: 'Error\n' + '    at Suite.eval (http://localhost:3000/__cypress/tests?p=cypress\\e2e\\spec.cy.js:11:3)\n' + '    at eval (http://localhost:3000/__cypress/tests?p=cypress\\e2e\\spec.cy.js:10:1)\n' + '    at eval (http://localhost:3000/__cypress/tests?p=cypress\\e2e\\spec.cy.js:22:12)\n' + '    at eval (<anonymous>)' }, wallClockStartedAt: '2023-10-18T07:11:53.217Z' } ] +3ms
  cypress:util:crash_handling preparing to run test, previous stats reported as {
  cypress:util:crash_handling   stats: {
  cypress:util:crash_handling     suites: 1,
  cypress:util:crash_handling     tests: 1,
  cypress:util:crash_handling     passes: 0,
  cypress:util:crash_handling     pending: 0,
  cypress:util:crash_handling     skipped: 1,
  cypress:util:crash_handling     failures: 0,
  cypress:util:crash_handling     wallClockStartedAt: 2023-10-18T07:11:53.210Z,
  cypress:util:crash_handling     wallClockDuration: 0
  cypress:util:crash_handling   },
  cypress:util:crash_handling   reporter: 'spec',
  cypress:util:crash_handling   reporterStats: {
  cypress:util:crash_handling     suites: 1,
  cypress:util:crash_handling     tests: 0,
  cypress:util:crash_handling     passes: 0,
  cypress:util:crash_handling     pending: 0,
  cypress:util:crash_handling     failures: 0,
  cypress:util:crash_handling     start: 2023-10-18T07:11:53.217Z
  cypress:util:crash_handling   },
  cypress:util:crash_handling   hooks: [],
  cypress:util:crash_handling   tests: [
  cypress:util:crash_handling     {
  cypress:util:crash_handling       testId: 'r3',
  cypress:util:crash_handling       title: [Array],
  cypress:util:crash_handling       state: 'skipped',
  cypress:util:crash_handling       body: '() => {\n' +
  cypress:util:crash_handling         "    cy.visit('/signup');\n" +
  cypress:util:crash_handling         '    cy.getByData("button-signup").click();\n' +
  cypress:util:crash_handling         '    cy.getByData("email").within(() => {\n' +
  cypress:util:crash_handling         '      cy.get(".text-input-label-appendage").contains("Email is required");\n' +
  cypress:util:crash_handling         '    });\n' +
  cypress:util:crash_handling         '    cy.getByData("password").within(() => {\n' +
  cypress:util:crash_handling         '      cy.get(".text-input-label-appendage").contains("Password is required");\n' +
  cypress:util:crash_handling         '    });\n' +
  cypress:util:crash_handling         '  }',
  cypress:util:crash_handling       displayError: null,
  cypress:util:crash_handling       attempts: [Array]
  cypress:util:crash_handling     }
  cypress:util:crash_handling   ]
  cypress:util:crash_handling } +4s
  cypress:server:socket-base backend:request { eventName: 'reset:server:state', args: [] } +4s
  cypress:proxy:http:util:buffers resetting buffers +4s
  cypress:server:remote-states resetting remote state +2s
  cypress:server:socket-base backend:request { eventName: 'get:rendered:html:origins', args: [] } +1ms
  cypress:server:socket-base automation:request get:cookies {} +1ms
  cypress:server:automation:cookies getting:cookies {} +0ms
  cypress:server:automation:cookies received get:cookies [] +4ms
  cypress:server:socket-base automation:request clear:cookies [] +6ms
  cypress:server:automation:cookies clear:cookies 0 +2ms
  cypress:server:socket-base backend:request { eventName: 'reset:rendered:html:origins', args: [] } +4ms
  cypress:server:socket-base backend:request { eventName: 'resolve:url', args: [ 'http://localhost:3000/signup', { auth: null, failOnStatusCode: true, retryOnNetworkFailure: true, retryOnStatusCodeFailure: false, retryIntervals: [Array], method: 'GET', body: null, headers: {}, timeout: 30000, isFromSpecBridge: false, hasAlreadyVisitedUrl: false } ] } +16ms
  cypress:server:server-base resolving visit { url: 'http://localhost:3000/signup', userAgent: 'Mozilla/5.0 (Windows NT 10.0; Win64; x64) AppleWebKit/537.36 (KHTML, like Gecko) Cypress/13.3.1 Chrome/114.0.5735.289 Electron/25.8.4 Safari/537.36', options: { auth: null, failOnStatusCode: true, retryOnNetworkFailure: true, retryOnStatusCodeFailure: false, retryIntervals: [ 0, 100, 200, 200 ], method: 'GET', body: null, headers: {}, timeout: 30000, isFromSpecBridge: false, hasAlreadyVisitedUrl: false } } +2s
  cypress:proxy:http:util:buffers resetting buffers +28ms
  cypress:network:cors Parsed URL { port: '3000', protocol: 'http:', subdomain: null, domain: '', tld: 'localhost' } +3s
  cypress:server:remote-states getting remote state: { auth: undefined, origin: 'http://localhost:3000', strategy: 'http', fileServer: null, domainName: 'localhost', props: { port: '3000', protocol: 'http:', subdomain: null, domain: '', tld: 'localhost' } } for: http://localhost:3000 +28ms
  cypress:network:cors Parsed URL { port: '3000', protocol: 'http:', subdomain: null, domain: '', tld: 'localhost' } +1ms
  cypress:server:remote-states getting primary remote state: { auth: undefined, origin: 'http://localhost:3000', strategy: 'http', fileServer: null, domainName: 'localhost', props: { port: '3000', protocol: 'http:', subdomain: null, domain: '', tld: 'localhost' } } +1ms
  cypress:server:server-base sending request with options { auth: null, failOnStatusCode: true, retryOnNetworkFailure: true, retryOnStatusCodeFailure: false, retryIntervals: [ 0, 100, 200, 200 ], method: 'GET', body: null, headers: { accept: 'text/html,*/*' }, timeout: 30000, isFromSpecBridge: false, hasAlreadyVisitedUrl: false, gzip: false, url: 'http://localhost:3000/signup', onBeforeReqInit: [Function: y], followRedirect: [Function: followRedirect] } +2ms
  cypress:server:automation:cookies getting:cookies { url: 'http://localhost:3000/signup' } +22ms
  cypress:server:automation:cookies received get:cookies [] +3ms
  cypress:server:request got cookies from browser { reqUrl: 'http://localhost:3000/signup', cookies: [] } +0ms
  cypress:server:request sending request as stream { auth: null, failOnStatusCode: true, retryOnNetworkFailure: true, retryOnStatusCodeFailure: false, retryIntervals: [ 0, 100, 200, 200 ], method: 'GET', body: null, headers: { accept: 'text/html,*/*', 'user-agent': 'Mozilla/5.0 (Windows NT 10.0; Win64; x64) AppleWebKit/537.36 (KHTML, like Gecko) Cypress/13.3.1 Chrome/114.0.5735.289 Electron/25.8.4 Safari/537.36' }, timeout: 30000, isFromSpecBridge: false, hasAlreadyVisitedUrl: false, gzip: false, url: 'http://localhost:3000/signup', onBeforeReqInit: [Function: y], followAllRedirects: true } +0ms
  cypress:network:agent addRequest called { isHttps: false, href: 'http://localhost:3000/signup' } +0ms
  cypress:network:connect beginning getAddress { hostname: 'localhost', port: '3000' } +3s
  cypress:network:connect got addresses { hostname: 'localhost', port: '3000', addresses: [ { address: '127.0.0.1', family: 4 }, { address: '::1', family: 6 } ] } +1ms
  cypress:network:agent got family { family: 6, href: 'http://localhost:3000/signup' } +3ms
  cypress:server:request received status code & headers on request { requestId: 'request3', statusCode: 200, headers: { 'content-type': 'text/html;charset=utf-8' } } +150ms
  cypress:server:request successful response received { requestId: 'request3' } +0ms
  cypress:server:server-base resolve:url headers received, buffering response { headers: { 'access-control-allow-origin': '*', 'content-type': 'text/html;charset=utf-8', 'x-powered-by': 'Nuxt', date: 'Wed, 18 Oct 2023 07:11:53 GMT', connection: 'close', 'content-length': '3692' }, statusCode: 200 } +154ms
  cypress:network:cors Parsed URL { port: '3000', protocol: 'http:', subdomain: null, domain: '', tld: 'localhost' } +155ms
  cypress:server:automation:cookies getting:cookies { domain: 'localhost' } +152ms
  cypress:server:automation:cookies received get:cookies [] +3ms
  cypress:server:server-base setting details resolving url { isOkStatusCode: true, contentType: 'text/html', url: 'http://localhost:3000/signup', status: 200, cookies: [], statusText: 'OK', redirects: [], originalUrl: 'http://localhost:3000/signup' } +4ms
  cypress:server:server-base resolve:url response ended, setting buffer { newUrl: 'http://localhost:3000/signup', details: { isOkStatusCode: true, contentType: 'text/html', url: 'http://localhost:3000/signup', status: 200, cookies: [], statusText: 'OK', redirects: [], originalUrl: 'http://localhost:3000/signup', isHtml: true } } +1ms
  cypress:network:cors Parsed URL { port: '3000', protocol: 'http:', subdomain: null, domain: '', tld: 'localhost' } +5ms
  cypress:network:cors Parsed URL { port: '3000', protocol: 'http:', subdomain: null, domain: '', tld: 'localhost' } +0ms
  cypress:server:remote-states setting remote state { auth: null, origin: 'http://localhost:3000', strategy: 'http', fileServer: null, domainName: 'localhost', props: { port: '3000', protocol: 'http:', subdomain: null, domain: '', tld: 'localhost' } } for http://localhost:3000 +160ms
  cypress:network:cors Parsed URL { port: '3000', protocol: 'http:', subdomain: null, domain: '', tld: 'localhost' } +0ms
  cypress:server:remote-states getting remote state: { auth: null, origin: 'http://localhost:3000', strategy: 'http', fileServer: null, domainName: 'localhost', props: { port: '3000', protocol: 'http:', subdomain: null, domain: '', tld: 'localhost' } } for: http://localhost:3000 +0ms
  cypress:proxy:http:util:buffers setting buffer { url: 'http://localhost:3000/signup' } +164ms
  cypress:network:cors Parsed URL { port: '3000', protocol: 'http:', subdomain: null, domain: '', tld: 'localhost' } +3ms
  cypress:proxy:http:util:buffers found request buffer { buffer: { url: 'http://localhost:3000/signup' } } +15ms
  cypress:net-stubbing:server:intercept-response InterceptResponse { req: { url: '/signup' }, request: undefined } +0ms
  cypress:network:cors Parsed URL { port: '3000', protocol: 'http:', subdomain: null, domain: '', tld: 'localhost' } +19ms
  cypress:server:remote-states getting remote state: { auth: null, origin: 'http://localhost:3000', strategy: 'http', fileServer: null, domainName: 'localhost', props: { port: '3000', protocol: 'http:', subdomain: null, domain: '', tld: 'localhost' } } for: http://localhost:3000 +22ms
  cypress:network:cors Parsed URL { port: '3000', protocol: 'http:', subdomain: null, domain: '', tld: 'localhost' } +0ms
  cypress:network:cors Parsed URL { port: '3000', protocol: 'http:', subdomain: null, domain: '', tld: 'localhost' } +1ms
  cypress:network:cors Parsed URL { port: '3000', protocol: 'http:', subdomain: null, domain: '', tld: 'localhost' } +1ms
  cypress:server:remote-states getting remote state: { auth: null, origin: 'http://localhost:3000', strategy: 'http', fileServer: null, domainName: 'localhost', props: { port: '3000', protocol: 'http:', subdomain: null, domain: '', tld: 'localhost' } } for: http://localhost:3000 +2ms
  cypress:network:cors Parsed URL { port: '3000', protocol: 'http:', subdomain: null, domain: '', tld: 'localhost' } +4ms
  cypress:network:cors Parsed URL { port: '3000', protocol: 'http:', subdomain: null, domain: '', tld: 'localhost' } +21ms
  cypress:network:cors Parsed URL { port: '3000', protocol: 'http:', subdomain: null, domain: '', tld: 'localhost' } +0ms
  cypress:network:cors Parsed URL { port: '3000', protocol: 'http:', subdomain: null, domain: '', tld: 'localhost' } +1ms
  cypress:server:remote-states getting remote state: { auth: null, origin: 'http://localhost:3000', strategy: 'http', fileServer: null, domainName: 'localhost', props: { port: '3000', protocol: 'http:', subdomain: null, domain: '', tld: 'localhost' } } for: http://localhost:3000/_nuxt/node_modules/vite-plugin-vue-inspector/src/Overlay.vue?vue&type=style&index=0&scoped=31d1379f&lang.css +26ms
  cypress:network:cors Parsed URL { port: '3000', protocol: 'http:', subdomain: null, domain: '', tld: 'localhost' } +1ms
  cypress:server:remote-states getting remote state: { auth: null, origin: 'http://localhost:3000', strategy: 'http', fileServer: null, domainName: 'localhost', props: { port: '3000', protocol: 'http:', subdomain: null, domain: '', tld: 'localhost' } } for: http://localhost:3000 +1ms
  cypress:server:stream_buffer stream buffer writeable final called +0ms
  cypress:network:agent addRequest called { isHttps: false, href: 'http://localhost:3000/_nuxt/node_modules/vite-plugin-vue-inspector/src/Overlay.vue?vue&type=style&index=0&scoped=31d1379f&lang.css' } +197ms
  cypress:network:agent got family { family: 6, href: 'http://localhost:3000/_nuxt/node_modules/vite-plugin-vue-inspector/src/Overlay.vue?vue&type=style&index=0&scoped=31d1379f&lang.css' } +0ms
  cypress:network:cors Parsed URL { port: '3000', protocol: 'http:', subdomain: null, domain: '', tld: 'localhost' } +4ms
  cypress:network:cors Parsed URL { port: '3000', protocol: 'http:', subdomain: null, domain: '', tld: 'localhost' } +0ms
  cypress:network:cors Parsed URL { port: '3000', protocol: 'http:', subdomain: null, domain: '', tld: 'localhost' } +1ms
  cypress:server:remote-states getting remote state: { auth: null, origin: 'http://localhost:3000', strategy: 'http', fileServer: null, domainName: 'localhost', props: { port: '3000', protocol: 'http:', subdomain: null, domain: '', tld: 'localhost' } } for: http://localhost:3000/_nuxt/pages/signup.vue?vue&type=style&index=0&scoped=a9e200fb&lang.css +5ms
  cypress:network:cors Parsed URL { port: '3000', protocol: 'http:', subdomain: null, domain: '', tld: 'localhost' } +0ms
  cypress:server:remote-states getting remote state: { auth: null, origin: 'http://localhost:3000', strategy: 'http', fileServer: null, domainName: 'localhost', props: { port: '3000', protocol: 'http:', subdomain: null, domain: '', tld: 'localhost' } } for: http://localhost:3000 +0ms
  cypress:server:stream_buffer stream buffer writeable final called +5ms
  cypress:network:agent addRequest called { isHttps: false, href: 'http://localhost:3000/_nuxt/pages/signup.vue?vue&type=style&index=0&scoped=a9e200fb&lang.css' } +6ms
  cypress:network:agent got family { family: 6, href: 'http://localhost:3000/_nuxt/pages/signup.vue?vue&type=style&index=0&scoped=a9e200fb&lang.css' } +0ms
  cypress:server:request received status code & headers on request { requestId: 'request4', statusCode: 200, headers: { 'content-type': 'text/css' } } +66ms
  cypress:server:request successful response received { requestId: 'request4' } +0ms
  cypress:net-stubbing:server:intercept-response InterceptResponse { req: { url: '/_nuxt/node_modules/vite-plugin-vue-inspector/src/Overlay.vue?vue&type=style&index=0&scoped=31d1379f&lang.css' }, request: undefined } +40ms
  cypress:network:cors Parsed URL { port: '3000', protocol: 'http:', subdomain: null, domain: '', tld: 'localhost' } +6ms
  cypress:server:remote-states getting remote state: { auth: null, origin: 'http://localhost:3000', strategy: 'http', fileServer: null, domainName: 'localhost', props: { port: '3000', protocol: 'http:', subdomain: null, domain: '', tld: 'localhost' } } for: http://localhost:3000 +6ms
  cypress:network:cors Parsed URL { port: '3000', protocol: 'http:', subdomain: null, domain: '', tld: 'localhost' } +0ms
  cypress:network:cors Parsed URL { port: '3000', protocol: 'http:', subdomain: null, domain: '', tld: 'localhost' } +0ms
  cypress:server:remote-states getting primary remote state: { auth: null, origin: 'http://localhost:3000', strategy: 'http', fileServer: null, domainName: 'localhost', props: { port: '3000', protocol: 'http:', subdomain: null, domain: '', tld: 'localhost' } } +1ms
  cypress:network:cors Parsed URL { port: '3000', protocol: 'http:', subdomain: null, domain: '', tld: 'localhost' } +1ms
  cypress:network:cors Parsed URL { port: '3000', protocol: 'http:', subdomain: null, domain: '', tld: 'localhost' } +0ms
  cypress:network:cors Parsed URL { port: '3000', protocol: 'http:', subdomain: null, domain: '', tld: 'localhost' } +1ms
  cypress:server:remote-states getting remote state: { auth: null, origin: 'http://localhost:3000', strategy: 'http', fileServer: null, domainName: 'localhost', props: { port: '3000', protocol: 'http:', subdomain: null, domain: '', tld: 'localhost' } } for: http://localhost:3000 +1ms
  cypress:network:cors Parsed URL { port: '3000', protocol: 'http:', subdomain: null, domain: '', tld: 'localhost' } +2ms
  cypress:network:cors Parsed URL { port: '3000', protocol: 'http:', subdomain: null, domain: '', tld: 'localhost' } +1ms
  cypress:network:cors Parsed URL { port: '3000', protocol: 'http:', subdomain: null, domain: '', tld: 'localhost' } +0ms
  cypress:server:remote-states getting remote state: { auth: null, origin: 'http://localhost:3000', strategy: 'http', fileServer: null, domainName: 'localhost', props: { port: '3000', protocol: 'http:', subdomain: null, domain: '', tld: 'localhost' } } for: http://localhost:3000/_nuxt/components/Button.vue?vue&type=style&index=0&scoped=b534b83e&lang.css +3ms
  cypress:network:cors Parsed URL { port: '3000', protocol: 'http:', subdomain: null, domain: '', tld: 'localhost' } +1ms
  cypress:server:remote-states getting remote state: { auth: null, origin: 'http://localhost:3000', strategy: 'http', fileServer: null, domainName: 'localhost', props: { port: '3000', protocol: 'http:', subdomain: null, domain: '', tld: 'localhost' } } for: http://localhost:3000 +1ms
  cypress:server:stream_buffer stream buffer writeable final called +12ms
  cypress:network:agent addRequest called { isHttps: false, href: 'http://localhost:3000/_nuxt/components/Button.vue?vue&type=style&index=0&scoped=b534b83e&lang.css' } +11ms
  cypress:network:agent got family { family: 6, href: 'http://localhost:3000/_nuxt/components/Button.vue?vue&type=style&index=0&scoped=b534b83e&lang.css' } +0ms
  cypress:server:request received status code & headers on request { requestId: 'request5', statusCode: 200, headers: { 'content-type': 'text/css' } } +12ms
  cypress:server:request successful response received { requestId: 'request5' } +0ms
  cypress:net-stubbing:server:intercept-response InterceptResponse { req: { url: '/_nuxt/pages/signup.vue?vue&type=style&index=0&scoped=a9e200fb&lang.css' }, request: undefined } +12ms
  cypress:network:cors Parsed URL { port: '3000', protocol: 'http:', subdomain: null, domain: '', tld: 'localhost' } +5ms
  cypress:server:remote-states getting remote state: { auth: null, origin: 'http://localhost:3000', strategy: 'http', fileServer: null, domainName: 'localhost', props: { port: '3000', protocol: 'http:', subdomain: null, domain: '', tld: 'localhost' } } for: http://localhost:3000 +5ms
  cypress:network:cors Parsed URL { port: '3000', protocol: 'http:', subdomain: null, domain: '', tld: 'localhost' } +0ms
  cypress:network:cors Parsed URL { port: '3000', protocol: 'http:', subdomain: null, domain: '', tld: 'localhost' } +1ms
  cypress:server:remote-states getting primary remote state: { auth: null, origin: 'http://localhost:3000', strategy: 'http', fileServer: null, domainName: 'localhost', props: { port: '3000', protocol: 'http:', subdomain: null, domain: '', tld: 'localhost' } } +1ms
  cypress:network:cors Parsed URL { port: '3000', protocol: 'http:', subdomain: null, domain: '', tld: 'localhost' } +0ms
  cypress:network:cors Parsed URL { port: '3000', protocol: 'http:', subdomain: null, domain: '', tld: 'localhost' } +0ms
  cypress:network:cors Parsed URL { port: '3000', protocol: 'http:', subdomain: null, domain: '', tld: 'localhost' } +0ms
  cypress:server:remote-states getting remote state: { auth: null, origin: 'http://localhost:3000', strategy: 'http', fileServer: null, domainName: 'localhost', props: { port: '3000', protocol: 'http:', subdomain: null, domain: '', tld: 'localhost' } } for: http://localhost:3000 +0ms
  cypress:network:cors Parsed URL { port: '3000', protocol: 'http:', subdomain: null, domain: '', tld: 'localhost' } +5ms
  cypress:network:cors Parsed URL { port: '3000', protocol: 'http:', subdomain: null, domain: '', tld: 'localhost' } +1ms
  cypress:network:cors Parsed URL { port: '3000', protocol: 'http:', subdomain: null, domain: '', tld: 'localhost' } +3ms
  cypress:server:remote-states getting remote state: { auth: null, origin: 'http://localhost:3000', strategy: 'http', fileServer: null, domainName: 'localhost', props: { port: '3000', protocol: 'http:', subdomain: null, domain: '', tld: 'localhost' } } for: http://localhost:3000/_nuxt/components/Divider.vue?vue&type=style&index=0&scoped=2e22f3ba&lang.css +9ms
  cypress:network:cors Parsed URL { port: '3000', protocol: 'http:', subdomain: null, domain: '', tld: 'localhost' } +0ms
  cypress:server:remote-states getting remote state: { auth: null, origin: 'http://localhost:3000', strategy: 'http', fileServer: null, domainName: 'localhost', props: { port: '3000', protocol: 'http:', subdomain: null, domain: '', tld: 'localhost' } } for: http://localhost:3000 +0ms
  cypress:server:stream_buffer stream buffer writeable final called +15ms
  cypress:network:agent addRequest called { isHttps: false, href: 'http://localhost:3000/_nuxt/components/Divider.vue?vue&type=style&index=0&scoped=2e22f3ba&lang.css' } +15ms
  cypress:network:agent got family { family: 6, href: 'http://localhost:3000/_nuxt/components/Divider.vue?vue&type=style&index=0&scoped=2e22f3ba&lang.css' } +0ms
  cypress:server:request received status code & headers on request { requestId: 'request6', statusCode: 200, headers: { 'content-type': 'text/css' } } +16ms
  cypress:server:request successful response received { requestId: 'request6' } +0ms
  cypress:net-stubbing:server:intercept-response InterceptResponse { req: { url: '/_nuxt/components/Button.vue?vue&type=style&index=0&scoped=b534b83e&lang.css' }, request: undefined } +17ms
  cypress:network:cors Parsed URL { port: '3000', protocol: 'http:', subdomain: null, domain: '', tld: 'localhost' } +7ms
  cypress:server:remote-states getting remote state: { auth: null, origin: 'http://localhost:3000', strategy: 'http', fileServer: null, domainName: 'localhost', props: { port: '3000', protocol: 'http:', subdomain: null, domain: '', tld: 'localhost' } } for: http://localhost:3000 +7ms
  cypress:network:cors Parsed URL { port: '3000', protocol: 'http:', subdomain: null, domain: '', tld: 'localhost' } +1ms
  cypress:network:cors Parsed URL { port: '3000', protocol: 'http:', subdomain: null, domain: '', tld: 'localhost' } +0ms
  cypress:server:remote-states getting primary remote state: { auth: null, origin: 'http://localhost:3000', strategy: 'http', fileServer: null, domainName: 'localhost', props: { port: '3000', protocol: 'http:', subdomain: null, domain: '', tld: 'localhost' } } +1ms
  cypress:network:cors Parsed URL { port: '3000', protocol: 'http:', subdomain: null, domain: '', tld: 'localhost' } +0ms
  cypress:network:cors Parsed URL { port: '3000', protocol: 'http:', subdomain: null, domain: '', tld: 'localhost' } +0ms
  cypress:network:cors Parsed URL { port: '3000', protocol: 'http:', subdomain: null, domain: '', tld: 'localhost' } +1ms
  cypress:server:remote-states getting remote state: { auth: null, origin: 'http://localhost:3000', strategy: 'http', fileServer: null, domainName: 'localhost', props: { port: '3000', protocol: 'http:', subdomain: null, domain: '', tld: 'localhost' } } for: http://localhost:3000 +1ms
  cypress:network:cors Parsed URL { port: '3000', protocol: 'http:', subdomain: null, domain: '', tld: 'localhost' } +3ms
  cypress:network:cors Parsed URL { port: '3000', protocol: 'http:', subdomain: null, domain: '', tld: 'localhost' } +0ms
  cypress:network:cors Parsed URL { port: '3000', protocol: 'http:', subdomain: null, domain: '', tld: 'localhost' } +1ms
  cypress:server:remote-states getting remote state: { auth: null, origin: 'http://localhost:3000', strategy: 'http', fileServer: null, domainName: 'localhost', props: { port: '3000', protocol: 'http:', subdomain: null, domain: '', tld: 'localhost' } } for: http://localhost:3000/_nuxt/components/TextInput.vue?vue&type=style&index=0&scoped=4f98be6b&lang.scss +4ms
  cypress:network:cors Parsed URL { port: '3000', protocol: 'http:', subdomain: null, domain: '', tld: 'localhost' } +0ms
  cypress:server:remote-states getting remote state: { auth: null, origin: 'http://localhost:3000', strategy: 'http', fileServer: null, domainName: 'localhost', props: { port: '3000', protocol: 'http:', subdomain: null, domain: '', tld: 'localhost' } } for: http://localhost:3000 +0ms
  cypress:server:stream_buffer stream buffer writeable final called +13ms
  cypress:network:agent addRequest called { isHttps: false, href: 'http://localhost:3000/_nuxt/components/TextInput.vue?vue&type=style&index=0&scoped=4f98be6b&lang.scss' } +13ms
  cypress:network:agent got family { family: 6, href: 'http://localhost:3000/_nuxt/components/TextInput.vue?vue&type=style&index=0&scoped=4f98be6b&lang.scss' } +0ms
  cypress:server:request received status code & headers on request { requestId: 'request7', statusCode: 200, headers: { 'content-type': 'text/css' } } +12ms
  cypress:server:request successful response received { requestId: 'request7' } +0ms
  cypress:net-stubbing:server:intercept-response InterceptResponse { req: { url: '/_nuxt/components/Divider.vue?vue&type=style&index=0&scoped=2e22f3ba&lang.css' }, request: undefined } +11ms
  cypress:network:cors Parsed URL { port: '3000', protocol: 'http:', subdomain: null, domain: '', tld: 'localhost' } +6ms
  cypress:server:remote-states getting remote state: { auth: null, origin: 'http://localhost:3000', strategy: 'http', fileServer: null, domainName: 'localhost', props: { port: '3000', protocol: 'http:', subdomain: null, domain: '', tld: 'localhost' } } for: http://localhost:3000 +6ms
  cypress:network:cors Parsed URL { port: '3000', protocol: 'http:', subdomain: null, domain: '', tld: 'localhost' } +0ms
  cypress:network:cors Parsed URL { port: '3000', protocol: 'http:', subdomain: null, domain: '', tld: 'localhost' } +0ms
  cypress:server:remote-states getting primary remote state: { auth: null, origin: 'http://localhost:3000', strategy: 'http', fileServer: null, domainName: 'localhost', props: { port: '3000', protocol: 'http:', subdomain: null, domain: '', tld: 'localhost' } } +0ms
  cypress:network:cors Parsed URL { port: '3000', protocol: 'http:', subdomain: null, domain: '', tld: 'localhost' } +1ms
  cypress:network:cors Parsed URL { port: '3000', protocol: 'http:', subdomain: null, domain: '', tld: 'localhost' } +0ms
  cypress:network:cors Parsed URL { port: '3000', protocol: 'http:', subdomain: null, domain: '', tld: 'localhost' } +0ms
  cypress:server:remote-states getting remote state: { auth: null, origin: 'http://localhost:3000', strategy: 'http', fileServer: null, domainName: 'localhost', props: { port: '3000', protocol: 'http:', subdomain: null, domain: '', tld: 'localhost' } } for: http://localhost:3000 +1ms
  cypress:network:cors Parsed URL { port: '3000', protocol: 'http:', subdomain: null, domain: '', tld: 'localhost' } +4ms
  cypress:network:cors Parsed URL { port: '3000', protocol: 'http:', subdomain: null, domain: '', tld: 'localhost' } +1ms
  cypress:network:cors Parsed URL { port: '3000', protocol: 'http:', subdomain: null, domain: '', tld: 'localhost' } +1ms
  cypress:server:remote-states getting remote state: { auth: null, origin: 'http://localhost:3000', strategy: 'http', fileServer: null, domainName: 'localhost', props: { port: '3000', protocol: 'http:', subdomain: null, domain: '', tld: 'localhost' } } for: http://localhost:3000/_nuxt/layouts/default.vue?vue&type=style&index=0&lang.scss +6ms
  cypress:network:cors Parsed URL { port: '3000', protocol: 'http:', subdomain: null, domain: '', tld: 'localhost' } +0ms
  cypress:server:remote-states getting remote state: { auth: null, origin: 'http://localhost:3000', strategy: 'http', fileServer: null, domainName: 'localhost', props: { port: '3000', protocol: 'http:', subdomain: null, domain: '', tld: 'localhost' } } for: http://localhost:3000 +0ms
  cypress:server:stream_buffer stream buffer writeable final called +13ms
  cypress:network:agent addRequest called { isHttps: false, href: 'http://localhost:3000/_nuxt/layouts/default.vue?vue&type=style&index=0&lang.scss' } +13ms
  cypress:network:agent got family { family: 6, href: 'http://localhost:3000/_nuxt/layouts/default.vue?vue&type=style&index=0&lang.scss' } +1ms
  cypress:server:request received status code & headers on request { requestId: 'request8', statusCode: 200, headers: { 'content-type': 'text/css' } } +12ms
  cypress:server:request successful response received { requestId: 'request8' } +0ms
  cypress:net-stubbing:server:intercept-response InterceptResponse { req: { url: '/_nuxt/components/TextInput.vue?vue&type=style&index=0&scoped=4f98be6b&lang.scss' }, request: undefined } +12ms
  cypress:network:cors Parsed URL { port: '3000', protocol: 'http:', subdomain: null, domain: '', tld: 'localhost' } +5ms
  cypress:server:remote-states getting remote state: { auth: null, origin: 'http://localhost:3000', strategy: 'http', fileServer: null, domainName: 'localhost', props: { port: '3000', protocol: 'http:', subdomain: null, domain: '', tld: 'localhost' } } for: http://localhost:3000 +5ms
  cypress:network:cors Parsed URL { port: '3000', protocol: 'http:', subdomain: null, domain: '', tld: 'localhost' } +0ms
  cypress:network:cors Parsed URL { port: '3000', protocol: 'http:', subdomain: null, domain: '', tld: 'localhost' } +0ms
  cypress:server:remote-states getting primary remote state: { auth: null, origin: 'http://localhost:3000', strategy: 'http', fileServer: null, domainName: 'localhost', props: { port: '3000', protocol: 'http:', subdomain: null, domain: '', tld: 'localhost' } } +0ms
  cypress:network:cors Parsed URL { port: '3000', protocol: 'http:', subdomain: null, domain: '', tld: 'localhost' } +0ms
  cypress:network:cors Parsed URL { port: '3000', protocol: 'http:', subdomain: null, domain: '', tld: 'localhost' } +0ms
  cypress:network:cors Parsed URL { port: '3000', protocol: 'http:', subdomain: null, domain: '', tld: 'localhost' } +0ms
  cypress:server:remote-states getting remote state: { auth: null, origin: 'http://localhost:3000', strategy: 'http', fileServer: null, domainName: 'localhost', props: { port: '3000', protocol: 'http:', subdomain: null, domain: '', tld: 'localhost' } } for: http://localhost:3000 +0ms
  cypress:network:cors Parsed URL { port: '3000', protocol: 'http:', subdomain: null, domain: '', tld: 'localhost' } +4ms
  cypress:network:cors Parsed URL { port: '3000', protocol: 'http:', subdomain: null, domain: '', tld: 'localhost' } +0ms
  cypress:network:cors Parsed URL { port: '3000', protocol: 'http:', subdomain: null, domain: '', tld: 'localhost' } +1ms
  cypress:server:remote-states getting remote state: { auth: null, origin: 'http://localhost:3000', strategy: 'http', fileServer: null, domainName: 'localhost', props: { port: '3000', protocol: 'http:', subdomain: null, domain: '', tld: 'localhost' } } for: http://localhost:3000/_nuxt/node_modules/@nuxt/ui-templates/dist/templates/error-404.vue?vue&type=style&index=0&scoped=bc8852ab&lang.css +5ms
  cypress:network:cors Parsed URL { port: '3000', protocol: 'http:', subdomain: null, domain: '', tld: 'localhost' } +0ms
  cypress:server:remote-states getting remote state: { auth: null, origin: 'http://localhost:3000', strategy: 'http', fileServer: null, domainName: 'localhost', props: { port: '3000', protocol: 'http:', subdomain: null, domain: '', tld: 'localhost' } } for: http://localhost:3000 +0ms
  cypress:server:stream_buffer stream buffer writeable final called +10ms
  cypress:network:agent addRequest called { isHttps: false, href: 'http://localhost:3000/_nuxt/node_modules/@nuxt/ui-templates/dist/templates/error-404.vue?vue&type=style&index=0&scoped=bc8852ab&lang.css' } +9ms
  cypress:network:agent got family { family: 6, href: 'http://localhost:3000/_nuxt/node_modules/@nuxt/ui-templates/dist/templates/error-404.vue?vue&type=style&index=0&scoped=bc8852ab&lang.css' } +0ms
  cypress:server:request received status code & headers on request { requestId: 'request9', statusCode: 200, headers: { 'content-type': 'text/css' } } +10ms
  cypress:server:request successful response received { requestId: 'request9' } +0ms
  cypress:net-stubbing:server:intercept-response InterceptResponse { req: { url: '/_nuxt/layouts/default.vue?vue&type=style&index=0&lang.scss' }, request: undefined } +10ms
  cypress:network:cors Parsed URL { port: '3000', protocol: 'http:', subdomain: null, domain: '', tld: 'localhost' } +5ms
  cypress:server:remote-states getting remote state: { auth: null, origin: 'http://localhost:3000', strategy: 'http', fileServer: null, domainName: 'localhost', props: { port: '3000', protocol: 'http:', subdomain: null, domain: '', tld: 'localhost' } } for: http://localhost:3000 +5ms
  cypress:network:cors Parsed URL { port: '3000', protocol: 'http:', subdomain: null, domain: '', tld: 'localhost' } +0ms
  cypress:network:cors Parsed URL { port: '3000', protocol: 'http:', subdomain: null, domain: '', tld: 'localhost' } +0ms
  cypress:server:remote-states getting primary remote state: { auth: null, origin: 'http://localhost:3000', strategy: 'http', fileServer: null, domainName: 'localhost', props: { port: '3000', protocol: 'http:', subdomain: null, domain: '', tld: 'localhost' } } +0ms
  cypress:network:cors Parsed URL { port: '3000', protocol: 'http:', subdomain: null, domain: '', tld: 'localhost' } +0ms
  cypress:network:cors Parsed URL { port: '3000', protocol: 'http:', subdomain: null, domain: '', tld: 'localhost' } +0ms
  cypress:network:cors Parsed URL { port: '3000', protocol: 'http:', subdomain: null, domain: '', tld: 'localhost' } +1ms
  cypress:server:remote-states getting remote state: { auth: null, origin: 'http://localhost:3000', strategy: 'http', fileServer: null, domainName: 'localhost', props: { port: '3000', protocol: 'http:', subdomain: null, domain: '', tld: 'localhost' } } for: http://localhost:3000 +1ms
  cypress:network:cors Parsed URL { port: '3000', protocol: 'http:', subdomain: null, domain: '', tld: 'localhost' } +3ms
  cypress:network:cors Parsed URL { port: '3000', protocol: 'http:', subdomain: null, domain: '', tld: 'localhost' } +0ms
  cypress:network:cors Parsed URL { port: '3000', protocol: 'http:', subdomain: null, domain: '', tld: 'localhost' } +1ms
  cypress:server:remote-states getting remote state: { auth: null, origin: 'http://localhost:3000', strategy: 'http', fileServer: null, domainName: 'localhost', props: { port: '3000', protocol: 'http:', subdomain: null, domain: '', tld: 'localhost' } } for: http://localhost:3000/_nuxt/C:/Users/LucasFelber/Documents/SideProjects/cypress-submit-reload/node_modules/nuxt/dist/app/entry.js +4ms
  cypress:network:cors Parsed URL { port: '3000', protocol: 'http:', subdomain: null, domain: '', tld: 'localhost' } +0ms
  cypress:server:remote-states getting remote state: { auth: null, origin: 'http://localhost:3000', strategy: 'http', fileServer: null, domainName: 'localhost', props: { port: '3000', protocol: 'http:', subdomain: null, domain: '', tld: 'localhost' } } for: http://localhost:3000 +0ms
  cypress:server:stream_buffer stream buffer writeable final called +10ms
  cypress:network:agent addRequest called { isHttps: false, href: 'http://localhost:3000/_nuxt/C:/Users/LucasFelber/Documents/SideProjects/cypress-submit-reload/node_modules/nuxt/dist/app/entry.js' } +10ms
  cypress:network:agent got family { family: 6, href: 'http://localhost:3000/_nuxt/C:/Users/LucasFelber/Documents/SideProjects/cypress-submit-reload/node_modules/nuxt/dist/app/entry.js' } +1ms
  cypress:server:request received status code & headers on request { requestId: 'request10', statusCode: 200, headers: { 'content-type': 'text/css' } } +11ms
  cypress:server:request successful response received { requestId: 'request10' } +0ms
  cypress:net-stubbing:server:intercept-response InterceptResponse { req: { url: '/_nuxt/node_modules/@nuxt/ui-templates/dist/templates/error-404.vue?vue&type=style&index=0&scoped=bc8852ab&lang.css' }, request: undefined } +11ms
  cypress:network:cors Parsed URL { port: '3000', protocol: 'http:', subdomain: null, domain: '', tld: 'localhost' } +5ms
  cypress:server:remote-states getting remote state: { auth: null, origin: 'http://localhost:3000', strategy: 'http', fileServer: null, domainName: 'localhost', props: { port: '3000', protocol: 'http:', subdomain: null, domain: '', tld: 'localhost' } } for: http://localhost:3000 +5ms
  cypress:network:cors Parsed URL { port: '3000', protocol: 'http:', subdomain: null, domain: '', tld: 'localhost' } +0ms
  cypress:network:cors Parsed URL { port: '3000', protocol: 'http:', subdomain: null, domain: '', tld: 'localhost' } +0ms
  cypress:server:remote-states getting primary remote state: { auth: null, origin: 'http://localhost:3000', strategy: 'http', fileServer: null, domainName: 'localhost', props: { port: '3000', protocol: 'http:', subdomain: null, domain: '', tld: 'localhost' } } +0ms
  cypress:network:cors Parsed URL { port: '3000', protocol: 'http:', subdomain: null, domain: '', tld: 'localhost' } +1ms
  cypress:network:cors Parsed URL { port: '3000', protocol: 'http:', subdomain: null, domain: '', tld: 'localhost' } +0ms
  cypress:network:cors Parsed URL { port: '3000', protocol: 'http:', subdomain: null, domain: '', tld: 'localhost' } +0ms
  cypress:server:remote-states getting remote state: { auth: null, origin: 'http://localhost:3000', strategy: 'http', fileServer: null, domainName: 'localhost', props: { port: '3000', protocol: 'http:', subdomain: null, domain: '', tld: 'localhost' } } for: http://localhost:3000 +1ms
  cypress:network:cors Parsed URL { port: '3000', protocol: 'http:', subdomain: null, domain: '', tld: 'localhost' } +3ms
  cypress:network:cors Parsed URL { port: '3000', protocol: 'http:', subdomain: null, domain: '', tld: 'localhost' } +0ms
  cypress:network:cors Parsed URL { port: '3000', protocol: 'http:', subdomain: null, domain: '', tld: 'localhost' } +0ms
  cypress:server:remote-states getting remote state: { auth: null, origin: 'http://localhost:3000', strategy: 'http', fileServer: null, domainName: 'localhost', props: { port: '3000', protocol: 'http:', subdomain: null, domain: '', tld: 'localhost' } } for: http://localhost:3000/_nuxt/@vite/client +3ms
  cypress:network:cors Parsed URL { port: '3000', protocol: 'http:', subdomain: null, domain: '', tld: 'localhost' } +0ms
  cypress:server:remote-states getting remote state: { auth: null, origin: 'http://localhost:3000', strategy: 'http', fileServer: null, domainName: 'localhost', props: { port: '3000', protocol: 'http:', subdomain: null, domain: '', tld: 'localhost' } } for: http://localhost:3000 +0ms
  cypress:server:stream_buffer stream buffer writeable final called +10ms
  cypress:network:agent addRequest called { isHttps: false, href: 'http://localhost:3000/_nuxt/@vite/client' } +9ms
  cypress:network:agent got family { family: 6, href: 'http://localhost:3000/_nuxt/@vite/client' } +0ms
  cypress:server:request received status code & headers on request { requestId: 'request11', statusCode: 200, headers: { 'content-type': 'application/javascript' } } +10ms
  cypress:server:request successful response received { requestId: 'request11' } +0ms
  cypress:net-stubbing:server:intercept-response InterceptResponse { req: { url: '/_nuxt/C:/Users/LucasFelber/Documents/SideProjects/cypress-submit-reload/node_modules/nuxt/dist/app/entry.js' }, request: undefined } +11ms
  cypress:network:cors Parsed URL { port: '3000', protocol: 'http:', subdomain: null, domain: '', tld: 'localhost' } +7ms
  cypress:server:remote-states getting remote state: { auth: null, origin: 'http://localhost:3000', strategy: 'http', fileServer: null, domainName: 'localhost', props: { port: '3000', protocol: 'http:', subdomain: null, domain: '', tld: 'localhost' } } for: http://localhost:3000 +7ms
  cypress:network:cors Parsed URL { port: '3000', protocol: 'http:', subdomain: null, domain: '', tld: 'localhost' } +0ms
  cypress:network:cors Parsed URL { port: '3000', protocol: 'http:', subdomain: null, domain: '', tld: 'localhost' } +0ms
  cypress:server:remote-states getting primary remote state: { auth: null, origin: 'http://localhost:3000', strategy: 'http', fileServer: null, domainName: 'localhost', props: { port: '3000', protocol: 'http:', subdomain: null, domain: '', tld: 'localhost' } } +1ms
  cypress:network:cors Parsed URL { port: '3000', protocol: 'http:', subdomain: null, domain: '', tld: 'localhost' } +1ms
  cypress:network:cors Parsed URL { port: '3000', protocol: 'http:', subdomain: null, domain: '', tld: 'localhost' } +0ms
  cypress:network:cors Parsed URL { port: '3000', protocol: 'http:', subdomain: null, domain: '', tld: 'localhost' } +0ms
  cypress:server:remote-states getting remote state: { auth: null, origin: 'http://localhost:3000', strategy: 'http', fileServer: null, domainName: 'localhost', props: { port: '3000', protocol: 'http:', subdomain: null, domain: '', tld: 'localhost' } } for: http://localhost:3000 +0ms
  cypress:server:request received status code & headers on request { requestId: 'request12', statusCode: 200, headers: { 'content-type': 'application/javascript' } } +17ms
  cypress:server:request successful response received { requestId: 'request12' } +0ms
  cypress:net-stubbing:server:intercept-response InterceptResponse { req: { url: '/_nuxt/@vite/client' }, request: undefined } +17ms
  cypress:network:cors Parsed URL { port: '3000', protocol: 'http:', subdomain: null, domain: '', tld: 'localhost' } +16ms
  cypress:server:remote-states getting remote state: { auth: null, origin: 'http://localhost:3000', strategy: 'http', fileServer: null, domainName: 'localhost', props: { port: '3000', protocol: 'http:', subdomain: null, domain: '', tld: 'localhost' } } for: http://localhost:3000 +16ms
  cypress:network:cors Parsed URL { port: '3000', protocol: 'http:', subdomain: null, domain: '', tld: 'localhost' } +0ms
  cypress:network:cors Parsed URL { port: '3000', protocol: 'http:', subdomain: null, domain: '', tld: 'localhost' } +0ms
  cypress:server:remote-states getting primary remote state: { auth: null, origin: 'http://localhost:3000', strategy: 'http', fileServer: null, domainName: 'localhost', props: { port: '3000', protocol: 'http:', subdomain: null, domain: '', tld: 'localhost' } } +0ms
  cypress:network:cors Parsed URL { port: '3000', protocol: 'http:', subdomain: null, domain: '', tld: 'localhost' } +0ms
  cypress:network:cors Parsed URL { port: '3000', protocol: 'http:', subdomain: null, domain: '', tld: 'localhost' } +1ms
  cypress:network:cors Parsed URL { port: '3000', protocol: 'http:', subdomain: null, domain: '', tld: 'localhost' } +0ms
  cypress:server:remote-states getting remote state: { auth: null, origin: 'http://localhost:3000', strategy: 'http', fileServer: null, domainName: 'localhost', props: { port: '3000', protocol: 'http:', subdomain: null, domain: '', tld: 'localhost' } } for: http://localhost:3000 +1ms
  cypress:network:cors Parsed URL { port: '3000', protocol: 'http:', subdomain: null, domain: '', tld: 'localhost' } +35ms
  cypress:network:cors Parsed URL { port: '3000', protocol: 'http:', subdomain: null, domain: '', tld: 'localhost' } +0ms
  cypress:network:cors Parsed URL { port: '3000', protocol: 'http:', subdomain: null, domain: '', tld: 'localhost' } +1ms
  cypress:server:remote-states getting remote state: { auth: null, origin: 'http://localhost:3000', strategy: 'http', fileServer: null, domainName: 'localhost', props: { port: '3000', protocol: 'http:', subdomain: null, domain: '', tld: 'localhost' } } for: http://localhost:3000/_nuxt/node_modules/.cache/vite/client/deps/vue.js?v=b9068561 +36ms
  cypress:network:cors Parsed URL { port: '3000', protocol: 'http:', subdomain: null, domain: '', tld: 'localhost' } +0ms
  cypress:server:remote-states getting remote state: { auth: null, origin: 'http://localhost:3000', strategy: 'http', fileServer: null, domainName: 'localhost', props: { port: '3000', protocol: 'http:', subdomain: null, domain: '', tld: 'localhost' } } for: http://localhost:3000 +0ms
  cypress:server:stream_buffer stream buffer writeable final called +60ms
  cypress:network:agent addRequest called { isHttps: false, href: 'http://localhost:3000/_nuxt/node_modules/.cache/vite/client/deps/vue.js?v=b9068561' } +61ms
  cypress:network:agent got family { family: 6, href: 'http://localhost:3000/_nuxt/node_modules/.cache/vite/client/deps/vue.js?v=b9068561' } +0ms
  cypress:network:cors Parsed URL { port: '3000', protocol: 'http:', subdomain: null, domain: '', tld: 'localhost' } +6ms
  cypress:network:cors Parsed URL { port: '3000', protocol: 'http:', subdomain: null, domain: '', tld: 'localhost' } +0ms
  cypress:network:cors Parsed URL { port: '3000', protocol: 'http:', subdomain: null, domain: '', tld: 'localhost' } +0ms
  cypress:server:remote-states getting remote state: { auth: null, origin: 'http://localhost:3000', strategy: 'http', fileServer: null, domainName: 'localhost', props: { port: '3000', protocol: 'http:', subdomain: null, domain: '', tld: 'localhost' } } for: http://localhost:3000/_nuxt/node_modules/ofetch/dist/index.mjs?v=b9068561 +7ms
  cypress:network:cors Parsed URL { port: '3000', protocol: 'http:', subdomain: null, domain: '', tld: 'localhost' } +1ms
  cypress:server:remote-states getting remote state: { auth: null, origin: 'http://localhost:3000', strategy: 'http', fileServer: null, domainName: 'localhost', props: { port: '3000', protocol: 'http:', subdomain: null, domain: '', tld: 'localhost' } } for: http://localhost:3000 +0ms
  cypress:server:stream_buffer stream buffer writeable final called +7ms
  cypress:network:agent addRequest called { isHttps: false, href: 'http://localhost:3000/_nuxt/node_modules/ofetch/dist/index.mjs?v=b9068561' } +6ms
  cypress:network:agent got family { family: 6, href: 'http://localhost:3000/_nuxt/node_modules/ofetch/dist/index.mjs?v=b9068561' } +1ms
  cypress:server:request received status code & headers on request { requestId: 'request13', statusCode: 200, headers: { 'content-type': 'application/javascript' } } +50ms
  cypress:server:request successful response received { requestId: 'request13' } +0ms
  cypress:net-stubbing:server:intercept-response InterceptResponse { req: { url: '/_nuxt/node_modules/.cache/vite/client/deps/vue.js?v=b9068561' }, request: undefined } +49ms
  cypress:network:cors Parsed URL { port: '3000', protocol: 'http:', subdomain: null, domain: '', tld: 'localhost' } +6ms
  cypress:server:remote-states getting remote state: { auth: null, origin: 'http://localhost:3000', strategy: 'http', fileServer: null, domainName: 'localhost', props: { port: '3000', protocol: 'http:', subdomain: null, domain: '', tld: 'localhost' } } for: http://localhost:3000 +6ms
  cypress:network:cors Parsed URL { port: '3000', protocol: 'http:', subdomain: null, domain: '', tld: 'localhost' } +0ms
  cypress:network:cors Parsed URL { port: '3000', protocol: 'http:', subdomain: null, domain: '', tld: 'localhost' } +0ms
  cypress:server:remote-states getting primary remote state: { auth: null, origin: 'http://localhost:3000', strategy: 'http', fileServer: null, domainName: 'localhost', props: { port: '3000', protocol: 'http:', subdomain: null, domain: '', tld: 'localhost' } } +0ms
  cypress:network:cors Parsed URL { port: '3000', protocol: 'http:', subdomain: null, domain: '', tld: 'localhost' } +0ms
  cypress:network:cors Parsed URL { port: '3000', protocol: 'http:', subdomain: null, domain: '', tld: 'localhost' } +0ms
  cypress:network:cors Parsed URL { port: '3000', protocol: 'http:', subdomain: null, domain: '', tld: 'localhost' } +0ms
  cypress:server:remote-states getting remote state: { auth: null, origin: 'http://localhost:3000', strategy: 'http', fileServer: null, domainName: 'localhost', props: { port: '3000', protocol: 'http:', subdomain: null, domain: '', tld: 'localhost' } } for: http://localhost:3000 +0ms
  cypress:network:cors Parsed URL { port: '3000', protocol: 'http:', subdomain: null, domain: '', tld: 'localhost' } +5ms
  cypress:network:cors Parsed URL { port: '3000', protocol: 'http:', subdomain: null, domain: '', tld: 'localhost' } +0ms
  cypress:network:cors Parsed URL { port: '3000', protocol: 'http:', subdomain: null, domain: '', tld: 'localhost' } +1ms
  cypress:server:remote-states getting remote state: { auth: null, origin: 'http://localhost:3000', strategy: 'http', fileServer: null, domainName: 'localhost', props: { port: '3000', protocol: 'http:', subdomain: null, domain: '', tld: 'localhost' } } for: http://localhost:3000/_nuxt/@id/virtual:nuxt:C:/Users/LucasFelber/Documents/SideProjects/cypress-submit-reload/.nuxt/paths.mjs +6ms
  cypress:network:cors Parsed URL { port: '3000', protocol: 'http:', subdomain: null, domain: '', tld: 'localhost' } +0ms
  cypress:server:remote-states getting remote state: { auth: null, origin: 'http://localhost:3000', strategy: 'http', fileServer: null, domainName: 'localhost', props: { port: '3000', protocol: 'http:', subdomain: null, domain: '', tld: 'localhost' } } for: http://localhost:3000 +0ms
  cypress:server:stream_buffer stream buffer writeable final called +12ms
  cypress:network:agent addRequest called { isHttps: false, href: 'http://localhost:3000/_nuxt/@id/virtual:nuxt:C:/Users/LucasFelber/Documents/SideProjects/cypress-submit-reload/.nuxt/paths.mjs' } +11ms
  cypress:network:agent got family { family: 6, href: 'http://localhost:3000/_nuxt/@id/virtual:nuxt:C:/Users/LucasFelber/Documents/SideProjects/cypress-submit-reload/.nuxt/paths.mjs' } +1ms
  cypress:server:request received status code & headers on request { requestId: 'request14', statusCode: 200, headers: { 'content-type': 'application/javascript' } } +12ms
  cypress:server:request successful response received { requestId: 'request14' } +0ms
  cypress:net-stubbing:server:intercept-response InterceptResponse { req: { url: '/_nuxt/node_modules/ofetch/dist/index.mjs?v=b9068561' }, request: undefined } +12ms
  cypress:network:cors Parsed URL { port: '3000', protocol: 'http:', subdomain: null, domain: '', tld: 'localhost' } +5ms
  cypress:server:remote-states getting remote state: { auth: null, origin: 'http://localhost:3000', strategy: 'http', fileServer: null, domainName: 'localhost', props: { port: '3000', protocol: 'http:', subdomain: null, domain: '', tld: 'localhost' } } for: http://localhost:3000 +5ms
  cypress:network:cors Parsed URL { port: '3000', protocol: 'http:', subdomain: null, domain: '', tld: 'localhost' } +0ms
  cypress:network:cors Parsed URL { port: '3000', protocol: 'http:', subdomain: null, domain: '', tld: 'localhost' } +0ms
  cypress:server:remote-states getting primary remote state: { auth: null, origin: 'http://localhost:3000', strategy: 'http', fileServer: null, domainName: 'localhost', props: { port: '3000', protocol: 'http:', subdomain: null, domain: '', tld: 'localhost' } } +1ms
  cypress:network:cors Parsed URL { port: '3000', protocol: 'http:', subdomain: null, domain: '', tld: 'localhost' } +1ms
  cypress:network:cors Parsed URL { port: '3000', protocol: 'http:', subdomain: null, domain: '', tld: 'localhost' } +0ms
  cypress:network:cors Parsed URL { port: '3000', protocol: 'http:', subdomain: null, domain: '', tld: 'localhost' } +0ms
  cypress:server:remote-states getting remote state: { auth: null, origin: 'http://localhost:3000', strategy: 'http', fileServer: null, domainName: 'localhost', props: { port: '3000', protocol: 'http:', subdomain: null, domain: '', tld: 'localhost' } } for: http://localhost:3000 +0ms
  cypress:network:cors Parsed URL { port: '3000', protocol: 'http:', subdomain: null, domain: '', tld: 'localhost' } +5ms
  cypress:network:cors Parsed URL { port: '3000', protocol: 'http:', subdomain: null, domain: '', tld: 'localhost' } +0ms
  cypress:network:cors Parsed URL { port: '3000', protocol: 'http:', subdomain: null, domain: '', tld: 'localhost' } +1ms
  cypress:server:remote-states getting remote state: { auth: null, origin: 'http://localhost:3000', strategy: 'http', fileServer: null, domainName: 'localhost', props: { port: '3000', protocol: 'http:', subdomain: null, domain: '', tld: 'localhost' } } for: http://localhost:3000/_nuxt/node_modules/nuxt/dist/app/nuxt.js?v=b9068561 +6ms
  cypress:network:cors Parsed URL { port: '3000', protocol: 'http:', subdomain: null, domain: '', tld: 'localhost' } +0ms
  cypress:server:remote-states getting remote state: { auth: null, origin: 'http://localhost:3000', strategy: 'http', fileServer: null, domainName: 'localhost', props: { port: '3000', protocol: 'http:', subdomain: null, domain: '', tld: 'localhost' } } for: http://localhost:3000 +0ms
  cypress:server:stream_buffer stream buffer writeable final called +13ms
  cypress:network:agent addRequest called { isHttps: false, href: 'http://localhost:3000/_nuxt/node_modules/nuxt/dist/app/nuxt.js?v=b9068561' } +12ms
  cypress:network:agent got family { family: 6, href: 'http://localhost:3000/_nuxt/node_modules/nuxt/dist/app/nuxt.js?v=b9068561' } +0ms
  cypress:server:request received status code & headers on request { requestId: 'request15', statusCode: 200, headers: { 'content-type': 'application/javascript' } } +11ms
  cypress:server:request successful response received { requestId: 'request15' } +0ms
  cypress:net-stubbing:server:intercept-response InterceptResponse { req: { url: '/_nuxt/@id/virtual:nuxt:C:/Users/LucasFelber/Documents/SideProjects/cypress-submit-reload/.nuxt/paths.mjs' }, request: undefined } +12ms
  cypress:network:cors Parsed URL { port: '3000', protocol: 'http:', subdomain: null, domain: '', tld: 'localhost' } +8ms
  cypress:server:remote-states getting remote state: { auth: null, origin: 'http://localhost:3000', strategy: 'http', fileServer: null, domainName: 'localhost', props: { port: '3000', protocol: 'http:', subdomain: null, domain: '', tld: 'localhost' } } for: http://localhost:3000 +8ms
  cypress:network:cors Parsed URL { port: '3000', protocol: 'http:', subdomain: null, domain: '', tld: 'localhost' } +0ms
  cypress:network:cors Parsed URL { port: '3000', protocol: 'http:', subdomain: null, domain: '', tld: 'localhost' } +0ms
  cypress:server:remote-states getting primary remote state: { auth: null, origin: 'http://localhost:3000', strategy: 'http', fileServer: null, domainName: 'localhost', props: { port: '3000', protocol: 'http:', subdomain: null, domain: '', tld: 'localhost' } } +1ms
  cypress:network:cors Parsed URL { port: '3000', protocol: 'http:', subdomain: null, domain: '', tld: 'localhost' } +1ms
  cypress:network:cors Parsed URL { port: '3000', protocol: 'http:', subdomain: null, domain: '', tld: 'localhost' } +0ms
  cypress:network:cors Parsed URL { port: '3000', protocol: 'http:', subdomain: null, domain: '', tld: 'localhost' } +0ms
  cypress:server:remote-states getting remote state: { auth: null, origin: 'http://localhost:3000', strategy: 'http', fileServer: null, domainName: 'localhost', props: { port: '3000', protocol: 'http:', subdomain: null, domain: '', tld: 'localhost' } } for: http://localhost:3000 +0ms
  cypress:network:cors Parsed URL { port: '3000', protocol: 'http:', subdomain: null, domain: '', tld: 'localhost' } +5ms
  cypress:network:cors Parsed URL { port: '3000', protocol: 'http:', subdomain: null, domain: '', tld: 'localhost' } +1ms
  cypress:network:cors Parsed URL { port: '3000', protocol: 'http:', subdomain: null, domain: '', tld: 'localhost' } +0ms
  cypress:server:remote-states getting remote state: { auth: null, origin: 'http://localhost:3000', strategy: 'http', fileServer: null, domainName: 'localhost', props: { port: '3000', protocol: 'http:', subdomain: null, domain: '', tld: 'localhost' } } for: http://localhost:3000/_nuxt/@id/virtual:nuxt:C:/Users/LucasFelber/Documents/SideProjects/cypress-submit-reload/.nuxt/css.mjs +6ms
  cypress:network:cors Parsed URL { port: '3000', protocol: 'http:', subdomain: null, domain: '', tld: 'localhost' } +1ms
  cypress:server:remote-states getting remote state: { auth: null, origin: 'http://localhost:3000', strategy: 'http', fileServer: null, domainName: 'localhost', props: { port: '3000', protocol: 'http:', subdomain: null, domain: '', tld: 'localhost' } } for: http://localhost:3000 +1ms
  cypress:server:stream_buffer stream buffer writeable final called +15ms
  cypress:network:agent addRequest called { isHttps: false, href: 'http://localhost:3000/_nuxt/@id/virtual:nuxt:C:/Users/LucasFelber/Documents/SideProjects/cypress-submit-reload/.nuxt/css.mjs' } +15ms
  cypress:network:agent got family { family: 6, href: 'http://localhost:3000/_nuxt/@id/virtual:nuxt:C:/Users/LucasFelber/Documents/SideProjects/cypress-submit-reload/.nuxt/css.mjs' } +0ms
  cypress:server:request received status code & headers on request { requestId: 'request16', statusCode: 200, headers: { 'content-type': 'application/javascript' } } +17ms
  cypress:server:request successful response received { requestId: 'request16' } +0ms
  cypress:net-stubbing:server:intercept-response InterceptResponse { req: { url: '/_nuxt/node_modules/nuxt/dist/app/nuxt.js?v=b9068561' }, request: undefined } +16ms
  cypress:network:cors Parsed URL { port: '3000', protocol: 'http:', subdomain: null, domain: '', tld: 'localhost' } +6ms
  cypress:server:remote-states getting remote state: { auth: null, origin: 'http://localhost:3000', strategy: 'http', fileServer: null, domainName: 'localhost', props: { port: '3000', protocol: 'http:', subdomain: null, domain: '', tld: 'localhost' } } for: http://localhost:3000 +6ms
  cypress:network:cors Parsed URL { port: '3000', protocol: 'http:', subdomain: null, domain: '', tld: 'localhost' } +0ms
  cypress:network:cors Parsed URL { port: '3000', protocol: 'http:', subdomain: null, domain: '', tld: 'localhost' } +0ms
  cypress:server:remote-states getting primary remote state: { auth: null, origin: 'http://localhost:3000', strategy: 'http', fileServer: null, domainName: 'localhost', props: { port: '3000', protocol: 'http:', subdomain: null, domain: '', tld: 'localhost' } } +0ms
  cypress:network:cors Parsed URL { port: '3000', protocol: 'http:', subdomain: null, domain: '', tld: 'localhost' } +0ms
  cypress:network:cors Parsed URL { port: '3000', protocol: 'http:', subdomain: null, domain: '', tld: 'localhost' } +0ms
  cypress:network:cors Parsed URL { port: '3000', protocol: 'http:', subdomain: null, domain: '', tld: 'localhost' } +1ms
  cypress:server:remote-states getting remote state: { auth: null, origin: 'http://localhost:3000', strategy: 'http', fileServer: null, domainName: 'localhost', props: { port: '3000', protocol: 'http:', subdomain: null, domain: '', tld: 'localhost' } } for: http://localhost:3000 +1ms
  cypress:network:cors Parsed URL { port: '3000', protocol: 'http:', subdomain: null, domain: '', tld: 'localhost' } +5ms
  cypress:network:cors Parsed URL { port: '3000', protocol: 'http:', subdomain: null, domain: '', tld: 'localhost' } +0ms
  cypress:network:cors Parsed URL { port: '3000', protocol: 'http:', subdomain: null, domain: '', tld: 'localhost' } +0ms
  cypress:server:remote-states getting remote state: { auth: null, origin: 'http://localhost:3000', strategy: 'http', fileServer: null, domainName: 'localhost', props: { port: '3000', protocol: 'http:', subdomain: null, domain: '', tld: 'localhost' } } for: http://localhost:3000/_nuxt/@id/virtual:nuxt:C:/Users/LucasFelber/Documents/SideProjects/cypress-submit-reload/.nuxt/plugins/client.mjs +5ms
  cypress:network:cors Parsed URL { port: '3000', protocol: 'http:', subdomain: null, domain: '', tld: 'localhost' } +1ms
  cypress:server:remote-states getting remote state: { auth: null, origin: 'http://localhost:3000', strategy: 'http', fileServer: null, domainName: 'localhost', props: { port: '3000', protocol: 'http:', subdomain: null, domain: '', tld: 'localhost' } } for: http://localhost:3000 +1ms
  cypress:server:stream_buffer stream buffer writeable final called +13ms
  cypress:network:agent addRequest called { isHttps: false, href: 'http://localhost:3000/_nuxt/@id/virtual:nuxt:C:/Users/LucasFelber/Documents/SideProjects/cypress-submit-reload/.nuxt/plugins/client.mjs' } +13ms
  cypress:network:agent got family { family: 6, href: 'http://localhost:3000/_nuxt/@id/virtual:nuxt:C:/Users/LucasFelber/Documents/SideProjects/cypress-submit-reload/.nuxt/plugins/client.mjs' } +0ms
  cypress:server:request received status code & headers on request { requestId: 'request17', statusCode: 200, headers: { 'content-type': 'application/javascript' } } +13ms
  cypress:server:request successful response received { requestId: 'request17' } +0ms
  cypress:net-stubbing:server:intercept-response InterceptResponse { req: { url: '/_nuxt/@id/virtual:nuxt:C:/Users/LucasFelber/Documents/SideProjects/cypress-submit-reload/.nuxt/css.mjs' }, request: undefined } +13ms
  cypress:network:cors Parsed URL { port: '3000', protocol: 'http:', subdomain: null, domain: '', tld: 'localhost' } +5ms
  cypress:server:remote-states getting remote state: { auth: null, origin: 'http://localhost:3000', strategy: 'http', fileServer: null, domainName: 'localhost', props: { port: '3000', protocol: 'http:', subdomain: null, domain: '', tld: 'localhost' } } for: http://localhost:3000 +5ms
  cypress:network:cors Parsed URL { port: '3000', protocol: 'http:', subdomain: null, domain: '', tld: 'localhost' } +0ms
  cypress:network:cors Parsed URL { port: '3000', protocol: 'http:', subdomain: null, domain: '', tld: 'localhost' } +0ms
  cypress:server:remote-states getting primary remote state: { auth: null, origin: 'http://localhost:3000', strategy: 'http', fileServer: null, domainName: 'localhost', props: { port: '3000', protocol: 'http:', subdomain: null, domain: '', tld: 'localhost' } } +0ms
  cypress:network:cors Parsed URL { port: '3000', protocol: 'http:', subdomain: null, domain: '', tld: 'localhost' } +0ms
  cypress:network:cors Parsed URL { port: '3000', protocol: 'http:', subdomain: null, domain: '', tld: 'localhost' } +0ms
  cypress:network:cors Parsed URL { port: '3000', protocol: 'http:', subdomain: null, domain: '', tld: 'localhost' } +1ms
  cypress:server:remote-states getting remote state: { auth: null, origin: 'http://localhost:3000', strategy: 'http', fileServer: null, domainName: 'localhost', props: { port: '3000', protocol: 'http:', subdomain: null, domain: '', tld: 'localhost' } } for: http://localhost:3000 +1ms
  cypress:network:cors Parsed URL { port: '3000', protocol: 'http:', subdomain: null, domain: '', tld: 'localhost' } +5ms
  cypress:network:cors Parsed URL { port: '3000', protocol: 'http:', subdomain: null, domain: '', tld: 'localhost' } +0ms
  cypress:network:cors Parsed URL { port: '3000', protocol: 'http:', subdomain: null, domain: '', tld: 'localhost' } +0ms
  cypress:server:remote-states getting remote state: { auth: null, origin: 'http://localhost:3000', strategy: 'http', fileServer: null, domainName: 'localhost', props: { port: '3000', protocol: 'http:', subdomain: null, domain: '', tld: 'localhost' } } for: http://localhost:3000/_nuxt/@id/virtual:nuxt:C:/Users/LucasFelber/Documents/SideProjects/cypress-submit-reload/.nuxt/root-component.mjs +6ms
  cypress:network:cors Parsed URL { port: '3000', protocol: 'http:', subdomain: null, domain: '', tld: 'localhost' } +1ms
  cypress:server:remote-states getting remote state: { auth: null, origin: 'http://localhost:3000', strategy: 'http', fileServer: null, domainName: 'localhost', props: { port: '3000', protocol: 'http:', subdomain: null, domain: '', tld: 'localhost' } } for: http://localhost:3000 +0ms
  cypress:server:stream_buffer stream buffer writeable final called +12ms
  cypress:network:agent addRequest called { isHttps: false, href: 'http://localhost:3000/_nuxt/@id/virtual:nuxt:C:/Users/LucasFelber/Documents/SideProjects/cypress-submit-reload/.nuxt/root-component.mjs' } +12ms
  cypress:network:agent got family { family: 6, href: 'http://localhost:3000/_nuxt/@id/virtual:nuxt:C:/Users/LucasFelber/Documents/SideProjects/cypress-submit-reload/.nuxt/root-component.mjs' } +0ms
  cypress:server:request received status code & headers on request { requestId: 'request18', statusCode: 200, headers: { 'content-type': 'application/javascript' } } +11ms
  cypress:server:request successful response received { requestId: 'request18' } +0ms
  cypress:net-stubbing:server:intercept-response InterceptResponse { req: { url: '/_nuxt/@id/virtual:nuxt:C:/Users/LucasFelber/Documents/SideProjects/cypress-submit-reload/.nuxt/plugins/client.mjs' }, request: undefined } +12ms
  cypress:network:cors Parsed URL { port: '3000', protocol: 'http:', subdomain: null, domain: '', tld: 'localhost' } +5ms
  cypress:server:remote-states getting remote state: { auth: null, origin: 'http://localhost:3000', strategy: 'http', fileServer: null, domainName: 'localhost', props: { port: '3000', protocol: 'http:', subdomain: null, domain: '', tld: 'localhost' } } for: http://localhost:3000 +5ms
  cypress:network:cors Parsed URL { port: '3000', protocol: 'http:', subdomain: null, domain: '', tld: 'localhost' } +0ms
  cypress:network:cors Parsed URL { port: '3000', protocol: 'http:', subdomain: null, domain: '', tld: 'localhost' } +1ms
  cypress:server:remote-states getting primary remote state: { auth: null, origin: 'http://localhost:3000', strategy: 'http', fileServer: null, domainName: 'localhost', props: { port: '3000', protocol: 'http:', subdomain: null, domain: '', tld: 'localhost' } } +1ms
  cypress:network:cors Parsed URL { port: '3000', protocol: 'http:', subdomain: null, domain: '', tld: 'localhost' } +0ms
  cypress:network:cors Parsed URL { port: '3000', protocol: 'http:', subdomain: null, domain: '', tld: 'localhost' } +0ms
  cypress:network:cors Parsed URL { port: '3000', protocol: 'http:', subdomain: null, domain: '', tld: 'localhost' } +0ms
  cypress:server:remote-states getting remote state: { auth: null, origin: 'http://localhost:3000', strategy: 'http', fileServer: null, domainName: 'localhost', props: { port: '3000', protocol: 'http:', subdomain: null, domain: '', tld: 'localhost' } } for: http://localhost:3000 +0ms
  cypress:network:cors Parsed URL { port: '3000', protocol: 'http:', subdomain: null, domain: '', tld: 'localhost' } +4ms
  cypress:network:cors Parsed URL { port: '3000', protocol: 'http:', subdomain: null, domain: '', tld: 'localhost' } +0ms
  cypress:network:cors Parsed URL { port: '3000', protocol: 'http:', subdomain: null, domain: '', tld: 'localhost' } +1ms
  cypress:server:remote-states getting remote state: { auth: null, origin: 'http://localhost:3000', strategy: 'http', fileServer: null, domainName: 'localhost', props: { port: '3000', protocol: 'http:', subdomain: null, domain: '', tld: 'localhost' } } for: http://localhost:3000/_nuxt/@id/virtual:nuxt:C:/Users/LucasFelber/Documents/SideProjects/cypress-submit-reload/.nuxt/nuxt.config.mjs +5ms
  cypress:network:cors Parsed URL { port: '3000', protocol: 'http:', subdomain: null, domain: '', tld: 'localhost' } +0ms
  cypress:server:remote-states getting remote state: { auth: null, origin: 'http://localhost:3000', strategy: 'http', fileServer: null, domainName: 'localhost', props: { port: '3000', protocol: 'http:', subdomain: null, domain: '', tld: 'localhost' } } for: http://localhost:3000 +0ms
  cypress:server:stream_buffer stream buffer writeable final called +11ms
  cypress:network:agent addRequest called { isHttps: false, href: 'http://localhost:3000/_nuxt/@id/virtual:nuxt:C:/Users/LucasFelber/Documents/SideProjects/cypress-submit-reload/.nuxt/nuxt.config.mjs' } +11ms
  cypress:network:agent got family { family: 6, href: 'http://localhost:3000/_nuxt/@id/virtual:nuxt:C:/Users/LucasFelber/Documents/SideProjects/cypress-submit-reload/.nuxt/nuxt.config.mjs' } +0ms
  cypress:server:request received status code & headers on request { requestId: 'request19', statusCode: 200, headers: { 'content-type': 'application/javascript' } } +12ms
  cypress:server:request successful response received { requestId: 'request19' } +0ms
  cypress:net-stubbing:server:intercept-response InterceptResponse { req: { url: '/_nuxt/@id/virtual:nuxt:C:/Users/LucasFelber/Documents/SideProjects/cypress-submit-reload/.nuxt/root-component.mjs' }, request: undefined } +11ms
  cypress:network:cors Parsed URL { port: '3000', protocol: 'http:', subdomain: null, domain: '', tld: 'localhost' } +5ms
  cypress:server:remote-states getting remote state: { auth: null, origin: 'http://localhost:3000', strategy: 'http', fileServer: null, domainName: 'localhost', props: { port: '3000', protocol: 'http:', subdomain: null, domain: '', tld: 'localhost' } } for: http://localhost:3000 +5ms
  cypress:network:cors Parsed URL { port: '3000', protocol: 'http:', subdomain: null, domain: '', tld: 'localhost' } +0ms
  cypress:network:cors Parsed URL { port: '3000', protocol: 'http:', subdomain: null, domain: '', tld: 'localhost' } +0ms
  cypress:server:remote-states getting primary remote state: { auth: null, origin: 'http://localhost:3000', strategy: 'http', fileServer: null, domainName: 'localhost', props: { port: '3000', protocol: 'http:', subdomain: null, domain: '', tld: 'localhost' } } +0ms
  cypress:network:cors Parsed URL { port: '3000', protocol: 'http:', subdomain: null, domain: '', tld: 'localhost' } +1ms
  cypress:network:cors Parsed URL { port: '3000', protocol: 'http:', subdomain: null, domain: '', tld: 'localhost' } +0ms
  cypress:network:cors Parsed URL { port: '3000', protocol: 'http:', subdomain: null, domain: '', tld: 'localhost' } +0ms
  cypress:server:remote-states getting remote state: { auth: null, origin: 'http://localhost:3000', strategy: 'http', fileServer: null, domainName: 'localhost', props: { port: '3000', protocol: 'http:', subdomain: null, domain: '', tld: 'localhost' } } for: http://localhost:3000 +1ms
  cypress:network:cors Parsed URL { port: '3000', protocol: 'http:', subdomain: null, domain: '', tld: 'localhost' } +10ms
  cypress:network:cors Parsed URL { port: '3000', protocol: 'http:', subdomain: null, domain: '', tld: 'localhost' } +1ms
  cypress:network:cors Parsed URL { port: '3000', protocol: 'http:', subdomain: null, domain: '', tld: 'localhost' } +0ms
  cypress:server:remote-states getting remote state: { auth: null, origin: 'http://localhost:3000', strategy: 'http', fileServer: null, domainName: 'localhost', props: { port: '3000', protocol: 'http:', subdomain: null, domain: '', tld: 'localhost' } } for: http://localhost:3000/_nuxt/node_modules/vite-plugin-vue-inspector/src/load.js +11ms
  cypress:network:cors Parsed URL { port: '3000', protocol: 'http:', subdomain: null, domain: '', tld: 'localhost' } +0ms
  cypress:server:remote-states getting remote state: { auth: null, origin: 'http://localhost:3000', strategy: 'http', fileServer: null, domainName: 'localhost', props: { port: '3000', protocol: 'http:', subdomain: null, domain: '', tld: 'localhost' } } for: http://localhost:3000 +1ms
  cypress:server:stream_buffer stream buffer writeable final called +18ms
  cypress:network:agent addRequest called { isHttps: false, href: 'http://localhost:3000/_nuxt/node_modules/vite-plugin-vue-inspector/src/load.js' } +18ms
  cypress:network:agent got family { family: 6, href: 'http://localhost:3000/_nuxt/node_modules/vite-plugin-vue-inspector/src/load.js' } +0ms
  cypress:server:request received status code & headers on request { requestId: 'request20', statusCode: 200, headers: { 'content-type': 'application/javascript' } } +17ms
  cypress:server:request successful response received { requestId: 'request20' } +0ms
  cypress:net-stubbing:server:intercept-response InterceptResponse { req: { url: '/_nuxt/@id/virtual:nuxt:C:/Users/LucasFelber/Documents/SideProjects/cypress-submit-reload/.nuxt/nuxt.config.mjs' }, request: undefined } +16ms
  cypress:network:cors Parsed URL { port: '3000', protocol: 'http:', subdomain: null, domain: '', tld: 'localhost' } +5ms
  cypress:server:remote-states getting remote state: { auth: null, origin: 'http://localhost:3000', strategy: 'http', fileServer: null, domainName: 'localhost', props: { port: '3000', protocol: 'http:', subdomain: null, domain: '', tld: 'localhost' } } for: http://localhost:3000 +4ms
  cypress:network:cors Parsed URL { port: '3000', protocol: 'http:', subdomain: null, domain: '', tld: 'localhost' } +0ms
  cypress:network:cors Parsed URL { port: '3000', protocol: 'http:', subdomain: null, domain: '', tld: 'localhost' } +0ms
  cypress:server:remote-states getting primary remote state: { auth: null, origin: 'http://localhost:3000', strategy: 'http', fileServer: null, domainName: 'localhost', props: { port: '3000', protocol: 'http:', subdomain: null, domain: '', tld: 'localhost' } } +0ms
  cypress:network:cors Parsed URL { port: '3000', protocol: 'http:', subdomain: null, domain: '', tld: 'localhost' } +0ms
  cypress:network:cors Parsed URL { port: '3000', protocol: 'http:', subdomain: null, domain: '', tld: 'localhost' } +0ms
  cypress:network:cors Parsed URL { port: '3000', protocol: 'http:', subdomain: null, domain: '', tld: 'localhost' } +1ms
  cypress:server:remote-states getting remote state: { auth: null, origin: 'http://localhost:3000', strategy: 'http', fileServer: null, domainName: 'localhost', props: { port: '3000', protocol: 'http:', subdomain: null, domain: '', tld: 'localhost' } } for: http://localhost:3000 +1ms
  cypress:server:request received status code & headers on request { requestId: 'request21', statusCode: 200, headers: { 'content-type': 'application/javascript' } } +10ms
  cypress:server:request successful response received { requestId: 'request21' } +0ms
  cypress:net-stubbing:server:intercept-response InterceptResponse { req: { url: '/_nuxt/node_modules/vite-plugin-vue-inspector/src/load.js' }, request: undefined } +12ms
  cypress:network:cors Parsed URL { port: '3000', protocol: 'http:', subdomain: null, domain: '', tld: 'localhost' } +10ms
  cypress:server:remote-states getting remote state: { auth: null, origin: 'http://localhost:3000', strategy: 'http', fileServer: null, domainName: 'localhost', props: { port: '3000', protocol: 'http:', subdomain: null, domain: '', tld: 'localhost' } } for: http://localhost:3000 +10ms
  cypress:network:cors Parsed URL { port: '3000', protocol: 'http:', subdomain: null, domain: '', tld: 'localhost' } +0ms
  cypress:network:cors Parsed URL { port: '3000', protocol: 'http:', subdomain: null, domain: '', tld: 'localhost' } +0ms
  cypress:server:remote-states getting primary remote state: { auth: null, origin: 'http://localhost:3000', strategy: 'http', fileServer: null, domainName: 'localhost', props: { port: '3000', protocol: 'http:', subdomain: null, domain: '', tld: 'localhost' } } +0ms
  cypress:network:cors Parsed URL { port: '3000', protocol: 'http:', subdomain: null, domain: '', tld: 'localhost' } +0ms
  cypress:network:cors Parsed URL { port: '3000', protocol: 'http:', subdomain: null, domain: '', tld: 'localhost' } +0ms
  cypress:network:cors Parsed URL { port: '3000', protocol: 'http:', subdomain: null, domain: '', tld: 'localhost' } +1ms
  cypress:server:remote-states getting remote state: { auth: null, origin: 'http://localhost:3000', strategy: 'http', fileServer: null, domainName: 'localhost', props: { port: '3000', protocol: 'http:', subdomain: null, domain: '', tld: 'localhost' } } for: http://localhost:3000 +1ms
  cypress:network:cors Parsed URL { port: '3000', protocol: 'http:', subdomain: null, domain: '', tld: 'localhost' } +8ms
  cypress:network:cors Parsed URL { port: '3000', protocol: 'http:', subdomain: null, domain: '', tld: 'localhost' } +0ms
  cypress:network:cors Parsed URL { port: '3000', protocol: 'http:', subdomain: null, domain: '', tld: 'localhost' } +0ms
  cypress:server:remote-states getting remote state: { auth: null, origin: 'http://localhost:3000', strategy: 'http', fileServer: null, domainName: 'localhost', props: { port: '3000', protocol: 'http:', subdomain: null, domain: '', tld: 'localhost' } } for: http://localhost:3000/_nuxt/node_modules/vite/dist/client/env.mjs +9ms
  cypress:network:cors Parsed URL { port: '3000', protocol: 'http:', subdomain: null, domain: '', tld: 'localhost' } +1ms
  cypress:server:remote-states getting remote state: { auth: null, origin: 'http://localhost:3000', strategy: 'http', fileServer: null, domainName: 'localhost', props: { port: '3000', protocol: 'http:', subdomain: null, domain: '', tld: 'localhost' } } for: http://localhost:3000 +0ms
  cypress:server:stream_buffer stream buffer writeable final called +24ms
  cypress:network:agent addRequest called { isHttps: false, href: 'http://localhost:3000/_nuxt/node_modules/vite/dist/client/env.mjs' } +24ms
  cypress:network:agent got family { family: 6, href: 'http://localhost:3000/_nuxt/node_modules/vite/dist/client/env.mjs' } +1ms
  cypress:server:request received status code & headers on request { requestId: 'request22', statusCode: 200, headers: { 'content-type': 'application/javascript' } } +19ms
  cypress:server:request successful response received { requestId: 'request22' } +0ms
  cypress:net-stubbing:server:intercept-response InterceptResponse { req: { url: '/_nuxt/node_modules/vite/dist/client/env.mjs' }, request: undefined } +18ms
  cypress:network:cors Parsed URL { port: '3000', protocol: 'http:', subdomain: null, domain: '', tld: 'localhost' } +8ms
  cypress:server:remote-states getting remote state: { auth: null, origin: 'http://localhost:3000', strategy: 'http', fileServer: null, domainName: 'localhost', props: { port: '3000', protocol: 'http:', subdomain: null, domain: '', tld: 'localhost' } } for: http://localhost:3000 +8ms
  cypress:network:cors Parsed URL { port: '3000', protocol: 'http:', subdomain: null, domain: '', tld: 'localhost' } +0ms
  cypress:network:cors Parsed URL { port: '3000', protocol: 'http:', subdomain: null, domain: '', tld: 'localhost' } +0ms
  cypress:server:remote-states getting primary remote state: { auth: null, origin: 'http://localhost:3000', strategy: 'http', fileServer: null, domainName: 'localhost', props: { port: '3000', protocol: 'http:', subdomain: null, domain: '', tld: 'localhost' } } +0ms
  cypress:network:cors Parsed URL { port: '3000', protocol: 'http:', subdomain: null, domain: '', tld: 'localhost' } +1ms
  cypress:network:cors Parsed URL { port: '3000', protocol: 'http:', subdomain: null, domain: '', tld: 'localhost' } +0ms
  cypress:network:cors Parsed URL { port: '3000', protocol: 'http:', subdomain: null, domain: '', tld: 'localhost' } +0ms
  cypress:server:remote-states getting remote state: { auth: null, origin: 'http://localhost:3000', strategy: 'http', fileServer: null, domainName: 'localhost', props: { port: '3000', protocol: 'http:', subdomain: null, domain: '', tld: 'localhost' } } for: http://localhost:3000 +1ms
  cypress:https-proxy Got first head bytes { url: 'localhost:3000', head: 'GET /_nuxt/ HTTP/1.1\r\nHost: localhost:3000\r\nConnection: Upgrade\r' } +3s
  cypress:https-proxy Making intercepted connection to 56459 +1ms
  cypress:network:connect successfully connected { opts: { port: 56459, host: 'localhost', getDelayMsForRetry: [Function: h] }, iteration: 0 } +491ms
  cypress:https-proxy received upstreamSocket callback for request { port: 56459, hostname: 'localhost', err: undefined } +2ms
  cypress:server:util:socket_allowed allowing socket { localPort: 56536 } +3s
  cypress:server:server-base Got UPGRADE request from /_nuxt/ +345ms
  cypress:network:cors Parsed URL { port: '3000', protocol: 'http:', subdomain: null, domain: '', tld: 'localhost' } +11ms
  cypress:network:agent addRequest called { isHttps: false, href: 'http://localhost:3000/_nuxt/' } +20ms
  cypress:network:agent got family { family: 6, href: 'http://localhost:3000/_nuxt/' } +0ms
  cypress:network:cors Parsed URL { port: '3000', protocol: 'http:', subdomain: null, domain: '', tld: 'localhost' } +4ms
  cypress:network:cors Parsed URL { port: '3000', protocol: 'http:', subdomain: null, domain: '', tld: 'localhost' } +1ms
  cypress:network:cors Parsed URL { port: '3000', protocol: 'http:', subdomain: null, domain: '', tld: 'localhost' } +0ms
  cypress:server:remote-states getting remote state: { auth: null, origin: 'http://localhost:3000', strategy: 'http', fileServer: null, domainName: 'localhost', props: { port: '3000', protocol: 'http:', subdomain: null, domain: '', tld: 'localhost' } } for: http://localhost:3000/_nuxt/node_modules/.cache/vite/client/deps/chunk-RAKT47ZN.js?v=b9068561 +16ms
  cypress:network:cors Parsed URL { port: '3000', protocol: 'http:', subdomain: null, domain: '', tld: 'localhost' } +0ms
  cypress:server:remote-states getting remote state: { auth: null, origin: 'http://localhost:3000', strategy: 'http', fileServer: null, domainName: 'localhost', props: { port: '3000', protocol: 'http:', subdomain: null, domain: '', tld: 'localhost' } } for: http://localhost:3000 +0ms
  cypress:server:stream_buffer stream buffer writeable final called +26ms
  cypress:network:agent addRequest called { isHttps: false, href: 'http://localhost:3000/_nuxt/node_modules/.cache/vite/client/deps/chunk-RAKT47ZN.js?v=b9068561' } +5ms
  cypress:network:agent got family { family: 6, href: 'http://localhost:3000/_nuxt/node_modules/.cache/vite/client/deps/chunk-RAKT47ZN.js?v=b9068561' } +0ms
  cypress:network:cors Parsed URL { port: '3000', protocol: 'http:', subdomain: null, domain: '', tld: 'localhost' } +6ms
  cypress:network:cors Parsed URL { port: '3000', protocol: 'http:', subdomain: null, domain: '', tld: 'localhost' } +1ms
  cypress:network:cors Parsed URL { port: '3000', protocol: 'http:', subdomain: null, domain: '', tld: 'localhost' } +1ms
  cypress:server:remote-states getting remote state: { auth: null, origin: 'http://localhost:3000', strategy: 'http', fileServer: null, domainName: 'localhost', props: { port: '3000', protocol: 'http:', subdomain: null, domain: '', tld: 'localhost' } } for: http://localhost:3000/_nuxt/node_modules/.cache/vite/client/deps/chunk-UXIASGQL.js?v=b9068561 +8ms
  cypress:network:cors Parsed URL { port: '3000', protocol: 'http:', subdomain: null, domain: '', tld: 'localhost' } +0ms
  cypress:server:remote-states getting remote state: { auth: null, origin: 'http://localhost:3000', strategy: 'http', fileServer: null, domainName: 'localhost', props: { port: '3000', protocol: 'http:', subdomain: null, domain: '', tld: 'localhost' } } for: http://localhost:3000 +0ms
  cypress:server:stream_buffer stream buffer writeable final called +8ms
  cypress:network:agent addRequest called { isHttps: false, href: 'http://localhost:3000/_nuxt/node_modules/.cache/vite/client/deps/chunk-UXIASGQL.js?v=b9068561' } +8ms
  cypress:network:agent got family { family: 6, href: 'http://localhost:3000/_nuxt/node_modules/.cache/vite/client/deps/chunk-UXIASGQL.js?v=b9068561' } +0ms
  cypress:network:cors Parsed URL { port: '3000', protocol: 'http:', subdomain: null, domain: '', tld: 'localhost' } +8ms
  cypress:network:cors Parsed URL { port: '3000', protocol: 'http:', subdomain: null, domain: '', tld: 'localhost' } +0ms
  cypress:network:cors Parsed URL { port: '3000', protocol: 'http:', subdomain: null, domain: '', tld: 'localhost' } +0ms
  cypress:server:remote-states getting remote state: { auth: null, origin: 'http://localhost:3000', strategy: 'http', fileServer: null, domainName: 'localhost', props: { port: '3000', protocol: 'http:', subdomain: null, domain: '', tld: 'localhost' } } for: http://localhost:3000/_nuxt/node_modules/ofetch/dist/shared/ofetch.00501375.mjs?v=b9068561 +8ms
  cypress:network:cors Parsed URL { port: '3000', protocol: 'http:', subdomain: null, domain: '', tld: 'localhost' } +0ms
  cypress:server:remote-states getting remote state: { auth: null, origin: 'http://localhost:3000', strategy: 'http', fileServer: null, domainName: 'localhost', props: { port: '3000', protocol: 'http:', subdomain: null, domain: '', tld: 'localhost' } } for: http://localhost:3000 +0ms
  cypress:server:stream_buffer stream buffer writeable final called +8ms
  cypress:network:agent addRequest called { isHttps: false, href: 'http://localhost:3000/_nuxt/node_modules/ofetch/dist/shared/ofetch.00501375.mjs?v=b9068561' } +9ms
  cypress:network:agent got family { family: 6, href: 'http://localhost:3000/_nuxt/node_modules/ofetch/dist/shared/ofetch.00501375.mjs?v=b9068561' } +0ms
  cypress:network:cors Parsed URL { port: '3000', protocol: 'http:', subdomain: null, domain: '', tld: 'localhost' } +6ms
  cypress:network:cors Parsed URL { port: '3000', protocol: 'http:', subdomain: null, domain: '', tld: 'localhost' } +0ms
  cypress:network:cors Parsed URL { port: '3000', protocol: 'http:', subdomain: null, domain: '', tld: 'localhost' } +0ms
  cypress:server:remote-states getting remote state: { auth: null, origin: 'http://localhost:3000', strategy: 'http', fileServer: null, domainName: 'localhost', props: { port: '3000', protocol: 'http:', subdomain: null, domain: '', tld: 'localhost' } } for: http://localhost:3000/_nuxt/node_modules/destr/dist/index.mjs?v=b9068561 +7ms
  cypress:network:cors Parsed URL { port: '3000', protocol: 'http:', subdomain: null, domain: '', tld: 'localhost' } +1ms
  cypress:server:remote-states getting remote state: { auth: null, origin: 'http://localhost:3000', strategy: 'http', fileServer: null, domainName: 'localhost', props: { port: '3000', protocol: 'http:', subdomain: null, domain: '', tld: 'localhost' } } for: http://localhost:3000 +0ms
  cypress:server:stream_buffer stream buffer writeable final called +7ms
  cypress:network:agent addRequest called { isHttps: false, href: 'http://localhost:3000/_nuxt/node_modules/destr/dist/index.mjs?v=b9068561' } +6ms
  cypress:network:agent got family { family: 6, href: 'http://localhost:3000/_nuxt/node_modules/destr/dist/index.mjs?v=b9068561' } +0ms
  cypress:network:cors Parsed URL { port: '3000', protocol: 'http:', subdomain: null, domain: '', tld: 'localhost' } +3ms
  cypress:network:cors Parsed URL { port: '3000', protocol: 'http:', subdomain: null, domain: '', tld: 'localhost' } +0ms
  cypress:network:cors Parsed URL { port: '3000', protocol: 'http:', subdomain: null, domain: '', tld: 'localhost' } +1ms
  cypress:server:remote-states getting remote state: { auth: null, origin: 'http://localhost:3000', strategy: 'http', fileServer: null, domainName: 'localhost', props: { port: '3000', protocol: 'http:', subdomain: null, domain: '', tld: 'localhost' } } for: http://localhost:3000/_nuxt/node_modules/ufo/dist/index.mjs?v=b9068561 +4ms
  cypress:network:cors Parsed URL { port: '3000', protocol: 'http:', subdomain: null, domain: '', tld: 'localhost' } +0ms
  cypress:server:remote-states getting remote state: { auth: null, origin: 'http://localhost:3000', strategy: 'http', fileServer: null, domainName: 'localhost', props: { port: '3000', protocol: 'http:', subdomain: null, domain: '', tld: 'localhost' } } for: http://localhost:3000 +0ms
  cypress:server:stream_buffer stream buffer writeable final called +4ms
  cypress:network:agent addRequest called { isHttps: false, href: 'http://localhost:3000/_nuxt/node_modules/ufo/dist/index.mjs?v=b9068561' } +4ms
  cypress:network:agent got family { family: 6, href: 'http://localhost:3000/_nuxt/node_modules/ufo/dist/index.mjs?v=b9068561' } +0ms
  cypress:network:cors Parsed URL { port: '3000', protocol: 'http:', subdomain: null, domain: '', tld: 'localhost' } +8ms
  cypress:network:cors Parsed URL { port: '3000', protocol: 'http:', subdomain: null, domain: '', tld: 'localhost' } +1ms
  cypress:network:cors Parsed URL { port: '3000', protocol: 'http:', subdomain: null, domain: '', tld: 'localhost' } +0ms
  cypress:server:remote-states getting remote state: { auth: null, origin: 'http://localhost:3000', strategy: 'http', fileServer: null, domainName: 'localhost', props: { port: '3000', protocol: 'http:', subdomain: null, domain: '', tld: 'localhost' } } for: http://localhost:3000/_nuxt/node_modules/hookable/dist/index.mjs?v=b9068561 +9ms
  cypress:network:cors Parsed URL { port: '3000', protocol: 'http:', subdomain: null, domain: '', tld: 'localhost' } +0ms
  cypress:server:remote-states getting remote state: { auth: null, origin: 'http://localhost:3000', strategy: 'http', fileServer: null, domainName: 'localhost', props: { port: '3000', protocol: 'http:', subdomain: null, domain: '', tld: 'localhost' } } for: http://localhost:3000 +0ms
  cypress:server:stream_buffer stream buffer writeable final called +9ms
  cypress:network:agent addRequest called { isHttps: false, href: 'http://localhost:3000/_nuxt/node_modules/hookable/dist/index.mjs?v=b9068561' } +9ms
  cypress:network:agent got family { family: 6, href: 'http://localhost:3000/_nuxt/node_modules/hookable/dist/index.mjs?v=b9068561' } +0ms
  cypress:server:request received status code & headers on request { requestId: 'request23', statusCode: 200, headers: { 'content-type': 'application/javascript' } } +66ms
  cypress:server:request successful response received { requestId: 'request23' } +0ms
  cypress:net-stubbing:server:intercept-response InterceptResponse { req: { url: '/_nuxt/node_modules/.cache/vite/client/deps/chunk-RAKT47ZN.js?v=b9068561' }, request: undefined } +66ms
  cypress:network:cors Parsed URL { port: '3000', protocol: 'http:', subdomain: null, domain: '', tld: 'localhost' } +14ms
  cypress:server:remote-states getting remote state: { auth: null, origin: 'http://localhost:3000', strategy: 'http', fileServer: null, domainName: 'localhost', props: { port: '3000', protocol: 'http:', subdomain: null, domain: '', tld: 'localhost' } } for: http://localhost:3000 +14ms
  cypress:network:cors Parsed URL { port: '3000', protocol: 'http:', subdomain: null, domain: '', tld: 'localhost' } +0ms
  cypress:network:cors Parsed URL { port: '3000', protocol: 'http:', subdomain: null, domain: '', tld: 'localhost' } +0ms
  cypress:server:remote-states getting primary remote state: { auth: null, origin: 'http://localhost:3000', strategy: 'http', fileServer: null, domainName: 'localhost', props: { port: '3000', protocol: 'http:', subdomain: null, domain: '', tld: 'localhost' } } +0ms
  cypress:network:cors Parsed URL { port: '3000', protocol: 'http:', subdomain: null, domain: '', tld: 'localhost' } +0ms
  cypress:network:cors Parsed URL { port: '3000', protocol: 'http:', subdomain: null, domain: '', tld: 'localhost' } +0ms
  cypress:network:cors Parsed URL { port: '3000', protocol: 'http:', subdomain: null, domain: '', tld: 'localhost' } +1ms
  cypress:server:remote-states getting remote state: { auth: null, origin: 'http://localhost:3000', strategy: 'http', fileServer: null, domainName: 'localhost', props: { port: '3000', protocol: 'http:', subdomain: null, domain: '', tld: 'localhost' } } for: http://localhost:3000 +1ms
  cypress:server:request received status code & headers on request { requestId: 'request24', statusCode: 200, headers: { 'content-type': 'application/javascript' } } +33ms
  cypress:server:request successful response received { requestId: 'request24' } +0ms
  cypress:net-stubbing:server:intercept-response InterceptResponse { req: { url: '/_nuxt/node_modules/.cache/vite/client/deps/chunk-UXIASGQL.js?v=b9068561' }, request: undefined } +35ms
  cypress:network:cors Parsed URL { port: '3000', protocol: 'http:', subdomain: null, domain: '', tld: 'localhost' } +33ms
  cypress:server:remote-states getting remote state: { auth: null, origin: 'http://localhost:3000', strategy: 'http', fileServer: null, domainName: 'localhost', props: { port: '3000', protocol: 'http:', subdomain: null, domain: '', tld: 'localhost' } } for: http://localhost:3000 +33ms
  cypress:network:cors Parsed URL { port: '3000', protocol: 'http:', subdomain: null, domain: '', tld: 'localhost' } +0ms
  cypress:network:cors Parsed URL { port: '3000', protocol: 'http:', subdomain: null, domain: '', tld: 'localhost' } +0ms
  cypress:server:remote-states getting primary remote state: { auth: null, origin: 'http://localhost:3000', strategy: 'http', fileServer: null, domainName: 'localhost', props: { port: '3000', protocol: 'http:', subdomain: null, domain: '', tld: 'localhost' } } +0ms
  cypress:network:cors Parsed URL { port: '3000', protocol: 'http:', subdomain: null, domain: '', tld: 'localhost' } +0ms
  cypress:network:cors Parsed URL { port: '3000', protocol: 'http:', subdomain: null, domain: '', tld: 'localhost' } +0ms
  cypress:network:cors Parsed URL { port: '3000', protocol: 'http:', subdomain: null, domain: '', tld: 'localhost' } +1ms
  cypress:server:remote-states getting remote state: { auth: null, origin: 'http://localhost:3000', strategy: 'http', fileServer: null, domainName: 'localhost', props: { port: '3000', protocol: 'http:', subdomain: null, domain: '', tld: 'localhost' } } for: http://localhost:3000 +1ms
  cypress:server:request received status code & headers on request { requestId: 'request25', statusCode: 200, headers: { 'content-type': 'application/javascript' } } +5ms
  cypress:server:request successful response received { requestId: 'request25' } +0ms
  cypress:server:request received status code & headers on request { requestId: 'request26', statusCode: 200, headers: { 'content-type': 'application/javascript' } } +1ms
  cypress:server:request successful response received { requestId: 'request26' } +0ms
  cypress:server:request received status code & headers on request { requestId: 'request27', statusCode: 200, headers: { 'content-type': 'application/javascript' } } +0ms
  cypress:server:request successful response received { requestId: 'request27' } +0ms
  cypress:server:request received status code & headers on request { requestId: 'request28', statusCode: 200, headers: { 'content-type': 'application/javascript' } } +0ms
  cypress:server:request successful response received { requestId: 'request28' } +0ms
  cypress:net-stubbing:server:intercept-response InterceptResponse { req: { url: '/_nuxt/node_modules/ofetch/dist/shared/ofetch.00501375.mjs?v=b9068561' }, request: undefined } +6ms
  cypress:network:cors Parsed URL { port: '3000', protocol: 'http:', subdomain: null, domain: '', tld: 'localhost' } +5ms
  cypress:server:remote-states getting remote state: { auth: null, origin: 'http://localhost:3000', strategy: 'http', fileServer: null, domainName: 'localhost', props: { port: '3000', protocol: 'http:', subdomain: null, domain: '', tld: 'localhost' } } for: http://localhost:3000 +5ms
  cypress:network:cors Parsed URL { port: '3000', protocol: 'http:', subdomain: null, domain: '', tld: 'localhost' } +0ms
  cypress:network:cors Parsed URL { port: '3000', protocol: 'http:', subdomain: null, domain: '', tld: 'localhost' } +0ms
  cypress:server:remote-states getting primary remote state: { auth: null, origin: 'http://localhost:3000', strategy: 'http', fileServer: null, domainName: 'localhost', props: { port: '3000', protocol: 'http:', subdomain: null, domain: '', tld: 'localhost' } } +0ms
  cypress:network:cors Parsed URL { port: '3000', protocol: 'http:', subdomain: null, domain: '', tld: 'localhost' } +0ms
  cypress:network:cors Parsed URL { port: '3000', protocol: 'http:', subdomain: null, domain: '', tld: 'localhost' } +1ms
  cypress:network:cors Parsed URL { port: '3000', protocol: 'http:', subdomain: null, domain: '', tld: 'localhost' } +0ms
  cypress:server:remote-states getting remote state: { auth: null, origin: 'http://localhost:3000', strategy: 'http', fileServer: null, domainName: 'localhost', props: { port: '3000', protocol: 'http:', subdomain: null, domain: '', tld: 'localhost' } } for: http://localhost:3000 +1ms
  cypress:net-stubbing:server:intercept-response InterceptResponse { req: { url: '/_nuxt/node_modules/destr/dist/index.mjs?v=b9068561' }, request: undefined } +2ms
  cypress:network:cors Parsed URL { port: '3000', protocol: 'http:', subdomain: null, domain: '', tld: 'localhost' } +1ms
  cypress:server:remote-states getting remote state: { auth: null, origin: 'http://localhost:3000', strategy: 'http', fileServer: null, domainName: 'localhost', props: { port: '3000', protocol: 'http:', subdomain: null, domain: '', tld: 'localhost' } } for: http://localhost:3000 +1ms
  cypress:network:cors Parsed URL { port: '3000', protocol: 'http:', subdomain: null, domain: '', tld: 'localhost' } +0ms
  cypress:network:cors Parsed URL { port: '3000', protocol: 'http:', subdomain: null, domain: '', tld: 'localhost' } +0ms
  cypress:server:remote-states getting primary remote state: { auth: null, origin: 'http://localhost:3000', strategy: 'http', fileServer: null, domainName: 'localhost', props: { port: '3000', protocol: 'http:', subdomain: null, domain: '', tld: 'localhost' } } +0ms
  cypress:network:cors Parsed URL { port: '3000', protocol: 'http:', subdomain: null, domain: '', tld: 'localhost' } +0ms
  cypress:network:cors Parsed URL { port: '3000', protocol: 'http:', subdomain: null, domain: '', tld: 'localhost' } +0ms
  cypress:network:cors Parsed URL { port: '3000', protocol: 'http:', subdomain: null, domain: '', tld: 'localhost' } +1ms
  cypress:server:remote-states getting remote state: { auth: null, origin: 'http://localhost:3000', strategy: 'http', fileServer: null, domainName: 'localhost', props: { port: '3000', protocol: 'http:', subdomain: null, domain: '', tld: 'localhost' } } for: http://localhost:3000 +1ms
  cypress:net-stubbing:server:intercept-response InterceptResponse { req: { url: '/_nuxt/node_modules/ufo/dist/index.mjs?v=b9068561' }, request: undefined } +2ms
  cypress:network:cors Parsed URL { port: '3000', protocol: 'http:', subdomain: null, domain: '', tld: 'localhost' } +1ms
  cypress:server:remote-states getting remote state: { auth: null, origin: 'http://localhost:3000', strategy: 'http', fileServer: null, domainName: 'localhost', props: { port: '3000', protocol: 'http:', subdomain: null, domain: '', tld: 'localhost' } } for: http://localhost:3000 +1ms
  cypress:network:cors Parsed URL { port: '3000', protocol: 'http:', subdomain: null, domain: '', tld: 'localhost' } +0ms
  cypress:network:cors Parsed URL { port: '3000', protocol: 'http:', subdomain: null, domain: '', tld: 'localhost' } +0ms
  cypress:server:remote-states getting primary remote state: { auth: null, origin: 'http://localhost:3000', strategy: 'http', fileServer: null, domainName: 'localhost', props: { port: '3000', protocol: 'http:', subdomain: null, domain: '', tld: 'localhost' } } +0ms
  cypress:network:cors Parsed URL { port: '3000', protocol: 'http:', subdomain: null, domain: '', tld: 'localhost' } +0ms
  cypress:network:cors Parsed URL { port: '3000', protocol: 'http:', subdomain: null, domain: '', tld: 'localhost' } +0ms
  cypress:network:cors Parsed URL { port: '3000', protocol: 'http:', subdomain: null, domain: '', tld: 'localhost' } +1ms
  cypress:server:remote-states getting remote state: { auth: null, origin: 'http://localhost:3000', strategy: 'http', fileServer: null, domainName: 'localhost', props: { port: '3000', protocol: 'http:', subdomain: null, domain: '', tld: 'localhost' } } for: http://localhost:3000 +1ms
  cypress:net-stubbing:server:intercept-response InterceptResponse { req: { url: '/_nuxt/node_modules/hookable/dist/index.mjs?v=b9068561' }, request: undefined } +2ms
  cypress:network:cors Parsed URL { port: '3000', protocol: 'http:', subdomain: null, domain: '', tld: 'localhost' } +1ms
  cypress:server:remote-states getting remote state: { auth: null, origin: 'http://localhost:3000', strategy: 'http', fileServer: null, domainName: 'localhost', props: { port: '3000', protocol: 'http:', subdomain: null, domain: '', tld: 'localhost' } } for: http://localhost:3000 +2ms
  cypress:network:cors Parsed URL { port: '3000', protocol: 'http:', subdomain: null, domain: '', tld: 'localhost' } +1ms
  cypress:network:cors Parsed URL { port: '3000', protocol: 'http:', subdomain: null, domain: '', tld: 'localhost' } +0ms
  cypress:server:remote-states getting primary remote state: { auth: null, origin: 'http://localhost:3000', strategy: 'http', fileServer: null, domainName: 'localhost', props: { port: '3000', protocol: 'http:', subdomain: null, domain: '', tld: 'localhost' } } +0ms
  cypress:network:cors Parsed URL { port: '3000', protocol: 'http:', subdomain: null, domain: '', tld: 'localhost' } +0ms
  cypress:network:cors Parsed URL { port: '3000', protocol: 'http:', subdomain: null, domain: '', tld: 'localhost' } +0ms
  cypress:network:cors Parsed URL { port: '3000', protocol: 'http:', subdomain: null, domain: '', tld: 'localhost' } +0ms
  cypress:server:remote-states getting remote state: { auth: null, origin: 'http://localhost:3000', strategy: 'http', fileServer: null, domainName: 'localhost', props: { port: '3000', protocol: 'http:', subdomain: null, domain: '', tld: 'localhost' } } for: http://localhost:3000 +0ms
  cypress:network:cors Parsed URL { port: '3000', protocol: 'http:', subdomain: null, domain: '', tld: 'localhost' } +14ms
  cypress:network:cors Parsed URL { port: '3000', protocol: 'http:', subdomain: null, domain: '', tld: 'localhost' } +0ms
  cypress:network:cors Parsed URL { port: '3000', protocol: 'http:', subdomain: null, domain: '', tld: 'localhost' } +1ms
  cypress:server:remote-states getting remote state: { auth: null, origin: 'http://localhost:3000', strategy: 'http', fileServer: null, domainName: 'localhost', props: { port: '3000', protocol: 'http:', subdomain: null, domain: '', tld: 'localhost' } } for: http://localhost:3000/_nuxt/node_modules/unctx/dist/index.mjs?v=b9068561 +15ms
  cypress:network:cors Parsed URL { port: '3000', protocol: 'http:', subdomain: null, domain: '', tld: 'localhost' } +0ms
  cypress:server:remote-states getting remote state: { auth: null, origin: 'http://localhost:3000', strategy: 'http', fileServer: null, domainName: 'localhost', props: { port: '3000', protocol: 'http:', subdomain: null, domain: '', tld: 'localhost' } } for: http://localhost:3000 +0ms
  cypress:server:stream_buffer stream buffer writeable final called +76ms
  cypress:network:agent addRequest called { isHttps: false, href: 'http://localhost:3000/_nuxt/node_modules/unctx/dist/index.mjs?v=b9068561' } +76ms
  cypress:network:agent got family { family: 6, href: 'http://localhost:3000/_nuxt/node_modules/unctx/dist/index.mjs?v=b9068561' } +0ms
  cypress:network:cors Parsed URL { port: '3000', protocol: 'http:', subdomain: null, domain: '', tld: 'localhost' } +9ms
  cypress:network:cors Parsed URL { port: '3000', protocol: 'http:', subdomain: null, domain: '', tld: 'localhost' } +0ms
  cypress:network:cors Parsed URL { port: '3000', protocol: 'http:', subdomain: null, domain: '', tld: 'localhost' } +0ms
  cypress:server:remote-states getting remote state: { auth: null, origin: 'http://localhost:3000', strategy: 'http', fileServer: null, domainName: 'localhost', props: { port: '3000', protocol: 'http:', subdomain: null, domain: '', tld: 'localhost' } } for: http://localhost:3000/_nuxt/node_modules/nuxt/dist/app/index.js?v=b9068561 +10ms
  cypress:network:cors Parsed URL { port: '3000', protocol: 'http:', subdomain: null, domain: '', tld: 'localhost' } +1ms
  cypress:server:remote-states getting remote state: { auth: null, origin: 'http://localhost:3000', strategy: 'http', fileServer: null, domainName: 'localhost', props: { port: '3000', protocol: 'http:', subdomain: null, domain: '', tld: 'localhost' } } for: http://localhost:3000 +0ms
  cypress:server:stream_buffer stream buffer writeable final called +9ms
  cypress:network:agent addRequest called { isHttps: false, href: 'http://localhost:3000/_nuxt/node_modules/nuxt/dist/app/index.js?v=b9068561' } +10ms
  cypress:network:agent got family { family: 6, href: 'http://localhost:3000/_nuxt/node_modules/nuxt/dist/app/index.js?v=b9068561' } +0ms
  cypress:network:cors Parsed URL { port: '3000', protocol: 'http:', subdomain: null, domain: '', tld: 'localhost' } +2ms
  cypress:network:cors Parsed URL { port: '3000', protocol: 'http:', subdomain: null, domain: '', tld: 'localhost' } +0ms
  cypress:network:cors Parsed URL { port: '3000', protocol: 'http:', subdomain: null, domain: '', tld: 'localhost' } +1ms
  cypress:server:remote-states getting remote state: { auth: null, origin: 'http://localhost:3000', strategy: 'http', fileServer: null, domainName: 'localhost', props: { port: '3000', protocol: 'http:', subdomain: null, domain: '', tld: 'localhost' } } for: http://localhost:3000/_nuxt/node_modules/nuxt/dist/app/plugins/revive-payload.client.js?v=b9068561 +3ms
  cypress:network:cors Parsed URL { port: '3000', protocol: 'http:', subdomain: null, domain: '', tld: 'localhost' } +0ms
  cypress:server:remote-states getting remote state: { auth: null, origin: 'http://localhost:3000', strategy: 'http', fileServer: null, domainName: 'localhost', props: { port: '3000', protocol: 'http:', subdomain: null, domain: '', tld: 'localhost' } } for: http://localhost:3000 +0ms
  cypress:server:stream_buffer stream buffer writeable final called +4ms
  cypress:network:agent addRequest called { isHttps: false, href: 'http://localhost:3000/_nuxt/node_modules/nuxt/dist/app/plugins/revive-payload.client.js?v=b9068561' } +3ms
  cypress:network:agent got family { family: 6, href: 'http://localhost:3000/_nuxt/node_modules/nuxt/dist/app/plugins/revive-payload.client.js?v=b9068561' } +0ms
  cypress:network:cors Parsed URL { port: '3000', protocol: 'http:', subdomain: null, domain: '', tld: 'localhost' } +2ms
  cypress:network:cors Parsed URL { port: '3000', protocol: 'http:', subdomain: null, domain: '', tld: 'localhost' } +0ms
  cypress:network:cors Parsed URL { port: '3000', protocol: 'http:', subdomain: null, domain: '', tld: 'localhost' } +0ms
  cypress:server:remote-states getting remote state: { auth: null, origin: 'http://localhost:3000', strategy: 'http', fileServer: null, domainName: 'localhost', props: { port: '3000', protocol: 'http:', subdomain: null, domain: '', tld: 'localhost' } } for: http://localhost:3000/_nuxt/node_modules/nuxt/dist/head/runtime/plugins/unhead.js?v=b9068561 +2ms
  cypress:network:cors Parsed URL { port: '3000', protocol: 'http:', subdomain: null, domain: '', tld: 'localhost' } +0ms
  cypress:server:remote-states getting remote state: { auth: null, origin: 'http://localhost:3000', strategy: 'http', fileServer: null, domainName: 'localhost', props: { port: '3000', protocol: 'http:', subdomain: null, domain: '', tld: 'localhost' } } for: http://localhost:3000 +0ms
  cypress:server:stream_buffer stream buffer writeable final called +2ms
  cypress:network:agent addRequest called { isHttps: false, href: 'http://localhost:3000/_nuxt/node_modules/nuxt/dist/head/runtime/plugins/unhead.js?v=b9068561' } +2ms
  cypress:network:agent got family { family: 6, href: 'http://localhost:3000/_nuxt/node_modules/nuxt/dist/head/runtime/plugins/unhead.js?v=b9068561' } +0ms
  cypress:network:cors Parsed URL { port: '3000', protocol: 'http:', subdomain: null, domain: '', tld: 'localhost' } +4ms
  cypress:network:cors Parsed URL { port: '3000', protocol: 'http:', subdomain: null, domain: '', tld: 'localhost' } +1ms
  cypress:network:cors Parsed URL { port: '3000', protocol: 'http:', subdomain: null, domain: '', tld: 'localhost' } +0ms
  cypress:server:remote-states getting remote state: { auth: null, origin: 'http://localhost:3000', strategy: 'http', fileServer: null, domainName: 'localhost', props: { port: '3000', protocol: 'http:', subdomain: null, domain: '', tld: 'localhost' } } for: http://localhost:3000/_nuxt/node_modules/nuxt/dist/pages/runtime/plugins/router.js?v=b9068561 +5ms
  cypress:network:cors Parsed URL { port: '3000', protocol: 'http:', subdomain: null, domain: '', tld: 'localhost' } +1ms
  cypress:server:remote-states getting remote state: { auth: null, origin: 'http://localhost:3000', strategy: 'http', fileServer: null, domainName: 'localhost', props: { port: '3000', protocol: 'http:', subdomain: null, domain: '', tld: 'localhost' } } for: http://localhost:3000 +1ms
  cypress:server:stream_buffer stream buffer writeable final called +5ms
  cypress:network:agent addRequest called { isHttps: false, href: 'http://localhost:3000/_nuxt/node_modules/nuxt/dist/pages/runtime/plugins/router.js?v=b9068561' } +5ms
  cypress:network:agent got family { family: 6, href: 'http://localhost:3000/_nuxt/node_modules/nuxt/dist/pages/runtime/plugins/router.js?v=b9068561' } +0ms
  cypress:server:request received status code & headers on request { requestId: 'request29', statusCode: 200, headers: { 'content-type': 'application/javascript' } } +49ms
  cypress:server:request successful response received { requestId: 'request29' } +0ms
  cypress:net-stubbing:server:intercept-response InterceptResponse { req: { url: '/_nuxt/node_modules/unctx/dist/index.mjs?v=b9068561' }, request: undefined } +43ms
  cypress:network:cors Parsed URL { port: '3000', protocol: 'http:', subdomain: null, domain: '', tld: 'localhost' } +7ms
  cypress:server:remote-states getting remote state: { auth: null, origin: 'http://localhost:3000', strategy: 'http', fileServer: null, domainName: 'localhost', props: { port: '3000', protocol: 'http:', subdomain: null, domain: '', tld: 'localhost' } } for: http://localhost:3000 +7ms
  cypress:network:cors Parsed URL { port: '3000', protocol: 'http:', subdomain: null, domain: '', tld: 'localhost' } +0ms
  cypress:network:cors Parsed URL { port: '3000', protocol: 'http:', subdomain: null, domain: '', tld: 'localhost' } +0ms
  cypress:server:remote-states getting primary remote state: { auth: null, origin: 'http://localhost:3000', strategy: 'http', fileServer: null, domainName: 'localhost', props: { port: '3000', protocol: 'http:', subdomain: null, domain: '', tld: 'localhost' } } +0ms
  cypress:network:cors Parsed URL { port: '3000', protocol: 'http:', subdomain: null, domain: '', tld: 'localhost' } +0ms
  cypress:network:cors Parsed URL { port: '3000', protocol: 'http:', subdomain: null, domain: '', tld: 'localhost' } +0ms
  cypress:network:cors Parsed URL { port: '3000', protocol: 'http:', subdomain: null, domain: '', tld: 'localhost' } +1ms
  cypress:server:remote-states getting remote state: { auth: null, origin: 'http://localhost:3000', strategy: 'http', fileServer: null, domainName: 'localhost', props: { port: '3000', protocol: 'http:', subdomain: null, domain: '', tld: 'localhost' } } for: http://localhost:3000 +1ms
  cypress:server:request received status code & headers on request { requestId: 'request30', statusCode: 200, headers: { 'content-type': 'application/javascript' } } +11ms
  cypress:server:request successful response received { requestId: 'request30' } +0ms
  cypress:server:request received status code & headers on request { requestId: 'request31', statusCode: 200, headers: { 'content-type': 'application/javascript' } } +1ms
  cypress:server:request successful response received { requestId: 'request31' } +0ms
  cypress:net-stubbing:server:intercept-response InterceptResponse { req: { url: '/_nuxt/node_modules/nuxt/dist/app/index.js?v=b9068561' }, request: undefined } +14ms
  cypress:network:cors Parsed URL { port: '3000', protocol: 'http:', subdomain: null, domain: '', tld: 'localhost' } +12ms
  cypress:server:remote-states getting remote state: { auth: null, origin: 'http://localhost:3000', strategy: 'http', fileServer: null, domainName: 'localhost', props: { port: '3000', protocol: 'http:', subdomain: null, domain: '', tld: 'localhost' } } for: http://localhost:3000 +12ms
  cypress:network:cors Parsed URL { port: '3000', protocol: 'http:', subdomain: null, domain: '', tld: 'localhost' } +0ms
  cypress:network:cors Parsed URL { port: '3000', protocol: 'http:', subdomain: null, domain: '', tld: 'localhost' } +0ms
  cypress:server:remote-states getting primary remote state: { auth: null, origin: 'http://localhost:3000', strategy: 'http', fileServer: null, domainName: 'localhost', props: { port: '3000', protocol: 'http:', subdomain: null, domain: '', tld: 'localhost' } } +1ms
  cypress:network:cors Parsed URL { port: '3000', protocol: 'http:', subdomain: null, domain: '', tld: 'localhost' } +1ms
  cypress:network:cors Parsed URL { port: '3000', protocol: 'http:', subdomain: null, domain: '', tld: 'localhost' } +0ms
  cypress:network:cors Parsed URL { port: '3000', protocol: 'http:', subdomain: null, domain: '', tld: 'localhost' } +0ms
  cypress:server:remote-states getting remote state: { auth: null, origin: 'http://localhost:3000', strategy: 'http', fileServer: null, domainName: 'localhost', props: { port: '3000', protocol: 'http:', subdomain: null, domain: '', tld: 'localhost' } } for: http://localhost:3000 +0ms
  cypress:net-stubbing:server:intercept-response InterceptResponse { req: { url: '/_nuxt/node_modules/nuxt/dist/app/plugins/revive-payload.client.js?v=b9068561' }, request: undefined } +2ms
  cypress:network:cors Parsed URL { port: '3000', protocol: 'http:', subdomain: null, domain: '', tld: 'localhost' } +2ms
  cypress:server:remote-states getting remote state: { auth: null, origin: 'http://localhost:3000', strategy: 'http', fileServer: null, domainName: 'localhost', props: { port: '3000', protocol: 'http:', subdomain: null, domain: '', tld: 'localhost' } } for: http://localhost:3000 +2ms
  cypress:network:cors Parsed URL { port: '3000', protocol: 'http:', subdomain: null, domain: '', tld: 'localhost' } +0ms
  cypress:network:cors Parsed URL { port: '3000', protocol: 'http:', subdomain: null, domain: '', tld: 'localhost' } +0ms
  cypress:server:remote-states getting primary remote state: { auth: null, origin: 'http://localhost:3000', strategy: 'http', fileServer: null, domainName: 'localhost', props: { port: '3000', protocol: 'http:', subdomain: null, domain: '', tld: 'localhost' } } +0ms
  cypress:network:cors Parsed URL { port: '3000', protocol: 'http:', subdomain: null, domain: '', tld: 'localhost' } +0ms
  cypress:network:cors Parsed URL { port: '3000', protocol: 'http:', subdomain: null, domain: '', tld: 'localhost' } +0ms
  cypress:network:cors Parsed URL { port: '3000', protocol: 'http:', subdomain: null, domain: '', tld: 'localhost' } +1ms
  cypress:server:remote-states getting remote state: { auth: null, origin: 'http://localhost:3000', strategy: 'http', fileServer: null, domainName: 'localhost', props: { port: '3000', protocol: 'http:', subdomain: null, domain: '', tld: 'localhost' } } for: http://localhost:3000 +1ms
  cypress:server:request received status code & headers on request { requestId: 'request32', statusCode: 200, headers: { 'content-type': 'application/javascript' } } +12ms
  cypress:server:request successful response received { requestId: 'request32' } +0ms
  cypress:server:request received status code & headers on request { requestId: 'request33', statusCode: 200, headers: { 'content-type': 'application/javascript' } } +3ms
  cypress:server:request successful response received { requestId: 'request33' } +0ms
  cypress:net-stubbing:server:intercept-response InterceptResponse { req: { url: '/_nuxt/node_modules/nuxt/dist/head/runtime/plugins/unhead.js?v=b9068561' }, request: undefined } +9ms
  cypress:network:cors Parsed URL { port: '3000', protocol: 'http:', subdomain: null, domain: '', tld: 'localhost' } +8ms
  cypress:server:remote-states getting remote state: { auth: null, origin: 'http://localhost:3000', strategy: 'http', fileServer: null, domainName: 'localhost', props: { port: '3000', protocol: 'http:', subdomain: null, domain: '', tld: 'localhost' } } for: http://localhost:3000 +8ms
  cypress:network:cors Parsed URL { port: '3000', protocol: 'http:', subdomain: null, domain: '', tld: 'localhost' } +0ms
  cypress:network:cors Parsed URL { port: '3000', protocol: 'http:', subdomain: null, domain: '', tld: 'localhost' } +0ms
  cypress:server:remote-states getting primary remote state: { auth: null, origin: 'http://localhost:3000', strategy: 'http', fileServer: null, domainName: 'localhost', props: { port: '3000', protocol: 'http:', subdomain: null, domain: '', tld: 'localhost' } } +0ms
  cypress:network:cors Parsed URL { port: '3000', protocol: 'http:', subdomain: null, domain: '', tld: 'localhost' } +0ms
  cypress:network:cors Parsed URL { port: '3000', protocol: 'http:', subdomain: null, domain: '', tld: 'localhost' } +1ms
  cypress:network:cors Parsed URL { port: '3000', protocol: 'http:', subdomain: null, domain: '', tld: 'localhost' } +0ms
  cypress:server:remote-states getting remote state: { auth: null, origin: 'http://localhost:3000', strategy: 'http', fileServer: null, domainName: 'localhost', props: { port: '3000', protocol: 'http:', subdomain: null, domain: '', tld: 'localhost' } } for: http://localhost:3000 +1ms
  cypress:net-stubbing:server:intercept-response InterceptResponse { req: { url: '/_nuxt/node_modules/nuxt/dist/pages/runtime/plugins/router.js?v=b9068561' }, request: undefined } +3ms
  cypress:network:cors Parsed URL { port: '3000', protocol: 'http:', subdomain: null, domain: '', tld: 'localhost' } +2ms
  cypress:server:remote-states getting remote state: { auth: null, origin: 'http://localhost:3000', strategy: 'http', fileServer: null, domainName: 'localhost', props: { port: '3000', protocol: 'http:', subdomain: null, domain: '', tld: 'localhost' } } for: http://localhost:3000 +2ms
  cypress:network:cors Parsed URL { port: '3000', protocol: 'http:', subdomain: null, domain: '', tld: 'localhost' } +0ms
  cypress:network:cors Parsed URL { port: '3000', protocol: 'http:', subdomain: null, domain: '', tld: 'localhost' } +0ms
  cypress:server:remote-states getting primary remote state: { auth: null, origin: 'http://localhost:3000', strategy: 'http', fileServer: null, domainName: 'localhost', props: { port: '3000', protocol: 'http:', subdomain: null, domain: '', tld: 'localhost' } } +0ms
  cypress:network:cors Parsed URL { port: '3000', protocol: 'http:', subdomain: null, domain: '', tld: 'localhost' } +0ms
  cypress:network:cors Parsed URL { port: '3000', protocol: 'http:', subdomain: null, domain: '', tld: 'localhost' } +0ms
  cypress:network:cors Parsed URL { port: '3000', protocol: 'http:', subdomain: null, domain: '', tld: 'localhost' } +0ms
  cypress:server:remote-states getting remote state: { auth: null, origin: 'http://localhost:3000', strategy: 'http', fileServer: null, domainName: 'localhost', props: { port: '3000', protocol: 'http:', subdomain: null, domain: '', tld: 'localhost' } } for: http://localhost:3000 +1ms
  cypress:network:cors Parsed URL { port: '3000', protocol: 'http:', subdomain: null, domain: '', tld: 'localhost' } +8ms
  cypress:network:cors Parsed URL { port: '3000', protocol: 'http:', subdomain: null, domain: '', tld: 'localhost' } +0ms
  cypress:network:cors Parsed URL { port: '3000', protocol: 'http:', subdomain: null, domain: '', tld: 'localhost' } +0ms
  cypress:server:remote-states getting remote state: { auth: null, origin: 'http://localhost:3000', strategy: 'http', fileServer: null, domainName: 'localhost', props: { port: '3000', protocol: 'http:', subdomain: null, domain: '', tld: 'localhost' } } for: http://localhost:3000/_nuxt/@id/virtual:nuxt:C:/Users/LucasFelber/Documents/SideProjects/cypress-submit-reload/.nuxt/components.plugin.mjs +7ms
  cypress:network:cors Parsed URL { port: '3000', protocol: 'http:', subdomain: null, domain: '', tld: 'localhost' } +0ms
  cypress:server:remote-states getting remote state: { auth: null, origin: 'http://localhost:3000', strategy: 'http', fileServer: null, domainName: 'localhost', props: { port: '3000', protocol: 'http:', subdomain: null, domain: '', tld: 'localhost' } } for: http://localhost:3000 +0ms
  cypress:server:stream_buffer stream buffer writeable final called +44ms
  cypress:network:agent addRequest called { isHttps: false, href: 'http://localhost:3000/_nuxt/@id/virtual:nuxt:C:/Users/LucasFelber/Documents/SideProjects/cypress-submit-reload/.nuxt/components.plugin.mjs' } +44ms
  cypress:network:agent got family { family: 6, href: 'http://localhost:3000/_nuxt/@id/virtual:nuxt:C:/Users/LucasFelber/Documents/SideProjects/cypress-submit-reload/.nuxt/components.plugin.mjs' } +0ms
  cypress:network:cors Parsed URL { port: '3000', protocol: 'http:', subdomain: null, domain: '', tld: 'localhost' } +10ms
  cypress:network:cors Parsed URL { port: '3000', protocol: 'http:', subdomain: null, domain: '', tld: 'localhost' } +0ms
  cypress:network:cors Parsed URL { port: '3000', protocol: 'http:', subdomain: null, domain: '', tld: 'localhost' } +0ms
  cypress:server:remote-states getting remote state: { auth: null, origin: 'http://localhost:3000', strategy: 'http', fileServer: null, domainName: 'localhost', props: { port: '3000', protocol: 'http:', subdomain: null, domain: '', tld: 'localhost' } } for: http://localhost:3000/_nuxt/node_modules/nuxt/dist/pages/runtime/plugins/prefetch.client.js?v=b9068561 +10ms
  cypress:network:cors Parsed URL { port: '3000', protocol: 'http:', subdomain: null, domain: '', tld: 'localhost' } +1ms
  cypress:server:remote-states getting remote state: { auth: null, origin: 'http://localhost:3000', strategy: 'http', fileServer: null, domainName: 'localhost', props: { port: '3000', protocol: 'http:', subdomain: null, domain: '', tld: 'localhost' } } for: http://localhost:3000 +1ms
  cypress:server:stream_buffer stream buffer writeable final called +11ms
  cypress:network:agent addRequest called { isHttps: false, href: 'http://localhost:3000/_nuxt/node_modules/nuxt/dist/pages/runtime/plugins/prefetch.client.js?v=b9068561' } +11ms
  cypress:network:agent got family { family: 6, href: 'http://localhost:3000/_nuxt/node_modules/nuxt/dist/pages/runtime/plugins/prefetch.client.js?v=b9068561' } +0ms
  cypress:network:cors Parsed URL { port: '3000', protocol: 'http:', subdomain: null, domain: '', tld: 'localhost' } +2ms
  cypress:network:cors Parsed URL { port: '3000', protocol: 'http:', subdomain: null, domain: '', tld: 'localhost' } +0ms
  cypress:network:cors Parsed URL { port: '3000', protocol: 'http:', subdomain: null, domain: '', tld: 'localhost' } +0ms
  cypress:server:remote-states getting remote state: { auth: null, origin: 'http://localhost:3000', strategy: 'http', fileServer: null, domainName: 'localhost', props: { port: '3000', protocol: 'http:', subdomain: null, domain: '', tld: 'localhost' } } for: http://localhost:3000/_nuxt/node_modules/@nuxt/devtools/dist/runtime/plugins/devtools.client.mjs?v=b9068561 +2ms
  cypress:network:cors Parsed URL { port: '3000', protocol: 'http:', subdomain: null, domain: '', tld: 'localhost' } +0ms
  cypress:server:remote-states getting remote state: { auth: null, origin: 'http://localhost:3000', strategy: 'http', fileServer: null, domainName: 'localhost', props: { port: '3000', protocol: 'http:', subdomain: null, domain: '', tld: 'localhost' } } for: http://localhost:3000 +0ms
  cypress:server:stream_buffer stream buffer writeable final called +2ms
  cypress:network:agent addRequest called { isHttps: false, href: 'http://localhost:3000/_nuxt/node_modules/@nuxt/devtools/dist/runtime/plugins/devtools.client.mjs?v=b9068561' } +2ms
  cypress:network:agent got family { family: 6, href: 'http://localhost:3000/_nuxt/node_modules/@nuxt/devtools/dist/runtime/plugins/devtools.client.mjs?v=b9068561' } +0ms
  cypress:network:cors Parsed URL { port: '3000', protocol: 'http:', subdomain: null, domain: '', tld: 'localhost' } +4ms
  cypress:network:cors Parsed URL { port: '3000', protocol: 'http:', subdomain: null, domain: '', tld: 'localhost' } +0ms
  cypress:network:cors Parsed URL { port: '3000', protocol: 'http:', subdomain: null, domain: '', tld: 'localhost' } +1ms
  cypress:server:remote-states getting remote state: { auth: null, origin: 'http://localhost:3000', strategy: 'http', fileServer: null, domainName: 'localhost', props: { port: '3000', protocol: 'http:', subdomain: null, domain: '', tld: 'localhost' } } for: http://localhost:3000/_nuxt/node_modules/nuxt/dist/app/plugins/chunk-reload.client.js?v=b9068561 +5ms
  cypress:network:cors Parsed URL { port: '3000', protocol: 'http:', subdomain: null, domain: '', tld: 'localhost' } +1ms
  cypress:server:remote-states getting remote state: { auth: null, origin: 'http://localhost:3000', strategy: 'http', fileServer: null, domainName: 'localhost', props: { port: '3000', protocol: 'http:', subdomain: null, domain: '', tld: 'localhost' } } for: http://localhost:3000 +1ms
  cypress:server:stream_buffer stream buffer writeable final called +6ms
  cypress:network:agent addRequest called { isHttps: false, href: 'http://localhost:3000/_nuxt/node_modules/nuxt/dist/app/plugins/chunk-reload.client.js?v=b9068561' } +6ms
  cypress:network:agent got family { family: 6, href: 'http://localhost:3000/_nuxt/node_modules/nuxt/dist/app/plugins/chunk-reload.client.js?v=b9068561' } +0ms
  cypress:network:cors Parsed URL { port: '3000', protocol: 'http:', subdomain: null, domain: '', tld: 'localhost' } +3ms
  cypress:network:cors Parsed URL { port: '3000', protocol: 'http:', subdomain: null, domain: '', tld: 'localhost' } +0ms
  cypress:network:cors Parsed URL { port: '3000', protocol: 'http:', subdomain: null, domain: '', tld: 'localhost' } +0ms
  cypress:server:remote-states getting remote state: { auth: null, origin: 'http://localhost:3000', strategy: 'http', fileServer: null, domainName: 'localhost', props: { port: '3000', protocol: 'http:', subdomain: null, domain: '', tld: 'localhost' } } for: http://localhost:3000/_nuxt/node_modules/nuxt/dist/app/components/nuxt-root.vue +4ms
  cypress:network:cors Parsed URL { port: '3000', protocol: 'http:', subdomain: null, domain: '', tld: 'localhost' } +1ms
  cypress:server:remote-states getting remote state: { auth: null, origin: 'http://localhost:3000', strategy: 'http', fileServer: null, domainName: 'localhost', props: { port: '3000', protocol: 'http:', subdomain: null, domain: '', tld: 'localhost' } } for: http://localhost:3000 +0ms
  cypress:server:stream_buffer stream buffer writeable final called +4ms
  cypress:network:agent addRequest called { isHttps: false, href: 'http://localhost:3000/_nuxt/node_modules/nuxt/dist/app/components/nuxt-root.vue' } +5ms
  cypress:network:agent got family { family: 6, href: 'http://localhost:3000/_nuxt/node_modules/nuxt/dist/app/components/nuxt-root.vue' } +0ms
  cypress:server:request received status code & headers on request { requestId: 'request34', statusCode: 200, headers: { 'content-type': 'application/javascript' } } +43ms
  cypress:server:request successful response received { requestId: 'request34' } +1ms
  cypress:net-stubbing:server:intercept-response InterceptResponse { req: { url: '/_nuxt/@id/virtual:nuxt:C:/Users/LucasFelber/Documents/SideProjects/cypress-submit-reload/.nuxt/components.plugin.mjs' }, request: undefined } +48ms
  cypress:network:cors Parsed URL { port: '3000', protocol: 'http:', subdomain: null, domain: '', tld: 'localhost' } +16ms
  cypress:server:remote-states getting remote state: { auth: null, origin: 'http://localhost:3000', strategy: 'http', fileServer: null, domainName: 'localhost', props: { port: '3000', protocol: 'http:', subdomain: null, domain: '', tld: 'localhost' } } for: http://localhost:3000 +16ms
  cypress:network:cors Parsed URL { port: '3000', protocol: 'http:', subdomain: null, domain: '', tld: 'localhost' } +1ms
  cypress:network:cors Parsed URL { port: '3000', protocol: 'http:', subdomain: null, domain: '', tld: 'localhost' } +0ms
  cypress:server:remote-states getting primary remote state: { auth: null, origin: 'http://localhost:3000', strategy: 'http', fileServer: null, domainName: 'localhost', props: { port: '3000', protocol: 'http:', subdomain: null, domain: '', tld: 'localhost' } } +1ms
  cypress:network:cors Parsed URL { port: '3000', protocol: 'http:', subdomain: null, domain: '', tld: 'localhost' } +0ms
  cypress:network:cors Parsed URL { port: '3000', protocol: 'http:', subdomain: null, domain: '', tld: 'localhost' } +0ms
  cypress:network:cors Parsed URL { port: '3000', protocol: 'http:', subdomain: null, domain: '', tld: 'localhost' } +0ms
  cypress:server:remote-states getting remote state: { auth: null, origin: 'http://localhost:3000', strategy: 'http', fileServer: null, domainName: 'localhost', props: { port: '3000', protocol: 'http:', subdomain: null, domain: '', tld: 'localhost' } } for: http://localhost:3000 +0ms
  cypress:server:request received status code & headers on request { requestId: 'request35', statusCode: 200, headers: { 'content-type': 'application/javascript' } } +16ms
  cypress:server:request successful response received { requestId: 'request35' } +0ms
  cypress:server:request received status code & headers on request { requestId: 'request36', statusCode: 200, headers: { 'content-type': 'application/javascript' } } +0ms
  cypress:server:request successful response received { requestId: 'request36' } +1ms
  cypress:net-stubbing:server:intercept-response InterceptResponse { req: { url: '/_nuxt/node_modules/nuxt/dist/pages/runtime/plugins/prefetch.client.js?v=b9068561' }, request: undefined } +9ms
  cypress:network:cors Parsed URL { port: '3000', protocol: 'http:', subdomain: null, domain: '', tld: 'localhost' } +9ms
  cypress:server:remote-states getting remote state: { auth: null, origin: 'http://localhost:3000', strategy: 'http', fileServer: null, domainName: 'localhost', props: { port: '3000', protocol: 'http:', subdomain: null, domain: '', tld: 'localhost' } } for: http://localhost:3000 +9ms
  cypress:network:cors Parsed URL { port: '3000', protocol: 'http:', subdomain: null, domain: '', tld: 'localhost' } +0ms
  cypress:network:cors Parsed URL { port: '3000', protocol: 'http:', subdomain: null, domain: '', tld: 'localhost' } +0ms
  cypress:server:remote-states getting primary remote state: { auth: null, origin: 'http://localhost:3000', strategy: 'http', fileServer: null, domainName: 'localhost', props: { port: '3000', protocol: 'http:', subdomain: null, domain: '', tld: 'localhost' } } +0ms
  cypress:network:cors Parsed URL { port: '3000', protocol: 'http:', subdomain: null, domain: '', tld: 'localhost' } +0ms
  cypress:network:cors Parsed URL { port: '3000', protocol: 'http:', subdomain: null, domain: '', tld: 'localhost' } +0ms
  cypress:network:cors Parsed URL { port: '3000', protocol: 'http:', subdomain: null, domain: '', tld: 'localhost' } +0ms
  cypress:server:remote-states getting remote state: { auth: null, origin: 'http://localhost:3000', strategy: 'http', fileServer: null, domainName: 'localhost', props: { port: '3000', protocol: 'http:', subdomain: null, domain: '', tld: 'localhost' } } for: http://localhost:3000 +1ms
  cypress:net-stubbing:server:intercept-response InterceptResponse { req: { url: '/_nuxt/node_modules/@nuxt/devtools/dist/runtime/plugins/devtools.client.mjs?v=b9068561' }, request: undefined } +2ms
  cypress:network:cors Parsed URL { port: '3000', protocol: 'http:', subdomain: null, domain: '', tld: 'localhost' } +1ms
  cypress:server:remote-states getting remote state: { auth: null, origin: 'http://localhost:3000', strategy: 'http', fileServer: null, domainName: 'localhost', props: { port: '3000', protocol: 'http:', subdomain: null, domain: '', tld: 'localhost' } } for: http://localhost:3000 +1ms
  cypress:network:cors Parsed URL { port: '3000', protocol: 'http:', subdomain: null, domain: '', tld: 'localhost' } +1ms
  cypress:network:cors Parsed URL { port: '3000', protocol: 'http:', subdomain: null, domain: '', tld: 'localhost' } +0ms
  cypress:server:remote-states getting primary remote state: { auth: null, origin: 'http://localhost:3000', strategy: 'http', fileServer: null, domainName: 'localhost', props: { port: '3000', protocol: 'http:', subdomain: null, domain: '', tld: 'localhost' } } +0ms
  cypress:network:cors Parsed URL { port: '3000', protocol: 'http:', subdomain: null, domain: '', tld: 'localhost' } +0ms
  cypress:network:cors Parsed URL { port: '3000', protocol: 'http:', subdomain: null, domain: '', tld: 'localhost' } +0ms
  cypress:network:cors Parsed URL { port: '3000', protocol: 'http:', subdomain: null, domain: '', tld: 'localhost' } +0ms
  cypress:server:remote-states getting remote state: { auth: null, origin: 'http://localhost:3000', strategy: 'http', fileServer: null, domainName: 'localhost', props: { port: '3000', protocol: 'http:', subdomain: null, domain: '', tld: 'localhost' } } for: http://localhost:3000 +0ms
  cypress:server:request received status code & headers on request { requestId: 'request37', statusCode: 200, headers: { 'content-type': 'application/javascript' } } +6ms
  cypress:server:request successful response received { requestId: 'request37' } +0ms
  cypress:server:request received status code & headers on request { requestId: 'request38', statusCode: 200, headers: { 'content-type': 'application/javascript' } } +1ms
  cypress:server:request successful response received { requestId: 'request38' } +0ms
  cypress:net-stubbing:server:intercept-response InterceptResponse { req: { url: '/_nuxt/node_modules/nuxt/dist/app/plugins/chunk-reload.client.js?v=b9068561' }, request: undefined } +8ms
  cypress:network:cors Parsed URL { port: '3000', protocol: 'http:', subdomain: null, domain: '', tld: 'localhost' } +7ms
  cypress:server:remote-states getting remote state: { auth: null, origin: 'http://localhost:3000', strategy: 'http', fileServer: null, domainName: 'localhost', props: { port: '3000', protocol: 'http:', subdomain: null, domain: '', tld: 'localhost' } } for: http://localhost:3000 +7ms
  cypress:network:cors Parsed URL { port: '3000', protocol: 'http:', subdomain: null, domain: '', tld: 'localhost' } +0ms
  cypress:network:cors Parsed URL { port: '3000', protocol: 'http:', subdomain: null, domain: '', tld: 'localhost' } +0ms
  cypress:server:remote-states getting primary remote state: { auth: null, origin: 'http://localhost:3000', strategy: 'http', fileServer: null, domainName: 'localhost', props: { port: '3000', protocol: 'http:', subdomain: null, domain: '', tld: 'localhost' } } +0ms
  cypress:network:cors Parsed URL { port: '3000', protocol: 'http:', subdomain: null, domain: '', tld: 'localhost' } +0ms
  cypress:network:cors Parsed URL { port: '3000', protocol: 'http:', subdomain: null, domain: '', tld: 'localhost' } +0ms
  cypress:network:cors Parsed URL { port: '3000', protocol: 'http:', subdomain: null, domain: '', tld: 'localhost' } +1ms
  cypress:server:remote-states getting remote state: { auth: null, origin: 'http://localhost:3000', strategy: 'http', fileServer: null, domainName: 'localhost', props: { port: '3000', protocol: 'http:', subdomain: null, domain: '', tld: 'localhost' } } for: http://localhost:3000 +1ms
  cypress:net-stubbing:server:intercept-response InterceptResponse { req: { url: '/_nuxt/node_modules/nuxt/dist/app/components/nuxt-root.vue' }, request: undefined } +2ms
  cypress:network:cors Parsed URL { port: '3000', protocol: 'http:', subdomain: null, domain: '', tld: 'localhost' } +1ms
  cypress:server:remote-states getting remote state: { auth: null, origin: 'http://localhost:3000', strategy: 'http', fileServer: null, domainName: 'localhost', props: { port: '3000', protocol: 'http:', subdomain: null, domain: '', tld: 'localhost' } } for: http://localhost:3000 +1ms
  cypress:network:cors Parsed URL { port: '3000', protocol: 'http:', subdomain: null, domain: '', tld: 'localhost' } +0ms
  cypress:network:cors Parsed URL { port: '3000', protocol: 'http:', subdomain: null, domain: '', tld: 'localhost' } +0ms
  cypress:server:remote-states getting primary remote state: { auth: null, origin: 'http://localhost:3000', strategy: 'http', fileServer: null, domainName: 'localhost', props: { port: '3000', protocol: 'http:', subdomain: null, domain: '', tld: 'localhost' } } +0ms
  cypress:network:cors Parsed URL { port: '3000', protocol: 'http:', subdomain: null, domain: '', tld: 'localhost' } +0ms
  cypress:network:cors Parsed URL { port: '3000', protocol: 'http:', subdomain: null, domain: '', tld: 'localhost' } +0ms
  cypress:network:cors Parsed URL { port: '3000', protocol: 'http:', subdomain: null, domain: '', tld: 'localhost' } +1ms
  cypress:server:remote-states getting remote state: { auth: null, origin: 'http://localhost:3000', strategy: 'http', fileServer: null, domainName: 'localhost', props: { port: '3000', protocol: 'http:', subdomain: null, domain: '', tld: 'localhost' } } for: http://localhost:3000 +1ms
  cypress:network:cors Parsed URL { port: '3000', protocol: 'http:', subdomain: null, domain: '', tld: 'localhost' } +26ms
  cypress:network:cors Parsed URL { port: '3000', protocol: 'http:', subdomain: null, domain: '', tld: 'localhost' } +0ms
  cypress:network:cors Parsed URL { port: '3000', protocol: 'http:', subdomain: null, domain: '', tld: 'localhost' } +0ms
  cypress:server:remote-states getting remote state: { auth: null, origin: 'http://localhost:3000', strategy: 'http', fileServer: null, domainName: 'localhost', props: { port: '3000', protocol: 'http:', subdomain: null, domain: '', tld: 'localhost' } } for: http://localhost:3000/_nuxt/node_modules/vite-plugin-vue-inspector/src/Overlay.vue +27ms
  cypress:network:cors Parsed URL { port: '3000', protocol: 'http:', subdomain: null, domain: '', tld: 'localhost' } +1ms
  cypress:server:remote-states getting remote state: { auth: null, origin: 'http://localhost:3000', strategy: 'http', fileServer: null, domainName: 'localhost', props: { port: '3000', protocol: 'http:', subdomain: null, domain: '', tld: 'localhost' } } for: http://localhost:3000 +0ms
  cypress:server:stream_buffer stream buffer writeable final called +64ms
  cypress:network:agent addRequest called { isHttps: false, href: 'http://localhost:3000/_nuxt/node_modules/vite-plugin-vue-inspector/src/Overlay.vue' } +64ms
  cypress:network:agent got family { family: 6, href: 'http://localhost:3000/_nuxt/node_modules/vite-plugin-vue-inspector/src/Overlay.vue' } +0ms
  cypress:network:cors Parsed URL { port: '3000', protocol: 'http:', subdomain: null, domain: '', tld: 'localhost' } +3ms
  cypress:network:cors Parsed URL { port: '3000', protocol: 'http:', subdomain: null, domain: '', tld: 'localhost' } +0ms
  cypress:network:cors Parsed URL { port: '3000', protocol: 'http:', subdomain: null, domain: '', tld: 'localhost' } +1ms
  cypress:server:remote-states getting remote state: { auth: null, origin: 'http://localhost:3000', strategy: 'http', fileServer: null, domainName: 'localhost', props: { port: '3000', protocol: 'http:', subdomain: null, domain: '', tld: 'localhost' } } for: http://localhost:3000/_nuxt/@id/virtual:vue-inspector-options +4ms
  cypress:network:cors Parsed URL { port: '3000', protocol: 'http:', subdomain: null, domain: '', tld: 'localhost' } +0ms
  cypress:server:remote-states getting remote state: { auth: null, origin: 'http://localhost:3000', strategy: 'http', fileServer: null, domainName: 'localhost', props: { port: '3000', protocol: 'http:', subdomain: null, domain: '', tld: 'localhost' } } for: http://localhost:3000 +0ms
  cypress:server:stream_buffer stream buffer writeable final called +4ms
  cypress:network:agent addRequest called { isHttps: false, href: 'http://localhost:3000/_nuxt/@id/virtual:vue-inspector-options' } +4ms
  cypress:network:agent got family { family: 6, href: 'http://localhost:3000/_nuxt/@id/virtual:vue-inspector-options' } +0ms
  cypress:server:request received status code & headers on request { requestId: 'request39', statusCode: 200, headers: { 'content-type': 'application/javascript' } } +48ms
  cypress:server:request successful response received { requestId: 'request39' } +1ms
  cypress:net-stubbing:server:intercept-response InterceptResponse { req: { url: '/_nuxt/node_modules/vite-plugin-vue-inspector/src/Overlay.vue' }, request: undefined } +45ms
  cypress:network:cors Parsed URL { port: '3000', protocol: 'http:', subdomain: null, domain: '', tld: 'localhost' } +14ms
  cypress:server:remote-states getting remote state: { auth: null, origin: 'http://localhost:3000', strategy: 'http', fileServer: null, domainName: 'localhost', props: { port: '3000', protocol: 'http:', subdomain: null, domain: '', tld: 'localhost' } } for: http://localhost:3000 +14ms
  cypress:network:cors Parsed URL { port: '3000', protocol: 'http:', subdomain: null, domain: '', tld: 'localhost' } +1ms
  cypress:network:cors Parsed URL { port: '3000', protocol: 'http:', subdomain: null, domain: '', tld: 'localhost' } +0ms
  cypress:server:remote-states getting primary remote state: { auth: null, origin: 'http://localhost:3000', strategy: 'http', fileServer: null, domainName: 'localhost', props: { port: '3000', protocol: 'http:', subdomain: null, domain: '', tld: 'localhost' } } +1ms
  cypress:network:cors Parsed URL { port: '3000', protocol: 'http:', subdomain: null, domain: '', tld: 'localhost' } +0ms
  cypress:network:cors Parsed URL { port: '3000', protocol: 'http:', subdomain: null, domain: '', tld: 'localhost' } +0ms
  cypress:network:cors Parsed URL { port: '3000', protocol: 'http:', subdomain: null, domain: '', tld: 'localhost' } +1ms
  cypress:server:remote-states getting remote state: { auth: null, origin: 'http://localhost:3000', strategy: 'http', fileServer: null, domainName: 'localhost', props: { port: '3000', protocol: 'http:', subdomain: null, domain: '', tld: 'localhost' } } for: http://localhost:3000 +1ms
  cypress:server:request received status code & headers on request { requestId: 'request40', statusCode: 200, headers: { 'content-type': 'application/javascript' } } +11ms
  cypress:server:request successful response received { requestId: 'request40' } +0ms
  cypress:net-stubbing:server:intercept-response InterceptResponse { req: { url: '/_nuxt/@id/virtual:vue-inspector-options' }, request: undefined } +12ms
  cypress:network:cors Parsed URL { port: '3000', protocol: 'http:', subdomain: null, domain: '', tld: 'localhost' } +10ms
  cypress:server:remote-states getting remote state: { auth: null, origin: 'http://localhost:3000', strategy: 'http', fileServer: null, domainName: 'localhost', props: { port: '3000', protocol: 'http:', subdomain: null, domain: '', tld: 'localhost' } } for: http://localhost:3000 +10ms
  cypress:network:cors Parsed URL { port: '3000', protocol: 'http:', subdomain: null, domain: '', tld: 'localhost' } +0ms
  cypress:network:cors Parsed URL { port: '3000', protocol: 'http:', subdomain: null, domain: '', tld: 'localhost' } +0ms
  cypress:server:remote-states getting primary remote state: { auth: null, origin: 'http://localhost:3000', strategy: 'http', fileServer: null, domainName: 'localhost', props: { port: '3000', protocol: 'http:', subdomain: null, domain: '', tld: 'localhost' } } +0ms
  cypress:network:cors Parsed URL { port: '3000', protocol: 'http:', subdomain: null, domain: '', tld: 'localhost' } +1ms
  cypress:network:cors Parsed URL { port: '3000', protocol: 'http:', subdomain: null, domain: '', tld: 'localhost' } +0ms
  cypress:network:cors Parsed URL { port: '3000', protocol: 'http:', subdomain: null, domain: '', tld: 'localhost' } +0ms
  cypress:server:remote-states getting remote state: { auth: null, origin: 'http://localhost:3000', strategy: 'http', fileServer: null, domainName: 'localhost', props: { port: '3000', protocol: 'http:', subdomain: null, domain: '', tld: 'localhost' } } for: http://localhost:3000 +1ms
  cypress:network:cors Parsed URL { port: '3000', protocol: 'http:', subdomain: null, domain: '', tld: 'localhost' } +53ms
  cypress:network:cors Parsed URL { port: '3000', protocol: 'http:', subdomain: null, domain: '', tld: 'localhost' } +0ms
  cypress:network:cors Parsed URL { port: '3000', protocol: 'http:', subdomain: null, domain: '', tld: 'localhost' } +1ms
  cypress:server:remote-states getting remote state: { auth: null, origin: 'http://localhost:3000', strategy: 'http', fileServer: null, domainName: 'localhost', props: { port: '3000', protocol: 'http:', subdomain: null, domain: '', tld: 'localhost' } } for: http://localhost:3000/_nuxt/node_modules/nuxt/dist/app/composables/index.js?v=b9068561 +54ms
  cypress:network:cors Parsed URL { port: '3000', protocol: 'http:', subdomain: null, domain: '', tld: 'localhost' } +0ms
  cypress:server:remote-states getting remote state: { auth: null, origin: 'http://localhost:3000', strategy: 'http', fileServer: null, domainName: 'localhost', props: { port: '3000', protocol: 'http:', subdomain: null, domain: '', tld: 'localhost' } } for: http://localhost:3000 +0ms
  cypress:server:stream_buffer stream buffer writeable final called +82ms
  cypress:network:agent addRequest called { isHttps: false, href: 'http://localhost:3000/_nuxt/node_modules/nuxt/dist/app/composables/index.js?v=b9068561' } +81ms
  cypress:network:agent got family { family: 6, href: 'http://localhost:3000/_nuxt/node_modules/nuxt/dist/app/composables/index.js?v=b9068561' } +0ms
  cypress:network:cors Parsed URL { port: '3000', protocol: 'http:', subdomain: null, domain: '', tld: 'localhost' } +4ms
  cypress:network:cors Parsed URL { port: '3000', protocol: 'http:', subdomain: null, domain: '', tld: 'localhost' } +1ms
  cypress:network:cors Parsed URL { port: '3000', protocol: 'http:', subdomain: null, domain: '', tld: 'localhost' } +0ms
  cypress:server:remote-states getting remote state: { auth: null, origin: 'http://localhost:3000', strategy: 'http', fileServer: null, domainName: 'localhost', props: { port: '3000', protocol: 'http:', subdomain: null, domain: '', tld: 'localhost' } } for: http://localhost:3000/_nuxt/node_modules/nuxt/dist/app/components/index.js?v=b9068561 +6ms
  cypress:network:cors Parsed URL { port: '3000', protocol: 'http:', subdomain: null, domain: '', tld: 'localhost' } +1ms
  cypress:server:remote-states getting remote state: { auth: null, origin: 'http://localhost:3000', strategy: 'http', fileServer: null, domainName: 'localhost', props: { port: '3000', protocol: 'http:', subdomain: null, domain: '', tld: 'localhost' } } for: http://localhost:3000 +0ms
  cypress:server:stream_buffer stream buffer writeable final called +6ms
  cypress:network:agent addRequest called { isHttps: false, href: 'http://localhost:3000/_nuxt/node_modules/nuxt/dist/app/components/index.js?v=b9068561' } +6ms
  cypress:network:agent got family { family: 6, href: 'http://localhost:3000/_nuxt/node_modules/nuxt/dist/app/components/index.js?v=b9068561' } +0ms
  cypress:network:cors Parsed URL { port: '3000', protocol: 'http:', subdomain: null, domain: '', tld: 'localhost' } +3ms
  cypress:network:cors Parsed URL { port: '3000', protocol: 'http:', subdomain: null, domain: '', tld: 'localhost' } +1ms
  cypress:network:cors Parsed URL { port: '3000', protocol: 'http:', subdomain: null, domain: '', tld: 'localhost' } +1ms
  cypress:server:remote-states getting remote state: { auth: null, origin: 'http://localhost:3000', strategy: 'http', fileServer: null, domainName: 'localhost', props: { port: '3000', protocol: 'http:', subdomain: null, domain: '', tld: 'localhost' } } for: http://localhost:3000/_nuxt/node_modules/nuxt/dist/app/config.js?v=b9068561 +5ms
  cypress:network:cors Parsed URL { port: '3000', protocol: 'http:', subdomain: null, domain: '', tld: 'localhost' } +0ms
  cypress:server:remote-states getting remote state: { auth: null, origin: 'http://localhost:3000', strategy: 'http', fileServer: null, domainName: 'localhost', props: { port: '3000', protocol: 'http:', subdomain: null, domain: '', tld: 'localhost' } } for: http://localhost:3000 +1ms
  cypress:server:stream_buffer stream buffer writeable final called +6ms
  cypress:network:agent addRequest called { isHttps: false, href: 'http://localhost:3000/_nuxt/node_modules/nuxt/dist/app/config.js?v=b9068561' } +6ms
  cypress:network:agent got family { family: 6, href: 'http://localhost:3000/_nuxt/node_modules/nuxt/dist/app/config.js?v=b9068561' } +0ms
  cypress:server:request received status code & headers on request { requestId: 'request41', statusCode: 200, headers: { 'content-type': 'application/javascript' } } +72ms
  cypress:server:request successful response received { requestId: 'request41' } +1ms
  cypress:net-stubbing:server:intercept-response InterceptResponse { req: { url: '/_nuxt/node_modules/nuxt/dist/app/composables/index.js?v=b9068561' }, request: undefined } +73ms
  cypress:network:cors Parsed URL { port: '3000', protocol: 'http:', subdomain: null, domain: '', tld: 'localhost' } +7ms
  cypress:server:remote-states getting remote state: { auth: null, origin: 'http://localhost:3000', strategy: 'http', fileServer: null, domainName: 'localhost', props: { port: '3000', protocol: 'http:', subdomain: null, domain: '', tld: 'localhost' } } for: http://localhost:3000 +6ms
  cypress:network:cors Parsed URL { port: '3000', protocol: 'http:', subdomain: null, domain: '', tld: 'localhost' } +0ms
  cypress:network:cors Parsed URL { port: '3000', protocol: 'http:', subdomain: null, domain: '', tld: 'localhost' } +0ms
  cypress:server:remote-states getting primary remote state: { auth: null, origin: 'http://localhost:3000', strategy: 'http', fileServer: null, domainName: 'localhost', props: { port: '3000', protocol: 'http:', subdomain: null, domain: '', tld: 'localhost' } } +0ms
  cypress:network:cors Parsed URL { port: '3000', protocol: 'http:', subdomain: null, domain: '', tld: 'localhost' } +0ms
  cypress:network:cors Parsed URL { port: '3000', protocol: 'http:', subdomain: null, domain: '', tld: 'localhost' } +0ms
  cypress:network:cors Parsed URL { port: '3000', protocol: 'http:', subdomain: null, domain: '', tld: 'localhost' } +1ms
  cypress:server:remote-states getting remote state: { auth: null, origin: 'http://localhost:3000', strategy: 'http', fileServer: null, domainName: 'localhost', props: { port: '3000', protocol: 'http:', subdomain: null, domain: '', tld: 'localhost' } } for: http://localhost:3000 +1ms
  cypress:server:request received status code & headers on request { requestId: 'request42', statusCode: 200, headers: { 'content-type': 'application/javascript' } } +8ms
  cypress:server:request successful response received { requestId: 'request42' } +1ms
  cypress:network:cors Parsed URL { port: '3000', protocol: 'http:', subdomain: null, domain: '', tld: 'localhost' } +7ms
  cypress:network:cors Parsed URL { port: '3000', protocol: 'http:', subdomain: null, domain: '', tld: 'localhost' } +0ms
  cypress:network:cors Parsed URL { port: '3000', protocol: 'http:', subdomain: null, domain: '', tld: 'localhost' } +2ms
  cypress:server:remote-states getting remote state: { auth: null, origin: 'http://localhost:3000', strategy: 'http', fileServer: null, domainName: 'localhost', props: { port: '3000', protocol: 'http:', subdomain: null, domain: '', tld: 'localhost' } } for: http://localhost:3000/_nuxt/node_modules/nuxt/dist/app/compat/idle-callback.js?v=b9068561 +9ms
  cypress:network:cors Parsed URL { port: '3000', protocol: 'http:', subdomain: null, domain: '', tld: 'localhost' } +0ms
  cypress:server:remote-states getting remote state: { auth: null, origin: 'http://localhost:3000', strategy: 'http', fileServer: null, domainName: 'localhost', props: { port: '3000', protocol: 'http:', subdomain: null, domain: '', tld: 'localhost' } } for: http://localhost:3000 +1ms
  cypress:server:stream_buffer stream buffer writeable final called +17ms
  cypress:network:agent addRequest called { isHttps: false, href: 'http://localhost:3000/_nuxt/node_modules/nuxt/dist/app/compat/idle-callback.js?v=b9068561' } +17ms
  cypress:network:agent got family { family: 6, href: 'http://localhost:3000/_nuxt/node_modules/nuxt/dist/app/compat/idle-callback.js?v=b9068561' } +1ms
  cypress:net-stubbing:server:intercept-response InterceptResponse { req: { url: '/_nuxt/node_modules/nuxt/dist/app/components/index.js?v=b9068561' }, request: undefined } +15ms
  cypress:network:cors Parsed URL { port: '3000', protocol: 'http:', subdomain: null, domain: '', tld: 'localhost' } +5ms
  cypress:server:remote-states getting remote state: { auth: null, origin: 'http://localhost:3000', strategy: 'http', fileServer: null, domainName: 'localhost', props: { port: '3000', protocol: 'http:', subdomain: null, domain: '', tld: 'localhost' } } for: http://localhost:3000 +4ms
  cypress:network:cors Parsed URL { port: '3000', protocol: 'http:', subdomain: null, domain: '', tld: 'localhost' } +0ms
  cypress:network:cors Parsed URL { port: '3000', protocol: 'http:', subdomain: null, domain: '', tld: 'localhost' } +1ms
  cypress:server:remote-states getting primary remote state: { auth: null, origin: 'http://localhost:3000', strategy: 'http', fileServer: null, domainName: 'localhost', props: { port: '3000', protocol: 'http:', subdomain: null, domain: '', tld: 'localhost' } } +1ms
  cypress:network:cors Parsed URL { port: '3000', protocol: 'http:', subdomain: null, domain: '', tld: 'localhost' } +0ms
  cypress:network:cors Parsed URL { port: '3000', protocol: 'http:', subdomain: null, domain: '', tld: 'localhost' } +0ms
  cypress:network:cors Parsed URL { port: '3000', protocol: 'http:', subdomain: null, domain: '', tld: 'localhost' } +1ms
  cypress:server:remote-states getting remote state: { auth: null, origin: 'http://localhost:3000', strategy: 'http', fileServer: null, domainName: 'localhost', props: { port: '3000', protocol: 'http:', subdomain: null, domain: '', tld: 'localhost' } } for: http://localhost:3000 +1ms
  cypress:server:request received status code & headers on request { requestId: 'request43', statusCode: 200, headers: { 'content-type': 'application/javascript' } } +16ms
  cypress:server:request successful response received { requestId: 'request43' } +0ms
  cypress:net-stubbing:server:intercept-response InterceptResponse { req: { url: '/_nuxt/node_modules/nuxt/dist/app/config.js?v=b9068561' }, request: undefined } +9ms
  cypress:network:cors Parsed URL { port: '3000', protocol: 'http:', subdomain: null, domain: '', tld: 'localhost' } +6ms
  cypress:server:remote-states getting remote state: { auth: null, origin: 'http://localhost:3000', strategy: 'http', fileServer: null, domainName: 'localhost', props: { port: '3000', protocol: 'http:', subdomain: null, domain: '', tld: 'localhost' } } for: http://localhost:3000 +6ms
  cypress:network:cors Parsed URL { port: '3000', protocol: 'http:', subdomain: null, domain: '', tld: 'localhost' } +1ms
  cypress:network:cors Parsed URL { port: '3000', protocol: 'http:', subdomain: null, domain: '', tld: 'localhost' } +0ms
  cypress:server:remote-states getting primary remote state: { auth: null, origin: 'http://localhost:3000', strategy: 'http', fileServer: null, domainName: 'localhost', props: { port: '3000', protocol: 'http:', subdomain: null, domain: '', tld: 'localhost' } } +1ms
  cypress:network:cors Parsed URL { port: '3000', protocol: 'http:', subdomain: null, domain: '', tld: 'localhost' } +0ms
  cypress:network:cors Parsed URL { port: '3000', protocol: 'http:', subdomain: null, domain: '', tld: 'localhost' } +0ms
  cypress:network:cors Parsed URL { port: '3000', protocol: 'http:', subdomain: null, domain: '', tld: 'localhost' } +0ms
  cypress:server:remote-states getting remote state: { auth: null, origin: 'http://localhost:3000', strategy: 'http', fileServer: null, domainName: 'localhost', props: { port: '3000', protocol: 'http:', subdomain: null, domain: '', tld: 'localhost' } } for: http://localhost:3000 +0ms
  cypress:network:cors Parsed URL { port: '3000', protocol: 'http:', subdomain: null, domain: '', tld: 'localhost' } +8ms
  cypress:network:cors Parsed URL { port: '3000', protocol: 'http:', subdomain: null, domain: '', tld: 'localhost' } +1ms
  cypress:network:cors Parsed URL { port: '3000', protocol: 'http:', subdomain: null, domain: '', tld: 'localhost' } +0ms
  cypress:server:remote-states getting remote state: { auth: null, origin: 'http://localhost:3000', strategy: 'http', fileServer: null, domainName: 'localhost', props: { port: '3000', protocol: 'http:', subdomain: null, domain: '', tld: 'localhost' } } for: http://localhost:3000/_nuxt/node_modules/nuxt/dist/app/composables/payload.js?v=b9068561 +9ms
  cypress:network:cors Parsed URL { port: '3000', protocol: 'http:', subdomain: null, domain: '', tld: 'localhost' } +0ms
  cypress:server:remote-states getting remote state: { auth: null, origin: 'http://localhost:3000', strategy: 'http', fileServer: null, domainName: 'localhost', props: { port: '3000', protocol: 'http:', subdomain: null, domain: '', tld: 'localhost' } } for: http://localhost:3000 +0ms
  cypress:server:stream_buffer stream buffer writeable final called +23ms
  cypress:network:agent addRequest called { isHttps: false, href: 'http://localhost:3000/_nuxt/node_modules/nuxt/dist/app/composables/payload.js?v=b9068561' } +22ms
  cypress:network:agent got family { family: 6, href: 'http://localhost:3000/_nuxt/node_modules/nuxt/dist/app/composables/payload.js?v=b9068561' } +0ms
  cypress:server:request received status code & headers on request { requestId: 'request44', statusCode: 200, headers: { 'content-type': 'application/javascript' } } +19ms
  cypress:server:request successful response received { requestId: 'request44' } +1ms
  cypress:net-stubbing:server:intercept-response InterceptResponse { req: { url: '/_nuxt/node_modules/nuxt/dist/app/compat/idle-callback.js?v=b9068561' }, request: undefined } +20ms
  cypress:network:cors Parsed URL { port: '3000', protocol: 'http:', subdomain: null, domain: '', tld: 'localhost' } +10ms
  cypress:server:remote-states getting remote state: { auth: null, origin: 'http://localhost:3000', strategy: 'http', fileServer: null, domainName: 'localhost', props: { port: '3000', protocol: 'http:', subdomain: null, domain: '', tld: 'localhost' } } for: http://localhost:3000 +10ms
  cypress:network:cors Parsed URL { port: '3000', protocol: 'http:', subdomain: null, domain: '', tld: 'localhost' } +0ms
  cypress:network:cors Parsed URL { port: '3000', protocol: 'http:', subdomain: null, domain: '', tld: 'localhost' } +0ms
  cypress:server:remote-states getting primary remote state: { auth: null, origin: 'http://localhost:3000', strategy: 'http', fileServer: null, domainName: 'localhost', props: { port: '3000', protocol: 'http:', subdomain: null, domain: '', tld: 'localhost' } } +0ms
  cypress:network:cors Parsed URL { port: '3000', protocol: 'http:', subdomain: null, domain: '', tld: 'localhost' } +1ms
  cypress:network:cors Parsed URL { port: '3000', protocol: 'http:', subdomain: null, domain: '', tld: 'localhost' } +0ms
  cypress:network:cors Parsed URL { port: '3000', protocol: 'http:', subdomain: null, domain: '', tld: 'localhost' } +0ms
  cypress:server:remote-states getting remote state: { auth: null, origin: 'http://localhost:3000', strategy: 'http', fileServer: null, domainName: 'localhost', props: { port: '3000', protocol: 'http:', subdomain: null, domain: '', tld: 'localhost' } } for: http://localhost:3000 +1ms
  cypress:network:cors Parsed URL { port: '3000', protocol: 'http:', subdomain: null, domain: '', tld: 'localhost' } +6ms
  cypress:network:cors Parsed URL { port: '3000', protocol: 'http:', subdomain: null, domain: '', tld: 'localhost' } +0ms
  cypress:network:cors Parsed URL { port: '3000', protocol: 'http:', subdomain: null, domain: '', tld: 'localhost' } +1ms
  cypress:server:remote-states getting remote state: { auth: null, origin: 'http://localhost:3000', strategy: 'http', fileServer: null, domainName: 'localhost', props: { port: '3000', protocol: 'http:', subdomain: null, domain: '', tld: 'localhost' } } for: http://localhost:3000/_nuxt/node_modules/nuxt/dist/app/composables/error.js?v=b9068561 +7ms
  cypress:network:cors Parsed URL { port: '3000', protocol: 'http:', subdomain: null, domain: '', tld: 'localhost' } +0ms
  cypress:server:remote-states getting remote state: { auth: null, origin: 'http://localhost:3000', strategy: 'http', fileServer: null, domainName: 'localhost', props: { port: '3000', protocol: 'http:', subdomain: null, domain: '', tld: 'localhost' } } for: http://localhost:3000 +0ms
  cypress:server:stream_buffer stream buffer writeable final called +17ms
  cypress:network:agent addRequest called { isHttps: false, href: 'http://localhost:3000/_nuxt/node_modules/nuxt/dist/app/composables/error.js?v=b9068561' } +17ms
  cypress:network:agent got family { family: 6, href: 'http://localhost:3000/_nuxt/node_modules/nuxt/dist/app/composables/error.js?v=b9068561' } +0ms
  cypress:server:request received status code & headers on request { requestId: 'request45', statusCode: 200, headers: { 'content-type': 'application/javascript' } } +14ms
  cypress:server:request successful response received { requestId: 'request45' } +0ms
  cypress:net-stubbing:server:intercept-response InterceptResponse { req: { url: '/_nuxt/node_modules/nuxt/dist/app/composables/payload.js?v=b9068561' }, request: undefined } +14ms
  cypress:network:cors Parsed URL { port: '3000', protocol: 'http:', subdomain: null, domain: '', tld: 'localhost' } +6ms
  cypress:server:remote-states getting remote state: { auth: null, origin: 'http://localhost:3000', strategy: 'http', fileServer: null, domainName: 'localhost', props: { port: '3000', protocol: 'http:', subdomain: null, domain: '', tld: 'localhost' } } for: http://localhost:3000 +6ms
  cypress:network:cors Parsed URL { port: '3000', protocol: 'http:', subdomain: null, domain: '', tld: 'localhost' } +0ms
  cypress:network:cors Parsed URL { port: '3000', protocol: 'http:', subdomain: null, domain: '', tld: 'localhost' } +0ms
  cypress:server:remote-states getting primary remote state: { auth: null, origin: 'http://localhost:3000', strategy: 'http', fileServer: null, domainName: 'localhost', props: { port: '3000', protocol: 'http:', subdomain: null, domain: '', tld: 'localhost' } } +0ms
  cypress:network:cors Parsed URL { port: '3000', protocol: 'http:', subdomain: null, domain: '', tld: 'localhost' } +1ms
  cypress:network:cors Parsed URL { port: '3000', protocol: 'http:', subdomain: null, domain: '', tld: 'localhost' } +0ms
  cypress:network:cors Parsed URL { port: '3000', protocol: 'http:', subdomain: null, domain: '', tld: 'localhost' } +0ms
  cypress:server:remote-states getting remote state: { auth: null, origin: 'http://localhost:3000', strategy: 'http', fileServer: null, domainName: 'localhost', props: { port: '3000', protocol: 'http:', subdomain: null, domain: '', tld: 'localhost' } } for: http://localhost:3000 +1ms
  cypress:server:request received status code & headers on request { requestId: 'request46', statusCode: 200, headers: { 'content-type': 'application/javascript' } } +11ms
  cypress:server:request successful response received { requestId: 'request46' } +0ms
  cypress:net-stubbing:server:intercept-response InterceptResponse { req: { url: '/_nuxt/node_modules/nuxt/dist/app/composables/error.js?v=b9068561' }, request: undefined } +11ms
  cypress:network:cors Parsed URL { port: '3000', protocol: 'http:', subdomain: null, domain: '', tld: 'localhost' } +10ms
  cypress:server:remote-states getting remote state: { auth: null, origin: 'http://localhost:3000', strategy: 'http', fileServer: null, domainName: 'localhost', props: { port: '3000', protocol: 'http:', subdomain: null, domain: '', tld: 'localhost' } } for: http://localhost:3000 +11ms
  cypress:network:cors Parsed URL { port: '3000', protocol: 'http:', subdomain: null, domain: '', tld: 'localhost' } +1ms
  cypress:network:cors Parsed URL { port: '3000', protocol: 'http:', subdomain: null, domain: '', tld: 'localhost' } +0ms
  cypress:server:remote-states getting primary remote state: { auth: null, origin: 'http://localhost:3000', strategy: 'http', fileServer: null, domainName: 'localhost', props: { port: '3000', protocol: 'http:', subdomain: null, domain: '', tld: 'localhost' } } +0ms
  cypress:network:cors Parsed URL { port: '3000', protocol: 'http:', subdomain: null, domain: '', tld: 'localhost' } +0ms
  cypress:network:cors Parsed URL { port: '3000', protocol: 'http:', subdomain: null, domain: '', tld: 'localhost' } +0ms
  cypress:network:cors Parsed URL { port: '3000', protocol: 'http:', subdomain: null, domain: '', tld: 'localhost' } +1ms
  cypress:server:remote-states getting remote state: { auth: null, origin: 'http://localhost:3000', strategy: 'http', fileServer: null, domainName: 'localhost', props: { port: '3000', protocol: 'http:', subdomain: null, domain: '', tld: 'localhost' } } for: http://localhost:3000 +1ms
  cypress:network:cors Parsed URL { port: '3000', protocol: 'http:', subdomain: null, domain: '', tld: 'localhost' } +7ms
  cypress:network:cors Parsed URL { port: '3000', protocol: 'http:', subdomain: null, domain: '', tld: 'localhost' } +0ms
  cypress:network:cors Parsed URL { port: '3000', protocol: 'http:', subdomain: null, domain: '', tld: 'localhost' } +0ms
  cypress:server:remote-states getting remote state: { auth: null, origin: 'http://localhost:3000', strategy: 'http', fileServer: null, domainName: 'localhost', props: { port: '3000', protocol: 'http:', subdomain: null, domain: '', tld: 'localhost' } } for: http://localhost:3000/_nuxt/node_modules/.cache/vite/client/deps/@unhead_vue.js?v=b9068561 +7ms
  cypress:network:cors Parsed URL { port: '3000', protocol: 'http:', subdomain: null, domain: '', tld: 'localhost' } +0ms
  cypress:server:remote-states getting remote state: { auth: null, origin: 'http://localhost:3000', strategy: 'http', fileServer: null, domainName: 'localhost', props: { port: '3000', protocol: 'http:', subdomain: null, domain: '', tld: 'localhost' } } for: http://localhost:3000 +0ms
  cypress:server:stream_buffer stream buffer writeable final called +26ms
  cypress:network:agent addRequest called { isHttps: false, href: 'http://localhost:3000/_nuxt/node_modules/.cache/vite/client/deps/@unhead_vue.js?v=b9068561' } +26ms
  cypress:network:agent got family { family: 6, href: 'http://localhost:3000/_nuxt/node_modules/.cache/vite/client/deps/@unhead_vue.js?v=b9068561' } +0ms
  cypress:network:cors Parsed URL { port: '3000', protocol: 'http:', subdomain: null, domain: '', tld: 'localhost' } +3ms
  cypress:network:cors Parsed URL { port: '3000', protocol: 'http:', subdomain: null, domain: '', tld: 'localhost' } +0ms
  cypress:network:cors Parsed URL { port: '3000', protocol: 'http:', subdomain: null, domain: '', tld: 'localhost' } +1ms
  cypress:server:remote-states getting remote state: { auth: null, origin: 'http://localhost:3000', strategy: 'http', fileServer: null, domainName: 'localhost', props: { port: '3000', protocol: 'http:', subdomain: null, domain: '', tld: 'localhost' } } for: http://localhost:3000/_nuxt/node_modules/@unhead/dom/dist/index.mjs?v=b9068561 +4ms
  cypress:network:cors Parsed URL { port: '3000', protocol: 'http:', subdomain: null, domain: '', tld: 'localhost' } +0ms
  cypress:server:remote-states getting remote state: { auth: null, origin: 'http://localhost:3000', strategy: 'http', fileServer: null, domainName: 'localhost', props: { port: '3000', protocol: 'http:', subdomain: null, domain: '', tld: 'localhost' } } for: http://localhost:3000 +0ms
  cypress:server:stream_buffer stream buffer writeable final called +4ms
  cypress:network:agent addRequest called { isHttps: false, href: 'http://localhost:3000/_nuxt/node_modules/@unhead/dom/dist/index.mjs?v=b9068561' } +5ms
  cypress:network:agent got family { family: 6, href: 'http://localhost:3000/_nuxt/node_modules/@unhead/dom/dist/index.mjs?v=b9068561' } +0ms
  cypress:network:cors Parsed URL { port: '3000', protocol: 'http:', subdomain: null, domain: '', tld: 'localhost' } +5ms
  cypress:network:cors Parsed URL { port: '3000', protocol: 'http:', subdomain: null, domain: '', tld: 'localhost' } +0ms
  cypress:network:cors Parsed URL { port: '3000', protocol: 'http:', subdomain: null, domain: '', tld: 'localhost' } +1ms
  cypress:server:remote-states getting remote state: { auth: null, origin: 'http://localhost:3000', strategy: 'http', fileServer: null, domainName: 'localhost', props: { port: '3000', protocol: 'http:', subdomain: null, domain: '', tld: 'localhost' } } for: http://localhost:3000/_nuxt/@id/virtual:nuxt:C:/Users/LucasFelber/Documents/SideProjects/cypress-submit-reload/.nuxt/unhead-plugins.mjs +6ms
  cypress:network:cors Parsed URL { port: '3000', protocol: 'http:', subdomain: null, domain: '', tld: 'localhost' } +0ms
  cypress:server:remote-states getting remote state: { auth: null, origin: 'http://localhost:3000', strategy: 'http', fileServer: null, domainName: 'localhost', props: { port: '3000', protocol: 'http:', subdomain: null, domain: '', tld: 'localhost' } } for: http://localhost:3000 +0ms
  cypress:server:stream_buffer stream buffer writeable final called +6ms
  cypress:network:agent addRequest called { isHttps: false, href: 'http://localhost:3000/_nuxt/@id/virtual:nuxt:C:/Users/LucasFelber/Documents/SideProjects/cypress-submit-reload/.nuxt/unhead-plugins.mjs' } +5ms
  cypress:network:agent got family { family: 6, href: 'http://localhost:3000/_nuxt/@id/virtual:nuxt:C:/Users/LucasFelber/Documents/SideProjects/cypress-submit-reload/.nuxt/unhead-plugins.mjs' } +0ms
  cypress:network:cors Parsed URL { port: '3000', protocol: 'http:', subdomain: null, domain: '', tld: 'localhost' } +2ms
  cypress:network:cors Parsed URL { port: '3000', protocol: 'http:', subdomain: null, domain: '', tld: 'localhost' } +1ms
  cypress:network:cors Parsed URL { port: '3000', protocol: 'http:', subdomain: null, domain: '', tld: 'localhost' } +0ms
  cypress:server:remote-states getting remote state: { auth: null, origin: 'http://localhost:3000', strategy: 'http', fileServer: null, domainName: 'localhost', props: { port: '3000', protocol: 'http:', subdomain: null, domain: '', tld: 'localhost' } } for: http://localhost:3000/_nuxt/@id/virtual:nuxt:C:/Users/LucasFelber/Documents/SideProjects/cypress-submit-reload/.nuxt/vue-router.mjs +3ms
  cypress:network:cors Parsed URL { port: '3000', protocol: 'http:', subdomain: null, domain: '', tld: 'localhost' } +1ms
  cypress:server:remote-states getting remote state: { auth: null, origin: 'http://localhost:3000', strategy: 'http', fileServer: null, domainName: 'localhost', props: { port: '3000', protocol: 'http:', subdomain: null, domain: '', tld: 'localhost' } } for: http://localhost:3000 +1ms
  cypress:server:stream_buffer stream buffer writeable final called +3ms
  cypress:network:agent addRequest called { isHttps: false, href: 'http://localhost:3000/_nuxt/@id/virtual:nuxt:C:/Users/LucasFelber/Documents/SideProjects/cypress-submit-reload/.nuxt/vue-router.mjs' } +4ms
  cypress:network:agent got family { family: 6, href: 'http://localhost:3000/_nuxt/@id/virtual:nuxt:C:/Users/LucasFelber/Documents/SideProjects/cypress-submit-reload/.nuxt/vue-router.mjs' } +0ms  cypress:server:request received status code & headers on request { requestId: 'request47', statusCode: 200, headers: { 'content-type': 'application/javascript' } } +28ms
  cypress:server:request successful response received { requestId: 'request47' } +1ms
  cypress:net-stubbing:server:intercept-response InterceptResponse { req: { url: '/_nuxt/node_modules/.cache/vite/client/deps/@unhead_vue.js?v=b9068561' }, request: undefined } +30ms
  cypress:network:cors Parsed URL { port: '3000', protocol: 'http:', subdomain: null, domain: '', tld: 'localhost' } +8ms
  cypress:server:remote-states getting remote state: { auth: null, origin: 'http://localhost:3000', strategy: 'http', fileServer: null, domainName: 'localhost', props: { port: '3000', protocol: 'http:', subdomain: null, domain: '', tld: 'localhost' } } for: http://localhost:3000 +8ms
  cypress:network:cors Parsed URL { port: '3000', protocol: 'http:', subdomain: null, domain: '', tld: 'localhost' } +0ms
  cypress:network:cors Parsed URL { port: '3000', protocol: 'http:', subdomain: null, domain: '', tld: 'localhost' } +0ms
  cypress:server:remote-states getting primary remote state: { auth: null, origin: 'http://localhost:3000', strategy: 'http', fileServer: null, domainName: 'localhost', props: { port: '3000', protocol: 'http:', subdomain: null, domain: '', tld: 'localhost' } } +0ms
  cypress:network:cors Parsed URL { port: '3000', protocol: 'http:', subdomain: null, domain: '', tld: 'localhost' } +0ms
  cypress:network:cors Parsed URL { port: '3000', protocol: 'http:', subdomain: null, domain: '', tld: 'localhost' } +0ms
  cypress:network:cors Parsed URL { port: '3000', protocol: 'http:', subdomain: null, domain: '', tld: 'localhost' } +0ms
  cypress:server:remote-states getting remote state: { auth: null, origin: 'http://localhost:3000', strategy: 'http', fileServer: null, domainName: 'localhost', props: { port: '3000', protocol: 'http:', subdomain: null, domain: '', tld: 'localhost' } } for: http://localhost:3000 +0ms
  cypress:network:cors Parsed URL { port: '3000', protocol: 'http:', subdomain: null, domain: '', tld: 'localhost' } +4ms
  cypress:network:cors Parsed URL { port: '3000', protocol: 'http:', subdomain: null, domain: '', tld: 'localhost' } +0ms
  cypress:network:cors Parsed URL { port: '3000', protocol: 'http:', subdomain: null, domain: '', tld: 'localhost' } +1ms
  cypress:server:remote-states getting remote state: { auth: null, origin: 'http://localhost:3000', strategy: 'http', fileServer: null, domainName: 'localhost', props: { port: '3000', protocol: 'http:', subdomain: null, domain: '', tld: 'localhost' } } for: http://localhost:3000/_nuxt/node_modules/h3/dist/index.mjs?v=b9068561 +5ms
  cypress:network:cors Parsed URL { port: '3000', protocol: 'http:', subdomain: null, domain: '', tld: 'localhost' } +0ms
  cypress:server:remote-states getting remote state: { auth: null, origin: 'http://localhost:3000', strategy: 'http', fileServer: null, domainName: 'localhost', props: { port: '3000', protocol: 'http:', subdomain: null, domain: '', tld: 'localhost' } } for: http://localhost:3000 +0ms
  cypress:server:stream_buffer stream buffer writeable final called +15ms
  cypress:network:agent addRequest called { isHttps: false, href: 'http://localhost:3000/_nuxt/node_modules/h3/dist/index.mjs?v=b9068561' } +14ms
  cypress:network:agent got family { family: 6, href: 'http://localhost:3000/_nuxt/node_modules/h3/dist/index.mjs?v=b9068561' } +0ms
  cypress:server:request received status code & headers on request { requestId: 'request49', statusCode: 200, headers: { 'content-type': 'application/javascript' } } +11ms
  cypress:server:request successful response received { requestId: 'request49' } +0ms
  cypress:server:request received status code & headers on request { requestId: 'request50', statusCode: 200, headers: { 'content-type': 'application/javascript' } } +1ms
  cypress:server:request successful response received { requestId: 'request50' } +0ms
  cypress:server:request received status code & headers on request { requestId: 'request48', statusCode: 200, headers: { 'content-type': 'application/javascript' } } +0ms
  cypress:server:request successful response received { requestId: 'request48' } +0ms
  cypress:net-stubbing:server:intercept-response InterceptResponse { req: { url: '/_nuxt/@id/virtual:nuxt:C:/Users/LucasFelber/Documents/SideProjects/cypress-submit-reload/.nuxt/unhead-plugins.mjs' }, request: undefined } +12ms
  cypress:network:cors Parsed URL { port: '3000', protocol: 'http:', subdomain: null, domain: '', tld: 'localhost' } +6ms
  cypress:server:remote-states getting remote state: { auth: null, origin: 'http://localhost:3000', strategy: 'http', fileServer: null, domainName: 'localhost', props: { port: '3000', protocol: 'http:', subdomain: null, domain: '', tld: 'localhost' } } for: http://localhost:3000 +6ms
  cypress:network:cors Parsed URL { port: '3000', protocol: 'http:', subdomain: null, domain: '', tld: 'localhost' } +1ms
  cypress:network:cors Parsed URL { port: '3000', protocol: 'http:', subdomain: null, domain: '', tld: 'localhost' } +0ms
  cypress:server:remote-states getting primary remote state: { auth: null, origin: 'http://localhost:3000', strategy: 'http', fileServer: null, domainName: 'localhost', props: { port: '3000', protocol: 'http:', subdomain: null, domain: '', tld: 'localhost' } } +1ms
  cypress:network:cors Parsed URL { port: '3000', protocol: 'http:', subdomain: null, domain: '', tld: 'localhost' } +0ms
  cypress:network:cors Parsed URL { port: '3000', protocol: 'http:', subdomain: null, domain: '', tld: 'localhost' } +0ms
  cypress:network:cors Parsed URL { port: '3000', protocol: 'http:', subdomain: null, domain: '', tld: 'localhost' } +1ms
  cypress:server:remote-states getting remote state: { auth: null, origin: 'http://localhost:3000', strategy: 'http', fileServer: null, domainName: 'localhost', props: { port: '3000', protocol: 'http:', subdomain: null, domain: '', tld: 'localhost' } } for: http://localhost:3000 +1ms
  cypress:net-stubbing:server:intercept-response InterceptResponse { req: { url: '/_nuxt/@id/virtual:nuxt:C:/Users/LucasFelber/Documents/SideProjects/cypress-submit-reload/.nuxt/vue-router.mjs' }, request: undefined } +4ms
  cypress:network:cors Parsed URL { port: '3000', protocol: 'http:', subdomain: null, domain: '', tld: 'localhost' } +2ms
  cypress:server:remote-states getting remote state: { auth: null, origin: 'http://localhost:3000', strategy: 'http', fileServer: null, domainName: 'localhost', props: { port: '3000', protocol: 'http:', subdomain: null, domain: '', tld: 'localhost' } } for: http://localhost:3000 +2ms
  cypress:network:cors Parsed URL { port: '3000', protocol: 'http:', subdomain: null, domain: '', tld: 'localhost' } +1ms
  cypress:network:cors Parsed URL { port: '3000', protocol: 'http:', subdomain: null, domain: '', tld: 'localhost' } +0ms
  cypress:server:remote-states getting primary remote state: { auth: null, origin: 'http://localhost:3000', strategy: 'http', fileServer: null, domainName: 'localhost', props: { port: '3000', protocol: 'http:', subdomain: null, domain: '', tld: 'localhost' } } +1ms
  cypress:network:cors Parsed URL { port: '3000', protocol: 'http:', subdomain: null, domain: '', tld: 'localhost' } +0ms
  cypress:network:cors Parsed URL { port: '3000', protocol: 'http:', subdomain: null, domain: '', tld: 'localhost' } +0ms
  cypress:network:cors Parsed URL { port: '3000', protocol: 'http:', subdomain: null, domain: '', tld: 'localhost' } +1ms
  cypress:server:remote-states getting remote state: { auth: null, origin: 'http://localhost:3000', strategy: 'http', fileServer: null, domainName: 'localhost', props: { port: '3000', protocol: 'http:', subdomain: null, domain: '', tld: 'localhost' } } for: http://localhost:3000 +1ms
  cypress:net-stubbing:server:intercept-response InterceptResponse { req: { url: '/_nuxt/node_modules/@unhead/dom/dist/index.mjs?v=b9068561' }, request: undefined } +3ms
  cypress:network:cors Parsed URL { port: '3000', protocol: 'http:', subdomain: null, domain: '', tld: 'localhost' } +2ms
  cypress:server:remote-states getting remote state: { auth: null, origin: 'http://localhost:3000', strategy: 'http', fileServer: null, domainName: 'localhost', props: { port: '3000', protocol: 'http:', subdomain: null, domain: '', tld: 'localhost' } } for: http://localhost:3000 +2ms
  cypress:network:cors Parsed URL { port: '3000', protocol: 'http:', subdomain: null, domain: '', tld: 'localhost' } +0ms
  cypress:network:cors Parsed URL { port: '3000', protocol: 'http:', subdomain: null, domain: '', tld: 'localhost' } +0ms
  cypress:server:remote-states getting primary remote state: { auth: null, origin: 'http://localhost:3000', strategy: 'http', fileServer: null, domainName: 'localhost', props: { port: '3000', protocol: 'http:', subdomain: null, domain: '', tld: 'localhost' } } +0ms
  cypress:network:cors Parsed URL { port: '3000', protocol: 'http:', subdomain: null, domain: '', tld: 'localhost' } +1ms
  cypress:network:cors Parsed URL { port: '3000', protocol: 'http:', subdomain: null, domain: '', tld: 'localhost' } +0ms
  cypress:network:cors Parsed URL { port: '3000', protocol: 'http:', subdomain: null, domain: '', tld: 'localhost' } +0ms
  cypress:server:remote-states getting remote state: { auth: null, origin: 'http://localhost:3000', strategy: 'http', fileServer: null, domainName: 'localhost', props: { port: '3000', protocol: 'http:', subdomain: null, domain: '', tld: 'localhost' } } for: http://localhost:3000 +1ms
  cypress:network:cors Parsed URL { port: '3000', protocol: 'http:', subdomain: null, domain: '', tld: 'localhost' } +14ms
  cypress:network:cors Parsed URL { port: '3000', protocol: 'http:', subdomain: null, domain: '', tld: 'localhost' } +1ms
  cypress:network:cors Parsed URL { port: '3000', protocol: 'http:', subdomain: null, domain: '', tld: 'localhost' } +0ms
  cypress:server:remote-states getting remote state: { auth: null, origin: 'http://localhost:3000', strategy: 'http', fileServer: null, domainName: 'localhost', props: { port: '3000', protocol: 'http:', subdomain: null, domain: '', tld: 'localhost' } } for: http://localhost:3000/_nuxt/node_modules/nuxt/dist/app/composables/router.js?v=b9068561 +15ms
  cypress:network:cors Parsed URL { port: '3000', protocol: 'http:', subdomain: null, domain: '', tld: 'localhost' } +0ms
  cypress:server:remote-states getting remote state: { auth: null, origin: 'http://localhost:3000', strategy: 'http', fileServer: null, domainName: 'localhost', props: { port: '3000', protocol: 'http:', subdomain: null, domain: '', tld: 'localhost' } } for: http://localhost:3000 +0ms
  cypress:server:stream_buffer stream buffer writeable final called +29ms
  cypress:network:agent addRequest called { isHttps: false, href: 'http://localhost:3000/_nuxt/node_modules/nuxt/dist/app/composables/router.js?v=b9068561' } +29ms
  cypress:network:agent got family { family: 6, href: 'http://localhost:3000/_nuxt/node_modules/nuxt/dist/app/composables/router.js?v=b9068561' } +0ms
  cypress:network:cors Parsed URL { port: '3000', protocol: 'http:', subdomain: null, domain: '', tld: 'localhost' } +8ms
  cypress:network:cors Parsed URL { port: '3000', protocol: 'http:', subdomain: null, domain: '', tld: 'localhost' } +1ms
  cypress:network:cors Parsed URL { port: '3000', protocol: 'http:', subdomain: null, domain: '', tld: 'localhost' } +0ms
  cypress:server:remote-states getting remote state: { auth: null, origin: 'http://localhost:3000', strategy: 'http', fileServer: null, domainName: 'localhost', props: { port: '3000', protocol: 'http:', subdomain: null, domain: '', tld: 'localhost' } } for: http://localhost:3000/_nuxt/@id/virtual:nuxt:C:/Users/LucasFelber/Documents/SideProjects/cypress-submit-reload/.nuxt/routes.mjs +9ms
  cypress:network:cors Parsed URL { port: '3000', protocol: 'http:', subdomain: null, domain: '', tld: 'localhost' } +0ms
  cypress:server:remote-states getting remote state: { auth: null, origin: 'http://localhost:3000', strategy: 'http', fileServer: null, domainName: 'localhost', props: { port: '3000', protocol: 'http:', subdomain: null, domain: '', tld: 'localhost' } } for: http://localhost:3000 +1ms
  cypress:server:stream_buffer stream buffer writeable final called +10ms
  cypress:network:agent addRequest called { isHttps: false, href: 'http://localhost:3000/_nuxt/@id/virtual:nuxt:C:/Users/LucasFelber/Documents/SideProjects/cypress-submit-reload/.nuxt/routes.mjs' } +10ms
  cypress:network:agent got family { family: 6, href: 'http://localhost:3000/_nuxt/@id/virtual:nuxt:C:/Users/LucasFelber/Documents/SideProjects/cypress-submit-reload/.nuxt/routes.mjs' } +0ms
  cypress:server:request received status code & headers on request { requestId: 'request51', statusCode: 200, headers: { 'content-type': 'application/javascript' } } +42ms
  cypress:server:request successful response received { requestId: 'request51' } +0ms
  cypress:net-stubbing:server:intercept-response InterceptResponse { req: { url: '/_nuxt/node_modules/h3/dist/index.mjs?v=b9068561' }, request: undefined } +34ms
  cypress:network:cors Parsed URL { port: '3000', protocol: 'http:', subdomain: null, domain: '', tld: 'localhost' } +9ms
  cypress:server:remote-states getting remote state: { auth: null, origin: 'http://localhost:3000', strategy: 'http', fileServer: null, domainName: 'localhost', props: { port: '3000', protocol: 'http:', subdomain: null, domain: '', tld: 'localhost' } } for: http://localhost:3000 +9ms
  cypress:network:cors Parsed URL { port: '3000', protocol: 'http:', subdomain: null, domain: '', tld: 'localhost' } +1ms
  cypress:network:cors Parsed URL { port: '3000', protocol: 'http:', subdomain: null, domain: '', tld: 'localhost' } +0ms
  cypress:server:remote-states getting primary remote state: { auth: null, origin: 'http://localhost:3000', strategy: 'http', fileServer: null, domainName: 'localhost', props: { port: '3000', protocol: 'http:', subdomain: null, domain: '', tld: 'localhost' } } +0ms
  cypress:network:cors Parsed URL { port: '3000', protocol: 'http:', subdomain: null, domain: '', tld: 'localhost' } +0ms
  cypress:network:cors Parsed URL { port: '3000', protocol: 'http:', subdomain: null, domain: '', tld: 'localhost' } +0ms
  cypress:network:cors Parsed URL { port: '3000', protocol: 'http:', subdomain: null, domain: '', tld: 'localhost' } +1ms
  cypress:server:remote-states getting remote state: { auth: null, origin: 'http://localhost:3000', strategy: 'http', fileServer: null, domainName: 'localhost', props: { port: '3000', protocol: 'http:', subdomain: null, domain: '', tld: 'localhost' } } for: http://localhost:3000 +1ms
  cypress:server:request received status code & headers on request { requestId: 'request52', statusCode: 200, headers: { 'content-type': 'application/javascript' } } +10ms
  cypress:server:request successful response received { requestId: 'request52' } +0ms
  cypress:net-stubbing:server:intercept-response InterceptResponse { req: { url: '/_nuxt/node_modules/nuxt/dist/app/composables/router.js?v=b9068561' }, request: undefined } +10ms
  cypress:network:cors Parsed URL { port: '3000', protocol: 'http:', subdomain: null, domain: '', tld: 'localhost' } +7ms
  cypress:server:remote-states getting remote state: { auth: null, origin: 'http://localhost:3000', strategy: 'http', fileServer: null, domainName: 'localhost', props: { port: '3000', protocol: 'http:', subdomain: null, domain: '', tld: 'localhost' } } for: http://localhost:3000 +7ms
  cypress:network:cors Parsed URL { port: '3000', protocol: 'http:', subdomain: null, domain: '', tld: 'localhost' } +1ms
  cypress:network:cors Parsed URL { port: '3000', protocol: 'http:', subdomain: null, domain: '', tld: 'localhost' } +0ms
  cypress:server:remote-states getting primary remote state: { auth: null, origin: 'http://localhost:3000', strategy: 'http', fileServer: null, domainName: 'localhost', props: { port: '3000', protocol: 'http:', subdomain: null, domain: '', tld: 'localhost' } } +1ms
  cypress:network:cors Parsed URL { port: '3000', protocol: 'http:', subdomain: null, domain: '', tld: 'localhost' } +0ms
  cypress:network:cors Parsed URL { port: '3000', protocol: 'http:', subdomain: null, domain: '', tld: 'localhost' } +0ms
  cypress:network:cors Parsed URL { port: '3000', protocol: 'http:', subdomain: null, domain: '', tld: 'localhost' } +0ms
  cypress:server:remote-states getting remote state: { auth: null, origin: 'http://localhost:3000', strategy: 'http', fileServer: null, domainName: 'localhost', props: { port: '3000', protocol: 'http:', subdomain: null, domain: '', tld: 'localhost' } } for: http://localhost:3000 +0ms
  cypress:network:cors Parsed URL { port: '3000', protocol: 'http:', subdomain: null, domain: '', tld: 'localhost' } +2ms
  cypress:network:cors Parsed URL { port: '3000', protocol: 'http:', subdomain: null, domain: '', tld: 'localhost' } +0ms
  cypress:network:cors Parsed URL { port: '3000', protocol: 'http:', subdomain: null, domain: '', tld: 'localhost' } +1ms
  cypress:server:remote-states getting remote state: { auth: null, origin: 'http://localhost:3000', strategy: 'http', fileServer: null, domainName: 'localhost', props: { port: '3000', protocol: 'http:', subdomain: null, domain: '', tld: 'localhost' } } for: http://localhost:3000/_nuxt/@id/virtual:nuxt:C:/Users/LucasFelber/Documents/SideProjects/cypress-submit-reload/.nuxt/router.options.mjs +3ms
  cypress:network:cors Parsed URL { port: '3000', protocol: 'http:', subdomain: null, domain: '', tld: 'localhost' } +0ms
  cypress:server:remote-states getting remote state: { auth: null, origin: 'http://localhost:3000', strategy: 'http', fileServer: null, domainName: 'localhost', props: { port: '3000', protocol: 'http:', subdomain: null, domain: '', tld: 'localhost' } } for: http://localhost:3000 +0ms
  cypress:server:stream_buffer stream buffer writeable final called +21ms
  cypress:network:agent addRequest called { isHttps: false, href: 'http://localhost:3000/_nuxt/@id/virtual:nuxt:C:/Users/LucasFelber/Documents/SideProjects/cypress-submit-reload/.nuxt/router.options.mjs' } +21ms
  cypress:network:agent got family { family: 6, href: 'http://localhost:3000/_nuxt/@id/virtual:nuxt:C:/Users/LucasFelber/Documents/SideProjects/cypress-submit-reload/.nuxt/router.options.mjs' } +1ms
  cypress:server:request received status code & headers on request { requestId: 'request53', statusCode: 200, headers: { 'content-type': 'application/javascript' } } +8ms
  cypress:server:request successful response received { requestId: 'request53' } +0ms
  cypress:net-stubbing:server:intercept-response InterceptResponse { req: { url: '/_nuxt/@id/virtual:nuxt:C:/Users/LucasFelber/Documents/SideProjects/cypress-submit-reload/.nuxt/routes.mjs' }, request: undefined } +7ms
  cypress:network:cors Parsed URL { port: '3000', protocol: 'http:', subdomain: null, domain: '', tld: 'localhost' } +3ms
  cypress:server:remote-states getting remote state: { auth: null, origin: 'http://localhost:3000', strategy: 'http', fileServer: null, domainName: 'localhost', props: { port: '3000', protocol: 'http:', subdomain: null, domain: '', tld: 'localhost' } } for: http://localhost:3000 +4ms
  cypress:network:cors Parsed URL { port: '3000', protocol: 'http:', subdomain: null, domain: '', tld: 'localhost' } +1ms
  cypress:network:cors Parsed URL { port: '3000', protocol: 'http:', subdomain: null, domain: '', tld: 'localhost' } +0ms
  cypress:server:remote-states getting primary remote state: { auth: null, origin: 'http://localhost:3000', strategy: 'http', fileServer: null, domainName: 'localhost', props: { port: '3000', protocol: 'http:', subdomain: null, domain: '', tld: 'localhost' } } +0ms
  cypress:network:cors Parsed URL { port: '3000', protocol: 'http:', subdomain: null, domain: '', tld: 'localhost' } +0ms
  cypress:network:cors Parsed URL { port: '3000', protocol: 'http:', subdomain: null, domain: '', tld: 'localhost' } +0ms
  cypress:network:cors Parsed URL { port: '3000', protocol: 'http:', subdomain: null, domain: '', tld: 'localhost' } +0ms
  cypress:server:remote-states getting remote state: { auth: null, origin: 'http://localhost:3000', strategy: 'http', fileServer: null, domainName: 'localhost', props: { port: '3000', protocol: 'http:', subdomain: null, domain: '', tld: 'localhost' } } for: http://localhost:3000 +0ms
  cypress:network:cors Parsed URL { port: '3000', protocol: 'http:', subdomain: null, domain: '', tld: 'localhost' } +8ms
  cypress:network:cors Parsed URL { port: '3000', protocol: 'http:', subdomain: null, domain: '', tld: 'localhost' } +0ms
  cypress:network:cors Parsed URL { port: '3000', protocol: 'http:', subdomain: null, domain: '', tld: 'localhost' } +1ms
  cypress:server:remote-states getting remote state: { auth: null, origin: 'http://localhost:3000', strategy: 'http', fileServer: null, domainName: 'localhost', props: { port: '3000', protocol: 'http:', subdomain: null, domain: '', tld: 'localhost' } } for: http://localhost:3000/_nuxt/@id/virtual:nuxt:C:/Users/LucasFelber/Documents/SideProjects/cypress-submit-reload/.nuxt/middleware.mjs +9ms
  cypress:network:cors Parsed URL { port: '3000', protocol: 'http:', subdomain: null, domain: '', tld: 'localhost' } +0ms
  cypress:server:remote-states getting remote state: { auth: null, origin: 'http://localhost:3000', strategy: 'http', fileServer: null, domainName: 'localhost', props: { port: '3000', protocol: 'http:', subdomain: null, domain: '', tld: 'localhost' } } for: http://localhost:3000 +0ms
  cypress:server:stream_buffer stream buffer writeable final called +13ms
  cypress:network:agent addRequest called { isHttps: false, href: 'http://localhost:3000/_nuxt/@id/virtual:nuxt:C:/Users/LucasFelber/Documents/SideProjects/cypress-submit-reload/.nuxt/middleware.mjs' } +12ms
  cypress:network:agent got family { family: 6, href: 'http://localhost:3000/_nuxt/@id/virtual:nuxt:C:/Users/LucasFelber/Documents/SideProjects/cypress-submit-reload/.nuxt/middleware.mjs' } +0ms  cypress:server:request received status code & headers on request { requestId: 'request54', statusCode: 200, headers: { 'content-type': 'application/javascript' } } +16ms
  cypress:server:request successful response received { requestId: 'request54' } +0ms
  cypress:net-stubbing:server:intercept-response InterceptResponse { req: { url: '/_nuxt/@id/virtual:nuxt:C:/Users/LucasFelber/Documents/SideProjects/cypress-submit-reload/.nuxt/router.options.mjs' }, request: undefined } +16ms
  cypress:network:cors Parsed URL { port: '3000', protocol: 'http:', subdomain: null, domain: '', tld: 'localhost' } +7ms
  cypress:server:remote-states getting remote state: { auth: null, origin: 'http://localhost:3000', strategy: 'http', fileServer: null, domainName: 'localhost', props: { port: '3000', protocol: 'http:', subdomain: null, domain: '', tld: 'localhost' } } for: http://localhost:3000 +7ms
  cypress:network:cors Parsed URL { port: '3000', protocol: 'http:', subdomain: null, domain: '', tld: 'localhost' } +0ms
  cypress:network:cors Parsed URL { port: '3000', protocol: 'http:', subdomain: null, domain: '', tld: 'localhost' } +0ms
  cypress:server:remote-states getting primary remote state: { auth: null, origin: 'http://localhost:3000', strategy: 'http', fileServer: null, domainName: 'localhost', props: { port: '3000', protocol: 'http:', subdomain: null, domain: '', tld: 'localhost' } } +0ms
  cypress:network:cors Parsed URL { port: '3000', protocol: 'http:', subdomain: null, domain: '', tld: 'localhost' } +0ms
  cypress:network:cors Parsed URL { port: '3000', protocol: 'http:', subdomain: null, domain: '', tld: 'localhost' } +0ms
  cypress:network:cors Parsed URL { port: '3000', protocol: 'http:', subdomain: null, domain: '', tld: 'localhost' } +0ms
  cypress:server:remote-states getting remote state: { auth: null, origin: 'http://localhost:3000', strategy: 'http', fileServer: null, domainName: 'localhost', props: { port: '3000', protocol: 'http:', subdomain: null, domain: '', tld: 'localhost' } } for: http://localhost:3000 +0ms
  cypress:server:request received status code & headers on request { requestId: 'request55', statusCode: 200, headers: { 'content-type': 'application/javascript' } } +8ms
  cypress:server:request successful response received { requestId: 'request55' } +0ms
  cypress:net-stubbing:server:intercept-response InterceptResponse { req: { url: '/_nuxt/@id/virtual:nuxt:C:/Users/LucasFelber/Documents/SideProjects/cypress-submit-reload/.nuxt/middleware.mjs' }, request: undefined } +9ms
  cypress:network:cors Parsed URL { port: '3000', protocol: 'http:', subdomain: null, domain: '', tld: 'localhost' } +8ms
  cypress:server:remote-states getting remote state: { auth: null, origin: 'http://localhost:3000', strategy: 'http', fileServer: null, domainName: 'localhost', props: { port: '3000', protocol: 'http:', subdomain: null, domain: '', tld: 'localhost' } } for: http://localhost:3000 +8ms
  cypress:network:cors Parsed URL { port: '3000', protocol: 'http:', subdomain: null, domain: '', tld: 'localhost' } +0ms
  cypress:network:cors Parsed URL { port: '3000', protocol: 'http:', subdomain: null, domain: '', tld: 'localhost' } +0ms
  cypress:server:remote-states getting primary remote state: { auth: null, origin: 'http://localhost:3000', strategy: 'http', fileServer: null, domainName: 'localhost', props: { port: '3000', protocol: 'http:', subdomain: null, domain: '', tld: 'localhost' } } +0ms
  cypress:network:cors Parsed URL { port: '3000', protocol: 'http:', subdomain: null, domain: '', tld: 'localhost' } +1ms
  cypress:network:cors Parsed URL { port: '3000', protocol: 'http:', subdomain: null, domain: '', tld: 'localhost' } +0ms
  cypress:network:cors Parsed URL { port: '3000', protocol: 'http:', subdomain: null, domain: '', tld: 'localhost' } +0ms
  cypress:server:remote-states getting remote state: { auth: null, origin: 'http://localhost:3000', strategy: 'http', fileServer: null, domainName: 'localhost', props: { port: '3000', protocol: 'http:', subdomain: null, domain: '', tld: 'localhost' } } for: http://localhost:3000 +1ms
  cypress:network:cors Parsed URL { port: '3000', protocol: 'http:', subdomain: null, domain: '', tld: 'localhost' } +11ms
  cypress:network:cors Parsed URL { port: '3000', protocol: 'http:', subdomain: null, domain: '', tld: 'localhost' } +1ms
  cypress:network:cors Parsed URL { port: '3000', protocol: 'http:', subdomain: null, domain: '', tld: 'localhost' } +0ms
  cypress:server:remote-states getting remote state: { auth: null, origin: 'http://localhost:3000', strategy: 'http', fileServer: null, domainName: 'localhost', props: { port: '3000', protocol: 'http:', subdomain: null, domain: '', tld: 'localhost' } } for: http://localhost:3000/_nuxt/@id/virtual:nuxt:C:/Users/LucasFelber/Documents/SideProjects/cypress-submit-reload/.nuxt/layouts.mjs +12ms
  cypress:network:cors Parsed URL { port: '3000', protocol: 'http:', subdomain: null, domain: '', tld: 'localhost' } +0ms
  cypress:server:remote-states getting remote state: { auth: null, origin: 'http://localhost:3000', strategy: 'http', fileServer: null, domainName: 'localhost', props: { port: '3000', protocol: 'http:', subdomain: null, domain: '', tld: 'localhost' } } for: http://localhost:3000 +0ms
  cypress:server:stream_buffer stream buffer writeable final called +28ms
  cypress:network:agent addRequest called { isHttps: false, href: 'http://localhost:3000/_nuxt/@id/virtual:nuxt:C:/Users/LucasFelber/Documents/SideProjects/cypress-submit-reload/.nuxt/layouts.mjs' } +28ms
  cypress:network:agent got family { family: 6, href: 'http://localhost:3000/_nuxt/@id/virtual:nuxt:C:/Users/LucasFelber/Documents/SideProjects/cypress-submit-reload/.nuxt/layouts.mjs' } +0ms
  cypress:network:cors Parsed URL { port: '3000', protocol: 'http:', subdomain: null, domain: '', tld: 'localhost' } +4ms
  cypress:network:cors Parsed URL { port: '3000', protocol: 'http:', subdomain: null, domain: '', tld: 'localhost' } +1ms
  cypress:network:cors Parsed URL { port: '3000', protocol: 'http:', subdomain: null, domain: '', tld: 'localhost' } +0ms
  cypress:server:remote-states getting remote state: { auth: null, origin: 'http://localhost:3000', strategy: 'http', fileServer: null, domainName: 'localhost', props: { port: '3000', protocol: 'http:', subdomain: null, domain: '', tld: 'localhost' } } for: http://localhost:3000/_nuxt/node_modules/@nuxt/devtools/dist/runtime/shared/hooks.mjs?v=b9068561 +5ms
  cypress:network:cors Parsed URL { port: '3000', protocol: 'http:', subdomain: null, domain: '', tld: 'localhost' } +0ms
  cypress:server:remote-states getting remote state: { auth: null, origin: 'http://localhost:3000', strategy: 'http', fileServer: null, domainName: 'localhost', props: { port: '3000', protocol: 'http:', subdomain: null, domain: '', tld: 'localhost' } } for: http://localhost:3000 +0ms
  cypress:server:stream_buffer stream buffer writeable final called +5ms
  cypress:network:agent addRequest called { isHttps: false, href: 'http://localhost:3000/_nuxt/node_modules/@nuxt/devtools/dist/runtime/shared/hooks.mjs?v=b9068561' } +5ms
  cypress:network:agent got family { family: 6, href: 'http://localhost:3000/_nuxt/node_modules/@nuxt/devtools/dist/runtime/shared/hooks.mjs?v=b9068561' } +1ms
  cypress:server:request received status code & headers on request { requestId: 'request56', statusCode: 200, headers: { 'content-type': 'application/javascript' } } +21ms
  cypress:server:request successful response received { requestId: 'request56' } +0ms
  cypress:net-stubbing:server:intercept-response InterceptResponse { req: { url: '/_nuxt/@id/virtual:nuxt:C:/Users/LucasFelber/Documents/SideProjects/cypress-submit-reload/.nuxt/layouts.mjs' }, request: undefined } +21ms
  cypress:network:cors Parsed URL { port: '3000', protocol: 'http:', subdomain: null, domain: '', tld: 'localhost' } +4ms
  cypress:server:remote-states getting remote state: { auth: null, origin: 'http://localhost:3000', strategy: 'http', fileServer: null, domainName: 'localhost', props: { port: '3000', protocol: 'http:', subdomain: null, domain: '', tld: 'localhost' } } for: http://localhost:3000 +4ms
  cypress:network:cors Parsed URL { port: '3000', protocol: 'http:', subdomain: null, domain: '', tld: 'localhost' } +0ms
  cypress:network:cors Parsed URL { port: '3000', protocol: 'http:', subdomain: null, domain: '', tld: 'localhost' } +0ms
  cypress:server:remote-states getting primary remote state: { auth: null, origin: 'http://localhost:3000', strategy: 'http', fileServer: null, domainName: 'localhost', props: { port: '3000', protocol: 'http:', subdomain: null, domain: '', tld: 'localhost' } } +0ms
  cypress:network:cors Parsed URL { port: '3000', protocol: 'http:', subdomain: null, domain: '', tld: 'localhost' } +0ms
  cypress:network:cors Parsed URL { port: '3000', protocol: 'http:', subdomain: null, domain: '', tld: 'localhost' } +0ms
  cypress:network:cors Parsed URL { port: '3000', protocol: 'http:', subdomain: null, domain: '', tld: 'localhost' } +1ms
  cypress:server:remote-states getting remote state: { auth: null, origin: 'http://localhost:3000', strategy: 'http', fileServer: null, domainName: 'localhost', props: { port: '3000', protocol: 'http:', subdomain: null, domain: '', tld: 'localhost' } } for: http://localhost:3000 +1ms
  cypress:network:cors Parsed URL { port: '3000', protocol: 'http:', subdomain: null, domain: '', tld: 'localhost' } +6ms
  cypress:network:cors Parsed URL { port: '3000', protocol: 'http:', subdomain: null, domain: '', tld: 'localhost' } +0ms
  cypress:network:cors Parsed URL { port: '3000', protocol: 'http:', subdomain: null, domain: '', tld: 'localhost' } +1ms
  cypress:server:remote-states getting remote state: { auth: null, origin: 'http://localhost:3000', strategy: 'http', fileServer: null, domainName: 'localhost', props: { port: '3000', protocol: 'http:', subdomain: null, domain: '', tld: 'localhost' } } for: http://localhost:3000/_nuxt/node_modules/nuxt/dist/app/composables/chunk.js?v=b9068561 +7ms
  cypress:network:cors Parsed URL { port: '3000', protocol: 'http:', subdomain: null, domain: '', tld: 'localhost' } +0ms
  cypress:server:remote-states getting remote state: { auth: null, origin: 'http://localhost:3000', strategy: 'http', fileServer: null, domainName: 'localhost', props: { port: '3000', protocol: 'http:', subdomain: null, domain: '', tld: 'localhost' } } for: http://localhost:3000 +0ms
  cypress:server:stream_buffer stream buffer writeable final called +12ms
  cypress:network:agent addRequest called { isHttps: false, href: 'http://localhost:3000/_nuxt/node_modules/nuxt/dist/app/composables/chunk.js?v=b9068561' } +11ms
  cypress:network:agent got family { family: 6, href: 'http://localhost:3000/_nuxt/node_modules/nuxt/dist/app/composables/chunk.js?v=b9068561' } +0ms
  cypress:server:request received status code & headers on request { requestId: 'request57', statusCode: 200, headers: { 'content-type': 'application/javascript' } } +12ms
  cypress:server:request successful response received { requestId: 'request57' } +0ms
  cypress:net-stubbing:server:intercept-response InterceptResponse { req: { url: '/_nuxt/node_modules/@nuxt/devtools/dist/runtime/shared/hooks.mjs?v=b9068561' }, request: undefined } +12ms
  cypress:network:cors Parsed URL { port: '3000', protocol: 'http:', subdomain: null, domain: '', tld: 'localhost' } +3ms
  cypress:server:remote-states getting remote state: { auth: null, origin: 'http://localhost:3000', strategy: 'http', fileServer: null, domainName: 'localhost', props: { port: '3000', protocol: 'http:', subdomain: null, domain: '', tld: 'localhost' } } for: http://localhost:3000 +3ms
  cypress:network:cors Parsed URL { port: '3000', protocol: 'http:', subdomain: null, domain: '', tld: 'localhost' } +0ms
  cypress:network:cors Parsed URL { port: '3000', protocol: 'http:', subdomain: null, domain: '', tld: 'localhost' } +0ms
  cypress:server:remote-states getting primary remote state: { auth: null, origin: 'http://localhost:3000', strategy: 'http', fileServer: null, domainName: 'localhost', props: { port: '3000', protocol: 'http:', subdomain: null, domain: '', tld: 'localhost' } } +1ms
  cypress:network:cors Parsed URL { port: '3000', protocol: 'http:', subdomain: null, domain: '', tld: 'localhost' } +1ms
  cypress:network:cors Parsed URL { port: '3000', protocol: 'http:', subdomain: null, domain: '', tld: 'localhost' } +0ms
  cypress:network:cors Parsed URL { port: '3000', protocol: 'http:', subdomain: null, domain: '', tld: 'localhost' } +0ms
  cypress:server:remote-states getting remote state: { auth: null, origin: 'http://localhost:3000', strategy: 'http', fileServer: null, domainName: 'localhost', props: { port: '3000', protocol: 'http:', subdomain: null, domain: '', tld: 'localhost' } } for: http://localhost:3000 +0ms
  cypress:network:cors Parsed URL { port: '3000', protocol: 'http:', subdomain: null, domain: '', tld: 'localhost' } +6ms
  cypress:network:cors Parsed URL { port: '3000', protocol: 'http:', subdomain: null, domain: '', tld: 'localhost' } +0ms
  cypress:network:cors Parsed URL { port: '3000', protocol: 'http:', subdomain: null, domain: '', tld: 'localhost' } +0ms
  cypress:server:remote-states getting remote state: { auth: null, origin: 'http://localhost:3000', strategy: 'http', fileServer: null, domainName: 'localhost', props: { port: '3000', protocol: 'http:', subdomain: null, domain: '', tld: 'localhost' } } for: http://localhost:3000/_nuxt/node_modules/nuxt/dist/app/components/injections.js?v=b9068561 +6ms
  cypress:network:cors Parsed URL { port: '3000', protocol: 'http:', subdomain: null, domain: '', tld: 'localhost' } +1ms
  cypress:server:remote-states getting remote state: { auth: null, origin: 'http://localhost:3000', strategy: 'http', fileServer: null, domainName: 'localhost', props: { port: '3000', protocol: 'http:', subdomain: null, domain: '', tld: 'localhost' } } for: http://localhost:3000 +1ms
  cypress:server:stream_buffer stream buffer writeable final called +10ms
  cypress:network:agent addRequest called { isHttps: false, href: 'http://localhost:3000/_nuxt/node_modules/nuxt/dist/app/components/injections.js?v=b9068561' } +11ms
  cypress:network:agent got family { family: 6, href: 'http://localhost:3000/_nuxt/node_modules/nuxt/dist/app/components/injections.js?v=b9068561' } +0ms
  cypress:server:request received status code & headers on request { requestId: 'request58', statusCode: 200, headers: { 'content-type': 'application/javascript' } } +11ms
  cypress:server:request successful response received { requestId: 'request58' } +0ms
  cypress:net-stubbing:server:intercept-response InterceptResponse { req: { url: '/_nuxt/node_modules/nuxt/dist/app/composables/chunk.js?v=b9068561' }, request: undefined } +11ms
  cypress:network:cors Parsed URL { port: '3000', protocol: 'http:', subdomain: null, domain: '', tld: 'localhost' } +4ms
  cypress:server:remote-states getting remote state: { auth: null, origin: 'http://localhost:3000', strategy: 'http', fileServer: null, domainName: 'localhost', props: { port: '3000', protocol: 'http:', subdomain: null, domain: '', tld: 'localhost' } } for: http://localhost:3000 +4ms
  cypress:network:cors Parsed URL { port: '3000', protocol: 'http:', subdomain: null, domain: '', tld: 'localhost' } +0ms
  cypress:network:cors Parsed URL { port: '3000', protocol: 'http:', subdomain: null, domain: '', tld: 'localhost' } +0ms
  cypress:server:remote-states getting primary remote state: { auth: null, origin: 'http://localhost:3000', strategy: 'http', fileServer: null, domainName: 'localhost', props: { port: '3000', protocol: 'http:', subdomain: null, domain: '', tld: 'localhost' } } +0ms
  cypress:network:cors Parsed URL { port: '3000', protocol: 'http:', subdomain: null, domain: '', tld: 'localhost' } +0ms
  cypress:network:cors Parsed URL { port: '3000', protocol: 'http:', subdomain: null, domain: '', tld: 'localhost' } +0ms
  cypress:network:cors Parsed URL { port: '3000', protocol: 'http:', subdomain: null, domain: '', tld: 'localhost' } +0ms
  cypress:server:remote-states getting remote state: { auth: null, origin: 'http://localhost:3000', strategy: 'http', fileServer: null, domainName: 'localhost', props: { port: '3000', protocol: 'http:', subdomain: null, domain: '', tld: 'localhost' } } for: http://localhost:3000 +0ms
  cypress:network:cors Parsed URL { port: '3000', protocol: 'http:', subdomain: null, domain: '', tld: 'localhost' } +3ms
  cypress:network:cors Parsed URL { port: '3000', protocol: 'http:', subdomain: null, domain: '', tld: 'localhost' } +0ms
  cypress:network:cors Parsed URL { port: '3000', protocol: 'http:', subdomain: null, domain: '', tld: 'localhost' } +1ms
  cypress:server:remote-states getting remote state: { auth: null, origin: 'http://localhost:3000', strategy: 'http', fileServer: null, domainName: 'localhost', props: { port: '3000', protocol: 'http:', subdomain: null, domain: '', tld: 'localhost' } } for: http://localhost:3000/_nuxt/@id/virtual:nuxt:C:/Users/LucasFelber/Documents/SideProjects/cypress-submit-reload/.nuxt/app-component.mjs +4ms
  cypress:network:cors Parsed URL { port: '3000', protocol: 'http:', subdomain: null, domain: '', tld: 'localhost' } +0ms
  cypress:server:remote-states getting remote state: { auth: null, origin: 'http://localhost:3000', strategy: 'http', fileServer: null, domainName: 'localhost', props: { port: '3000', protocol: 'http:', subdomain: null, domain: '', tld: 'localhost' } } for: http://localhost:3000 +0ms
  cypress:server:stream_buffer stream buffer writeable final called +10ms
  cypress:network:agent addRequest called { isHttps: false, href: 'http://localhost:3000/_nuxt/@id/virtual:nuxt:C:/Users/LucasFelber/Documents/SideProjects/cypress-submit-reload/.nuxt/app-component.mjs' } +9ms
  cypress:network:agent got family { family: 6, href: 'http://localhost:3000/_nuxt/@id/virtual:nuxt:C:/Users/LucasFelber/Documents/SideProjects/cypress-submit-reload/.nuxt/app-component.mjs' } +0ms
  cypress:server:request received status code & headers on request { requestId: 'request59', statusCode: 200, headers: { 'content-type': 'application/javascript' } } +15ms
  cypress:server:request successful response received { requestId: 'request59' } +0ms
  cypress:net-stubbing:server:intercept-response InterceptResponse { req: { url: '/_nuxt/node_modules/nuxt/dist/app/components/injections.js?v=b9068561' }, request: undefined } +15ms
  cypress:network:cors Parsed URL { port: '3000', protocol: 'http:', subdomain: null, domain: '', tld: 'localhost' } +10ms
  cypress:server:remote-states getting remote state: { auth: null, origin: 'http://localhost:3000', strategy: 'http', fileServer: null, domainName: 'localhost', props: { port: '3000', protocol: 'http:', subdomain: null, domain: '', tld: 'localhost' } } for: http://localhost:3000 +10ms
  cypress:network:cors Parsed URL { port: '3000', protocol: 'http:', subdomain: null, domain: '', tld: 'localhost' } +0ms
  cypress:network:cors Parsed URL { port: '3000', protocol: 'http:', subdomain: null, domain: '', tld: 'localhost' } +0ms
  cypress:server:remote-states getting primary remote state: { auth: null, origin: 'http://localhost:3000', strategy: 'http', fileServer: null, domainName: 'localhost', props: { port: '3000', protocol: 'http:', subdomain: null, domain: '', tld: 'localhost' } } +0ms
  cypress:network:cors Parsed URL { port: '3000', protocol: 'http:', subdomain: null, domain: '', tld: 'localhost' } +0ms
  cypress:network:cors Parsed URL { port: '3000', protocol: 'http:', subdomain: null, domain: '', tld: 'localhost' } +0ms
  cypress:network:cors Parsed URL { port: '3000', protocol: 'http:', subdomain: null, domain: '', tld: 'localhost' } +1ms
  cypress:server:remote-states getting remote state: { auth: null, origin: 'http://localhost:3000', strategy: 'http', fileServer: null, domainName: 'localhost', props: { port: '3000', protocol: 'http:', subdomain: null, domain: '', tld: 'localhost' } } for: http://localhost:3000 +1ms
  cypress:network:cors Parsed URL { port: '3000', protocol: 'http:', subdomain: null, domain: '', tld: 'localhost' } +5ms
  cypress:network:cors Parsed URL { port: '3000', protocol: 'http:', subdomain: null, domain: '', tld: 'localhost' } +0ms
  cypress:network:cors Parsed URL { port: '3000', protocol: 'http:', subdomain: null, domain: '', tld: 'localhost' } +1ms
  cypress:server:remote-states getting remote state: { auth: null, origin: 'http://localhost:3000', strategy: 'http', fileServer: null, domainName: 'localhost', props: { port: '3000', protocol: 'http:', subdomain: null, domain: '', tld: 'localhost' } } for: http://localhost:3000/_nuxt/@id/virtual:nuxt:C:/Users/LucasFelber/Documents/SideProjects/cypress-submit-reload/.nuxt/error-component.mjs +6ms
  cypress:network:cors Parsed URL { port: '3000', protocol: 'http:', subdomain: null, domain: '', tld: 'localhost' } +0ms
  cypress:server:remote-states getting remote state: { auth: null, origin: 'http://localhost:3000', strategy: 'http', fileServer: null, domainName: 'localhost', props: { port: '3000', protocol: 'http:', subdomain: null, domain: '', tld: 'localhost' } } for: http://localhost:3000 +0ms
  cypress:server:stream_buffer stream buffer writeable final called +17ms
  cypress:network:agent addRequest called { isHttps: false, href: 'http://localhost:3000/_nuxt/@id/virtual:nuxt:C:/Users/LucasFelber/Documents/SideProjects/cypress-submit-reload/.nuxt/error-component.mjs' } +17ms
  cypress:network:agent got family { family: 6, href: 'http://localhost:3000/_nuxt/@id/virtual:nuxt:C:/Users/LucasFelber/Documents/SideProjects/cypress-submit-reload/.nuxt/error-component.mjs' } +0ms
  cypress:server:request received status code & headers on request { requestId: 'request60', statusCode: 200, headers: { 'content-type': 'application/javascript' } } +12ms
  cypress:server:request successful response received { requestId: 'request60' } +0ms
  cypress:net-stubbing:server:intercept-response InterceptResponse { req: { url: '/_nuxt/@id/virtual:nuxt:C:/Users/LucasFelber/Documents/SideProjects/cypress-submit-reload/.nuxt/app-component.mjs' }, request: undefined } +14ms
  cypress:network:cors Parsed URL { port: '3000', protocol: 'http:', subdomain: null, domain: '', tld: 'localhost' } +7ms
  cypress:server:remote-states getting remote state: { auth: null, origin: 'http://localhost:3000', strategy: 'http', fileServer: null, domainName: 'localhost', props: { port: '3000', protocol: 'http:', subdomain: null, domain: '', tld: 'localhost' } } for: http://localhost:3000 +7ms
  cypress:network:cors Parsed URL { port: '3000', protocol: 'http:', subdomain: null, domain: '', tld: 'localhost' } +0ms
  cypress:network:cors Parsed URL { port: '3000', protocol: 'http:', subdomain: null, domain: '', tld: 'localhost' } +1ms
  cypress:server:remote-states getting primary remote state: { auth: null, origin: 'http://localhost:3000', strategy: 'http', fileServer: null, domainName: 'localhost', props: { port: '3000', protocol: 'http:', subdomain: null, domain: '', tld: 'localhost' } } +1ms
  cypress:network:cors Parsed URL { port: '3000', protocol: 'http:', subdomain: null, domain: '', tld: 'localhost' } +0ms
  cypress:network:cors Parsed URL { port: '3000', protocol: 'http:', subdomain: null, domain: '', tld: 'localhost' } +0ms
  cypress:network:cors Parsed URL { port: '3000', protocol: 'http:', subdomain: null, domain: '', tld: 'localhost' } +0ms
  cypress:server:remote-states getting remote state: { auth: null, origin: 'http://localhost:3000', strategy: 'http', fileServer: null, domainName: 'localhost', props: { port: '3000', protocol: 'http:', subdomain: null, domain: '', tld: 'localhost' } } for: http://localhost:3000 +0ms
  cypress:network:cors Parsed URL { port: '3000', protocol: 'http:', subdomain: null, domain: '', tld: 'localhost' } +5ms
  cypress:network:cors Parsed URL { port: '3000', protocol: 'http:', subdomain: null, domain: '', tld: 'localhost' } +1ms
  cypress:network:cors Parsed URL { port: '3000', protocol: 'http:', subdomain: null, domain: '', tld: 'localhost' } +0ms
  cypress:server:remote-states getting remote state: { auth: null, origin: 'http://localhost:3000', strategy: 'http', fileServer: null, domainName: 'localhost', props: { port: '3000', protocol: 'http:', subdomain: null, domain: '', tld: 'localhost' } } for: http://localhost:3000/_nuxt/@id/__x00__plugin-vue:export-helper +6ms
  cypress:network:cors Parsed URL { port: '3000', protocol: 'http:', subdomain: null, domain: '', tld: 'localhost' } +0ms
  cypress:server:remote-states getting remote state: { auth: null, origin: 'http://localhost:3000', strategy: 'http', fileServer: null, domainName: 'localhost', props: { port: '3000', protocol: 'http:', subdomain: null, domain: '', tld: 'localhost' } } for: http://localhost:3000 +0ms
  cypress:server:stream_buffer stream buffer writeable final called +14ms
  cypress:network:agent addRequest called { isHttps: false, href: 'http://localhost:3000/_nuxt/@id/__x00__plugin-vue:export-helper' } +14ms
  cypress:network:agent got family { family: 6, href: 'http://localhost:3000/_nuxt/@id/__x00__plugin-vue:export-helper' } +0ms
  cypress:server:request received status code & headers on request { requestId: 'request61', statusCode: 200, headers: { 'content-type': 'application/javascript' } } +15ms
  cypress:server:request successful response received { requestId: 'request61' } +0ms
  cypress:net-stubbing:server:intercept-response InterceptResponse { req: { url: '/_nuxt/@id/virtual:nuxt:C:/Users/LucasFelber/Documents/SideProjects/cypress-submit-reload/.nuxt/error-component.mjs' }, request: undefined } +13ms
  cypress:network:cors Parsed URL { port: '3000', protocol: 'http:', subdomain: null, domain: '', tld: 'localhost' } +6ms
  cypress:server:remote-states getting remote state: { auth: null, origin: 'http://localhost:3000', strategy: 'http', fileServer: null, domainName: 'localhost', props: { port: '3000', protocol: 'http:', subdomain: null, domain: '', tld: 'localhost' } } for: http://localhost:3000 +7ms
  cypress:network:cors Parsed URL { port: '3000', protocol: 'http:', subdomain: null, domain: '', tld: 'localhost' } +1ms
  cypress:network:cors Parsed URL { port: '3000', protocol: 'http:', subdomain: null, domain: '', tld: 'localhost' } +0ms
  cypress:server:remote-states getting primary remote state: { auth: null, origin: 'http://localhost:3000', strategy: 'http', fileServer: null, domainName: 'localhost', props: { port: '3000', protocol: 'http:', subdomain: null, domain: '', tld: 'localhost' } } +0ms
  cypress:network:cors Parsed URL { port: '3000', protocol: 'http:', subdomain: null, domain: '', tld: 'localhost' } +0ms
  cypress:network:cors Parsed URL { port: '3000', protocol: 'http:', subdomain: null, domain: '', tld: 'localhost' } +0ms
  cypress:network:cors Parsed URL { port: '3000', protocol: 'http:', subdomain: null, domain: '', tld: 'localhost' } +1ms
  cypress:server:remote-states getting remote state: { auth: null, origin: 'http://localhost:3000', strategy: 'http', fileServer: null, domainName: 'localhost', props: { port: '3000', protocol: 'http:', subdomain: null, domain: '', tld: 'localhost' } } for: http://localhost:3000 +1ms
  cypress:server:request received status code & headers on request { requestId: 'request62', statusCode: 200, headers: { 'content-type': 'application/javascript' } } +12ms
  cypress:server:request successful response received { requestId: 'request62' } +0ms
  cypress:net-stubbing:server:intercept-response InterceptResponse { req: { url: '/_nuxt/@id/__x00__plugin-vue:export-helper' }, request: undefined } +12ms
  cypress:network:cors Parsed URL { port: '3000', protocol: 'http:', subdomain: null, domain: '', tld: 'localhost' } +11ms
  cypress:server:remote-states getting remote state: { auth: null, origin: 'http://localhost:3000', strategy: 'http', fileServer: null, domainName: 'localhost', props: { port: '3000', protocol: 'http:', subdomain: null, domain: '', tld: 'localhost' } } for: http://localhost:3000 +11ms
  cypress:network:cors Parsed URL { port: '3000', protocol: 'http:', subdomain: null, domain: '', tld: 'localhost' } +0ms
  cypress:network:cors Parsed URL { port: '3000', protocol: 'http:', subdomain: null, domain: '', tld: 'localhost' } +0ms
  cypress:server:remote-states getting primary remote state: { auth: null, origin: 'http://localhost:3000', strategy: 'http', fileServer: null, domainName: 'localhost', props: { port: '3000', protocol: 'http:', subdomain: null, domain: '', tld: 'localhost' } } +0ms
  cypress:network:cors Parsed URL { port: '3000', protocol: 'http:', subdomain: null, domain: '', tld: 'localhost' } +0ms
  cypress:network:cors Parsed URL { port: '3000', protocol: 'http:', subdomain: null, domain: '', tld: 'localhost' } +0ms
  cypress:network:cors Parsed URL { port: '3000', protocol: 'http:', subdomain: null, domain: '', tld: 'localhost' } +1ms
  cypress:server:remote-states getting remote state: { auth: null, origin: 'http://localhost:3000', strategy: 'http', fileServer: null, domainName: 'localhost', props: { port: '3000', protocol: 'http:', subdomain: null, domain: '', tld: 'localhost' } } for: http://localhost:3000 +1ms
  cypress:network:cors Parsed URL { port: '3000', protocol: 'http:', subdomain: null, domain: '', tld: 'localhost' } +15ms
  cypress:network:cors Parsed URL { port: '3000', protocol: 'http:', subdomain: null, domain: '', tld: 'localhost' } +0ms
  cypress:network:cors Parsed URL { port: '3000', protocol: 'http:', subdomain: null, domain: '', tld: 'localhost' } +0ms
  cypress:server:remote-states getting remote state: { auth: null, origin: 'http://localhost:3000', strategy: 'http', fileServer: null, domainName: 'localhost', props: { port: '3000', protocol: 'http:', subdomain: null, domain: '', tld: 'localhost' } } for: http://localhost:3000/_nuxt/node_modules/vite-plugin-vue-inspector/src/Overlay.vue?vue&type=style&index=0&scoped=31d1379f&lang.css +15ms
  cypress:network:cors Parsed URL { port: '3000', protocol: 'http:', subdomain: null, domain: '', tld: 'localhost' } +0ms
  cypress:server:remote-states getting remote state: { auth: null, origin: 'http://localhost:3000', strategy: 'http', fileServer: null, domainName: 'localhost', props: { port: '3000', protocol: 'http:', subdomain: null, domain: '', tld: 'localhost' } } for: http://localhost:3000 +0ms
  cypress:server:stream_buffer stream buffer writeable final called +34ms
  cypress:network:agent addRequest called { isHttps: false, href: 'http://localhost:3000/_nuxt/node_modules/vite-plugin-vue-inspector/src/Overlay.vue?vue&type=style&index=0&scoped=31d1379f&lang.css' } +34ms
  cypress:network:agent got family { family: 6, href: 'http://localhost:3000/_nuxt/node_modules/vite-plugin-vue-inspector/src/Overlay.vue?vue&type=style&index=0&scoped=31d1379f&lang.css' } +0ms
  cypress:network:cors Parsed URL { port: '3000', protocol: 'http:', subdomain: null, domain: '', tld: 'localhost' } +7ms
  cypress:network:cors Parsed URL { port: '3000', protocol: 'http:', subdomain: null, domain: '', tld: 'localhost' } +1ms
  cypress:network:cors Parsed URL { port: '3000', protocol: 'http:', subdomain: null, domain: '', tld: 'localhost' } +0ms
  cypress:server:remote-states getting remote state: { auth: null, origin: 'http://localhost:3000', strategy: 'http', fileServer: null, domainName: 'localhost', props: { port: '3000', protocol: 'http:', subdomain: null, domain: '', tld: 'localhost' } } for: http://localhost:3000/_nuxt/node_modules/nuxt/dist/app/composables/component.js?v=b9068561 +8ms
  cypress:network:cors Parsed URL { port: '3000', protocol: 'http:', subdomain: null, domain: '', tld: 'localhost' } +0ms
  cypress:server:remote-states getting remote state: { auth: null, origin: 'http://localhost:3000', strategy: 'http', fileServer: null, domainName: 'localhost', props: { port: '3000', protocol: 'http:', subdomain: null, domain: '', tld: 'localhost' } } for: http://localhost:3000 +0ms
  cypress:server:stream_buffer stream buffer writeable final called +8ms
  cypress:network:agent addRequest called { isHttps: false, href: 'http://localhost:3000/_nuxt/node_modules/nuxt/dist/app/composables/component.js?v=b9068561' } +9ms
  cypress:network:agent got family { family: 6, href: 'http://localhost:3000/_nuxt/node_modules/nuxt/dist/app/composables/component.js?v=b9068561' } +0ms
  cypress:server:request received status code & headers on request { requestId: 'request63', statusCode: 200, headers: { 'content-type': 'application/javascript' } } +29ms
  cypress:server:request successful response received { requestId: 'request63' } +0ms
  cypress:net-stubbing:server:intercept-response InterceptResponse { req: { url: '/_nuxt/node_modules/vite-plugin-vue-inspector/src/Overlay.vue?vue&type=style&index=0&scoped=31d1379f&lang.css' }, request: undefined } +29ms
  cypress:network:cors Parsed URL { port: '3000', protocol: 'http:', subdomain: null, domain: '', tld: 'localhost' } +5ms
  cypress:server:remote-states getting remote state: { auth: null, origin: 'http://localhost:3000', strategy: 'http', fileServer: null, domainName: 'localhost', props: { port: '3000', protocol: 'http:', subdomain: null, domain: '', tld: 'localhost' } } for: http://localhost:3000 +5ms
  cypress:network:cors Parsed URL { port: '3000', protocol: 'http:', subdomain: null, domain: '', tld: 'localhost' } +0ms
  cypress:network:cors Parsed URL { port: '3000', protocol: 'http:', subdomain: null, domain: '', tld: 'localhost' } +0ms
  cypress:server:remote-states getting primary remote state: { auth: null, origin: 'http://localhost:3000', strategy: 'http', fileServer: null, domainName: 'localhost', props: { port: '3000', protocol: 'http:', subdomain: null, domain: '', tld: 'localhost' } } +0ms
  cypress:network:cors Parsed URL { port: '3000', protocol: 'http:', subdomain: null, domain: '', tld: 'localhost' } +0ms
  cypress:network:cors Parsed URL { port: '3000', protocol: 'http:', subdomain: null, domain: '', tld: 'localhost' } +0ms
  cypress:network:cors Parsed URL { port: '3000', protocol: 'http:', subdomain: null, domain: '', tld: 'localhost' } +1ms
  cypress:server:remote-states getting remote state: { auth: null, origin: 'http://localhost:3000', strategy: 'http', fileServer: null, domainName: 'localhost', props: { port: '3000', protocol: 'http:', subdomain: null, domain: '', tld: 'localhost' } } for: http://localhost:3000 +1ms
  cypress:network:cors Parsed URL { port: '3000', protocol: 'http:', subdomain: null, domain: '', tld: 'localhost' } +2ms
  cypress:network:cors Parsed URL { port: '3000', protocol: 'http:', subdomain: null, domain: '', tld: 'localhost' } +1ms
  cypress:network:cors Parsed URL { port: '3000', protocol: 'http:', subdomain: null, domain: '', tld: 'localhost' } +0ms
  cypress:server:remote-states getting remote state: { auth: null, origin: 'http://localhost:3000', strategy: 'http', fileServer: null, domainName: 'localhost', props: { port: '3000', protocol: 'http:', subdomain: null, domain: '', tld: 'localhost' } } for: http://localhost:3000/_nuxt/node_modules/nuxt/dist/app/composables/asyncData.js?v=b9068561 +3ms
  cypress:network:cors Parsed URL { port: '3000', protocol: 'http:', subdomain: null, domain: '', tld: 'localhost' } +1ms
  cypress:server:remote-states getting remote state: { auth: null, origin: 'http://localhost:3000', strategy: 'http', fileServer: null, domainName: 'localhost', props: { port: '3000', protocol: 'http:', subdomain: null, domain: '', tld: 'localhost' } } for: http://localhost:3000 +1ms
  cypress:server:stream_buffer stream buffer writeable final called +10ms
  cypress:network:agent addRequest called { isHttps: false, href: 'http://localhost:3000/_nuxt/node_modules/nuxt/dist/app/composables/asyncData.js?v=b9068561' } +10ms
  cypress:network:agent got family { family: 6, href: 'http://localhost:3000/_nuxt/node_modules/nuxt/dist/app/composables/asyncData.js?v=b9068561' } +0ms
  cypress:network:cors Parsed URL { port: '3000', protocol: 'http:', subdomain: null, domain: '', tld: 'localhost' } +4ms
  cypress:network:cors Parsed URL { port: '3000', protocol: 'http:', subdomain: null, domain: '', tld: 'localhost' } +0ms
  cypress:network:cors Parsed URL { port: '3000', protocol: 'http:', subdomain: null, domain: '', tld: 'localhost' } +1ms
  cypress:server:remote-states getting remote state: { auth: null, origin: 'http://localhost:3000', strategy: 'http', fileServer: null, domainName: 'localhost', props: { port: '3000', protocol: 'http:', subdomain: null, domain: '', tld: 'localhost' } } for: http://localhost:3000/_nuxt/node_modules/nuxt/dist/app/composables/hydrate.js?v=b9068561 +5ms
  cypress:network:cors Parsed URL { port: '3000', protocol: 'http:', subdomain: null, domain: '', tld: 'localhost' } +0ms
  cypress:server:remote-states getting remote state: { auth: null, origin: 'http://localhost:3000', strategy: 'http', fileServer: null, domainName: 'localhost', props: { port: '3000', protocol: 'http:', subdomain: null, domain: '', tld: 'localhost' } } for: http://localhost:3000 +0ms
  cypress:server:stream_buffer stream buffer writeable final called +5ms
  cypress:network:agent addRequest called { isHttps: false, href: 'http://localhost:3000/_nuxt/node_modules/nuxt/dist/app/composables/hydrate.js?v=b9068561' } +4ms
  cypress:network:agent got family { family: 6, href: 'http://localhost:3000/_nuxt/node_modules/nuxt/dist/app/composables/hydrate.js?v=b9068561' } +0ms
  cypress:server:request received status code & headers on request { requestId: 'request64', statusCode: 200, headers: { 'content-type': 'application/javascript' } } +14ms
  cypress:server:request successful response received { requestId: 'request64' } +1ms
  cypress:net-stubbing:server:intercept-response InterceptResponse { req: { url: '/_nuxt/node_modules/nuxt/dist/app/composables/component.js?v=b9068561' }, request: undefined } +16ms
  cypress:network:cors Parsed URL { port: '3000', protocol: 'http:', subdomain: null, domain: '', tld: 'localhost' } +6ms
  cypress:server:remote-states getting remote state: { auth: null, origin: 'http://localhost:3000', strategy: 'http', fileServer: null, domainName: 'localhost', props: { port: '3000', protocol: 'http:', subdomain: null, domain: '', tld: 'localhost' } } for: http://localhost:3000 +6ms
  cypress:network:cors Parsed URL { port: '3000', protocol: 'http:', subdomain: null, domain: '', tld: 'localhost' } +0ms
  cypress:network:cors Parsed URL { port: '3000', protocol: 'http:', subdomain: null, domain: '', tld: 'localhost' } +0ms
  cypress:server:remote-states getting primary remote state: { auth: null, origin: 'http://localhost:3000', strategy: 'http', fileServer: null, domainName: 'localhost', props: { port: '3000', protocol: 'http:', subdomain: null, domain: '', tld: 'localhost' } } +0ms
  cypress:network:cors Parsed URL { port: '3000', protocol: 'http:', subdomain: null, domain: '', tld: 'localhost' } +0ms
  cypress:network:cors Parsed URL { port: '3000', protocol: 'http:', subdomain: null, domain: '', tld: 'localhost' } +0ms
  cypress:network:cors Parsed URL { port: '3000', protocol: 'http:', subdomain: null, domain: '', tld: 'localhost' } +1ms
  cypress:server:remote-states getting remote state: { auth: null, origin: 'http://localhost:3000', strategy: 'http', fileServer: null, domainName: 'localhost', props: { port: '3000', protocol: 'http:', subdomain: null, domain: '', tld: 'localhost' } } for: http://localhost:3000 +1ms
  cypress:network:cors Parsed URL { port: '3000', protocol: 'http:', subdomain: null, domain: '', tld: 'localhost' } +4ms
  cypress:network:cors Parsed URL { port: '3000', protocol: 'http:', subdomain: null, domain: '', tld: 'localhost' } +0ms
  cypress:network:cors Parsed URL { port: '3000', protocol: 'http:', subdomain: null, domain: '', tld: 'localhost' } +1ms
  cypress:server:remote-states getting remote state: { auth: null, origin: 'http://localhost:3000', strategy: 'http', fileServer: null, domainName: 'localhost', props: { port: '3000', protocol: 'http:', subdomain: null, domain: '', tld: 'localhost' } } for: http://localhost:3000/_nuxt/node_modules/nuxt/dist/app/composables/state.js?v=b9068561 +5ms
  cypress:network:cors Parsed URL { port: '3000', protocol: 'http:', subdomain: null, domain: '', tld: 'localhost' } +0ms
  cypress:server:remote-states getting remote state: { auth: null, origin: 'http://localhost:3000', strategy: 'http', fileServer: null, domainName: 'localhost', props: { port: '3000', protocol: 'http:', subdomain: null, domain: '', tld: 'localhost' } } for: http://localhost:3000 +0ms
  cypress:server:stream_buffer stream buffer writeable final called +12ms
  cypress:network:agent addRequest called { isHttps: false, href: 'http://localhost:3000/_nuxt/node_modules/nuxt/dist/app/composables/state.js?v=b9068561' } +12ms
  cypress:network:agent got family { family: 6, href: 'http://localhost:3000/_nuxt/node_modules/nuxt/dist/app/composables/state.js?v=b9068561' } +0ms
  cypress:server:request received status code & headers on request { requestId: 'request65', statusCode: 200, headers: { 'content-type': 'application/javascript' } } +11ms
  cypress:server:request successful response received { requestId: 'request65' } +0ms
  cypress:net-stubbing:server:intercept-response InterceptResponse { req: { url: '/_nuxt/node_modules/nuxt/dist/app/composables/asyncData.js?v=b9068561' }, request: undefined } +10ms
  cypress:network:cors Parsed URL { port: '3000', protocol: 'http:', subdomain: null, domain: '', tld: 'localhost' } +3ms
  cypress:server:remote-states getting remote state: { auth: null, origin: 'http://localhost:3000', strategy: 'http', fileServer: null, domainName: 'localhost', props: { port: '3000', protocol: 'http:', subdomain: null, domain: '', tld: 'localhost' } } for: http://localhost:3000 +3ms
  cypress:network:cors Parsed URL { port: '3000', protocol: 'http:', subdomain: null, domain: '', tld: 'localhost' } +1ms
  cypress:network:cors Parsed URL { port: '3000', protocol: 'http:', subdomain: null, domain: '', tld: 'localhost' } +0ms
  cypress:server:remote-states getting primary remote state: { auth: null, origin: 'http://localhost:3000', strategy: 'http', fileServer: null, domainName: 'localhost', props: { port: '3000', protocol: 'http:', subdomain: null, domain: '', tld: 'localhost' } } +1ms
  cypress:network:cors Parsed URL { port: '3000', protocol: 'http:', subdomain: null, domain: '', tld: 'localhost' } +0ms
  cypress:network:cors Parsed URL { port: '3000', protocol: 'http:', subdomain: null, domain: '', tld: 'localhost' } +0ms
  cypress:network:cors Parsed URL { port: '3000', protocol: 'http:', subdomain: null, domain: '', tld: 'localhost' } +0ms
  cypress:server:remote-states getting remote state: { auth: null, origin: 'http://localhost:3000', strategy: 'http', fileServer: null, domainName: 'localhost', props: { port: '3000', protocol: 'http:', subdomain: null, domain: '', tld: 'localhost' } } for: http://localhost:3000 +1ms
  cypress:server:request received status code & headers on request { requestId: 'request66', statusCode: 200, headers: { 'content-type': 'application/javascript' } } +6ms
  cypress:server:request successful response received { requestId: 'request66' } +0ms
  cypress:net-stubbing:server:intercept-response InterceptResponse { req: { url: '/_nuxt/node_modules/nuxt/dist/app/composables/hydrate.js?v=b9068561' }, request: undefined } +6ms
  cypress:network:cors Parsed URL { port: '3000', protocol: 'http:', subdomain: null, domain: '', tld: 'localhost' } +5ms
  cypress:server:remote-states getting remote state: { auth: null, origin: 'http://localhost:3000', strategy: 'http', fileServer: null, domainName: 'localhost', props: { port: '3000', protocol: 'http:', subdomain: null, domain: '', tld: 'localhost' } } for: http://localhost:3000 +4ms
  cypress:network:cors Parsed URL { port: '3000', protocol: 'http:', subdomain: null, domain: '', tld: 'localhost' } +0ms
  cypress:network:cors Parsed URL { port: '3000', protocol: 'http:', subdomain: null, domain: '', tld: 'localhost' } +0ms
  cypress:server:remote-states getting primary remote state: { auth: null, origin: 'http://localhost:3000', strategy: 'http', fileServer: null, domainName: 'localhost', props: { port: '3000', protocol: 'http:', subdomain: null, domain: '', tld: 'localhost' } } +0ms
  cypress:network:cors Parsed URL { port: '3000', protocol: 'http:', subdomain: null, domain: '', tld: 'localhost' } +0ms
  cypress:network:cors Parsed URL { port: '3000', protocol: 'http:', subdomain: null, domain: '', tld: 'localhost' } +0ms
  cypress:network:cors Parsed URL { port: '3000', protocol: 'http:', subdomain: null, domain: '', tld: 'localhost' } +1ms
  cypress:server:remote-states getting remote state: { auth: null, origin: 'http://localhost:3000', strategy: 'http', fileServer: null, domainName: 'localhost', props: { port: '3000', protocol: 'http:', subdomain: null, domain: '', tld: 'localhost' } } for: http://localhost:3000 +1ms
  cypress:network:cors Parsed URL { port: '3000', protocol: 'http:', subdomain: null, domain: '', tld: 'localhost' } +4ms
  cypress:network:cors Parsed URL { port: '3000', protocol: 'http:', subdomain: null, domain: '', tld: 'localhost' } +0ms
  cypress:network:cors Parsed URL { port: '3000', protocol: 'http:', subdomain: null, domain: '', tld: 'localhost' } +1ms
  cypress:server:remote-states getting remote state: { auth: null, origin: 'http://localhost:3000', strategy: 'http', fileServer: null, domainName: 'localhost', props: { port: '3000', protocol: 'http:', subdomain: null, domain: '', tld: 'localhost' } } for: http://localhost:3000/_nuxt/node_modules/nuxt/dist/app/composables/fetch.js?v=b9068561 +5ms
  cypress:network:cors Parsed URL { port: '3000', protocol: 'http:', subdomain: null, domain: '', tld: 'localhost' } +0ms
  cypress:server:remote-states getting remote state: { auth: null, origin: 'http://localhost:3000', strategy: 'http', fileServer: null, domainName: 'localhost', props: { port: '3000', protocol: 'http:', subdomain: null, domain: '', tld: 'localhost' } } for: http://localhost:3000 +0ms
  cypress:server:stream_buffer stream buffer writeable final called +15ms
  cypress:network:agent addRequest called { isHttps: false, href: 'http://localhost:3000/_nuxt/node_modules/nuxt/dist/app/composables/fetch.js?v=b9068561' } +15ms
  cypress:network:agent got family { family: 6, href: 'http://localhost:3000/_nuxt/node_modules/nuxt/dist/app/composables/fetch.js?v=b9068561' } +1ms
  cypress:server:request received status code & headers on request { requestId: 'request67', statusCode: 200, headers: { 'content-type': 'application/javascript' } } +14ms
  cypress:server:request successful response received { requestId: 'request67' } +0ms
  cypress:net-stubbing:server:intercept-response InterceptResponse { req: { url: '/_nuxt/node_modules/nuxt/dist/app/composables/state.js?v=b9068561' }, request: undefined } +14ms
  cypress:network:cors Parsed URL { port: '3000', protocol: 'http:', subdomain: null, domain: '', tld: 'localhost' } +8ms
  cypress:server:remote-states getting remote state: { auth: null, origin: 'http://localhost:3000', strategy: 'http', fileServer: null, domainName: 'localhost', props: { port: '3000', protocol: 'http:', subdomain: null, domain: '', tld: 'localhost' } } for: http://localhost:3000 +8ms
  cypress:network:cors Parsed URL { port: '3000', protocol: 'http:', subdomain: null, domain: '', tld: 'localhost' } +1ms
  cypress:network:cors Parsed URL { port: '3000', protocol: 'http:', subdomain: null, domain: '', tld: 'localhost' } +0ms
  cypress:server:remote-states getting primary remote state: { auth: null, origin: 'http://localhost:3000', strategy: 'http', fileServer: null, domainName: 'localhost', props: { port: '3000', protocol: 'http:', subdomain: null, domain: '', tld: 'localhost' } } +1ms
  cypress:network:cors Parsed URL { port: '3000', protocol: 'http:', subdomain: null, domain: '', tld: 'localhost' } +0ms
  cypress:network:cors Parsed URL { port: '3000', protocol: 'http:', subdomain: null, domain: '', tld: 'localhost' } +0ms
  cypress:network:cors Parsed URL { port: '3000', protocol: 'http:', subdomain: null, domain: '', tld: 'localhost' } +1ms
  cypress:server:remote-states getting remote state: { auth: null, origin: 'http://localhost:3000', strategy: 'http', fileServer: null, domainName: 'localhost', props: { port: '3000', protocol: 'http:', subdomain: null, domain: '', tld: 'localhost' } } for: http://localhost:3000 +1ms
  cypress:network:cors Parsed URL { port: '3000', protocol: 'http:', subdomain: null, domain: '', tld: 'localhost' } +5ms
  cypress:network:cors Parsed URL { port: '3000', protocol: 'http:', subdomain: null, domain: '', tld: 'localhost' } +1ms
  cypress:network:cors Parsed URL { port: '3000', protocol: 'http:', subdomain: null, domain: '', tld: 'localhost' } +0ms
  cypress:server:remote-states getting remote state: { auth: null, origin: 'http://localhost:3000', strategy: 'http', fileServer: null, domainName: 'localhost', props: { port: '3000', protocol: 'http:', subdomain: null, domain: '', tld: 'localhost' } } for: http://localhost:3000/_nuxt/node_modules/nuxt/dist/app/composables/cookie.js?v=b9068561 +6ms
  cypress:network:cors Parsed URL { port: '3000', protocol: 'http:', subdomain: null, domain: '', tld: 'localhost' } +0ms
  cypress:server:remote-states getting remote state: { auth: null, origin: 'http://localhost:3000', strategy: 'http', fileServer: null, domainName: 'localhost', props: { port: '3000', protocol: 'http:', subdomain: null, domain: '', tld: 'localhost' } } for: http://localhost:3000 +0ms
  cypress:server:stream_buffer stream buffer writeable final called +16ms
  cypress:network:agent addRequest called { isHttps: false, href: 'http://localhost:3000/_nuxt/node_modules/nuxt/dist/app/composables/cookie.js?v=b9068561' } +16ms
  cypress:network:agent got family { family: 6, href: 'http://localhost:3000/_nuxt/node_modules/nuxt/dist/app/composables/cookie.js?v=b9068561' } +0ms
  cypress:server:request received status code & headers on request { requestId: 'request68', statusCode: 200, headers: { 'content-type': 'application/javascript' } } +13ms
  cypress:server:request successful response received { requestId: 'request68' } +0ms
  cypress:net-stubbing:server:intercept-response InterceptResponse { req: { url: '/_nuxt/node_modules/nuxt/dist/app/composables/fetch.js?v=b9068561' }, request: undefined } +14ms
  cypress:network:cors Parsed URL { port: '3000', protocol: 'http:', subdomain: null, domain: '', tld: 'localhost' } +6ms
  cypress:server:remote-states getting remote state: { auth: null, origin: 'http://localhost:3000', strategy: 'http', fileServer: null, domainName: 'localhost', props: { port: '3000', protocol: 'http:', subdomain: null, domain: '', tld: 'localhost' } } for: http://localhost:3000 +7ms
  cypress:network:cors Parsed URL { port: '3000', protocol: 'http:', subdomain: null, domain: '', tld: 'localhost' } +1ms
  cypress:network:cors Parsed URL { port: '3000', protocol: 'http:', subdomain: null, domain: '', tld: 'localhost' } +0ms
  cypress:server:remote-states getting primary remote state: { auth: null, origin: 'http://localhost:3000', strategy: 'http', fileServer: null, domainName: 'localhost', props: { port: '3000', protocol: 'http:', subdomain: null, domain: '', tld: 'localhost' } } +0ms
  cypress:network:cors Parsed URL { port: '3000', protocol: 'http:', subdomain: null, domain: '', tld: 'localhost' } +0ms
  cypress:network:cors Parsed URL { port: '3000', protocol: 'http:', subdomain: null, domain: '', tld: 'localhost' } +0ms
  cypress:network:cors Parsed URL { port: '3000', protocol: 'http:', subdomain: null, domain: '', tld: 'localhost' } +1ms
  cypress:server:remote-states getting remote state: { auth: null, origin: 'http://localhost:3000', strategy: 'http', fileServer: null, domainName: 'localhost', props: { port: '3000', protocol: 'http:', subdomain: null, domain: '', tld: 'localhost' } } for: http://localhost:3000 +1ms
  cypress:network:cors Parsed URL { port: '3000', protocol: 'http:', subdomain: null, domain: '', tld: 'localhost' } +3ms
  cypress:network:cors Parsed URL { port: '3000', protocol: 'http:', subdomain: null, domain: '', tld: 'localhost' } +0ms
  cypress:network:cors Parsed URL { port: '3000', protocol: 'http:', subdomain: null, domain: '', tld: 'localhost' } +0ms
  cypress:server:remote-states getting remote state: { auth: null, origin: 'http://localhost:3000', strategy: 'http', fileServer: null, domainName: 'localhost', props: { port: '3000', protocol: 'http:', subdomain: null, domain: '', tld: 'localhost' } } for: http://localhost:3000/_nuxt/node_modules/nuxt/dist/app/composables/ssr.js?v=b9068561 +3ms
  cypress:network:cors Parsed URL { port: '3000', protocol: 'http:', subdomain: null, domain: '', tld: 'localhost' } +0ms
  cypress:server:remote-states getting remote state: { auth: null, origin: 'http://localhost:3000', strategy: 'http', fileServer: null, domainName: 'localhost', props: { port: '3000', protocol: 'http:', subdomain: null, domain: '', tld: 'localhost' } } for: http://localhost:3000 +0ms
  cypress:server:stream_buffer stream buffer writeable final called +11ms
  cypress:network:agent addRequest called { isHttps: false, href: 'http://localhost:3000/_nuxt/node_modules/nuxt/dist/app/composables/ssr.js?v=b9068561' } +10ms
  cypress:network:agent got family { family: 6, href: 'http://localhost:3000/_nuxt/node_modules/nuxt/dist/app/composables/ssr.js?v=b9068561' } +0ms
  cypress:server:request received status code & headers on request { requestId: 'request69', statusCode: 200, headers: { 'content-type': 'application/javascript' } } +13ms
  cypress:server:request successful response received { requestId: 'request69' } +1ms
  cypress:net-stubbing:server:intercept-response InterceptResponse { req: { url: '/_nuxt/node_modules/nuxt/dist/app/composables/cookie.js?v=b9068561' }, request: undefined } +13ms
  cypress:network:cors Parsed URL { port: '3000', protocol: 'http:', subdomain: null, domain: '', tld: 'localhost' } +9ms
  cypress:server:remote-states getting remote state: { auth: null, origin: 'http://localhost:3000', strategy: 'http', fileServer: null, domainName: 'localhost', props: { port: '3000', protocol: 'http:', subdomain: null, domain: '', tld: 'localhost' } } for: http://localhost:3000 +9ms
  cypress:network:cors Parsed URL { port: '3000', protocol: 'http:', subdomain: null, domain: '', tld: 'localhost' } +0ms
  cypress:network:cors Parsed URL { port: '3000', protocol: 'http:', subdomain: null, domain: '', tld: 'localhost' } +0ms
  cypress:server:remote-states getting primary remote state: { auth: null, origin: 'http://localhost:3000', strategy: 'http', fileServer: null, domainName: 'localhost', props: { port: '3000', protocol: 'http:', subdomain: null, domain: '', tld: 'localhost' } } +0ms
  cypress:network:cors Parsed URL { port: '3000', protocol: 'http:', subdomain: null, domain: '', tld: 'localhost' } +0ms
  cypress:network:cors Parsed URL { port: '3000', protocol: 'http:', subdomain: null, domain: '', tld: 'localhost' } +0ms
  cypress:network:cors Parsed URL { port: '3000', protocol: 'http:', subdomain: null, domain: '', tld: 'localhost' } +1ms
  cypress:server:remote-states getting remote state: { auth: null, origin: 'http://localhost:3000', strategy: 'http', fileServer: null, domainName: 'localhost', props: { port: '3000', protocol: 'http:', subdomain: null, domain: '', tld: 'localhost' } } for: http://localhost:3000 +1ms
  cypress:network:cors Parsed URL { port: '3000', protocol: 'http:', subdomain: null, domain: '', tld: 'localhost' } +5ms
  cypress:network:cors Parsed URL { port: '3000', protocol: 'http:', subdomain: null, domain: '', tld: 'localhost' } +0ms
  cypress:network:cors Parsed URL { port: '3000', protocol: 'http:', subdomain: null, domain: '', tld: 'localhost' } +0ms
  cypress:server:remote-states getting remote state: { auth: null, origin: 'http://localhost:3000', strategy: 'http', fileServer: null, domainName: 'localhost', props: { port: '3000', protocol: 'http:', subdomain: null, domain: '', tld: 'localhost' } } for: http://localhost:3000/_nuxt/node_modules/nuxt/dist/app/composables/ready.js?v=b9068561 +5ms
  cypress:network:cors Parsed URL { port: '3000', protocol: 'http:', subdomain: null, domain: '', tld: 'localhost' } +0ms
  cypress:server:remote-states getting remote state: { auth: null, origin: 'http://localhost:3000', strategy: 'http', fileServer: null, domainName: 'localhost', props: { port: '3000', protocol: 'http:', subdomain: null, domain: '', tld: 'localhost' } } for: http://localhost:3000 +0ms
  cypress:server:stream_buffer stream buffer writeable final called +15ms
  cypress:network:agent addRequest called { isHttps: false, href: 'http://localhost:3000/_nuxt/node_modules/nuxt/dist/app/composables/ready.js?v=b9068561' } +15ms
  cypress:network:agent got family { family: 6, href: 'http://localhost:3000/_nuxt/node_modules/nuxt/dist/app/composables/ready.js?v=b9068561' } +0ms
  cypress:server:request received status code & headers on request { requestId: 'request70', statusCode: 200, headers: { 'content-type': 'application/javascript' } } +14ms
  cypress:server:request successful response received { requestId: 'request70' } +0ms
  cypress:net-stubbing:server:intercept-response InterceptResponse { req: { url: '/_nuxt/node_modules/nuxt/dist/app/composables/ssr.js?v=b9068561' }, request: undefined } +14ms
  cypress:network:cors Parsed URL { port: '3000', protocol: 'http:', subdomain: null, domain: '', tld: 'localhost' } +8ms
  cypress:server:remote-states getting remote state: { auth: null, origin: 'http://localhost:3000', strategy: 'http', fileServer: null, domainName: 'localhost', props: { port: '3000', protocol: 'http:', subdomain: null, domain: '', tld: 'localhost' } } for: http://localhost:3000 +8ms
  cypress:network:cors Parsed URL { port: '3000', protocol: 'http:', subdomain: null, domain: '', tld: 'localhost' } +0ms
  cypress:network:cors Parsed URL { port: '3000', protocol: 'http:', subdomain: null, domain: '', tld: 'localhost' } +0ms
  cypress:server:remote-states getting primary remote state: { auth: null, origin: 'http://localhost:3000', strategy: 'http', fileServer: null, domainName: 'localhost', props: { port: '3000', protocol: 'http:', subdomain: null, domain: '', tld: 'localhost' } } +0ms
  cypress:network:cors Parsed URL { port: '3000', protocol: 'http:', subdomain: null, domain: '', tld: 'localhost' } +0ms
  cypress:network:cors Parsed URL { port: '3000', protocol: 'http:', subdomain: null, domain: '', tld: 'localhost' } +0ms
  cypress:network:cors Parsed URL { port: '3000', protocol: 'http:', subdomain: null, domain: '', tld: 'localhost' } +1ms
  cypress:server:remote-states getting remote state: { auth: null, origin: 'http://localhost:3000', strategy: 'http', fileServer: null, domainName: 'localhost', props: { port: '3000', protocol: 'http:', subdomain: null, domain: '', tld: 'localhost' } } for: http://localhost:3000 +1ms
  cypress:network:cors Parsed URL { port: '3000', protocol: 'http:', subdomain: null, domain: '', tld: 'localhost' } +2ms
  cypress:network:cors Parsed URL { port: '3000', protocol: 'http:', subdomain: null, domain: '', tld: 'localhost' } +1ms
  cypress:network:cors Parsed URL { port: '3000', protocol: 'http:', subdomain: null, domain: '', tld: 'localhost' } +0ms
  cypress:server:remote-states getting remote state: { auth: null, origin: 'http://localhost:3000', strategy: 'http', fileServer: null, domainName: 'localhost', props: { port: '3000', protocol: 'http:', subdomain: null, domain: '', tld: 'localhost' } } for: http://localhost:3000/_nuxt/node_modules/nuxt/dist/app/composables/preload.js?v=b9068561 +3ms
  cypress:network:cors Parsed URL { port: '3000', protocol: 'http:', subdomain: null, domain: '', tld: 'localhost' } +0ms
  cypress:server:remote-states getting remote state: { auth: null, origin: 'http://localhost:3000', strategy: 'http', fileServer: null, domainName: 'localhost', props: { port: '3000', protocol: 'http:', subdomain: null, domain: '', tld: 'localhost' } } for: http://localhost:3000 +0ms
  cypress:server:stream_buffer stream buffer writeable final called +12ms
  cypress:network:agent addRequest called { isHttps: false, href: 'http://localhost:3000/_nuxt/node_modules/nuxt/dist/app/composables/preload.js?v=b9068561' } +12ms
  cypress:network:agent got family { family: 6, href: 'http://localhost:3000/_nuxt/node_modules/nuxt/dist/app/composables/preload.js?v=b9068561' } +0ms
  cypress:server:request received status code & headers on request { requestId: 'request71', statusCode: 200, headers: { 'content-type': 'application/javascript' } } +9ms
  cypress:server:request successful response received { requestId: 'request71' } +0ms
  cypress:net-stubbing:server:intercept-response InterceptResponse { req: { url: '/_nuxt/node_modules/nuxt/dist/app/composables/ready.js?v=b9068561' }, request: undefined } +9ms
  cypress:network:cors Parsed URL { port: '3000', protocol: 'http:', subdomain: null, domain: '', tld: 'localhost' } +4ms
  cypress:server:remote-states getting remote state: { auth: null, origin: 'http://localhost:3000', strategy: 'http', fileServer: null, domainName: 'localhost', props: { port: '3000', protocol: 'http:', subdomain: null, domain: '', tld: 'localhost' } } for: http://localhost:3000 +4ms
  cypress:network:cors Parsed URL { port: '3000', protocol: 'http:', subdomain: null, domain: '', tld: 'localhost' } +0ms
  cypress:network:cors Parsed URL { port: '3000', protocol: 'http:', subdomain: null, domain: '', tld: 'localhost' } +0ms
  cypress:server:remote-states getting primary remote state: { auth: null, origin: 'http://localhost:3000', strategy: 'http', fileServer: null, domainName: 'localhost', props: { port: '3000', protocol: 'http:', subdomain: null, domain: '', tld: 'localhost' } } +1ms
  cypress:network:cors Parsed URL { port: '3000', protocol: 'http:', subdomain: null, domain: '', tld: 'localhost' } +1ms
  cypress:network:cors Parsed URL { port: '3000', protocol: 'http:', subdomain: null, domain: '', tld: 'localhost' } +0ms
  cypress:network:cors Parsed URL { port: '3000', protocol: 'http:', subdomain: null, domain: '', tld: 'localhost' } +0ms
  cypress:server:remote-states getting remote state: { auth: null, origin: 'http://localhost:3000', strategy: 'http', fileServer: null, domainName: 'localhost', props: { port: '3000', protocol: 'http:', subdomain: null, domain: '', tld: 'localhost' } } for: http://localhost:3000 +0ms
  cypress:network:cors Parsed URL { port: '3000', protocol: 'http:', subdomain: null, domain: '', tld: 'localhost' } +5ms
  cypress:network:cors Parsed URL { port: '3000', protocol: 'http:', subdomain: null, domain: '', tld: 'localhost' } +0ms
  cypress:network:cors Parsed URL { port: '3000', protocol: 'http:', subdomain: null, domain: '', tld: 'localhost' } +0ms
  cypress:server:remote-states getting remote state: { auth: null, origin: 'http://localhost:3000', strategy: 'http', fileServer: null, domainName: 'localhost', props: { port: '3000', protocol: 'http:', subdomain: null, domain: '', tld: 'localhost' } } for: http://localhost:3000/_nuxt/node_modules/nuxt/dist/app/composables/manifest.js?v=b9068561 +5ms
  cypress:network:cors Parsed URL { port: '3000', protocol: 'http:', subdomain: null, domain: '', tld: 'localhost' } +0ms
  cypress:server:remote-states getting remote state: { auth: null, origin: 'http://localhost:3000', strategy: 'http', fileServer: null, domainName: 'localhost', props: { port: '3000', protocol: 'http:', subdomain: null, domain: '', tld: 'localhost' } } for: http://localhost:3000 +0ms
  cypress:server:stream_buffer stream buffer writeable final called +10ms
  cypress:network:agent addRequest called { isHttps: false, href: 'http://localhost:3000/_nuxt/node_modules/nuxt/dist/app/composables/manifest.js?v=b9068561' } +11ms
  cypress:network:agent got family { family: 6, href: 'http://localhost:3000/_nuxt/node_modules/nuxt/dist/app/composables/manifest.js?v=b9068561' } +0ms
  cypress:server:request received status code & headers on request { requestId: 'request72', statusCode: 200, headers: { 'content-type': 'application/javascript' } } +12ms
  cypress:server:request successful response received { requestId: 'request72' } +0ms
  cypress:net-stubbing:server:intercept-response InterceptResponse { req: { url: '/_nuxt/node_modules/nuxt/dist/app/composables/preload.js?v=b9068561' }, request: undefined } +12ms
  cypress:network:cors Parsed URL { port: '3000', protocol: 'http:', subdomain: null, domain: '', tld: 'localhost' } +6ms
  cypress:server:remote-states getting remote state: { auth: null, origin: 'http://localhost:3000', strategy: 'http', fileServer: null, domainName: 'localhost', props: { port: '3000', protocol: 'http:', subdomain: null, domain: '', tld: 'localhost' } } for: http://localhost:3000 +6ms
  cypress:network:cors Parsed URL { port: '3000', protocol: 'http:', subdomain: null, domain: '', tld: 'localhost' } +0ms
  cypress:network:cors Parsed URL { port: '3000', protocol: 'http:', subdomain: null, domain: '', tld: 'localhost' } +0ms
  cypress:server:remote-states getting primary remote state: { auth: null, origin: 'http://localhost:3000', strategy: 'http', fileServer: null, domainName: 'localhost', props: { port: '3000', protocol: 'http:', subdomain: null, domain: '', tld: 'localhost' } } +0ms
  cypress:network:cors Parsed URL { port: '3000', protocol: 'http:', subdomain: null, domain: '', tld: 'localhost' } +0ms
  cypress:network:cors Parsed URL { port: '3000', protocol: 'http:', subdomain: null, domain: '', tld: 'localhost' } +0ms
  cypress:network:cors Parsed URL { port: '3000', protocol: 'http:', subdomain: null, domain: '', tld: 'localhost' } +0ms
  cypress:server:remote-states getting remote state: { auth: null, origin: 'http://localhost:3000', strategy: 'http', fileServer: null, domainName: 'localhost', props: { port: '3000', protocol: 'http:', subdomain: null, domain: '', tld: 'localhost' } } for: http://localhost:3000 +1ms
  cypress:network:cors Parsed URL { port: '3000', protocol: 'http:', subdomain: null, domain: '', tld: 'localhost' } +5ms
  cypress:network:cors Parsed URL { port: '3000', protocol: 'http:', subdomain: null, domain: '', tld: 'localhost' } +0ms
  cypress:network:cors Parsed URL { port: '3000', protocol: 'http:', subdomain: null, domain: '', tld: 'localhost' } +1ms
  cypress:server:remote-states getting remote state: { auth: null, origin: 'http://localhost:3000', strategy: 'http', fileServer: null, domainName: 'localhost', props: { port: '3000', protocol: 'http:', subdomain: null, domain: '', tld: 'localhost' } } for: http://localhost:3000/_nuxt/node_modules/nuxt/dist/app/composables/url.js?v=b9068561 +5ms
  cypress:network:cors Parsed URL { port: '3000', protocol: 'http:', subdomain: null, domain: '', tld: 'localhost' } +0ms
  cypress:server:remote-states getting remote state: { auth: null, origin: 'http://localhost:3000', strategy: 'http', fileServer: null, domainName: 'localhost', props: { port: '3000', protocol: 'http:', subdomain: null, domain: '', tld: 'localhost' } } for: http://localhost:3000 +0ms
  cypress:server:stream_buffer stream buffer writeable final called +12ms
  cypress:network:agent addRequest called { isHttps: false, href: 'http://localhost:3000/_nuxt/node_modules/nuxt/dist/app/composables/url.js?v=b9068561' } +11ms
  cypress:network:agent got family { family: 6, href: 'http://localhost:3000/_nuxt/node_modules/nuxt/dist/app/composables/url.js?v=b9068561' } +0ms
  cypress:server:request received status code & headers on request { requestId: 'request73', statusCode: 200, headers: { 'content-type': 'application/javascript' } } +11ms
  cypress:server:request successful response received { requestId: 'request73' } +0ms
  cypress:net-stubbing:server:intercept-response InterceptResponse { req: { url: '/_nuxt/node_modules/nuxt/dist/app/composables/manifest.js?v=b9068561' }, request: undefined } +11ms
  cypress:network:cors Parsed URL { port: '3000', protocol: 'http:', subdomain: null, domain: '', tld: 'localhost' } +5ms
  cypress:server:remote-states getting remote state: { auth: null, origin: 'http://localhost:3000', strategy: 'http', fileServer: null, domainName: 'localhost', props: { port: '3000', protocol: 'http:', subdomain: null, domain: '', tld: 'localhost' } } for: http://localhost:3000 +5ms
  cypress:network:cors Parsed URL { port: '3000', protocol: 'http:', subdomain: null, domain: '', tld: 'localhost' } +0ms
  cypress:network:cors Parsed URL { port: '3000', protocol: 'http:', subdomain: null, domain: '', tld: 'localhost' } +0ms
  cypress:server:remote-states getting primary remote state: { auth: null, origin: 'http://localhost:3000', strategy: 'http', fileServer: null, domainName: 'localhost', props: { port: '3000', protocol: 'http:', subdomain: null, domain: '', tld: 'localhost' } } +0ms
  cypress:network:cors Parsed URL { port: '3000', protocol: 'http:', subdomain: null, domain: '', tld: 'localhost' } +0ms
  cypress:network:cors Parsed URL { port: '3000', protocol: 'http:', subdomain: null, domain: '', tld: 'localhost' } +0ms
  cypress:network:cors Parsed URL { port: '3000', protocol: 'http:', subdomain: null, domain: '', tld: 'localhost' } +1ms
  cypress:server:remote-states getting remote state: { auth: null, origin: 'http://localhost:3000', strategy: 'http', fileServer: null, domainName: 'localhost', props: { port: '3000', protocol: 'http:', subdomain: null, domain: '', tld: 'localhost' } } for: http://localhost:3000 +1ms
  cypress:server:request received status code & headers on request { requestId: 'request74', statusCode: 200, headers: { 'content-type': 'application/javascript' } } +26ms
  cypress:server:request successful response received { requestId: 'request74' } +0ms
  cypress:net-stubbing:server:intercept-response InterceptResponse { req: { url: '/_nuxt/node_modules/nuxt/dist/app/composables/url.js?v=b9068561' }, request: undefined } +28ms
  cypress:network:cors Parsed URL { port: '3000', protocol: 'http:', subdomain: null, domain: '', tld: 'localhost' } +27ms
  cypress:server:remote-states getting remote state: { auth: null, origin: 'http://localhost:3000', strategy: 'http', fileServer: null, domainName: 'localhost', props: { port: '3000', protocol: 'http:', subdomain: null, domain: '', tld: 'localhost' } } for: http://localhost:3000 +27ms
  cypress:network:cors Parsed URL { port: '3000', protocol: 'http:', subdomain: null, domain: '', tld: 'localhost' } +0ms
  cypress:network:cors Parsed URL { port: '3000', protocol: 'http:', subdomain: null, domain: '', tld: 'localhost' } +0ms
  cypress:server:remote-states getting primary remote state: { auth: null, origin: 'http://localhost:3000', strategy: 'http', fileServer: null, domainName: 'localhost', props: { port: '3000', protocol: 'http:', subdomain: null, domain: '', tld: 'localhost' } } +0ms
  cypress:network:cors Parsed URL { port: '3000', protocol: 'http:', subdomain: null, domain: '', tld: 'localhost' } +1ms
  cypress:network:cors Parsed URL { port: '3000', protocol: 'http:', subdomain: null, domain: '', tld: 'localhost' } +0ms
  cypress:network:cors Parsed URL { port: '3000', protocol: 'http:', subdomain: null, domain: '', tld: 'localhost' } +0ms
  cypress:server:remote-states getting remote state: { auth: null, origin: 'http://localhost:3000', strategy: 'http', fileServer: null, domainName: 'localhost', props: { port: '3000', protocol: 'http:', subdomain: null, domain: '', tld: 'localhost' } } for: http://localhost:3000 +1ms
  cypress:network:cors Parsed URL { port: '3000', protocol: 'http:', subdomain: null, domain: '', tld: 'localhost' } +9ms
  cypress:network:cors Parsed URL { port: '3000', protocol: 'http:', subdomain: null, domain: '', tld: 'localhost' } +0ms
  cypress:network:cors Parsed URL { port: '3000', protocol: 'http:', subdomain: null, domain: '', tld: 'localhost' } +1ms
  cypress:server:remote-states getting remote state: { auth: null, origin: 'http://localhost:3000', strategy: 'http', fileServer: null, domainName: 'localhost', props: { port: '3000', protocol: 'http:', subdomain: null, domain: '', tld: 'localhost' } } for: http://localhost:3000/_nuxt/node_modules/nuxt/dist/app/components/nuxt-link.js?v=b9068561 +10ms
  cypress:network:cors Parsed URL { port: '3000', protocol: 'http:', subdomain: null, domain: '', tld: 'localhost' } +0ms
  cypress:server:remote-states getting remote state: { auth: null, origin: 'http://localhost:3000', strategy: 'http', fileServer: null, domainName: 'localhost', props: { port: '3000', protocol: 'http:', subdomain: null, domain: '', tld: 'localhost' } } for: http://localhost:3000 +0ms
  cypress:server:stream_buffer stream buffer writeable final called +44ms
  cypress:network:agent addRequest called { isHttps: false, href: 'http://localhost:3000/_nuxt/node_modules/nuxt/dist/app/components/nuxt-link.js?v=b9068561' } +45ms
  cypress:network:agent got family { family: 6, href: 'http://localhost:3000/_nuxt/node_modules/nuxt/dist/app/components/nuxt-link.js?v=b9068561' } +0ms
  cypress:network:cors Parsed URL { port: '3000', protocol: 'http:', subdomain: null, domain: '', tld: 'localhost' } +5ms
  cypress:network:cors Parsed URL { port: '3000', protocol: 'http:', subdomain: null, domain: '', tld: 'localhost' } +0ms
  cypress:network:cors Parsed URL { port: '3000', protocol: 'http:', subdomain: null, domain: '', tld: 'localhost' } +1ms
  cypress:server:remote-states getting remote state: { auth: null, origin: 'http://localhost:3000', strategy: 'http', fileServer: null, domainName: 'localhost', props: { port: '3000', protocol: 'http:', subdomain: null, domain: '', tld: 'localhost' } } for: http://localhost:3000/_nuxt/node_modules/klona/dist/index.mjs?v=b9068561 +6ms
  cypress:network:cors Parsed URL { port: '3000', protocol: 'http:', subdomain: null, domain: '', tld: 'localhost' } +0ms
  cypress:server:remote-states getting remote state: { auth: null, origin: 'http://localhost:3000', strategy: 'http', fileServer: null, domainName: 'localhost', props: { port: '3000', protocol: 'http:', subdomain: null, domain: '', tld: 'localhost' } } for: http://localhost:3000 +0ms
  cypress:server:stream_buffer stream buffer writeable final called +6ms
  cypress:network:agent addRequest called { isHttps: false, href: 'http://localhost:3000/_nuxt/node_modules/klona/dist/index.mjs?v=b9068561' } +5ms
  cypress:network:agent got family { family: 6, href: 'http://localhost:3000/_nuxt/node_modules/klona/dist/index.mjs?v=b9068561' } +0ms
  cypress:network:cors Parsed URL { port: '3000', protocol: 'http:', subdomain: null, domain: '', tld: 'localhost' } +3ms
  cypress:network:cors Parsed URL { port: '3000', protocol: 'http:', subdomain: null, domain: '', tld: 'localhost' } +1ms
  cypress:network:cors Parsed URL { port: '3000', protocol: 'http:', subdomain: null, domain: '', tld: 'localhost' } +0ms
  cypress:server:remote-states getting remote state: { auth: null, origin: 'http://localhost:3000', strategy: 'http', fileServer: null, domainName: 'localhost', props: { port: '3000', protocol: 'http:', subdomain: null, domain: '', tld: 'localhost' } } for: http://localhost:3000/_nuxt/.nuxt/app.config.mjs +4ms
  cypress:network:cors Parsed URL { port: '3000', protocol: 'http:', subdomain: null, domain: '', tld: 'localhost' } +1ms
  cypress:server:remote-states getting remote state: { auth: null, origin: 'http://localhost:3000', strategy: 'http', fileServer: null, domainName: 'localhost', props: { port: '3000', protocol: 'http:', subdomain: null, domain: '', tld: 'localhost' } } for: http://localhost:3000 +1ms
  cypress:server:stream_buffer stream buffer writeable final called +5ms
  cypress:network:agent addRequest called { isHttps: false, href: 'http://localhost:3000/_nuxt/.nuxt/app.config.mjs' } +5ms
  cypress:network:agent got family { family: 6, href: 'http://localhost:3000/_nuxt/.nuxt/app.config.mjs' } +0ms
  cypress:server:request received status code & headers on request { requestId: 'request75', statusCode: 200, headers: { 'content-type': 'application/javascript' } } +27ms
  cypress:server:request successful response received { requestId: 'request75' } +0ms
  cypress:net-stubbing:server:intercept-response InterceptResponse { req: { url: '/_nuxt/node_modules/nuxt/dist/app/components/nuxt-link.js?v=b9068561' }, request: undefined } +27ms
  cypress:network:cors Parsed URL { port: '3000', protocol: 'http:', subdomain: null, domain: '', tld: 'localhost' } +5ms
  cypress:server:remote-states getting remote state: { auth: null, origin: 'http://localhost:3000', strategy: 'http', fileServer: null, domainName: 'localhost', props: { port: '3000', protocol: 'http:', subdomain: null, domain: '', tld: 'localhost' } } for: http://localhost:3000 +6ms
  cypress:network:cors Parsed URL { port: '3000', protocol: 'http:', subdomain: null, domain: '', tld: 'localhost' } +1ms
  cypress:network:cors Parsed URL { port: '3000', protocol: 'http:', subdomain: null, domain: '', tld: 'localhost' } +0ms
  cypress:server:remote-states getting primary remote state: { auth: null, origin: 'http://localhost:3000', strategy: 'http', fileServer: null, domainName: 'localhost', props: { port: '3000', protocol: 'http:', subdomain: null, domain: '', tld: 'localhost' } } +0ms
  cypress:network:cors Parsed URL { port: '3000', protocol: 'http:', subdomain: null, domain: '', tld: 'localhost' } +0ms
  cypress:network:cors Parsed URL { port: '3000', protocol: 'http:', subdomain: null, domain: '', tld: 'localhost' } +0ms
  cypress:network:cors Parsed URL { port: '3000', protocol: 'http:', subdomain: null, domain: '', tld: 'localhost' } +0ms
  cypress:server:remote-states getting remote state: { auth: null, origin: 'http://localhost:3000', strategy: 'http', fileServer: null, domainName: 'localhost', props: { port: '3000', protocol: 'http:', subdomain: null, domain: '', tld: 'localhost' } } for: http://localhost:3000 +0ms
  cypress:server:request received status code & headers on request { requestId: 'request76', statusCode: 200, headers: { 'content-type': 'application/javascript' } } +8ms
  cypress:server:request successful response received { requestId: 'request76' } +1ms
  cypress:net-stubbing:server:intercept-response InterceptResponse { req: { url: '/_nuxt/node_modules/klona/dist/index.mjs?v=b9068561' }, request: undefined } +8ms
  cypress:network:cors Parsed URL { port: '3000', protocol: 'http:', subdomain: null, domain: '', tld: 'localhost' } +8ms
  cypress:server:remote-states getting remote state: { auth: null, origin: 'http://localhost:3000', strategy: 'http', fileServer: null, domainName: 'localhost', props: { port: '3000', protocol: 'http:', subdomain: null, domain: '', tld: 'localhost' } } for: http://localhost:3000 +8ms
  cypress:network:cors Parsed URL { port: '3000', protocol: 'http:', subdomain: null, domain: '', tld: 'localhost' } +0ms
  cypress:network:cors Parsed URL { port: '3000', protocol: 'http:', subdomain: null, domain: '', tld: 'localhost' } +0ms
  cypress:server:remote-states getting primary remote state: { auth: null, origin: 'http://localhost:3000', strategy: 'http', fileServer: null, domainName: 'localhost', props: { port: '3000', protocol: 'http:', subdomain: null, domain: '', tld: 'localhost' } } +0ms
  cypress:network:cors Parsed URL { port: '3000', protocol: 'http:', subdomain: null, domain: '', tld: 'localhost' } +0ms
  cypress:network:cors Parsed URL { port: '3000', protocol: 'http:', subdomain: null, domain: '', tld: 'localhost' } +0ms
  cypress:network:cors Parsed URL { port: '3000', protocol: 'http:', subdomain: null, domain: '', tld: 'localhost' } +1ms
  cypress:server:remote-states getting remote state: { auth: null, origin: 'http://localhost:3000', strategy: 'http', fileServer: null, domainName: 'localhost', props: { port: '3000', protocol: 'http:', subdomain: null, domain: '', tld: 'localhost' } } for: http://localhost:3000 +1ms
  cypress:server:request received status code & headers on request { requestId: 'request77', statusCode: 200, headers: { 'content-type': 'application/javascript' } } +8ms
  cypress:server:request successful response received { requestId: 'request77' } +0ms
  cypress:net-stubbing:server:intercept-response InterceptResponse { req: { url: '/_nuxt/.nuxt/app.config.mjs' }, request: undefined } +7ms
  cypress:network:cors Parsed URL { port: '3000', protocol: 'http:', subdomain: null, domain: '', tld: 'localhost' } +6ms
  cypress:server:remote-states getting remote state: { auth: null, origin: 'http://localhost:3000', strategy: 'http', fileServer: null, domainName: 'localhost', props: { port: '3000', protocol: 'http:', subdomain: null, domain: '', tld: 'localhost' } } for: http://localhost:3000 +6ms
  cypress:network:cors Parsed URL { port: '3000', protocol: 'http:', subdomain: null, domain: '', tld: 'localhost' } +0ms
  cypress:network:cors Parsed URL { port: '3000', protocol: 'http:', subdomain: null, domain: '', tld: 'localhost' } +0ms
  cypress:server:remote-states getting primary remote state: { auth: null, origin: 'http://localhost:3000', strategy: 'http', fileServer: null, domainName: 'localhost', props: { port: '3000', protocol: 'http:', subdomain: null, domain: '', tld: 'localhost' } } +0ms
  cypress:network:cors Parsed URL { port: '3000', protocol: 'http:', subdomain: null, domain: '', tld: 'localhost' } +0ms
  cypress:network:cors Parsed URL { port: '3000', protocol: 'http:', subdomain: null, domain: '', tld: 'localhost' } +0ms
  cypress:network:cors Parsed URL { port: '3000', protocol: 'http:', subdomain: null, domain: '', tld: 'localhost' } +0ms
  cypress:server:remote-states getting remote state: { auth: null, origin: 'http://localhost:3000', strategy: 'http', fileServer: null, domainName: 'localhost', props: { port: '3000', protocol: 'http:', subdomain: null, domain: '', tld: 'localhost' } } for: http://localhost:3000 +1ms
  cypress:network:cors Parsed URL { port: '3000', protocol: 'http:', subdomain: null, domain: '', tld: 'localhost' } +19ms
  cypress:network:cors Parsed URL { port: '3000', protocol: 'http:', subdomain: null, domain: '', tld: 'localhost' } +1ms
  cypress:network:cors Parsed URL { port: '3000', protocol: 'http:', subdomain: null, domain: '', tld: 'localhost' } +0ms
  cypress:server:remote-states getting remote state: { auth: null, origin: 'http://localhost:3000', strategy: 'http', fileServer: null, domainName: 'localhost', props: { port: '3000', protocol: 'http:', subdomain: null, domain: '', tld: 'localhost' } } for: http://localhost:3000/_nuxt/node_modules/devalue/index.js?v=b9068561 +19ms
  cypress:network:cors Parsed URL { port: '3000', protocol: 'http:', subdomain: null, domain: '', tld: 'localhost' } +1ms
  cypress:server:remote-states getting remote state: { auth: null, origin: 'http://localhost:3000', strategy: 'http', fileServer: null, domainName: 'localhost', props: { port: '3000', protocol: 'http:', subdomain: null, domain: '', tld: 'localhost' } } for: http://localhost:3000 +1ms
  cypress:server:stream_buffer stream buffer writeable final called +42ms
  cypress:network:agent addRequest called { isHttps: false, href: 'http://localhost:3000/_nuxt/node_modules/devalue/index.js?v=b9068561' } +43ms
  cypress:network:agent got family { family: 6, href: 'http://localhost:3000/_nuxt/node_modules/devalue/index.js?v=b9068561' } +0ms
  cypress:server:request received status code & headers on request { requestId: 'request78', statusCode: 200, headers: { 'content-type': 'application/javascript' } } +38ms
  cypress:server:request successful response received { requestId: 'request78' } +0ms
  cypress:net-stubbing:server:intercept-response InterceptResponse { req: { url: '/_nuxt/node_modules/devalue/index.js?v=b9068561' }, request: undefined } +39ms
  cypress:network:cors Parsed URL { port: '3000', protocol: 'http:', subdomain: null, domain: '', tld: 'localhost' } +18ms
  cypress:server:remote-states getting remote state: { auth: null, origin: 'http://localhost:3000', strategy: 'http', fileServer: null, domainName: 'localhost', props: { port: '3000', protocol: 'http:', subdomain: null, domain: '', tld: 'localhost' } } for: http://localhost:3000 +18ms
  cypress:network:cors Parsed URL { port: '3000', protocol: 'http:', subdomain: null, domain: '', tld: 'localhost' } +1ms
  cypress:network:cors Parsed URL { port: '3000', protocol: 'http:', subdomain: null, domain: '', tld: 'localhost' } +0ms
  cypress:server:remote-states getting primary remote state: { auth: null, origin: 'http://localhost:3000', strategy: 'http', fileServer: null, domainName: 'localhost', props: { port: '3000', protocol: 'http:', subdomain: null, domain: '', tld: 'localhost' } } +1ms
  cypress:network:cors Parsed URL { port: '3000', protocol: 'http:', subdomain: null, domain: '', tld: 'localhost' } +0ms
  cypress:network:cors Parsed URL { port: '3000', protocol: 'http:', subdomain: null, domain: '', tld: 'localhost' } +0ms
  cypress:network:cors Parsed URL { port: '3000', protocol: 'http:', subdomain: null, domain: '', tld: 'localhost' } +1ms
  cypress:server:remote-states getting remote state: { auth: null, origin: 'http://localhost:3000', strategy: 'http', fileServer: null, domainName: 'localhost', props: { port: '3000', protocol: 'http:', subdomain: null, domain: '', tld: 'localhost' } } for: http://localhost:3000 +1ms
  cypress:network:cors Parsed URL { port: '3000', protocol: 'http:', subdomain: null, domain: '', tld: 'localhost' } +14ms
  cypress:network:cors Parsed URL { port: '3000', protocol: 'http:', subdomain: null, domain: '', tld: 'localhost' } +1ms
  cypress:network:cors Parsed URL { port: '3000', protocol: 'http:', subdomain: null, domain: '', tld: 'localhost' } +0ms
  cypress:server:remote-states getting remote state: { auth: null, origin: 'http://localhost:3000', strategy: 'http', fileServer: null, domainName: 'localhost', props: { port: '3000', protocol: 'http:', subdomain: null, domain: '', tld: 'localhost' } } for: http://localhost:3000/_nuxt/node_modules/@unhead/shared/dist/index.mjs?v=b9068561 +15ms
  cypress:network:cors Parsed URL { port: '3000', protocol: 'http:', subdomain: null, domain: '', tld: 'localhost' } +0ms
  cypress:server:remote-states getting remote state: { auth: null, origin: 'http://localhost:3000', strategy: 'http', fileServer: null, domainName: 'localhost', props: { port: '3000', protocol: 'http:', subdomain: null, domain: '', tld: 'localhost' } } for: http://localhost:3000 +0ms
  cypress:server:stream_buffer stream buffer writeable final called +35ms
  cypress:network:agent addRequest called { isHttps: false, href: 'http://localhost:3000/_nuxt/node_modules/@unhead/shared/dist/index.mjs?v=b9068561' } +34ms
  cypress:network:agent got family { family: 6, href: 'http://localhost:3000/_nuxt/node_modules/@unhead/shared/dist/index.mjs?v=b9068561' } +0ms
  cypress:network:cors Parsed URL { port: '3000', protocol: 'http:', subdomain: null, domain: '', tld: 'localhost' } +4ms
  cypress:network:cors Parsed URL { port: '3000', protocol: 'http:', subdomain: null, domain: '', tld: 'localhost' } +0ms
  cypress:network:cors Parsed URL { port: '3000', protocol: 'http:', subdomain: null, domain: '', tld: 'localhost' } +1ms
  cypress:server:remote-states getting remote state: { auth: null, origin: 'http://localhost:3000', strategy: 'http', fileServer: null, domainName: 'localhost', props: { port: '3000', protocol: 'http:', subdomain: null, domain: '', tld: 'localhost' } } for: http://localhost:3000/_nuxt/node_modules/.cache/vite/client/deps/vue-router.js?v=b9068561 +5ms
  cypress:network:cors Parsed URL { port: '3000', protocol: 'http:', subdomain: null, domain: '', tld: 'localhost' } +1ms
  cypress:server:remote-states getting remote state: { auth: null, origin: 'http://localhost:3000', strategy: 'http', fileServer: null, domainName: 'localhost', props: { port: '3000', protocol: 'http:', subdomain: null, domain: '', tld: 'localhost' } } for: http://localhost:3000 +1ms
  cypress:server:stream_buffer stream buffer writeable final called +5ms
  cypress:network:agent addRequest called { isHttps: false, href: 'http://localhost:3000/_nuxt/node_modules/.cache/vite/client/deps/vue-router.js?v=b9068561' } +5ms
  cypress:network:agent got family { family: 6, href: 'http://localhost:3000/_nuxt/node_modules/.cache/vite/client/deps/vue-router.js?v=b9068561' } +1ms
  cypress:server:request received status code & headers on request { requestId: 'request79', statusCode: 200, headers: { 'content-type': 'application/javascript' } } +32ms
  cypress:server:request successful response received { requestId: 'request79' } +0ms
  cypress:net-stubbing:server:intercept-response InterceptResponse { req: { url: '/_nuxt/node_modules/@unhead/shared/dist/index.mjs?v=b9068561' }, request: undefined } +31ms
  cypress:network:cors Parsed URL { port: '3000', protocol: 'http:', subdomain: null, domain: '', tld: 'localhost' } +8ms
  cypress:server:remote-states getting remote state: { auth: null, origin: 'http://localhost:3000', strategy: 'http', fileServer: null, domainName: 'localhost', props: { port: '3000', protocol: 'http:', subdomain: null, domain: '', tld: 'localhost' } } for: http://localhost:3000 +8ms
  cypress:network:cors Parsed URL { port: '3000', protocol: 'http:', subdomain: null, domain: '', tld: 'localhost' } +0ms
  cypress:network:cors Parsed URL { port: '3000', protocol: 'http:', subdomain: null, domain: '', tld: 'localhost' } +0ms
  cypress:server:remote-states getting primary remote state: { auth: null, origin: 'http://localhost:3000', strategy: 'http', fileServer: null, domainName: 'localhost', props: { port: '3000', protocol: 'http:', subdomain: null, domain: '', tld: 'localhost' } } +0ms
  cypress:network:cors Parsed URL { port: '3000', protocol: 'http:', subdomain: null, domain: '', tld: 'localhost' } +0ms
  cypress:network:cors Parsed URL { port: '3000', protocol: 'http:', subdomain: null, domain: '', tld: 'localhost' } +0ms
  cypress:network:cors Parsed URL { port: '3000', protocol: 'http:', subdomain: null, domain: '', tld: 'localhost' } +0ms
  cypress:server:remote-states getting remote state: { auth: null, origin: 'http://localhost:3000', strategy: 'http', fileServer: null, domainName: 'localhost', props: { port: '3000', protocol: 'http:', subdomain: null, domain: '', tld: 'localhost' } } for: http://localhost:3000 +0ms
  cypress:network:cors Parsed URL { port: '3000', protocol: 'http:', subdomain: null, domain: '', tld: 'localhost' } +10ms
  cypress:network:cors Parsed URL { port: '3000', protocol: 'http:', subdomain: null, domain: '', tld: 'localhost' } +0ms
  cypress:network:cors Parsed URL { port: '3000', protocol: 'http:', subdomain: null, domain: '', tld: 'localhost' } +1ms
  cypress:server:remote-states getting remote state: { auth: null, origin: 'http://localhost:3000', strategy: 'http', fileServer: null, domainName: 'localhost', props: { port: '3000', protocol: 'http:', subdomain: null, domain: '', tld: 'localhost' } } for: http://localhost:3000/_nuxt/node_modules/cookie-es/dist/index.mjs?v=b9068561 +11ms
  cypress:network:cors Parsed URL { port: '3000', protocol: 'http:', subdomain: null, domain: '', tld: 'localhost' } +0ms
  cypress:server:remote-states getting remote state: { auth: null, origin: 'http://localhost:3000', strategy: 'http', fileServer: null, domainName: 'localhost', props: { port: '3000', protocol: 'http:', subdomain: null, domain: '', tld: 'localhost' } } for: http://localhost:3000 +0ms
  cypress:server:stream_buffer stream buffer writeable final called +20ms
  cypress:network:agent addRequest called { isHttps: false, href: 'http://localhost:3000/_nuxt/node_modules/cookie-es/dist/index.mjs?v=b9068561' } +19ms
  cypress:network:agent got family { family: 6, href: 'http://localhost:3000/_nuxt/node_modules/cookie-es/dist/index.mjs?v=b9068561' } +0ms
  cypress:network:cors Parsed URL { port: '3000', protocol: 'http:', subdomain: null, domain: '', tld: 'localhost' } +2ms
  cypress:network:cors Parsed URL { port: '3000', protocol: 'http:', subdomain: null, domain: '', tld: 'localhost' } +0ms
  cypress:network:cors Parsed URL { port: '3000', protocol: 'http:', subdomain: null, domain: '', tld: 'localhost' } +0ms
  cypress:server:remote-states getting remote state: { auth: null, origin: 'http://localhost:3000', strategy: 'http', fileServer: null, domainName: 'localhost', props: { port: '3000', protocol: 'http:', subdomain: null, domain: '', tld: 'localhost' } } for: http://localhost:3000/_nuxt/node_modules/radix3/dist/index.mjs?v=b9068561 +3ms
  cypress:network:cors Parsed URL { port: '3000', protocol: 'http:', subdomain: null, domain: '', tld: 'localhost' } +1ms
  cypress:server:remote-states getting remote state: { auth: null, origin: 'http://localhost:3000', strategy: 'http', fileServer: null, domainName: 'localhost', props: { port: '3000', protocol: 'http:', subdomain: null, domain: '', tld: 'localhost' } } for: http://localhost:3000 +0ms
  cypress:server:stream_buffer stream buffer writeable final called +3ms
  cypress:network:agent addRequest called { isHttps: false, href: 'http://localhost:3000/_nuxt/node_modules/radix3/dist/index.mjs?v=b9068561' } +3ms
  cypress:network:agent got family { family: 6, href: 'http://localhost:3000/_nuxt/node_modules/radix3/dist/index.mjs?v=b9068561' } +0ms
  cypress:server:request received status code & headers on request { requestId: 'request80', statusCode: 200, headers: { 'content-type': 'application/javascript' } } +25ms
  cypress:server:request successful response received { requestId: 'request80' } +0ms
  cypress:server:request received status code & headers on request { requestId: 'request81', statusCode: 200, headers: { 'content-type': 'application/javascript' } } +1ms
  cypress:server:request successful response received { requestId: 'request81' } +0ms
  cypress:net-stubbing:server:intercept-response InterceptResponse { req: { url: '/_nuxt/node_modules/.cache/vite/client/deps/vue-router.js?v=b9068561' }, request: undefined } +27ms
  cypress:network:cors Parsed URL { port: '3000', protocol: 'http:', subdomain: null, domain: '', tld: 'localhost' } +12ms
  cypress:server:remote-states getting remote state: { auth: null, origin: 'http://localhost:3000', strategy: 'http', fileServer: null, domainName: 'localhost', props: { port: '3000', protocol: 'http:', subdomain: null, domain: '', tld: 'localhost' } } for: http://localhost:3000 +13ms
  cypress:network:cors Parsed URL { port: '3000', protocol: 'http:', subdomain: null, domain: '', tld: 'localhost' } +1ms
  cypress:network:cors Parsed URL { port: '3000', protocol: 'http:', subdomain: null, domain: '', tld: 'localhost' } +0ms
  cypress:server:remote-states getting primary remote state: { auth: null, origin: 'http://localhost:3000', strategy: 'http', fileServer: null, domainName: 'localhost', props: { port: '3000', protocol: 'http:', subdomain: null, domain: '', tld: 'localhost' } } +0ms
  cypress:network:cors Parsed URL { port: '3000', protocol: 'http:', subdomain: null, domain: '', tld: 'localhost' } +0ms
  cypress:network:cors Parsed URL { port: '3000', protocol: 'http:', subdomain: null, domain: '', tld: 'localhost' } +0ms
  cypress:network:cors Parsed URL { port: '3000', protocol: 'http:', subdomain: null, domain: '', tld: 'localhost' } +1ms
  cypress:server:remote-states getting remote state: { auth: null, origin: 'http://localhost:3000', strategy: 'http', fileServer: null, domainName: 'localhost', props: { port: '3000', protocol: 'http:', subdomain: null, domain: '', tld: 'localhost' } } for: http://localhost:3000 +1ms
  cypress:net-stubbing:server:intercept-response InterceptResponse { req: { url: '/_nuxt/node_modules/cookie-es/dist/index.mjs?v=b9068561' }, request: undefined } +3ms
  cypress:network:cors Parsed URL { port: '3000', protocol: 'http:', subdomain: null, domain: '', tld: 'localhost' } +2ms
  cypress:server:remote-states getting remote state: { auth: null, origin: 'http://localhost:3000', strategy: 'http', fileServer: null, domainName: 'localhost', props: { port: '3000', protocol: 'http:', subdomain: null, domain: '', tld: 'localhost' } } for: http://localhost:3000 +2ms
  cypress:network:cors Parsed URL { port: '3000', protocol: 'http:', subdomain: null, domain: '', tld: 'localhost' } +0ms
  cypress:network:cors Parsed URL { port: '3000', protocol: 'http:', subdomain: null, domain: '', tld: 'localhost' } +0ms
  cypress:server:remote-states getting primary remote state: { auth: null, origin: 'http://localhost:3000', strategy: 'http', fileServer: null, domainName: 'localhost', props: { port: '3000', protocol: 'http:', subdomain: null, domain: '', tld: 'localhost' } } +0ms
  cypress:network:cors Parsed URL { port: '3000', protocol: 'http:', subdomain: null, domain: '', tld: 'localhost' } +0ms
  cypress:network:cors Parsed URL { port: '3000', protocol: 'http:', subdomain: null, domain: '', tld: 'localhost' } +0ms
  cypress:network:cors Parsed URL { port: '3000', protocol: 'http:', subdomain: null, domain: '', tld: 'localhost' } +1ms
  cypress:server:remote-states getting remote state: { auth: null, origin: 'http://localhost:3000', strategy: 'http', fileServer: null, domainName: 'localhost', props: { port: '3000', protocol: 'http:', subdomain: null, domain: '', tld: 'localhost' } } for: http://localhost:3000 +1ms
  cypress:network:cors Parsed URL { port: '3000', protocol: 'http:', subdomain: null, domain: '', tld: 'localhost' } +3ms
  cypress:network:cors Parsed URL { port: '3000', protocol: 'http:', subdomain: null, domain: '', tld: 'localhost' } +0ms
  cypress:network:cors Parsed URL { port: '3000', protocol: 'http:', subdomain: null, domain: '', tld: 'localhost' } +1ms
  cypress:server:remote-states getting remote state: { auth: null, origin: 'http://localhost:3000', strategy: 'http', fileServer: null, domainName: 'localhost', props: { port: '3000', protocol: 'http:', subdomain: null, domain: '', tld: 'localhost' } } for: http://localhost:3000/_nuxt/node_modules/defu/dist/defu.mjs?v=b9068561 +4ms
  cypress:network:cors Parsed URL { port: '3000', protocol: 'http:', subdomain: null, domain: '', tld: 'localhost' } +0ms
  cypress:server:remote-states getting remote state: { auth: null, origin: 'http://localhost:3000', strategy: 'http', fileServer: null, domainName: 'localhost', props: { port: '3000', protocol: 'http:', subdomain: null, domain: '', tld: 'localhost' } } for: http://localhost:3000 +0ms
  cypress:server:stream_buffer stream buffer writeable final called +21ms
  cypress:network:agent addRequest called { isHttps: false, href: 'http://localhost:3000/_nuxt/node_modules/defu/dist/defu.mjs?v=b9068561' } +21ms
  cypress:network:agent got family { family: 6, href: 'http://localhost:3000/_nuxt/node_modules/defu/dist/defu.mjs?v=b9068561' } +0ms
  cypress:network:cors Parsed URL { port: '3000', protocol: 'http:', subdomain: null, domain: '', tld: 'localhost' } +21ms
  cypress:network:cors Parsed URL { port: '3000', protocol: 'http:', subdomain: null, domain: '', tld: 'localhost' } +0ms
  cypress:network:cors Parsed URL { port: '3000', protocol: 'http:', subdomain: null, domain: '', tld: 'localhost' } +1ms
  cypress:server:remote-states getting remote state: { auth: null, origin: 'http://localhost:3000', strategy: 'http', fileServer: null, domainName: 'localhost', props: { port: '3000', protocol: 'http:', subdomain: null, domain: '', tld: 'localhost' } } for: http://localhost:3000/_nuxt/node_modules/uncrypto/dist/crypto.web.mjs?v=b9068561 +22ms
  cypress:network:cors Parsed URL { port: '3000', protocol: 'http:', subdomain: null, domain: '', tld: 'localhost' } +0ms
  cypress:server:remote-states getting remote state: { auth: null, origin: 'http://localhost:3000', strategy: 'http', fileServer: null, domainName: 'localhost', props: { port: '3000', protocol: 'http:', subdomain: null, domain: '', tld: 'localhost' } } for: http://localhost:3000 +0ms
  cypress:server:stream_buffer stream buffer writeable final called +23ms
  cypress:network:agent addRequest called { isHttps: false, href: 'http://localhost:3000/_nuxt/node_modules/uncrypto/dist/crypto.web.mjs?v=b9068561' } +23ms
  cypress:network:agent got family { family: 6, href: 'http://localhost:3000/_nuxt/node_modules/uncrypto/dist/crypto.web.mjs?v=b9068561' } +0ms
  cypress:server:request received status code & headers on request { requestId: 'request82', statusCode: 200, headers: { 'content-type': 'application/javascript' } } +38ms
  cypress:server:request successful response received { requestId: 'request82' } +0ms
  cypress:net-stubbing:server:intercept-response InterceptResponse { req: { url: '/_nuxt/node_modules/radix3/dist/index.mjs?v=b9068561' }, request: undefined } +35ms
  cypress:network:cors Parsed URL { port: '3000', protocol: 'http:', subdomain: null, domain: '', tld: 'localhost' } +7ms
  cypress:server:remote-states getting remote state: { auth: null, origin: 'http://localhost:3000', strategy: 'http', fileServer: null, domainName: 'localhost', props: { port: '3000', protocol: 'http:', subdomain: null, domain: '', tld: 'localhost' } } for: http://localhost:3000 +7ms
  cypress:network:cors Parsed URL { port: '3000', protocol: 'http:', subdomain: null, domain: '', tld: 'localhost' } +0ms
  cypress:network:cors Parsed URL { port: '3000', protocol: 'http:', subdomain: null, domain: '', tld: 'localhost' } +0ms
  cypress:server:remote-states getting primary remote state: { auth: null, origin: 'http://localhost:3000', strategy: 'http', fileServer: null, domainName: 'localhost', props: { port: '3000', protocol: 'http:', subdomain: null, domain: '', tld: 'localhost' } } +0ms
  cypress:network:cors Parsed URL { port: '3000', protocol: 'http:', subdomain: null, domain: '', tld: 'localhost' } +0ms
  cypress:network:cors Parsed URL { port: '3000', protocol: 'http:', subdomain: null, domain: '', tld: 'localhost' } +0ms
  cypress:network:cors Parsed URL { port: '3000', protocol: 'http:', subdomain: null, domain: '', tld: 'localhost' } +1ms
  cypress:server:remote-states getting remote state: { auth: null, origin: 'http://localhost:3000', strategy: 'http', fileServer: null, domainName: 'localhost', props: { port: '3000', protocol: 'http:', subdomain: null, domain: '', tld: 'localhost' } } for: http://localhost:3000 +1ms
  cypress:server:request received status code & headers on request { requestId: 'request83', statusCode: 200, headers: { 'content-type': 'application/javascript' } } +6ms
  cypress:server:request successful response received { requestId: 'request83' } +0ms
  cypress:net-stubbing:server:intercept-response InterceptResponse { req: { url: '/_nuxt/node_modules/defu/dist/defu.mjs?v=b9068561' }, request: undefined } +8ms
  cypress:network:cors Parsed URL { port: '3000', protocol: 'http:', subdomain: null, domain: '', tld: 'localhost' } +8ms
  cypress:server:remote-states getting remote state: { auth: null, origin: 'http://localhost:3000', strategy: 'http', fileServer: null, domainName: 'localhost', props: { port: '3000', protocol: 'http:', subdomain: null, domain: '', tld: 'localhost' } } for: http://localhost:3000 +8ms
  cypress:network:cors Parsed URL { port: '3000', protocol: 'http:', subdomain: null, domain: '', tld: 'localhost' } +0ms
  cypress:network:cors Parsed URL { port: '3000', protocol: 'http:', subdomain: null, domain: '', tld: 'localhost' } +0ms
  cypress:server:remote-states getting primary remote state: { auth: null, origin: 'http://localhost:3000', strategy: 'http', fileServer: null, domainName: 'localhost', props: { port: '3000', protocol: 'http:', subdomain: null, domain: '', tld: 'localhost' } } +0ms
  cypress:network:cors Parsed URL { port: '3000', protocol: 'http:', subdomain: null, domain: '', tld: 'localhost' } +1ms
  cypress:network:cors Parsed URL { port: '3000', protocol: 'http:', subdomain: null, domain: '', tld: 'localhost' } +0ms
  cypress:network:cors Parsed URL { port: '3000', protocol: 'http:', subdomain: null, domain: '', tld: 'localhost' } +1ms
  cypress:server:remote-states getting remote state: { auth: null, origin: 'http://localhost:3000', strategy: 'http', fileServer: null, domainName: 'localhost', props: { port: '3000', protocol: 'http:', subdomain: null, domain: '', tld: 'localhost' } } for: http://localhost:3000 +2ms
  cypress:network:cors Parsed URL { port: '3000', protocol: 'http:', subdomain: null, domain: '', tld: 'localhost' } +3ms
  cypress:network:cors Parsed URL { port: '3000', protocol: 'http:', subdomain: null, domain: '', tld: 'localhost' } +1ms
  cypress:network:cors Parsed URL { port: '3000', protocol: 'http:', subdomain: null, domain: '', tld: 'localhost' } +1ms
  cypress:server:remote-states getting remote state: { auth: null, origin: 'http://localhost:3000', strategy: 'http', fileServer: null, domainName: 'localhost', props: { port: '3000', protocol: 'http:', subdomain: null, domain: '', tld: 'localhost' } } for: http://localhost:3000/_nuxt/node_modules/iron-webcrypto/dist/index.js?v=b9068561 +5ms
  cypress:network:cors Parsed URL { port: '3000', protocol: 'http:', subdomain: null, domain: '', tld: 'localhost' } +0ms
  cypress:server:remote-states getting remote state: { auth: null, origin: 'http://localhost:3000', strategy: 'http', fileServer: null, domainName: 'localhost', props: { port: '3000', protocol: 'http:', subdomain: null, domain: '', tld: 'localhost' } } for: http://localhost:3000 +0ms
  cypress:server:stream_buffer stream buffer writeable final called +23ms
  cypress:network:agent addRequest called { isHttps: false, href: 'http://localhost:3000/_nuxt/node_modules/iron-webcrypto/dist/index.js?v=b9068561' } +23ms
  cypress:network:agent got family { family: 6, href: 'http://localhost:3000/_nuxt/node_modules/iron-webcrypto/dist/index.js?v=b9068561' } +0ms
  cypress:server:request received status code & headers on request { requestId: 'request84', statusCode: 200, headers: { 'content-type': 'application/javascript' } } +17ms
  cypress:server:request successful response received { requestId: 'request84' } +0ms
  cypress:net-stubbing:server:intercept-response InterceptResponse { req: { url: '/_nuxt/node_modules/uncrypto/dist/crypto.web.mjs?v=b9068561' }, request: undefined } +13ms
  cypress:network:cors Parsed URL { port: '3000', protocol: 'http:', subdomain: null, domain: '', tld: 'localhost' } +6ms
  cypress:server:remote-states getting remote state: { auth: null, origin: 'http://localhost:3000', strategy: 'http', fileServer: null, domainName: 'localhost', props: { port: '3000', protocol: 'http:', subdomain: null, domain: '', tld: 'localhost' } } for: http://localhost:3000 +6ms
  cypress:network:cors Parsed URL { port: '3000', protocol: 'http:', subdomain: null, domain: '', tld: 'localhost' } +0ms
  cypress:network:cors Parsed URL { port: '3000', protocol: 'http:', subdomain: null, domain: '', tld: 'localhost' } +0ms
  cypress:server:remote-states getting primary remote state: { auth: null, origin: 'http://localhost:3000', strategy: 'http', fileServer: null, domainName: 'localhost', props: { port: '3000', protocol: 'http:', subdomain: null, domain: '', tld: 'localhost' } } +0ms
  cypress:network:cors Parsed URL { port: '3000', protocol: 'http:', subdomain: null, domain: '', tld: 'localhost' } +1ms
  cypress:network:cors Parsed URL { port: '3000', protocol: 'http:', subdomain: null, domain: '', tld: 'localhost' } +0ms
  cypress:network:cors Parsed URL { port: '3000', protocol: 'http:', subdomain: null, domain: '', tld: 'localhost' } +0ms
  cypress:server:remote-states getting remote state: { auth: null, origin: 'http://localhost:3000', strategy: 'http', fileServer: null, domainName: 'localhost', props: { port: '3000', protocol: 'http:', subdomain: null, domain: '', tld: 'localhost' } } for: http://localhost:3000 +1ms
  cypress:network:cors Parsed URL { port: '3000', protocol: 'http:', subdomain: null, domain: '', tld: 'localhost' } +10ms
  cypress:network:cors Parsed URL { port: '3000', protocol: 'http:', subdomain: null, domain: '', tld: 'localhost' } +0ms
  cypress:network:cors Parsed URL { port: '3000', protocol: 'http:', subdomain: null, domain: '', tld: 'localhost' } +1ms
  cypress:server:remote-states getting remote state: { auth: null, origin: 'http://localhost:3000', strategy: 'http', fileServer: null, domainName: 'localhost', props: { port: '3000', protocol: 'http:', subdomain: null, domain: '', tld: 'localhost' } } for: http://localhost:3000/_nuxt/node_modules/unenv/runtime/node/http/_request.mjs?v=b9068561 +11ms
  cypress:network:cors Parsed URL { port: '3000', protocol: 'http:', subdomain: null, domain: '', tld: 'localhost' } +0ms
  cypress:server:remote-states getting remote state: { auth: null, origin: 'http://localhost:3000', strategy: 'http', fileServer: null, domainName: 'localhost', props: { port: '3000', protocol: 'http:', subdomain: null, domain: '', tld: 'localhost' } } for: http://localhost:3000 +0ms
  cypress:server:stream_buffer stream buffer writeable final called +18ms
  cypress:network:agent addRequest called { isHttps: false, href: 'http://localhost:3000/_nuxt/node_modules/unenv/runtime/node/http/_request.mjs?v=b9068561' } +19ms
  cypress:network:agent got family { family: 6, href: 'http://localhost:3000/_nuxt/node_modules/unenv/runtime/node/http/_request.mjs?v=b9068561' } +0ms
  cypress:server:request received status code & headers on request { requestId: 'request85', statusCode: 200, headers: { 'content-type': 'application/javascript' } } +20ms
  cypress:server:request successful response received { requestId: 'request85' } +0ms
  cypress:net-stubbing:server:intercept-response InterceptResponse { req: { url: '/_nuxt/node_modules/iron-webcrypto/dist/index.js?v=b9068561' }, request: undefined } +21ms
  cypress:network:cors Parsed URL { port: '3000', protocol: 'http:', subdomain: null, domain: '', tld: 'localhost' } +9ms
  cypress:server:remote-states getting remote state: { auth: null, origin: 'http://localhost:3000', strategy: 'http', fileServer: null, domainName: 'localhost', props: { port: '3000', protocol: 'http:', subdomain: null, domain: '', tld: 'localhost' } } for: http://localhost:3000 +9ms
  cypress:network:cors Parsed URL { port: '3000', protocol: 'http:', subdomain: null, domain: '', tld: 'localhost' } +0ms
  cypress:network:cors Parsed URL { port: '3000', protocol: 'http:', subdomain: null, domain: '', tld: 'localhost' } +0ms
  cypress:server:remote-states getting primary remote state: { auth: null, origin: 'http://localhost:3000', strategy: 'http', fileServer: null, domainName: 'localhost', props: { port: '3000', protocol: 'http:', subdomain: null, domain: '', tld: 'localhost' } } +1ms
  cypress:network:cors Parsed URL { port: '3000', protocol: 'http:', subdomain: null, domain: '', tld: 'localhost' } +1ms
  cypress:network:cors Parsed URL { port: '3000', protocol: 'http:', subdomain: null, domain: '', tld: 'localhost' } +0ms
  cypress:network:cors Parsed URL { port: '3000', protocol: 'http:', subdomain: null, domain: '', tld: 'localhost' } +0ms
  cypress:server:remote-states getting remote state: { auth: null, origin: 'http://localhost:3000', strategy: 'http', fileServer: null, domainName: 'localhost', props: { port: '3000', protocol: 'http:', subdomain: null, domain: '', tld: 'localhost' } } for: http://localhost:3000 +0ms
  cypress:network:cors Parsed URL { port: '3000', protocol: 'http:', subdomain: null, domain: '', tld: 'localhost' } +8ms
  cypress:network:cors Parsed URL { port: '3000', protocol: 'http:', subdomain: null, domain: '', tld: 'localhost' } +1ms
  cypress:network:cors Parsed URL { port: '3000', protocol: 'http:', subdomain: null, domain: '', tld: 'localhost' } +0ms
  cypress:server:remote-states getting remote state: { auth: null, origin: 'http://localhost:3000', strategy: 'http', fileServer: null, domainName: 'localhost', props: { port: '3000', protocol: 'http:', subdomain: null, domain: '', tld: 'localhost' } } for: http://localhost:3000/_nuxt/node_modules/unenv/runtime/node/http/_response.mjs?v=b9068561 +9ms
  cypress:network:cors Parsed URL { port: '3000', protocol: 'http:', subdomain: null, domain: '', tld: 'localhost' } +0ms
  cypress:server:remote-states getting remote state: { auth: null, origin: 'http://localhost:3000', strategy: 'http', fileServer: null, domainName: 'localhost', props: { port: '3000', protocol: 'http:', subdomain: null, domain: '', tld: 'localhost' } } for: http://localhost:3000 +0ms
  cypress:server:stream_buffer stream buffer writeable final called +18ms
  cypress:network:agent addRequest called { isHttps: false, href: 'http://localhost:3000/_nuxt/node_modules/unenv/runtime/node/http/_response.mjs?v=b9068561' } +17ms
  cypress:network:agent got family { family: 6, href: 'http://localhost:3000/_nuxt/node_modules/unenv/runtime/node/http/_response.mjs?v=b9068561' } +0ms
  cypress:server:request received status code & headers on request { requestId: 'request86', statusCode: 200, headers: { 'content-type': 'application/javascript' } } +16ms
  cypress:server:request successful response received { requestId: 'request86' } +0ms
  cypress:net-stubbing:server:intercept-response InterceptResponse { req: { url: '/_nuxt/node_modules/unenv/runtime/node/http/_request.mjs?v=b9068561' }, request: undefined } +16ms
  cypress:network:cors Parsed URL { port: '3000', protocol: 'http:', subdomain: null, domain: '', tld: 'localhost' } +6ms
  cypress:server:remote-states getting remote state: { auth: null, origin: 'http://localhost:3000', strategy: 'http', fileServer: null, domainName: 'localhost', props: { port: '3000', protocol: 'http:', subdomain: null, domain: '', tld: 'localhost' } } for: http://localhost:3000 +6ms
  cypress:network:cors Parsed URL { port: '3000', protocol: 'http:', subdomain: null, domain: '', tld: 'localhost' } +0ms
  cypress:network:cors Parsed URL { port: '3000', protocol: 'http:', subdomain: null, domain: '', tld: 'localhost' } +0ms
  cypress:server:remote-states getting primary remote state: { auth: null, origin: 'http://localhost:3000', strategy: 'http', fileServer: null, domainName: 'localhost', props: { port: '3000', protocol: 'http:', subdomain: null, domain: '', tld: 'localhost' } } +0ms
  cypress:network:cors Parsed URL { port: '3000', protocol: 'http:', subdomain: null, domain: '', tld: 'localhost' } +0ms
  cypress:network:cors Parsed URL { port: '3000', protocol: 'http:', subdomain: null, domain: '', tld: 'localhost' } +0ms
  cypress:network:cors Parsed URL { port: '3000', protocol: 'http:', subdomain: null, domain: '', tld: 'localhost' } +0ms
  cypress:server:remote-states getting remote state: { auth: null, origin: 'http://localhost:3000', strategy: 'http', fileServer: null, domainName: 'localhost', props: { port: '3000', protocol: 'http:', subdomain: null, domain: '', tld: 'localhost' } } for: http://localhost:3000 +0ms
  cypress:server:request received status code & headers on request { requestId: 'request87', statusCode: 200, headers: { 'content-type': 'application/javascript' } } +15ms
  cypress:server:request successful response received { requestId: 'request87' } +0ms
  cypress:net-stubbing:server:intercept-response InterceptResponse { req: { url: '/_nuxt/node_modules/unenv/runtime/node/http/_response.mjs?v=b9068561' }, request: undefined } +16ms
  cypress:network:cors Parsed URL { port: '3000', protocol: 'http:', subdomain: null, domain: '', tld: 'localhost' } +15ms
  cypress:server:remote-states getting remote state: { auth: null, origin: 'http://localhost:3000', strategy: 'http', fileServer: null, domainName: 'localhost', props: { port: '3000', protocol: 'http:', subdomain: null, domain: '', tld: 'localhost' } } for: http://localhost:3000 +15ms
  cypress:network:cors Parsed URL { port: '3000', protocol: 'http:', subdomain: null, domain: '', tld: 'localhost' } +1ms
  cypress:network:cors Parsed URL { port: '3000', protocol: 'http:', subdomain: null, domain: '', tld: 'localhost' } +0ms
  cypress:server:remote-states getting primary remote state: { auth: null, origin: 'http://localhost:3000', strategy: 'http', fileServer: null, domainName: 'localhost', props: { port: '3000', protocol: 'http:', subdomain: null, domain: '', tld: 'localhost' } } +1ms
  cypress:network:cors Parsed URL { port: '3000', protocol: 'http:', subdomain: null, domain: '', tld: 'localhost' } +0ms
  cypress:network:cors Parsed URL { port: '3000', protocol: 'http:', subdomain: null, domain: '', tld: 'localhost' } +0ms
  cypress:network:cors Parsed URL { port: '3000', protocol: 'http:', subdomain: null, domain: '', tld: 'localhost' } +0ms
  cypress:server:remote-states getting remote state: { auth: null, origin: 'http://localhost:3000', strategy: 'http', fileServer: null, domainName: 'localhost', props: { port: '3000', protocol: 'http:', subdomain: null, domain: '', tld: 'localhost' } } for: http://localhost:3000 +0ms
  cypress:network:cors Parsed URL { port: '3000', protocol: 'http:', subdomain: null, domain: '', tld: 'localhost' } +8ms
  cypress:network:cors Parsed URL { port: '3000', protocol: 'http:', subdomain: null, domain: '', tld: 'localhost' } +0ms
  cypress:network:cors Parsed URL { port: '3000', protocol: 'http:', subdomain: null, domain: '', tld: 'localhost' } +1ms
  cypress:server:remote-states getting remote state: { auth: null, origin: 'http://localhost:3000', strategy: 'http', fileServer: null, domainName: 'localhost', props: { port: '3000', protocol: 'http:', subdomain: null, domain: '', tld: 'localhost' } } for: http://localhost:3000/_nuxt/pages/index.vue?macro=true +9ms
  cypress:network:cors Parsed URL { port: '3000', protocol: 'http:', subdomain: null, domain: '', tld: 'localhost' } +0ms
  cypress:server:remote-states getting remote state: { auth: null, origin: 'http://localhost:3000', strategy: 'http', fileServer: null, domainName: 'localhost', props: { port: '3000', protocol: 'http:', subdomain: null, domain: '', tld: 'localhost' } } for: http://localhost:3000 +0ms
  cypress:server:stream_buffer stream buffer writeable final called +31ms
  cypress:network:agent addRequest called { isHttps: false, href: 'http://localhost:3000/_nuxt/pages/index.vue?macro=true' } +32ms
  cypress:network:agent got family { family: 6, href: 'http://localhost:3000/_nuxt/pages/index.vue?macro=true' } +0ms
  cypress:network:cors Parsed URL { port: '3000', protocol: 'http:', subdomain: null, domain: '', tld: 'localhost' } +4ms
  cypress:network:cors Parsed URL { port: '3000', protocol: 'http:', subdomain: null, domain: '', tld: 'localhost' } +0ms
  cypress:network:cors Parsed URL { port: '3000', protocol: 'http:', subdomain: null, domain: '', tld: 'localhost' } +1ms
  cypress:server:remote-states getting remote state: { auth: null, origin: 'http://localhost:3000', strategy: 'http', fileServer: null, domainName: 'localhost', props: { port: '3000', protocol: 'http:', subdomain: null, domain: '', tld: 'localhost' } } for: http://localhost:3000/_nuxt/pages/signup.vue?macro=true +5ms
  cypress:network:cors Parsed URL { port: '3000', protocol: 'http:', subdomain: null, domain: '', tld: 'localhost' } +0ms
  cypress:server:remote-states getting remote state: { auth: null, origin: 'http://localhost:3000', strategy: 'http', fileServer: null, domainName: 'localhost', props: { port: '3000', protocol: 'http:', subdomain: null, domain: '', tld: 'localhost' } } for: http://localhost:3000 +0ms
  cypress:server:stream_buffer stream buffer writeable final called +4ms
  cypress:network:agent addRequest called { isHttps: false, href: 'http://localhost:3000/_nuxt/pages/signup.vue?macro=true' } +4ms
  cypress:network:agent got family { family: 6, href: 'http://localhost:3000/_nuxt/pages/signup.vue?macro=true' } +0ms
  cypress:server:request received status code & headers on request { requestId: 'request88', statusCode: 200, headers: { 'content-type': 'application/javascript' } } +34ms
  cypress:server:request successful response received { requestId: 'request88' } +1ms
  cypress:net-stubbing:server:intercept-response InterceptResponse { req: { url: '/_nuxt/pages/index.vue?macro=true' }, request: undefined } +34ms
  cypress:network:cors Parsed URL { port: '3000', protocol: 'http:', subdomain: null, domain: '', tld: 'localhost' } +19ms
  cypress:server:remote-states getting remote state: { auth: null, origin: 'http://localhost:3000', strategy: 'http', fileServer: null, domainName: 'localhost', props: { port: '3000', protocol: 'http:', subdomain: null, domain: '', tld: 'localhost' } } for: http://localhost:3000 +19ms
  cypress:network:cors Parsed URL { port: '3000', protocol: 'http:', subdomain: null, domain: '', tld: 'localhost' } +0ms
  cypress:network:cors Parsed URL { port: '3000', protocol: 'http:', subdomain: null, domain: '', tld: 'localhost' } +0ms
  cypress:server:remote-states getting primary remote state: { auth: null, origin: 'http://localhost:3000', strategy: 'http', fileServer: null, domainName: 'localhost', props: { port: '3000', protocol: 'http:', subdomain: null, domain: '', tld: 'localhost' } } +0ms
  cypress:network:cors Parsed URL { port: '3000', protocol: 'http:', subdomain: null, domain: '', tld: 'localhost' } +0ms
  cypress:network:cors Parsed URL { port: '3000', protocol: 'http:', subdomain: null, domain: '', tld: 'localhost' } +0ms
  cypress:network:cors Parsed URL { port: '3000', protocol: 'http:', subdomain: null, domain: '', tld: 'localhost' } +1ms
  cypress:server:remote-states getting remote state: { auth: null, origin: 'http://localhost:3000', strategy: 'http', fileServer: null, domainName: 'localhost', props: { port: '3000', protocol: 'http:', subdomain: null, domain: '', tld: 'localhost' } } for: http://localhost:3000 +1ms
  cypress:server:request received status code & headers on request { requestId: 'request89', statusCode: 200, headers: { 'content-type': 'application/javascript' } } +12ms
  cypress:server:request successful response received { requestId: 'request89' } +0ms
  cypress:net-stubbing:server:intercept-response InterceptResponse { req: { url: '/_nuxt/pages/signup.vue?macro=true' }, request: undefined } +13ms
  cypress:network:cors Parsed URL { port: '3000', protocol: 'http:', subdomain: null, domain: '', tld: 'localhost' } +12ms
  cypress:server:remote-states getting remote state: { auth: null, origin: 'http://localhost:3000', strategy: 'http', fileServer: null, domainName: 'localhost', props: { port: '3000', protocol: 'http:', subdomain: null, domain: '', tld: 'localhost' } } for: http://localhost:3000 +13ms
  cypress:network:cors Parsed URL { port: '3000', protocol: 'http:', subdomain: null, domain: '', tld: 'localhost' } +1ms
  cypress:network:cors Parsed URL { port: '3000', protocol: 'http:', subdomain: null, domain: '', tld: 'localhost' } +0ms
  cypress:server:remote-states getting primary remote state: { auth: null, origin: 'http://localhost:3000', strategy: 'http', fileServer: null, domainName: 'localhost', props: { port: '3000', protocol: 'http:', subdomain: null, domain: '', tld: 'localhost' } } +0ms
  cypress:network:cors Parsed URL { port: '3000', protocol: 'http:', subdomain: null, domain: '', tld: 'localhost' } +0ms
  cypress:network:cors Parsed URL { port: '3000', protocol: 'http:', subdomain: null, domain: '', tld: 'localhost' } +0ms
  cypress:network:cors Parsed URL { port: '3000', protocol: 'http:', subdomain: null, domain: '', tld: 'localhost' } +1ms
  cypress:server:remote-states getting remote state: { auth: null, origin: 'http://localhost:3000', strategy: 'http', fileServer: null, domainName: 'localhost', props: { port: '3000', protocol: 'http:', subdomain: null, domain: '', tld: 'localhost' } } for: http://localhost:3000 +1ms
  cypress:network:cors Parsed URL { port: '3000', protocol: 'http:', subdomain: null, domain: '', tld: 'localhost' } +6ms
  cypress:network:cors Parsed URL { port: '3000', protocol: 'http:', subdomain: null, domain: '', tld: 'localhost' } +1ms
  cypress:network:cors Parsed URL { port: '3000', protocol: 'http:', subdomain: null, domain: '', tld: 'localhost' } +0ms
  cypress:server:remote-states getting remote state: { auth: null, origin: 'http://localhost:3000', strategy: 'http', fileServer: null, domainName: 'localhost', props: { port: '3000', protocol: 'http:', subdomain: null, domain: '', tld: 'localhost' } } for: http://localhost:3000/_nuxt/node_modules/nuxt/dist/pages/runtime/router.options.js?v=b9068561 +7ms
  cypress:network:cors Parsed URL { port: '3000', protocol: 'http:', subdomain: null, domain: '', tld: 'localhost' } +0ms
  cypress:server:remote-states getting remote state: { auth: null, origin: 'http://localhost:3000', strategy: 'http', fileServer: null, domainName: 'localhost', props: { port: '3000', protocol: 'http:', subdomain: null, domain: '', tld: 'localhost' } } for: http://localhost:3000 +0ms
  cypress:server:stream_buffer stream buffer writeable final called +42ms
  cypress:network:agent addRequest called { isHttps: false, href: 'http://localhost:3000/_nuxt/node_modules/nuxt/dist/pages/runtime/router.options.js?v=b9068561' } +41ms
  cypress:network:agent got family { family: 6, href: 'http://localhost:3000/_nuxt/node_modules/nuxt/dist/pages/runtime/router.options.js?v=b9068561' } +0ms
  cypress:network:cors Parsed URL { port: '3000', protocol: 'http:', subdomain: null, domain: '', tld: 'localhost' } +5ms
  cypress:network:cors Parsed URL { port: '3000', protocol: 'http:', subdomain: null, domain: '', tld: 'localhost' } +1ms
  cypress:network:cors Parsed URL { port: '3000', protocol: 'http:', subdomain: null, domain: '', tld: 'localhost' } +0ms
  cypress:server:remote-states getting remote state: { auth: null, origin: 'http://localhost:3000', strategy: 'http', fileServer: null, domainName: 'localhost', props: { port: '3000', protocol: 'http:', subdomain: null, domain: '', tld: 'localhost' } } for: http://localhost:3000/_nuxt/node_modules/nuxt/dist/pages/runtime/validate.js?v=b9068561 +6ms
  cypress:network:cors Parsed URL { port: '3000', protocol: 'http:', subdomain: null, domain: '', tld: 'localhost' } +0ms
  cypress:server:remote-states getting remote state: { auth: null, origin: 'http://localhost:3000', strategy: 'http', fileServer: null, domainName: 'localhost', props: { port: '3000', protocol: 'http:', subdomain: null, domain: '', tld: 'localhost' } } for: http://localhost:3000 +0ms
  cypress:server:stream_buffer stream buffer writeable final called +6ms
  cypress:network:agent addRequest called { isHttps: false, href: 'http://localhost:3000/_nuxt/node_modules/nuxt/dist/pages/runtime/validate.js?v=b9068561' } +6ms
  cypress:network:agent got family { family: 6, href: 'http://localhost:3000/_nuxt/node_modules/nuxt/dist/pages/runtime/validate.js?v=b9068561' } +0ms
  cypress:server:request received status code & headers on request { requestId: 'request90', statusCode: 200, headers: { 'content-type': 'application/javascript' } } +20ms
  cypress:server:request successful response received { requestId: 'request90' } +0ms
  cypress:net-stubbing:server:intercept-response InterceptResponse { req: { url: '/_nuxt/node_modules/nuxt/dist/pages/runtime/router.options.js?v=b9068561' }, request: undefined } +18ms
  cypress:network:cors Parsed URL { port: '3000', protocol: 'http:', subdomain: null, domain: '', tld: 'localhost' } +4ms
  cypress:server:remote-states getting remote state: { auth: null, origin: 'http://localhost:3000', strategy: 'http', fileServer: null, domainName: 'localhost', props: { port: '3000', protocol: 'http:', subdomain: null, domain: '', tld: 'localhost' } } for: http://localhost:3000 +4ms
  cypress:network:cors Parsed URL { port: '3000', protocol: 'http:', subdomain: null, domain: '', tld: 'localhost' } +1ms
  cypress:network:cors Parsed URL { port: '3000', protocol: 'http:', subdomain: null, domain: '', tld: 'localhost' } +0ms
  cypress:server:remote-states getting primary remote state: { auth: null, origin: 'http://localhost:3000', strategy: 'http', fileServer: null, domainName: 'localhost', props: { port: '3000', protocol: 'http:', subdomain: null, domain: '', tld: 'localhost' } } +1ms
  cypress:network:cors Parsed URL { port: '3000', protocol: 'http:', subdomain: null, domain: '', tld: 'localhost' } +0ms
  cypress:network:cors Parsed URL { port: '3000', protocol: 'http:', subdomain: null, domain: '', tld: 'localhost' } +0ms
  cypress:network:cors Parsed URL { port: '3000', protocol: 'http:', subdomain: null, domain: '', tld: 'localhost' } +1ms
  cypress:server:remote-states getting remote state: { auth: null, origin: 'http://localhost:3000', strategy: 'http', fileServer: null, domainName: 'localhost', props: { port: '3000', protocol: 'http:', subdomain: null, domain: '', tld: 'localhost' } } for: http://localhost:3000 +1ms
  cypress:server:request received status code & headers on request { requestId: 'request91', statusCode: 200, headers: { 'content-type': 'application/javascript' } } +12ms
  cypress:server:request successful response received { requestId: 'request91' } +0ms
  cypress:net-stubbing:server:intercept-response InterceptResponse { req: { url: '/_nuxt/node_modules/nuxt/dist/pages/runtime/validate.js?v=b9068561' }, request: undefined } +12ms
  cypress:network:cors Parsed URL { port: '3000', protocol: 'http:', subdomain: null, domain: '', tld: 'localhost' } +10ms
  cypress:server:remote-states getting remote state: { auth: null, origin: 'http://localhost:3000', strategy: 'http', fileServer: null, domainName: 'localhost', props: { port: '3000', protocol: 'http:', subdomain: null, domain: '', tld: 'localhost' } } for: http://localhost:3000 +10ms
  cypress:network:cors Parsed URL { port: '3000', protocol: 'http:', subdomain: null, domain: '', tld: 'localhost' } +0ms
  cypress:network:cors Parsed URL { port: '3000', protocol: 'http:', subdomain: null, domain: '', tld: 'localhost' } +0ms
  cypress:server:remote-states getting primary remote state: { auth: null, origin: 'http://localhost:3000', strategy: 'http', fileServer: null, domainName: 'localhost', props: { port: '3000', protocol: 'http:', subdomain: null, domain: '', tld: 'localhost' } } +0ms
  cypress:network:cors Parsed URL { port: '3000', protocol: 'http:', subdomain: null, domain: '', tld: 'localhost' } +0ms
  cypress:network:cors Parsed URL { port: '3000', protocol: 'http:', subdomain: null, domain: '', tld: 'localhost' } +0ms
  cypress:network:cors Parsed URL { port: '3000', protocol: 'http:', subdomain: null, domain: '', tld: 'localhost' } +0ms
  cypress:server:remote-states getting remote state: { auth: null, origin: 'http://localhost:3000', strategy: 'http', fileServer: null, domainName: 'localhost', props: { port: '3000', protocol: 'http:', subdomain: null, domain: '', tld: 'localhost' } } for: http://localhost:3000 +1ms
  cypress:network:cors Parsed URL { port: '3000', protocol: 'http:', subdomain: null, domain: '', tld: 'localhost' } +17ms
  cypress:network:cors Parsed URL { port: '3000', protocol: 'http:', subdomain: null, domain: '', tld: 'localhost' } +1ms
  cypress:network:cors Parsed URL { port: '3000', protocol: 'http:', subdomain: null, domain: '', tld: 'localhost' } +0ms
  cypress:server:remote-states getting remote state: { auth: null, origin: 'http://localhost:3000', strategy: 'http', fileServer: null, domainName: 'localhost', props: { port: '3000', protocol: 'http:', subdomain: null, domain: '', tld: 'localhost' } } for: http://localhost:3000/_nuxt/app.vue +17ms
  cypress:network:cors Parsed URL { port: '3000', protocol: 'http:', subdomain: null, domain: '', tld: 'localhost' } +0ms
  cypress:server:remote-states getting remote state: { auth: null, origin: 'http://localhost:3000', strategy: 'http', fileServer: null, domainName: 'localhost', props: { port: '3000', protocol: 'http:', subdomain: null, domain: '', tld: 'localhost' } } for: http://localhost:3000 +0ms
  cypress:server:stream_buffer stream buffer writeable final called +34ms
  cypress:network:agent addRequest called { isHttps: false, href: 'http://localhost:3000/_nuxt/app.vue' } +34ms
  cypress:network:agent got family { family: 6, href: 'http://localhost:3000/_nuxt/app.vue' } +0ms
  cypress:network:cors Parsed URL { port: '3000', protocol: 'http:', subdomain: null, domain: '', tld: 'localhost' } +6ms
  cypress:network:cors Parsed URL { port: '3000', protocol: 'http:', subdomain: null, domain: '', tld: 'localhost' } +1ms
  cypress:network:cors Parsed URL { port: '3000', protocol: 'http:', subdomain: null, domain: '', tld: 'localhost' } +0ms
  cypress:server:remote-states getting remote state: { auth: null, origin: 'http://localhost:3000', strategy: 'http', fileServer: null, domainName: 'localhost', props: { port: '3000', protocol: 'http:', subdomain: null, domain: '', tld: 'localhost' } } for: http://localhost:3000/_nuxt/node_modules/nuxt/dist/app/components/nuxt-error-page.vue +7ms
  cypress:network:cors Parsed URL { port: '3000', protocol: 'http:', subdomain: null, domain: '', tld: 'localhost' } +0ms
  cypress:server:remote-states getting remote state: { auth: null, origin: 'http://localhost:3000', strategy: 'http', fileServer: null, domainName: 'localhost', props: { port: '3000', protocol: 'http:', subdomain: null, domain: '', tld: 'localhost' } } for: http://localhost:3000 +0ms
  cypress:server:stream_buffer stream buffer writeable final called +7ms
  cypress:network:agent addRequest called { isHttps: false, href: 'http://localhost:3000/_nuxt/node_modules/nuxt/dist/app/components/nuxt-error-page.vue' } +8ms
  cypress:network:agent got family { family: 6, href: 'http://localhost:3000/_nuxt/node_modules/nuxt/dist/app/components/nuxt-error-page.vue' } +0ms
  cypress:server:request received status code & headers on request { requestId: 'request92', statusCode: 200, headers: { 'content-type': 'application/javascript' } } +29ms
  cypress:server:request successful response received { requestId: 'request92' } +0ms
  cypress:net-stubbing:server:intercept-response InterceptResponse { req: { url: '/_nuxt/app.vue' }, request: undefined } +29ms
  cypress:network:cors Parsed URL { port: '3000', protocol: 'http:', subdomain: null, domain: '', tld: 'localhost' } +4ms
  cypress:server:remote-states getting remote state: { auth: null, origin: 'http://localhost:3000', strategy: 'http', fileServer: null, domainName: 'localhost', props: { port: '3000', protocol: 'http:', subdomain: null, domain: '', tld: 'localhost' } } for: http://localhost:3000 +4ms
  cypress:network:cors Parsed URL { port: '3000', protocol: 'http:', subdomain: null, domain: '', tld: 'localhost' } +0ms
  cypress:network:cors Parsed URL { port: '3000', protocol: 'http:', subdomain: null, domain: '', tld: 'localhost' } +0ms
  cypress:server:remote-states getting primary remote state: { auth: null, origin: 'http://localhost:3000', strategy: 'http', fileServer: null, domainName: 'localhost', props: { port: '3000', protocol: 'http:', subdomain: null, domain: '', tld: 'localhost' } } +0ms
  cypress:network:cors Parsed URL { port: '3000', protocol: 'http:', subdomain: null, domain: '', tld: 'localhost' } +0ms
  cypress:network:cors Parsed URL { port: '3000', protocol: 'http:', subdomain: null, domain: '', tld: 'localhost' } +0ms
  cypress:network:cors Parsed URL { port: '3000', protocol: 'http:', subdomain: null, domain: '', tld: 'localhost' } +0ms
  cypress:server:remote-states getting remote state: { auth: null, origin: 'http://localhost:3000', strategy: 'http', fileServer: null, domainName: 'localhost', props: { port: '3000', protocol: 'http:', subdomain: null, domain: '', tld: 'localhost' } } for: http://localhost:3000 +0ms
  cypress:server:request received status code & headers on request { requestId: 'request93', statusCode: 200, headers: { 'content-type': 'application/javascript' } } +15ms
  cypress:server:request successful response received { requestId: 'request93' } +0ms
  cypress:net-stubbing:server:intercept-response InterceptResponse { req: { url: '/_nuxt/node_modules/nuxt/dist/app/components/nuxt-error-page.vue' }, request: undefined } +18ms
  cypress:network:cors Parsed URL { port: '3000', protocol: 'http:', subdomain: null, domain: '', tld: 'localhost' } +17ms
  cypress:server:remote-states getting remote state: { auth: null, origin: 'http://localhost:3000', strategy: 'http', fileServer: null, domainName: 'localhost', props: { port: '3000', protocol: 'http:', subdomain: null, domain: '', tld: 'localhost' } } for: http://localhost:3000 +18ms
  cypress:network:cors Parsed URL { port: '3000', protocol: 'http:', subdomain: null, domain: '', tld: 'localhost' } +1ms
  cypress:network:cors Parsed URL { port: '3000', protocol: 'http:', subdomain: null, domain: '', tld: 'localhost' } +0ms
  cypress:server:remote-states getting primary remote state: { auth: null, origin: 'http://localhost:3000', strategy: 'http', fileServer: null, domainName: 'localhost', props: { port: '3000', protocol: 'http:', subdomain: null, domain: '', tld: 'localhost' } } +0ms
  cypress:network:cors Parsed URL { port: '3000', protocol: 'http:', subdomain: null, domain: '', tld: 'localhost' } +0ms
  cypress:network:cors Parsed URL { port: '3000', protocol: 'http:', subdomain: null, domain: '', tld: 'localhost' } +0ms
  cypress:network:cors Parsed URL { port: '3000', protocol: 'http:', subdomain: null, domain: '', tld: 'localhost' } +1ms
  cypress:server:remote-states getting remote state: { auth: null, origin: 'http://localhost:3000', strategy: 'http', fileServer: null, domainName: 'localhost', props: { port: '3000', protocol: 'http:', subdomain: null, domain: '', tld: 'localhost' } } for: http://localhost:3000 +1ms
  cypress:network:cors Parsed URL { port: '3000', protocol: 'http:', subdomain: null, domain: '', tld: 'localhost' } +20ms
  cypress:network:cors Parsed URL { port: '3000', protocol: 'http:', subdomain: null, domain: '', tld: 'localhost' } +1ms
  cypress:network:cors Parsed URL { port: '3000', protocol: 'http:', subdomain: null, domain: '', tld: 'localhost' } +0ms
  cypress:server:remote-states getting remote state: { auth: null, origin: 'http://localhost:3000', strategy: 'http', fileServer: null, domainName: 'localhost', props: { port: '3000', protocol: 'http:', subdomain: null, domain: '', tld: 'localhost' } } for: http://localhost:3000/_nuxt/node_modules/ohash/dist/index.mjs?v=b9068561 +21ms
  cypress:network:cors Parsed URL { port: '3000', protocol: 'http:', subdomain: null, domain: '', tld: 'localhost' } +0ms
  cypress:server:remote-states getting remote state: { auth: null, origin: 'http://localhost:3000', strategy: 'http', fileServer: null, domainName: 'localhost', props: { port: '3000', protocol: 'http:', subdomain: null, domain: '', tld: 'localhost' } } for: http://localhost:3000 +0ms
  cypress:server:stream_buffer stream buffer writeable final called +44ms
  cypress:network:agent addRequest called { isHttps: false, href: 'http://localhost:3000/_nuxt/node_modules/ohash/dist/index.mjs?v=b9068561' } +43ms
  cypress:network:agent got family { family: 6, href: 'http://localhost:3000/_nuxt/node_modules/ohash/dist/index.mjs?v=b9068561' } +0ms
  cypress:server:request received status code & headers on request { requestId: 'request94', statusCode: 200, headers: { 'content-type': 'application/javascript' } } +39ms
  cypress:server:request successful response received { requestId: 'request94' } +0ms
  cypress:net-stubbing:server:intercept-response InterceptResponse { req: { url: '/_nuxt/node_modules/ohash/dist/index.mjs?v=b9068561' }, request: undefined } +37ms
  cypress:network:cors Parsed URL { port: '3000', protocol: 'http:', subdomain: null, domain: '', tld: 'localhost' } +14ms
  cypress:server:remote-states getting remote state: { auth: null, origin: 'http://localhost:3000', strategy: 'http', fileServer: null, domainName: 'localhost', props: { port: '3000', protocol: 'http:', subdomain: null, domain: '', tld: 'localhost' } } for: http://localhost:3000 +14ms
  cypress:network:cors Parsed URL { port: '3000', protocol: 'http:', subdomain: null, domain: '', tld: 'localhost' } +0ms
  cypress:network:cors Parsed URL { port: '3000', protocol: 'http:', subdomain: null, domain: '', tld: 'localhost' } +0ms
  cypress:server:remote-states getting primary remote state: { auth: null, origin: 'http://localhost:3000', strategy: 'http', fileServer: null, domainName: 'localhost', props: { port: '3000', protocol: 'http:', subdomain: null, domain: '', tld: 'localhost' } } +0ms
  cypress:network:cors Parsed URL { port: '3000', protocol: 'http:', subdomain: null, domain: '', tld: 'localhost' } +0ms
  cypress:network:cors Parsed URL { port: '3000', protocol: 'http:', subdomain: null, domain: '', tld: 'localhost' } +0ms
  cypress:network:cors Parsed URL { port: '3000', protocol: 'http:', subdomain: null, domain: '', tld: 'localhost' } +1ms
  cypress:server:remote-states getting remote state: { auth: null, origin: 'http://localhost:3000', strategy: 'http', fileServer: null, domainName: 'localhost', props: { port: '3000', protocol: 'http:', subdomain: null, domain: '', tld: 'localhost' } } for: http://localhost:3000 +1ms
  cypress:network:cors Parsed URL { port: '3000', protocol: 'http:', subdomain: null, domain: '', tld: 'localhost' } +21ms
  cypress:network:cors Parsed URL { port: '3000', protocol: 'http:', subdomain: null, domain: '', tld: 'localhost' } +0ms
  cypress:network:cors Parsed URL { port: '3000', protocol: 'http:', subdomain: null, domain: '', tld: 'localhost' } +0ms
  cypress:server:remote-states getting remote state: { auth: null, origin: 'http://localhost:3000', strategy: 'http', fileServer: null, domainName: 'localhost', props: { port: '3000', protocol: 'http:', subdomain: null, domain: '', tld: 'localhost' } } for: http://localhost:3000/_nuxt/node_modules/devalue/src/uneval.js?v=b9068561 +21ms
  cypress:network:cors Parsed URL { port: '3000', protocol: 'http:', subdomain: null, domain: '', tld: 'localhost' } +0ms
  cypress:server:remote-states getting remote state: { auth: null, origin: 'http://localhost:3000', strategy: 'http', fileServer: null, domainName: 'localhost', props: { port: '3000', protocol: 'http:', subdomain: null, domain: '', tld: 'localhost' } } for: http://localhost:3000 +0ms
  cypress:server:stream_buffer stream buffer writeable final called +36ms
  cypress:network:agent addRequest called { isHttps: false, href: 'http://localhost:3000/_nuxt/node_modules/devalue/src/uneval.js?v=b9068561' } +37ms
  cypress:network:agent got family { family: 6, href: 'http://localhost:3000/_nuxt/node_modules/devalue/src/uneval.js?v=b9068561' } +0ms
  cypress:network:cors Parsed URL { port: '3000', protocol: 'http:', subdomain: null, domain: '', tld: 'localhost' } +4ms
  cypress:network:cors Parsed URL { port: '3000', protocol: 'http:', subdomain: null, domain: '', tld: 'localhost' } +0ms
  cypress:network:cors Parsed URL { port: '3000', protocol: 'http:', subdomain: null, domain: '', tld: 'localhost' } +1ms
  cypress:server:remote-states getting remote state: { auth: null, origin: 'http://localhost:3000', strategy: 'http', fileServer: null, domainName: 'localhost', props: { port: '3000', protocol: 'http:', subdomain: null, domain: '', tld: 'localhost' } } for: http://localhost:3000/_nuxt/node_modules/devalue/src/parse.js?v=b9068561 +5ms
  cypress:network:cors Parsed URL { port: '3000', protocol: 'http:', subdomain: null, domain: '', tld: 'localhost' } +0ms
  cypress:server:remote-states getting remote state: { auth: null, origin: 'http://localhost:3000', strategy: 'http', fileServer: null, domainName: 'localhost', props: { port: '3000', protocol: 'http:', subdomain: null, domain: '', tld: 'localhost' } } for: http://localhost:3000 +0ms
  cypress:server:stream_buffer stream buffer writeable final called +9ms
  cypress:network:agent addRequest called { isHttps: false, href: 'http://localhost:3000/_nuxt/node_modules/devalue/src/parse.js?v=b9068561' } +9ms
  cypress:network:agent got family { family: 6, href: 'http://localhost:3000/_nuxt/node_modules/devalue/src/parse.js?v=b9068561' } +0ms
  cypress:server:request received status code & headers on request { requestId: 'request95', statusCode: 200, headers: { 'content-type': 'application/javascript' } } +34ms
  cypress:server:request successful response received { requestId: 'request95' } +1ms
  cypress:net-stubbing:server:intercept-response InterceptResponse { req: { url: '/_nuxt/node_modules/devalue/src/uneval.js?v=b9068561' }, request: undefined } +34ms
  cypress:network:cors Parsed URL { port: '3000', protocol: 'http:', subdomain: null, domain: '', tld: 'localhost' } +8ms
  cypress:server:remote-states getting remote state: { auth: null, origin: 'http://localhost:3000', strategy: 'http', fileServer: null, domainName: 'localhost', props: { port: '3000', protocol: 'http:', subdomain: null, domain: '', tld: 'localhost' } } for: http://localhost:3000 +8ms
  cypress:network:cors Parsed URL { port: '3000', protocol: 'http:', subdomain: null, domain: '', tld: 'localhost' } +0ms
  cypress:network:cors Parsed URL { port: '3000', protocol: 'http:', subdomain: null, domain: '', tld: 'localhost' } +0ms
  cypress:server:remote-states getting primary remote state: { auth: null, origin: 'http://localhost:3000', strategy: 'http', fileServer: null, domainName: 'localhost', props: { port: '3000', protocol: 'http:', subdomain: null, domain: '', tld: 'localhost' } } +0ms
  cypress:network:cors Parsed URL { port: '3000', protocol: 'http:', subdomain: null, domain: '', tld: 'localhost' } +0ms
  cypress:network:cors Parsed URL { port: '3000', protocol: 'http:', subdomain: null, domain: '', tld: 'localhost' } +0ms
  cypress:network:cors Parsed URL { port: '3000', protocol: 'http:', subdomain: null, domain: '', tld: 'localhost' } +0ms
  cypress:server:remote-states getting remote state: { auth: null, origin: 'http://localhost:3000', strategy: 'http', fileServer: null, domainName: 'localhost', props: { port: '3000', protocol: 'http:', subdomain: null, domain: '', tld: 'localhost' } } for: http://localhost:3000 +0ms
  cypress:network:cors Parsed URL { port: '3000', protocol: 'http:', subdomain: null, domain: '', tld: 'localhost' } +4ms
  cypress:network:cors Parsed URL { port: '3000', protocol: 'http:', subdomain: null, domain: '', tld: 'localhost' } +1ms
  cypress:network:cors Parsed URL { port: '3000', protocol: 'http:', subdomain: null, domain: '', tld: 'localhost' } +0ms
  cypress:server:remote-states getting remote state: { auth: null, origin: 'http://localhost:3000', strategy: 'http', fileServer: null, domainName: 'localhost', props: { port: '3000', protocol: 'http:', subdomain: null, domain: '', tld: 'localhost' } } for: http://localhost:3000/_nuxt/node_modules/devalue/src/stringify.js?v=b9068561 +5ms
  cypress:network:cors Parsed URL { port: '3000', protocol: 'http:', subdomain: null, domain: '', tld: 'localhost' } +0ms
  cypress:server:remote-states getting remote state: { auth: null, origin: 'http://localhost:3000', strategy: 'http', fileServer: null, domainName: 'localhost', props: { port: '3000', protocol: 'http:', subdomain: null, domain: '', tld: 'localhost' } } for: http://localhost:3000 +0ms
  cypress:server:stream_buffer stream buffer writeable final called +9ms
  cypress:network:agent addRequest called { isHttps: false, href: 'http://localhost:3000/_nuxt/node_modules/devalue/src/stringify.js?v=b9068561' } +8ms
  cypress:network:agent got family { family: 6, href: 'http://localhost:3000/_nuxt/node_modules/devalue/src/stringify.js?v=b9068561' } +0ms
  cypress:server:request received status code & headers on request { requestId: 'request96', statusCode: 200, headers: { 'content-type': 'application/javascript' } } +12ms
  cypress:server:request successful response received { requestId: 'request96' } +0ms
  cypress:net-stubbing:server:intercept-response InterceptResponse { req: { url: '/_nuxt/node_modules/devalue/src/parse.js?v=b9068561' }, request: undefined } +13ms
  cypress:network:cors Parsed URL { port: '3000', protocol: 'http:', subdomain: null, domain: '', tld: 'localhost' } +7ms
  cypress:server:remote-states getting remote state: { auth: null, origin: 'http://localhost:3000', strategy: 'http', fileServer: null, domainName: 'localhost', props: { port: '3000', protocol: 'http:', subdomain: null, domain: '', tld: 'localhost' } } for: http://localhost:3000 +7ms
  cypress:network:cors Parsed URL { port: '3000', protocol: 'http:', subdomain: null, domain: '', tld: 'localhost' } +0ms
  cypress:network:cors Parsed URL { port: '3000', protocol: 'http:', subdomain: null, domain: '', tld: 'localhost' } +0ms
  cypress:server:remote-states getting primary remote state: { auth: null, origin: 'http://localhost:3000', strategy: 'http', fileServer: null, domainName: 'localhost', props: { port: '3000', protocol: 'http:', subdomain: null, domain: '', tld: 'localhost' } } +0ms
  cypress:network:cors Parsed URL { port: '3000', protocol: 'http:', subdomain: null, domain: '', tld: 'localhost' } +1ms
  cypress:network:cors Parsed URL { port: '3000', protocol: 'http:', subdomain: null, domain: '', tld: 'localhost' } +0ms
  cypress:network:cors Parsed URL { port: '3000', protocol: 'http:', subdomain: null, domain: '', tld: 'localhost' } +0ms
  cypress:server:remote-states getting remote state: { auth: null, origin: 'http://localhost:3000', strategy: 'http', fileServer: null, domainName: 'localhost', props: { port: '3000', protocol: 'http:', subdomain: null, domain: '', tld: 'localhost' } } for: http://localhost:3000 +1ms
  cypress:server:request received status code & headers on request { requestId: 'request97', statusCode: 200, headers: { 'content-type': 'application/javascript' } } +7ms
  cypress:server:request successful response received { requestId: 'request97' } +0ms
  cypress:net-stubbing:server:intercept-response InterceptResponse { req: { url: '/_nuxt/node_modules/devalue/src/stringify.js?v=b9068561' }, request: undefined } +6ms
  cypress:network:cors Parsed URL { port: '3000', protocol: 'http:', subdomain: null, domain: '', tld: 'localhost' } +6ms
  cypress:server:remote-states getting remote state: { auth: null, origin: 'http://localhost:3000', strategy: 'http', fileServer: null, domainName: 'localhost', props: { port: '3000', protocol: 'http:', subdomain: null, domain: '', tld: 'localhost' } } for: http://localhost:3000 +6ms
  cypress:network:cors Parsed URL { port: '3000', protocol: 'http:', subdomain: null, domain: '', tld: 'localhost' } +0ms
  cypress:network:cors Parsed URL { port: '3000', protocol: 'http:', subdomain: null, domain: '', tld: 'localhost' } +0ms
  cypress:server:remote-states getting primary remote state: { auth: null, origin: 'http://localhost:3000', strategy: 'http', fileServer: null, domainName: 'localhost', props: { port: '3000', protocol: 'http:', subdomain: null, domain: '', tld: 'localhost' } } +0ms
  cypress:network:cors Parsed URL { port: '3000', protocol: 'http:', subdomain: null, domain: '', tld: 'localhost' } +0ms
  cypress:network:cors Parsed URL { port: '3000', protocol: 'http:', subdomain: null, domain: '', tld: 'localhost' } +0ms
  cypress:network:cors Parsed URL { port: '3000', protocol: 'http:', subdomain: null, domain: '', tld: 'localhost' } +0ms
  cypress:server:remote-states getting remote state: { auth: null, origin: 'http://localhost:3000', strategy: 'http', fileServer: null, domainName: 'localhost', props: { port: '3000', protocol: 'http:', subdomain: null, domain: '', tld: 'localhost' } } for: http://localhost:3000 +0ms
  cypress:network:cors Parsed URL { port: '3000', protocol: 'http:', subdomain: null, domain: '', tld: 'localhost' } +20ms
  cypress:network:cors Parsed URL { port: '3000', protocol: 'http:', subdomain: null, domain: '', tld: 'localhost' } +1ms
  cypress:network:cors Parsed URL { port: '3000', protocol: 'http:', subdomain: null, domain: '', tld: 'localhost' } +0ms
  cypress:server:remote-states getting remote state: { auth: null, origin: 'http://localhost:3000', strategy: 'http', fileServer: null, domainName: 'localhost', props: { port: '3000', protocol: 'http:', subdomain: null, domain: '', tld: 'localhost' } } for: http://localhost:3000/_nuxt/node_modules/unenv/runtime/node/net/socket.mjs?v=b9068561 +21ms
  cypress:network:cors Parsed URL { port: '3000', protocol: 'http:', subdomain: null, domain: '', tld: 'localhost' } +0ms
  cypress:server:remote-states getting remote state: { auth: null, origin: 'http://localhost:3000', strategy: 'http', fileServer: null, domainName: 'localhost', props: { port: '3000', protocol: 'http:', subdomain: null, domain: '', tld: 'localhost' } } for: http://localhost:3000 +0ms
  cypress:server:stream_buffer stream buffer writeable final called +35ms
  cypress:network:agent addRequest called { isHttps: false, href: 'http://localhost:3000/_nuxt/node_modules/unenv/runtime/node/net/socket.mjs?v=b9068561' } +35ms
  cypress:network:agent got family { family: 6, href: 'http://localhost:3000/_nuxt/node_modules/unenv/runtime/node/net/socket.mjs?v=b9068561' } +0ms
  cypress:network:cors Parsed URL { port: '3000', protocol: 'http:', subdomain: null, domain: '', tld: 'localhost' } +3ms
  cypress:network:cors Parsed URL { port: '3000', protocol: 'http:', subdomain: null, domain: '', tld: 'localhost' } +0ms
  cypress:network:cors Parsed URL { port: '3000', protocol: 'http:', subdomain: null, domain: '', tld: 'localhost' } +1ms
  cypress:server:remote-states getting remote state: { auth: null, origin: 'http://localhost:3000', strategy: 'http', fileServer: null, domainName: 'localhost', props: { port: '3000', protocol: 'http:', subdomain: null, domain: '', tld: 'localhost' } } for: http://localhost:3000/_nuxt/node_modules/unenv/runtime/node/stream/readable.mjs?v=b9068561 +4ms
  cypress:network:cors Parsed URL { port: '3000', protocol: 'http:', subdomain: null, domain: '', tld: 'localhost' } +0ms
  cypress:server:remote-states getting remote state: { auth: null, origin: 'http://localhost:3000', strategy: 'http', fileServer: null, domainName: 'localhost', props: { port: '3000', protocol: 'http:', subdomain: null, domain: '', tld: 'localhost' } } for: http://localhost:3000 +0ms
  cypress:server:stream_buffer stream buffer writeable final called +4ms
  cypress:network:agent addRequest called { isHttps: false, href: 'http://localhost:3000/_nuxt/node_modules/unenv/runtime/node/stream/readable.mjs?v=b9068561' } +5ms
  cypress:network:agent got family { family: 6, href: 'http://localhost:3000/_nuxt/node_modules/unenv/runtime/node/stream/readable.mjs?v=b9068561' } +0ms
  cypress:network:cors Parsed URL { port: '3000', protocol: 'http:', subdomain: null, domain: '', tld: 'localhost' } +3ms
  cypress:network:cors Parsed URL { port: '3000', protocol: 'http:', subdomain: null, domain: '', tld: 'localhost' } +0ms
  cypress:network:cors Parsed URL { port: '3000', protocol: 'http:', subdomain: null, domain: '', tld: 'localhost' } +1ms
  cypress:server:remote-states getting remote state: { auth: null, origin: 'http://localhost:3000', strategy: 'http', fileServer: null, domainName: 'localhost', props: { port: '3000', protocol: 'http:', subdomain: null, domain: '', tld: 'localhost' } } for: http://localhost:3000/_nuxt/node_modules/unenv/runtime/_internal/utils.mjs?v=b9068561 +4ms
  cypress:network:cors Parsed URL { port: '3000', protocol: 'http:', subdomain: null, domain: '', tld: 'localhost' } +0ms
  cypress:server:remote-states getting remote state: { auth: null, origin: 'http://localhost:3000', strategy: 'http', fileServer: null, domainName: 'localhost', props: { port: '3000', protocol: 'http:', subdomain: null, domain: '', tld: 'localhost' } } for: http://localhost:3000 +0ms
  cypress:server:stream_buffer stream buffer writeable final called +4ms
  cypress:network:agent addRequest called { isHttps: false, href: 'http://localhost:3000/_nuxt/node_modules/unenv/runtime/_internal/utils.mjs?v=b9068561' } +3ms
  cypress:network:agent got family { family: 6, href: 'http://localhost:3000/_nuxt/node_modules/unenv/runtime/_internal/utils.mjs?v=b9068561' } +0ms
  cypress:server:request received status code & headers on request { requestId: 'request98', statusCode: 200, headers: { 'content-type': 'application/javascript' } } +34ms
  cypress:server:request successful response received { requestId: 'request98' } +1ms
  cypress:net-stubbing:server:intercept-response InterceptResponse { req: { url: '/_nuxt/node_modules/unenv/runtime/node/net/socket.mjs?v=b9068561' }, request: undefined } +36ms
  cypress:network:cors Parsed URL { port: '3000', protocol: 'http:', subdomain: null, domain: '', tld: 'localhost' } +6ms
  cypress:server:remote-states getting remote state: { auth: null, origin: 'http://localhost:3000', strategy: 'http', fileServer: null, domainName: 'localhost', props: { port: '3000', protocol: 'http:', subdomain: null, domain: '', tld: 'localhost' } } for: http://localhost:3000 +6ms
  cypress:network:cors Parsed URL { port: '3000', protocol: 'http:', subdomain: null, domain: '', tld: 'localhost' } +0ms
  cypress:network:cors Parsed URL { port: '3000', protocol: 'http:', subdomain: null, domain: '', tld: 'localhost' } +1ms
  cypress:server:remote-states getting primary remote state: { auth: null, origin: 'http://localhost:3000', strategy: 'http', fileServer: null, domainName: 'localhost', props: { port: '3000', protocol: 'http:', subdomain: null, domain: '', tld: 'localhost' } } +1ms
  cypress:network:cors Parsed URL { port: '3000', protocol: 'http:', subdomain: null, domain: '', tld: 'localhost' } +0ms
  cypress:network:cors Parsed URL { port: '3000', protocol: 'http:', subdomain: null, domain: '', tld: 'localhost' } +0ms
  cypress:network:cors Parsed URL { port: '3000', protocol: 'http:', subdomain: null, domain: '', tld: 'localhost' } +0ms
  cypress:server:remote-states getting remote state: { auth: null, origin: 'http://localhost:3000', strategy: 'http', fileServer: null, domainName: 'localhost', props: { port: '3000', protocol: 'http:', subdomain: null, domain: '', tld: 'localhost' } } for: http://localhost:3000 +0ms
  cypress:server:request received status code & headers on request { requestId: 'request99', statusCode: 200, headers: { 'content-type': 'application/javascript' } } +6ms
  cypress:server:request successful response received { requestId: 'request99' } +0ms
  cypress:net-stubbing:server:intercept-response InterceptResponse { req: { url: '/_nuxt/node_modules/unenv/runtime/node/stream/readable.mjs?v=b9068561' }, request: undefined } +7ms
  cypress:network:cors Parsed URL { port: '3000', protocol: 'http:', subdomain: null, domain: '', tld: 'localhost' } +6ms
  cypress:server:remote-states getting remote state: { auth: null, origin: 'http://localhost:3000', strategy: 'http', fileServer: null, domainName: 'localhost', props: { port: '3000', protocol: 'http:', subdomain: null, domain: '', tld: 'localhost' } } for: http://localhost:3000 +6ms
  cypress:network:cors Parsed URL { port: '3000', protocol: 'http:', subdomain: null, domain: '', tld: 'localhost' } +0ms
  cypress:network:cors Parsed URL { port: '3000', protocol: 'http:', subdomain: null, domain: '', tld: 'localhost' } +0ms
  cypress:server:remote-states getting primary remote state: { auth: null, origin: 'http://localhost:3000', strategy: 'http', fileServer: null, domainName: 'localhost', props: { port: '3000', protocol: 'http:', subdomain: null, domain: '', tld: 'localhost' } } +0ms
  cypress:network:cors Parsed URL { port: '3000', protocol: 'http:', subdomain: null, domain: '', tld: 'localhost' } +0ms
  cypress:network:cors Parsed URL { port: '3000', protocol: 'http:', subdomain: null, domain: '', tld: 'localhost' } +1ms
  cypress:network:cors Parsed URL { port: '3000', protocol: 'http:', subdomain: null, domain: '', tld: 'localhost' } +0ms
  cypress:server:remote-states getting remote state: { auth: null, origin: 'http://localhost:3000', strategy: 'http', fileServer: null, domainName: 'localhost', props: { port: '3000', protocol: 'http:', subdomain: null, domain: '', tld: 'localhost' } } for: http://localhost:3000 +1ms
  cypress:server:request received status code & headers on request { requestId: 'request100', statusCode: 200, headers: { 'content-type': 'application/javascript' } } +6ms
  cypress:server:request successful response received { requestId: 'request100' } +0ms
  cypress:net-stubbing:server:intercept-response InterceptResponse { req: { url: '/_nuxt/node_modules/unenv/runtime/_internal/utils.mjs?v=b9068561' }, request: undefined } +7ms
  cypress:network:cors Parsed URL { port: '3000', protocol: 'http:', subdomain: null, domain: '', tld: 'localhost' } +6ms
  cypress:server:remote-states getting remote state: { auth: null, origin: 'http://localhost:3000', strategy: 'http', fileServer: null, domainName: 'localhost', props: { port: '3000', protocol: 'http:', subdomain: null, domain: '', tld: 'localhost' } } for: http://localhost:3000 +6ms
  cypress:network:cors Parsed URL { port: '3000', protocol: 'http:', subdomain: null, domain: '', tld: 'localhost' } +0ms
  cypress:network:cors Parsed URL { port: '3000', protocol: 'http:', subdomain: null, domain: '', tld: 'localhost' } +0ms
  cypress:server:remote-states getting primary remote state: { auth: null, origin: 'http://localhost:3000', strategy: 'http', fileServer: null, domainName: 'localhost', props: { port: '3000', protocol: 'http:', subdomain: null, domain: '', tld: 'localhost' } } +0ms
  cypress:network:cors Parsed URL { port: '3000', protocol: 'http:', subdomain: null, domain: '', tld: 'localhost' } +0ms
  cypress:network:cors Parsed URL { port: '3000', protocol: 'http:', subdomain: null, domain: '', tld: 'localhost' } +0ms
  cypress:network:cors Parsed URL { port: '3000', protocol: 'http:', subdomain: null, domain: '', tld: 'localhost' } +1ms
  cypress:server:remote-states getting remote state: { auth: null, origin: 'http://localhost:3000', strategy: 'http', fileServer: null, domainName: 'localhost', props: { port: '3000', protocol: 'http:', subdomain: null, domain: '', tld: 'localhost' } } for: http://localhost:3000 +1ms
  cypress:network:cors Parsed URL { port: '3000', protocol: 'http:', subdomain: null, domain: '', tld: 'localhost' } +10ms
  cypress:network:cors Parsed URL { port: '3000', protocol: 'http:', subdomain: null, domain: '', tld: 'localhost' } +0ms
  cypress:network:cors Parsed URL { port: '3000', protocol: 'http:', subdomain: null, domain: '', tld: 'localhost' } +0ms
  cypress:server:remote-states getting remote state: { auth: null, origin: 'http://localhost:3000', strategy: 'http', fileServer: null, domainName: 'localhost', props: { port: '3000', protocol: 'http:', subdomain: null, domain: '', tld: 'localhost' } } for: http://localhost:3000/_nuxt/node_modules/.cache/vite/client/deps/chunk-7PK4TQE7.js?v=b9068561 +11ms
  cypress:network:cors Parsed URL { port: '3000', protocol: 'http:', subdomain: null, domain: '', tld: 'localhost' } +1ms
  cypress:server:remote-states getting remote state: { auth: null, origin: 'http://localhost:3000', strategy: 'http', fileServer: null, domainName: 'localhost', props: { port: '3000', protocol: 'http:', subdomain: null, domain: '', tld: 'localhost' } } for: http://localhost:3000 +0ms
  cypress:server:stream_buffer stream buffer writeable final called +31ms
  cypress:network:agent addRequest called { isHttps: false, href: 'http://localhost:3000/_nuxt/node_modules/.cache/vite/client/deps/chunk-7PK4TQE7.js?v=b9068561' } +31ms
  cypress:network:agent got family { family: 6, href: 'http://localhost:3000/_nuxt/node_modules/.cache/vite/client/deps/chunk-7PK4TQE7.js?v=b9068561' } +0ms
  cypress:network:cors Parsed URL { port: '3000', protocol: 'http:', subdomain: null, domain: '', tld: 'localhost' } +4ms
  cypress:network:cors Parsed URL { port: '3000', protocol: 'http:', subdomain: null, domain: '', tld: 'localhost' } +0ms
  cypress:network:cors Parsed URL { port: '3000', protocol: 'http:', subdomain: null, domain: '', tld: 'localhost' } +0ms
  cypress:server:remote-states getting remote state: { auth: null, origin: 'http://localhost:3000', strategy: 'http', fileServer: null, domainName: 'localhost', props: { port: '3000', protocol: 'http:', subdomain: null, domain: '', tld: 'localhost' } } for: http://localhost:3000/_nuxt/node_modules/unenv/runtime/node/stream/writable.mjs?v=b9068561 +4ms
  cypress:network:cors Parsed URL { port: '3000', protocol: 'http:', subdomain: null, domain: '', tld: 'localhost' } +1ms
  cypress:server:remote-states getting remote state: { auth: null, origin: 'http://localhost:3000', strategy: 'http', fileServer: null, domainName: 'localhost', props: { port: '3000', protocol: 'http:', subdomain: null, domain: '', tld: 'localhost' } } for: http://localhost:3000 +1ms
  cypress:server:stream_buffer stream buffer writeable final called +6ms
  cypress:network:agent addRequest called { isHttps: false, href: 'http://localhost:3000/_nuxt/node_modules/unenv/runtime/node/stream/writable.mjs?v=b9068561' } +7ms
  cypress:network:agent got family { family: 6, href: 'http://localhost:3000/_nuxt/node_modules/unenv/runtime/node/stream/writable.mjs?v=b9068561' } +0ms
  cypress:server:request received status code & headers on request { requestId: 'request101', statusCode: 200, headers: { 'content-type': 'application/javascript' } } +23ms
  cypress:server:request successful response received { requestId: 'request101' } +0ms
  cypress:net-stubbing:server:intercept-response InterceptResponse { req: { url: '/_nuxt/node_modules/.cache/vite/client/deps/chunk-7PK4TQE7.js?v=b9068561' }, request: undefined } +21ms
  cypress:network:cors Parsed URL { port: '3000', protocol: 'http:', subdomain: null, domain: '', tld: 'localhost' } +4ms
  cypress:server:remote-states getting remote state: { auth: null, origin: 'http://localhost:3000', strategy: 'http', fileServer: null, domainName: 'localhost', props: { port: '3000', protocol: 'http:', subdomain: null, domain: '', tld: 'localhost' } } for: http://localhost:3000 +4ms
  cypress:network:cors Parsed URL { port: '3000', protocol: 'http:', subdomain: null, domain: '', tld: 'localhost' } +0ms
  cypress:network:cors Parsed URL { port: '3000', protocol: 'http:', subdomain: null, domain: '', tld: 'localhost' } +0ms
  cypress:server:remote-states getting primary remote state: { auth: null, origin: 'http://localhost:3000', strategy: 'http', fileServer: null, domainName: 'localhost', props: { port: '3000', protocol: 'http:', subdomain: null, domain: '', tld: 'localhost' } } +0ms
  cypress:network:cors Parsed URL { port: '3000', protocol: 'http:', subdomain: null, domain: '', tld: 'localhost' } +0ms
  cypress:network:cors Parsed URL { port: '3000', protocol: 'http:', subdomain: null, domain: '', tld: 'localhost' } +0ms
  cypress:network:cors Parsed URL { port: '3000', protocol: 'http:', subdomain: null, domain: '', tld: 'localhost' } +1ms
  cypress:server:remote-states getting remote state: { auth: null, origin: 'http://localhost:3000', strategy: 'http', fileServer: null, domainName: 'localhost', props: { port: '3000', protocol: 'http:', subdomain: null, domain: '', tld: 'localhost' } } for: http://localhost:3000 +1ms
  cypress:server:request received status code & headers on request { requestId: 'request102', statusCode: 200, headers: { 'content-type': 'application/javascript' } } +10ms
  cypress:server:request successful response received { requestId: 'request102' } +0ms
  cypress:net-stubbing:server:intercept-response InterceptResponse { req: { url: '/_nuxt/node_modules/unenv/runtime/node/stream/writable.mjs?v=b9068561' }, request: undefined } +9ms
  cypress:network:cors Parsed URL { port: '3000', protocol: 'http:', subdomain: null, domain: '', tld: 'localhost' } +9ms
  cypress:server:remote-states getting remote state: { auth: null, origin: 'http://localhost:3000', strategy: 'http', fileServer: null, domainName: 'localhost', props: { port: '3000', protocol: 'http:', subdomain: null, domain: '', tld: 'localhost' } } for: http://localhost:3000 +9ms
  cypress:network:cors Parsed URL { port: '3000', protocol: 'http:', subdomain: null, domain: '', tld: 'localhost' } +0ms
  cypress:network:cors Parsed URL { port: '3000', protocol: 'http:', subdomain: null, domain: '', tld: 'localhost' } +0ms
  cypress:server:remote-states getting primary remote state: { auth: null, origin: 'http://localhost:3000', strategy: 'http', fileServer: null, domainName: 'localhost', props: { port: '3000', protocol: 'http:', subdomain: null, domain: '', tld: 'localhost' } } +0ms
  cypress:network:cors Parsed URL { port: '3000', protocol: 'http:', subdomain: null, domain: '', tld: 'localhost' } +0ms
  cypress:network:cors Parsed URL { port: '3000', protocol: 'http:', subdomain: null, domain: '', tld: 'localhost' } +0ms
  cypress:network:cors Parsed URL { port: '3000', protocol: 'http:', subdomain: null, domain: '', tld: 'localhost' } +1ms
  cypress:server:remote-states getting remote state: { auth: null, origin: 'http://localhost:3000', strategy: 'http', fileServer: null, domainName: 'localhost', props: { port: '3000', protocol: 'http:', subdomain: null, domain: '', tld: 'localhost' } } for: http://localhost:3000 +1ms
  cypress:network:cors Parsed URL { port: '3000', protocol: 'http:', subdomain: null, domain: '', tld: 'localhost' } +13ms
  cypress:network:cors Parsed URL { port: '3000', protocol: 'http:', subdomain: null, domain: '', tld: 'localhost' } +0ms
  cypress:network:cors Parsed URL { port: '3000', protocol: 'http:', subdomain: null, domain: '', tld: 'localhost' } +1ms
  cypress:server:remote-states getting remote state: { auth: null, origin: 'http://localhost:3000', strategy: 'http', fileServer: null, domainName: 'localhost', props: { port: '3000', protocol: 'http:', subdomain: null, domain: '', tld: 'localhost' } } for: http://localhost:3000/_nuxt/node_modules/nuxt/dist/pages/runtime/page.js?v=b9068561 +14ms
  cypress:network:cors Parsed URL { port: '3000', protocol: 'http:', subdomain: null, domain: '', tld: 'localhost' } +0ms
  cypress:server:remote-states getting remote state: { auth: null, origin: 'http://localhost:3000', strategy: 'http', fileServer: null, domainName: 'localhost', props: { port: '3000', protocol: 'http:', subdomain: null, domain: '', tld: 'localhost' } } for: http://localhost:3000 +0ms
  cypress:server:stream_buffer stream buffer writeable final called +28ms
  cypress:network:agent addRequest called { isHttps: false, href: 'http://localhost:3000/_nuxt/node_modules/nuxt/dist/pages/runtime/page.js?v=b9068561' } +28ms
  cypress:network:agent got family { family: 6, href: 'http://localhost:3000/_nuxt/node_modules/nuxt/dist/pages/runtime/page.js?v=b9068561' } +0ms
  cypress:network:cors Parsed URL { port: '3000', protocol: 'http:', subdomain: null, domain: '', tld: 'localhost' } +2ms
  cypress:network:cors Parsed URL { port: '3000', protocol: 'http:', subdomain: null, domain: '', tld: 'localhost' } +0ms
  cypress:network:cors Parsed URL { port: '3000', protocol: 'http:', subdomain: null, domain: '', tld: 'localhost' } +1ms
  cypress:server:remote-states getting remote state: { auth: null, origin: 'http://localhost:3000', strategy: 'http', fileServer: null, domainName: 'localhost', props: { port: '3000', protocol: 'http:', subdomain: null, domain: '', tld: 'localhost' } } for: http://localhost:3000/_nuxt/node_modules/nuxt/dist/app/components/nuxt-layout.js?v=b9068561 +3ms
  cypress:network:cors Parsed URL { port: '3000', protocol: 'http:', subdomain: null, domain: '', tld: 'localhost' } +0ms
  cypress:server:remote-states getting remote state: { auth: null, origin: 'http://localhost:3000', strategy: 'http', fileServer: null, domainName: 'localhost', props: { port: '3000', protocol: 'http:', subdomain: null, domain: '', tld: 'localhost' } } for: http://localhost:3000 +0ms
  cypress:server:stream_buffer stream buffer writeable final called +4ms
  cypress:network:agent addRequest called { isHttps: false, href: 'http://localhost:3000/_nuxt/node_modules/nuxt/dist/app/components/nuxt-layout.js?v=b9068561' } +3ms
  cypress:network:agent got family { family: 6, href: 'http://localhost:3000/_nuxt/node_modules/nuxt/dist/app/components/nuxt-layout.js?v=b9068561' } +0ms
  cypress:server:request received status code & headers on request { requestId: 'request103', statusCode: 200, headers: { 'content-type': 'application/javascript' } } +28ms
  cypress:server:request successful response received { requestId: 'request103' } +0ms
  cypress:net-stubbing:server:intercept-response InterceptResponse { req: { url: '/_nuxt/node_modules/nuxt/dist/pages/runtime/page.js?v=b9068561' }, request: undefined } +29ms
  cypress:network:cors Parsed URL { port: '3000', protocol: 'http:', subdomain: null, domain: '', tld: 'localhost' } +11ms
  cypress:server:remote-states getting remote state: { auth: null, origin: 'http://localhost:3000', strategy: 'http', fileServer: null, domainName: 'localhost', props: { port: '3000', protocol: 'http:', subdomain: null, domain: '', tld: 'localhost' } } for: http://localhost:3000 +11ms
  cypress:network:cors Parsed URL { port: '3000', protocol: 'http:', subdomain: null, domain: '', tld: 'localhost' } +1ms
  cypress:network:cors Parsed URL { port: '3000', protocol: 'http:', subdomain: null, domain: '', tld: 'localhost' } +0ms
  cypress:server:remote-states getting primary remote state: { auth: null, origin: 'http://localhost:3000', strategy: 'http', fileServer: null, domainName: 'localhost', props: { port: '3000', protocol: 'http:', subdomain: null, domain: '', tld: 'localhost' } } +1ms
  cypress:network:cors Parsed URL { port: '3000', protocol: 'http:', subdomain: null, domain: '', tld: 'localhost' } +0ms
  cypress:network:cors Parsed URL { port: '3000', protocol: 'http:', subdomain: null, domain: '', tld: 'localhost' } +0ms
  cypress:network:cors Parsed URL { port: '3000', protocol: 'http:', subdomain: null, domain: '', tld: 'localhost' } +0ms
  cypress:server:remote-states getting remote state: { auth: null, origin: 'http://localhost:3000', strategy: 'http', fileServer: null, domainName: 'localhost', props: { port: '3000', protocol: 'http:', subdomain: null, domain: '', tld: 'localhost' } } for: http://localhost:3000 +0ms
  cypress:server:request received status code & headers on request { requestId: 'request104', statusCode: 200, headers: { 'content-type': 'application/javascript' } } +6ms
  cypress:server:request successful response received { requestId: 'request104' } +0ms
  cypress:net-stubbing:server:intercept-response InterceptResponse { req: { url: '/_nuxt/node_modules/nuxt/dist/app/components/nuxt-layout.js?v=b9068561' }, request: undefined } +6ms
  cypress:network:cors Parsed URL { port: '3000', protocol: 'http:', subdomain: null, domain: '', tld: 'localhost' } +4ms
  cypress:server:remote-states getting remote state: { auth: null, origin: 'http://localhost:3000', strategy: 'http', fileServer: null, domainName: 'localhost', props: { port: '3000', protocol: 'http:', subdomain: null, domain: '', tld: 'localhost' } } for: http://localhost:3000 +4ms
  cypress:network:cors Parsed URL { port: '3000', protocol: 'http:', subdomain: null, domain: '', tld: 'localhost' } +1ms
  cypress:network:cors Parsed URL { port: '3000', protocol: 'http:', subdomain: null, domain: '', tld: 'localhost' } +0ms
  cypress:server:remote-states getting primary remote state: { auth: null, origin: 'http://localhost:3000', strategy: 'http', fileServer: null, domainName: 'localhost', props: { port: '3000', protocol: 'http:', subdomain: null, domain: '', tld: 'localhost' } } +1ms
  cypress:network:cors Parsed URL { port: '3000', protocol: 'http:', subdomain: null, domain: '', tld: 'localhost' } +0ms
  cypress:network:cors Parsed URL { port: '3000', protocol: 'http:', subdomain: null, domain: '', tld: 'localhost' } +0ms
  cypress:network:cors Parsed URL { port: '3000', protocol: 'http:', subdomain: null, domain: '', tld: 'localhost' } +0ms
  cypress:server:remote-states getting remote state: { auth: null, origin: 'http://localhost:3000', strategy: 'http', fileServer: null, domainName: 'localhost', props: { port: '3000', protocol: 'http:', subdomain: null, domain: '', tld: 'localhost' } } for: http://localhost:3000 +0ms
  cypress:network:cors Parsed URL { port: '3000', protocol: 'http:', subdomain: null, domain: '', tld: 'localhost' } +17ms
  cypress:network:cors Parsed URL { port: '3000', protocol: 'http:', subdomain: null, domain: '', tld: 'localhost' } +0ms
  cypress:network:cors Parsed URL { port: '3000', protocol: 'http:', subdomain: null, domain: '', tld: 'localhost' } +0ms
  cypress:server:remote-states getting remote state: { auth: null, origin: 'http://localhost:3000', strategy: 'http', fileServer: null, domainName: 'localhost', props: { port: '3000', protocol: 'http:', subdomain: null, domain: '', tld: 'localhost' } } for: http://localhost:3000/_nuxt/node_modules/devalue/src/utils.js?v=b9068561 +17ms
  cypress:network:cors Parsed URL { port: '3000', protocol: 'http:', subdomain: null, domain: '', tld: 'localhost' } +0ms
  cypress:server:remote-states getting remote state: { auth: null, origin: 'http://localhost:3000', strategy: 'http', fileServer: null, domainName: 'localhost', props: { port: '3000', protocol: 'http:', subdomain: null, domain: '', tld: 'localhost' } } for: http://localhost:3000 +1ms
  cypress:server:stream_buffer stream buffer writeable final called +34ms
  cypress:network:agent addRequest called { isHttps: false, href: 'http://localhost:3000/_nuxt/node_modules/devalue/src/utils.js?v=b9068561' } +34ms
  cypress:network:agent got family { family: 6, href: 'http://localhost:3000/_nuxt/node_modules/devalue/src/utils.js?v=b9068561' } +0ms
  cypress:network:cors Parsed URL { port: '3000', protocol: 'http:', subdomain: null, domain: '', tld: 'localhost' } +9ms
  cypress:network:cors Parsed URL { port: '3000', protocol: 'http:', subdomain: null, domain: '', tld: 'localhost' } +0ms
  cypress:network:cors Parsed URL { port: '3000', protocol: 'http:', subdomain: null, domain: '', tld: 'localhost' } +0ms
  cypress:server:remote-states getting remote state: { auth: null, origin: 'http://localhost:3000', strategy: 'http', fileServer: null, domainName: 'localhost', props: { port: '3000', protocol: 'http:', subdomain: null, domain: '', tld: 'localhost' } } for: http://localhost:3000/_nuxt/node_modules/devalue/src/constants.js?v=b9068561 +8ms
  cypress:network:cors Parsed URL { port: '3000', protocol: 'http:', subdomain: null, domain: '', tld: 'localhost' } +0ms
  cypress:server:remote-states getting remote state: { auth: null, origin: 'http://localhost:3000', strategy: 'http', fileServer: null, domainName: 'localhost', props: { port: '3000', protocol: 'http:', subdomain: null, domain: '', tld: 'localhost' } } for: http://localhost:3000 +0ms
  cypress:server:stream_buffer stream buffer writeable final called +9ms
  cypress:network:agent addRequest called { isHttps: false, href: 'http://localhost:3000/_nuxt/node_modules/devalue/src/constants.js?v=b9068561' } +10ms
  cypress:network:agent got family { family: 6, href: 'http://localhost:3000/_nuxt/node_modules/devalue/src/constants.js?v=b9068561' } +0ms
  cypress:server:request received status code & headers on request { requestId: 'request105', statusCode: 200, headers: { 'content-type': 'application/javascript' } } +31ms
  cypress:server:request successful response received { requestId: 'request105' } +0ms
  cypress:net-stubbing:server:intercept-response InterceptResponse { req: { url: '/_nuxt/node_modules/devalue/src/utils.js?v=b9068561' }, request: undefined } +31ms
  cypress:network:cors Parsed URL { port: '3000', protocol: 'http:', subdomain: null, domain: '', tld: 'localhost' } +4ms
  cypress:server:remote-states getting remote state: { auth: null, origin: 'http://localhost:3000', strategy: 'http', fileServer: null, domainName: 'localhost', props: { port: '3000', protocol: 'http:', subdomain: null, domain: '', tld: 'localhost' } } for: http://localhost:3000 +4ms
  cypress:network:cors Parsed URL { port: '3000', protocol: 'http:', subdomain: null, domain: '', tld: 'localhost' } +0ms
  cypress:network:cors Parsed URL { port: '3000', protocol: 'http:', subdomain: null, domain: '', tld: 'localhost' } +0ms
  cypress:server:remote-states getting primary remote state: { auth: null, origin: 'http://localhost:3000', strategy: 'http', fileServer: null, domainName: 'localhost', props: { port: '3000', protocol: 'http:', subdomain: null, domain: '', tld: 'localhost' } } +0ms
  cypress:network:cors Parsed URL { port: '3000', protocol: 'http:', subdomain: null, domain: '', tld: 'localhost' } +0ms
  cypress:network:cors Parsed URL { port: '3000', protocol: 'http:', subdomain: null, domain: '', tld: 'localhost' } +0ms
  cypress:network:cors Parsed URL { port: '3000', protocol: 'http:', subdomain: null, domain: '', tld: 'localhost' } +1ms
  cypress:server:remote-states getting remote state: { auth: null, origin: 'http://localhost:3000', strategy: 'http', fileServer: null, domainName: 'localhost', props: { port: '3000', protocol: 'http:', subdomain: null, domain: '', tld: 'localhost' } } for: http://localhost:3000 +1ms
  cypress:server:request received status code & headers on request { requestId: 'request106', statusCode: 200, headers: { 'content-type': 'application/javascript' } } +8ms
  cypress:server:request successful response received { requestId: 'request106' } +0ms
  cypress:net-stubbing:server:intercept-response InterceptResponse { req: { url: '/_nuxt/node_modules/devalue/src/constants.js?v=b9068561' }, request: undefined } +8ms
  cypress:network:cors Parsed URL { port: '3000', protocol: 'http:', subdomain: null, domain: '', tld: 'localhost' } +7ms
  cypress:server:remote-states getting remote state: { auth: null, origin: 'http://localhost:3000', strategy: 'http', fileServer: null, domainName: 'localhost', props: { port: '3000', protocol: 'http:', subdomain: null, domain: '', tld: 'localhost' } } for: http://localhost:3000 +7ms
  cypress:network:cors Parsed URL { port: '3000', protocol: 'http:', subdomain: null, domain: '', tld: 'localhost' } +1ms
  cypress:network:cors Parsed URL { port: '3000', protocol: 'http:', subdomain: null, domain: '', tld: 'localhost' } +0ms
  cypress:server:remote-states getting primary remote state: { auth: null, origin: 'http://localhost:3000', strategy: 'http', fileServer: null, domainName: 'localhost', props: { port: '3000', protocol: 'http:', subdomain: null, domain: '', tld: 'localhost' } } +1ms
  cypress:network:cors Parsed URL { port: '3000', protocol: 'http:', subdomain: null, domain: '', tld: 'localhost' } +0ms
  cypress:network:cors Parsed URL { port: '3000', protocol: 'http:', subdomain: null, domain: '', tld: 'localhost' } +0ms
  cypress:network:cors Parsed URL { port: '3000', protocol: 'http:', subdomain: null, domain: '', tld: 'localhost' } +0ms
  cypress:server:remote-states getting remote state: { auth: null, origin: 'http://localhost:3000', strategy: 'http', fileServer: null, domainName: 'localhost', props: { port: '3000', protocol: 'http:', subdomain: null, domain: '', tld: 'localhost' } } for: http://localhost:3000 +0ms
  cypress:network:cors Parsed URL { port: '3000', protocol: 'http:', subdomain: null, domain: '', tld: 'localhost' } +12ms
  cypress:network:cors Parsed URL { port: '3000', protocol: 'http:', subdomain: null, domain: '', tld: 'localhost' } +0ms
  cypress:network:cors Parsed URL { port: '3000', protocol: 'http:', subdomain: null, domain: '', tld: 'localhost' } +1ms
  cypress:server:remote-states getting remote state: { auth: null, origin: 'http://localhost:3000', strategy: 'http', fileServer: null, domainName: 'localhost', props: { port: '3000', protocol: 'http:', subdomain: null, domain: '', tld: 'localhost' } } for: http://localhost:3000/_nuxt/node_modules/unenv/runtime/node/stream/duplex.mjs?v=b9068561 +13ms
  cypress:network:cors Parsed URL { port: '3000', protocol: 'http:', subdomain: null, domain: '', tld: 'localhost' } +0ms
  cypress:server:remote-states getting remote state: { auth: null, origin: 'http://localhost:3000', strategy: 'http', fileServer: null, domainName: 'localhost', props: { port: '3000', protocol: 'http:', subdomain: null, domain: '', tld: 'localhost' } } for: http://localhost:3000 +0ms
  cypress:server:stream_buffer stream buffer writeable final called +25ms
  cypress:network:agent addRequest called { isHttps: false, href: 'http://localhost:3000/_nuxt/node_modules/unenv/runtime/node/stream/duplex.mjs?v=b9068561' } +25ms
  cypress:network:agent got family { family: 6, href: 'http://localhost:3000/_nuxt/node_modules/unenv/runtime/node/stream/duplex.mjs?v=b9068561' } +0ms
  cypress:network:cors Parsed URL { port: '3000', protocol: 'http:', subdomain: null, domain: '', tld: 'localhost' } +5ms
  cypress:network:cors Parsed URL { port: '3000', protocol: 'http:', subdomain: null, domain: '', tld: 'localhost' } +0ms
  cypress:network:cors Parsed URL { port: '3000', protocol: 'http:', subdomain: null, domain: '', tld: 'localhost' } +0ms
  cypress:server:remote-states getting remote state: { auth: null, origin: 'http://localhost:3000', strategy: 'http', fileServer: null, domainName: 'localhost', props: { port: '3000', protocol: 'http:', subdomain: null, domain: '', tld: 'localhost' } } for: http://localhost:3000/_nuxt/node_modules/unenv/runtime/node/events/index.mjs?v=b9068561 +5ms
  cypress:network:cors Parsed URL { port: '3000', protocol: 'http:', subdomain: null, domain: '', tld: 'localhost' } +0ms
  cypress:server:remote-states getting remote state: { auth: null, origin: 'http://localhost:3000', strategy: 'http', fileServer: null, domainName: 'localhost', props: { port: '3000', protocol: 'http:', subdomain: null, domain: '', tld: 'localhost' } } for: http://localhost:3000 +0ms
  cypress:server:stream_buffer stream buffer writeable final called +6ms
  cypress:network:agent addRequest called { isHttps: false, href: 'http://localhost:3000/_nuxt/node_modules/unenv/runtime/node/events/index.mjs?v=b9068561' } +6ms
  cypress:network:agent got family { family: 6, href: 'http://localhost:3000/_nuxt/node_modules/unenv/runtime/node/events/index.mjs?v=b9068561' } +0ms
  cypress:server:request received status code & headers on request { requestId: 'request107', statusCode: 200, headers: { 'content-type': 'application/javascript' } } +23ms
  cypress:server:request successful response received { requestId: 'request107' } +0ms
  cypress:net-stubbing:server:intercept-response InterceptResponse { req: { url: '/_nuxt/node_modules/unenv/runtime/node/stream/duplex.mjs?v=b9068561' }, request: undefined } +23ms
  cypress:network:cors Parsed URL { port: '3000', protocol: 'http:', subdomain: null, domain: '', tld: 'localhost' } +4ms
  cypress:server:remote-states getting remote state: { auth: null, origin: 'http://localhost:3000', strategy: 'http', fileServer: null, domainName: 'localhost', props: { port: '3000', protocol: 'http:', subdomain: null, domain: '', tld: 'localhost' } } for: http://localhost:3000 +4ms
  cypress:network:cors Parsed URL { port: '3000', protocol: 'http:', subdomain: null, domain: '', tld: 'localhost' } +0ms
  cypress:network:cors Parsed URL { port: '3000', protocol: 'http:', subdomain: null, domain: '', tld: 'localhost' } +0ms
  cypress:server:remote-states getting primary remote state: { auth: null, origin: 'http://localhost:3000', strategy: 'http', fileServer: null, domainName: 'localhost', props: { port: '3000', protocol: 'http:', subdomain: null, domain: '', tld: 'localhost' } } +0ms
  cypress:network:cors Parsed URL { port: '3000', protocol: 'http:', subdomain: null, domain: '', tld: 'localhost' } +0ms
  cypress:network:cors Parsed URL { port: '3000', protocol: 'http:', subdomain: null, domain: '', tld: 'localhost' } +0ms
  cypress:network:cors Parsed URL { port: '3000', protocol: 'http:', subdomain: null, domain: '', tld: 'localhost' } +1ms
  cypress:server:remote-states getting remote state: { auth: null, origin: 'http://localhost:3000', strategy: 'http', fileServer: null, domainName: 'localhost', props: { port: '3000', protocol: 'http:', subdomain: null, domain: '', tld: 'localhost' } } for: http://localhost:3000 +1ms
  cypress:server:request received status code & headers on request { requestId: 'request108', statusCode: 200, headers: { 'content-type': 'application/javascript' } } +9ms
  cypress:server:request successful response received { requestId: 'request108' } +0ms
  cypress:net-stubbing:server:intercept-response InterceptResponse { req: { url: '/_nuxt/node_modules/unenv/runtime/node/events/index.mjs?v=b9068561' }, request: undefined } +9ms
  cypress:network:cors Parsed URL { port: '3000', protocol: 'http:', subdomain: null, domain: '', tld: 'localhost' } +8ms
  cypress:server:remote-states getting remote state: { auth: null, origin: 'http://localhost:3000', strategy: 'http', fileServer: null, domainName: 'localhost', props: { port: '3000', protocol: 'http:', subdomain: null, domain: '', tld: 'localhost' } } for: http://localhost:3000 +9ms
  cypress:network:cors Parsed URL { port: '3000', protocol: 'http:', subdomain: null, domain: '', tld: 'localhost' } +1ms
  cypress:network:cors Parsed URL { port: '3000', protocol: 'http:', subdomain: null, domain: '', tld: 'localhost' } +0ms
  cypress:server:remote-states getting primary remote state: { auth: null, origin: 'http://localhost:3000', strategy: 'http', fileServer: null, domainName: 'localhost', props: { port: '3000', protocol: 'http:', subdomain: null, domain: '', tld: 'localhost' } } +0ms
  cypress:network:cors Parsed URL { port: '3000', protocol: 'http:', subdomain: null, domain: '', tld: 'localhost' } +0ms
  cypress:network:cors Parsed URL { port: '3000', protocol: 'http:', subdomain: null, domain: '', tld: 'localhost' } +0ms
  cypress:network:cors Parsed URL { port: '3000', protocol: 'http:', subdomain: null, domain: '', tld: 'localhost' } +0ms
  cypress:server:remote-states getting remote state: { auth: null, origin: 'http://localhost:3000', strategy: 'http', fileServer: null, domainName: 'localhost', props: { port: '3000', protocol: 'http:', subdomain: null, domain: '', tld: 'localhost' } } for: http://localhost:3000 +0ms
  cypress:network:cors Parsed URL { port: '3000', protocol: 'http:', subdomain: null, domain: '', tld: 'localhost' } +12ms
  cypress:network:cors Parsed URL { port: '3000', protocol: 'http:', subdomain: null, domain: '', tld: 'localhost' } +0ms
  cypress:network:cors Parsed URL { port: '3000', protocol: 'http:', subdomain: null, domain: '', tld: 'localhost' } +0ms
  cypress:server:remote-states getting remote state: { auth: null, origin: 'http://localhost:3000', strategy: 'http', fileServer: null, domainName: 'localhost', props: { port: '3000', protocol: 'http:', subdomain: null, domain: '', tld: 'localhost' } } for: http://localhost:3000/_nuxt/node_modules/nuxt/dist/pages/runtime/utils.js?v=b9068561 +12ms
  cypress:network:cors Parsed URL { port: '3000', protocol: 'http:', subdomain: null, domain: '', tld: 'localhost' } +0ms
  cypress:server:remote-states getting remote state: { auth: null, origin: 'http://localhost:3000', strategy: 'http', fileServer: null, domainName: 'localhost', props: { port: '3000', protocol: 'http:', subdomain: null, domain: '', tld: 'localhost' } } for: http://localhost:3000 +1ms
  cypress:server:stream_buffer stream buffer writeable final called +26ms
  cypress:network:agent addRequest called { isHttps: false, href: 'http://localhost:3000/_nuxt/node_modules/nuxt/dist/pages/runtime/utils.js?v=b9068561' } +26ms
  cypress:network:agent got family { family: 6, href: 'http://localhost:3000/_nuxt/node_modules/nuxt/dist/pages/runtime/utils.js?v=b9068561' } +0ms
  cypress:network:cors Parsed URL { port: '3000', protocol: 'http:', subdomain: null, domain: '', tld: 'localhost' } +3ms
  cypress:network:cors Parsed URL { port: '3000', protocol: 'http:', subdomain: null, domain: '', tld: 'localhost' } +1ms
  cypress:network:cors Parsed URL { port: '3000', protocol: 'http:', subdomain: null, domain: '', tld: 'localhost' } +0ms
  cypress:server:remote-states getting remote state: { auth: null, origin: 'http://localhost:3000', strategy: 'http', fileServer: null, domainName: 'localhost', props: { port: '3000', protocol: 'http:', subdomain: null, domain: '', tld: 'localhost' } } for: http://localhost:3000/_nuxt/node_modules/nuxt/dist/app/components/route-provider.js?v=b9068561 +3ms
  cypress:network:cors Parsed URL { port: '3000', protocol: 'http:', subdomain: null, domain: '', tld: 'localhost' } +0ms
  cypress:server:remote-states getting remote state: { auth: null, origin: 'http://localhost:3000', strategy: 'http', fileServer: null, domainName: 'localhost', props: { port: '3000', protocol: 'http:', subdomain: null, domain: '', tld: 'localhost' } } for: http://localhost:3000 +0ms
  cypress:server:stream_buffer stream buffer writeable final called +4ms
  cypress:network:agent addRequest called { isHttps: false, href: 'http://localhost:3000/_nuxt/node_modules/nuxt/dist/app/components/route-provider.js?v=b9068561' } +4ms
  cypress:network:agent got family { family: 6, href: 'http://localhost:3000/_nuxt/node_modules/nuxt/dist/app/components/route-provider.js?v=b9068561' } +0ms
  cypress:network:cors Parsed URL { port: '3000', protocol: 'http:', subdomain: null, domain: '', tld: 'localhost' } +4ms
  cypress:network:cors Parsed URL { port: '3000', protocol: 'http:', subdomain: null, domain: '', tld: 'localhost' } +0ms
  cypress:network:cors Parsed URL { port: '3000', protocol: 'http:', subdomain: null, domain: '', tld: 'localhost' } +1ms
  cypress:server:remote-states getting remote state: { auth: null, origin: 'http://localhost:3000', strategy: 'http', fileServer: null, domainName: 'localhost', props: { port: '3000', protocol: 'http:', subdomain: null, domain: '', tld: 'localhost' } } for: http://localhost:3000/_nuxt/node_modules/nuxt/dist/app/components/utils.js?v=b9068561 +5ms
  cypress:network:cors Parsed URL { port: '3000', protocol: 'http:', subdomain: null, domain: '', tld: 'localhost' } +0ms
  cypress:server:remote-states getting remote state: { auth: null, origin: 'http://localhost:3000', strategy: 'http', fileServer: null, domainName: 'localhost', props: { port: '3000', protocol: 'http:', subdomain: null, domain: '', tld: 'localhost' } } for: http://localhost:3000 +0ms
  cypress:server:stream_buffer stream buffer writeable final called +5ms
  cypress:network:agent addRequest called { isHttps: false, href: 'http://localhost:3000/_nuxt/node_modules/nuxt/dist/app/components/utils.js?v=b9068561' } +4ms
  cypress:network:agent got family { family: 6, href: 'http://localhost:3000/_nuxt/node_modules/nuxt/dist/app/components/utils.js?v=b9068561' } +0ms
  cypress:server:request received status code & headers on request { requestId: 'request109', statusCode: 200, headers: { 'content-type': 'application/javascript' } } +26ms
  cypress:server:request successful response received { requestId: 'request109' } +0ms
  cypress:net-stubbing:server:intercept-response InterceptResponse { req: { url: '/_nuxt/node_modules/nuxt/dist/pages/runtime/utils.js?v=b9068561' }, request: undefined } +25ms
  cypress:network:cors Parsed URL { port: '3000', protocol: 'http:', subdomain: null, domain: '', tld: 'localhost' } +4ms
  cypress:server:remote-states getting remote state: { auth: null, origin: 'http://localhost:3000', strategy: 'http', fileServer: null, domainName: 'localhost', props: { port: '3000', protocol: 'http:', subdomain: null, domain: '', tld: 'localhost' } } for: http://localhost:3000 +4ms
  cypress:network:cors Parsed URL { port: '3000', protocol: 'http:', subdomain: null, domain: '', tld: 'localhost' } +0ms
  cypress:network:cors Parsed URL { port: '3000', protocol: 'http:', subdomain: null, domain: '', tld: 'localhost' } +0ms
  cypress:server:remote-states getting primary remote state: { auth: null, origin: 'http://localhost:3000', strategy: 'http', fileServer: null, domainName: 'localhost', props: { port: '3000', protocol: 'http:', subdomain: null, domain: '', tld: 'localhost' } } +0ms
  cypress:network:cors Parsed URL { port: '3000', protocol: 'http:', subdomain: null, domain: '', tld: 'localhost' } +0ms
  cypress:network:cors Parsed URL { port: '3000', protocol: 'http:', subdomain: null, domain: '', tld: 'localhost' } +0ms
  cypress:network:cors Parsed URL { port: '3000', protocol: 'http:', subdomain: null, domain: '', tld: 'localhost' } +0ms
  cypress:server:remote-states getting remote state: { auth: null, origin: 'http://localhost:3000', strategy: 'http', fileServer: null, domainName: 'localhost', props: { port: '3000', protocol: 'http:', subdomain: null, domain: '', tld: 'localhost' } } for: http://localhost:3000 +0ms
  cypress:server:request received status code & headers on request { requestId: 'request110', statusCode: 200, headers: { 'content-type': 'application/javascript' } } +4ms
  cypress:server:request successful response received { requestId: 'request110' } +1ms
  cypress:net-stubbing:server:intercept-response InterceptResponse { req: { url: '/_nuxt/node_modules/nuxt/dist/app/components/route-provider.js?v=b9068561' }, request: undefined } +5ms
  cypress:network:cors Parsed URL { port: '3000', protocol: 'http:', subdomain: null, domain: '', tld: 'localhost' } +5ms
  cypress:server:remote-states getting remote state: { auth: null, origin: 'http://localhost:3000', strategy: 'http', fileServer: null, domainName: 'localhost', props: { port: '3000', protocol: 'http:', subdomain: null, domain: '', tld: 'localhost' } } for: http://localhost:3000 +5ms
  cypress:network:cors Parsed URL { port: '3000', protocol: 'http:', subdomain: null, domain: '', tld: 'localhost' } +0ms
  cypress:network:cors Parsed URL { port: '3000', protocol: 'http:', subdomain: null, domain: '', tld: 'localhost' } +0ms
  cypress:server:remote-states getting primary remote state: { auth: null, origin: 'http://localhost:3000', strategy: 'http', fileServer: null, domainName: 'localhost', props: { port: '3000', protocol: 'http:', subdomain: null, domain: '', tld: 'localhost' } } +0ms
  cypress:network:cors Parsed URL { port: '3000', protocol: 'http:', subdomain: null, domain: '', tld: 'localhost' } +0ms
  cypress:network:cors Parsed URL { port: '3000', protocol: 'http:', subdomain: null, domain: '', tld: 'localhost' } +0ms
  cypress:network:cors Parsed URL { port: '3000', protocol: 'http:', subdomain: null, domain: '', tld: 'localhost' } +0ms
  cypress:server:remote-states getting remote state: { auth: null, origin: 'http://localhost:3000', strategy: 'http', fileServer: null, domainName: 'localhost', props: { port: '3000', protocol: 'http:', subdomain: null, domain: '', tld: 'localhost' } } for: http://localhost:3000 +0ms
  cypress:server:request received status code & headers on request { requestId: 'request111', statusCode: 200, headers: { 'content-type': 'application/javascript' } } +8ms
  cypress:server:request successful response received { requestId: 'request111' } +0ms
  cypress:net-stubbing:server:intercept-response InterceptResponse { req: { url: '/_nuxt/node_modules/nuxt/dist/app/components/utils.js?v=b9068561' }, request: undefined } +9ms
  cypress:network:cors Parsed URL { port: '3000', protocol: 'http:', subdomain: null, domain: '', tld: 'localhost' } +8ms
  cypress:server:remote-states getting remote state: { auth: null, origin: 'http://localhost:3000', strategy: 'http', fileServer: null, domainName: 'localhost', props: { port: '3000', protocol: 'http:', subdomain: null, domain: '', tld: 'localhost' } } for: http://localhost:3000 +8ms
  cypress:network:cors Parsed URL { port: '3000', protocol: 'http:', subdomain: null, domain: '', tld: 'localhost' } +0ms
  cypress:network:cors Parsed URL { port: '3000', protocol: 'http:', subdomain: null, domain: '', tld: 'localhost' } +0ms
  cypress:server:remote-states getting primary remote state: { auth: null, origin: 'http://localhost:3000', strategy: 'http', fileServer: null, domainName: 'localhost', props: { port: '3000', protocol: 'http:', subdomain: null, domain: '', tld: 'localhost' } } +0ms
  cypress:network:cors Parsed URL { port: '3000', protocol: 'http:', subdomain: null, domain: '', tld: 'localhost' } +0ms
  cypress:network:cors Parsed URL { port: '3000', protocol: 'http:', subdomain: null, domain: '', tld: 'localhost' } +0ms
  cypress:network:cors Parsed URL { port: '3000', protocol: 'http:', subdomain: null, domain: '', tld: 'localhost' } +1ms
  cypress:server:remote-states getting remote state: { auth: null, origin: 'http://localhost:3000', strategy: 'http', fileServer: null, domainName: 'localhost', props: { port: '3000', protocol: 'http:', subdomain: null, domain: '', tld: 'localhost' } } for: http://localhost:3000 +1ms
  cypress:network:cors Parsed URL { port: '3000', protocol: 'http:', subdomain: null, domain: '', tld: 'localhost' } +5ms
  cypress:network:cors Parsed URL { port: '3000', protocol: 'http:', subdomain: null, domain: '', tld: 'localhost' } +1ms
  cypress:network:cors Parsed URL { port: '3000', protocol: 'http:', subdomain: null, domain: '', tld: 'localhost' } +0ms
  cypress:server:remote-states getting remote state: { auth: null, origin: 'http://localhost:3000', strategy: 'http', fileServer: null, domainName: 'localhost', props: { port: '3000', protocol: 'http:', subdomain: null, domain: '', tld: 'localhost' } } for: http://localhost:3000/_nuxt/@id/virtual:nuxt:C:/Users/LucasFelber/Documents/SideProjects/cypress-submit-reload/.nuxt/pages.mjs +6ms
  cypress:network:cors Parsed URL { port: '3000', protocol: 'http:', subdomain: null, domain: '', tld: 'localhost' } +0ms
  cypress:server:remote-states getting remote state: { auth: null, origin: 'http://localhost:3000', strategy: 'http', fileServer: null, domainName: 'localhost', props: { port: '3000', protocol: 'http:', subdomain: null, domain: '', tld: 'localhost' } } for: http://localhost:3000 +0ms
  cypress:server:stream_buffer stream buffer writeable final called +24ms
  cypress:network:agent addRequest called { isHttps: false, href: 'http://localhost:3000/_nuxt/@id/virtual:nuxt:C:/Users/LucasFelber/Documents/SideProjects/cypress-submit-reload/.nuxt/pages.mjs' } +24ms
  cypress:network:agent got family { family: 6, href: 'http://localhost:3000/_nuxt/@id/virtual:nuxt:C:/Users/LucasFelber/Documents/SideProjects/cypress-submit-reload/.nuxt/pages.mjs' } +0ms
  cypress:server:request received status code & headers on request { requestId: 'request112', statusCode: 200, headers: { 'content-type': 'application/javascript' } } +14ms
  cypress:server:request successful response received { requestId: 'request112' } +1ms
  cypress:net-stubbing:server:intercept-response InterceptResponse { req: { url: '/_nuxt/@id/virtual:nuxt:C:/Users/LucasFelber/Documents/SideProjects/cypress-submit-reload/.nuxt/pages.mjs' }, request: undefined } +14ms
  cypress:network:cors Parsed URL { port: '3000', protocol: 'http:', subdomain: null, domain: '', tld: 'localhost' } +7ms
  cypress:server:remote-states getting remote state: { auth: null, origin: 'http://localhost:3000', strategy: 'http', fileServer: null, domainName: 'localhost', props: { port: '3000', protocol: 'http:', subdomain: null, domain: '', tld: 'localhost' } } for: http://localhost:3000 +7ms
  cypress:network:cors Parsed URL { port: '3000', protocol: 'http:', subdomain: null, domain: '', tld: 'localhost' } +1ms
  cypress:network:cors Parsed URL { port: '3000', protocol: 'http:', subdomain: null, domain: '', tld: 'localhost' } +0ms
  cypress:server:remote-states getting primary remote state: { auth: null, origin: 'http://localhost:3000', strategy: 'http', fileServer: null, domainName: 'localhost', props: { port: '3000', protocol: 'http:', subdomain: null, domain: '', tld: 'localhost' } } +1ms
  cypress:network:cors Parsed URL { port: '3000', protocol: 'http:', subdomain: null, domain: '', tld: 'localhost' } +0ms
  cypress:network:cors Parsed URL { port: '3000', protocol: 'http:', subdomain: null, domain: '', tld: 'localhost' } +0ms
  cypress:network:cors Parsed URL { port: '3000', protocol: 'http:', subdomain: null, domain: '', tld: 'localhost' } +0ms
  cypress:server:remote-states getting remote state: { auth: null, origin: 'http://localhost:3000', strategy: 'http', fileServer: null, domainName: 'localhost', props: { port: '3000', protocol: 'http:', subdomain: null, domain: '', tld: 'localhost' } } for: http://localhost:3000 +0ms
  cypress:network:cors Parsed URL { port: '3000', protocol: 'http:', subdomain: null, domain: '', tld: 'localhost' } +11ms
  cypress:network:cors Parsed URL { port: '3000', protocol: 'http:', subdomain: null, domain: '', tld: 'localhost' } +0ms
  cypress:network:cors Parsed URL { port: '3000', protocol: 'http:', subdomain: null, domain: '', tld: 'localhost' } +1ms
  cypress:server:remote-states getting remote state: { auth: null, origin: 'http://localhost:3000', strategy: 'http', fileServer: null, domainName: 'localhost', props: { port: '3000', protocol: 'http:', subdomain: null, domain: '', tld: 'localhost' } } for: http://localhost:3000/_nuxt/node_modules/unenv/runtime/node/events/_events.mjs?v=b9068561 +12ms
  cypress:network:cors Parsed URL { port: '3000', protocol: 'http:', subdomain: null, domain: '', tld: 'localhost' } +0ms
  cypress:server:remote-states getting remote state: { auth: null, origin: 'http://localhost:3000', strategy: 'http', fileServer: null, domainName: 'localhost', props: { port: '3000', protocol: 'http:', subdomain: null, domain: '', tld: 'localhost' } } for: http://localhost:3000 +0ms
  cypress:server:stream_buffer stream buffer writeable final called +19ms
  cypress:network:agent addRequest called { isHttps: false, href: 'http://localhost:3000/_nuxt/node_modules/unenv/runtime/node/events/_events.mjs?v=b9068561' } +19ms
  cypress:network:agent got family { family: 6, href: 'http://localhost:3000/_nuxt/node_modules/unenv/runtime/node/events/_events.mjs?v=b9068561' } +1ms
  cypress:server:request received status code & headers on request { requestId: 'request113', statusCode: 200, headers: { 'content-type': 'application/javascript' } } +21ms
  cypress:server:request successful response received { requestId: 'request113' } +0ms
  cypress:net-stubbing:server:intercept-response InterceptResponse { req: { url: '/_nuxt/node_modules/unenv/runtime/node/events/_events.mjs?v=b9068561' }, request: undefined } +22ms
  cypress:network:cors Parsed URL { port: '3000', protocol: 'http:', subdomain: null, domain: '', tld: 'localhost' } +9ms
  cypress:server:remote-states getting remote state: { auth: null, origin: 'http://localhost:3000', strategy: 'http', fileServer: null, domainName: 'localhost', props: { port: '3000', protocol: 'http:', subdomain: null, domain: '', tld: 'localhost' } } for: http://localhost:3000 +9ms
  cypress:network:cors Parsed URL { port: '3000', protocol: 'http:', subdomain: null, domain: '', tld: 'localhost' } +0ms
  cypress:network:cors Parsed URL { port: '3000', protocol: 'http:', subdomain: null, domain: '', tld: 'localhost' } +0ms
  cypress:server:remote-states getting primary remote state: { auth: null, origin: 'http://localhost:3000', strategy: 'http', fileServer: null, domainName: 'localhost', props: { port: '3000', protocol: 'http:', subdomain: null, domain: '', tld: 'localhost' } } +0ms
  cypress:network:cors Parsed URL { port: '3000', protocol: 'http:', subdomain: null, domain: '', tld: 'localhost' } +1ms
  cypress:network:cors Parsed URL { port: '3000', protocol: 'http:', subdomain: null, domain: '', tld: 'localhost' } +0ms
  cypress:network:cors Parsed URL { port: '3000', protocol: 'http:', subdomain: null, domain: '', tld: 'localhost' } +0ms
  cypress:server:remote-states getting remote state: { auth: null, origin: 'http://localhost:3000', strategy: 'http', fileServer: null, domainName: 'localhost', props: { port: '3000', protocol: 'http:', subdomain: null, domain: '', tld: 'localhost' } } for: http://localhost:3000 +1ms
  cypress:network:cors Parsed URL { port: '3000', protocol: 'http:', subdomain: null, domain: '', tld: 'localhost' } +4ms
  cypress:network:cors Parsed URL { port: '3000', protocol: 'http:', subdomain: null, domain: '', tld: 'localhost' } +1ms
  cypress:network:cors Parsed URL { port: '3000', protocol: 'http:', subdomain: null, domain: '', tld: 'localhost' } +0ms
  cypress:server:remote-states getting remote state: { auth: null, origin: 'http://localhost:3000', strategy: 'http', fileServer: null, domainName: 'localhost', props: { port: '3000', protocol: 'http:', subdomain: null, domain: '', tld: 'localhost' } } for: http://localhost:3000/_nuxt/node_modules/@vue/shared/dist/shared.esm-bundler.js?v=b9068561 +5ms
  cypress:network:cors Parsed URL { port: '3000', protocol: 'http:', subdomain: null, domain: '', tld: 'localhost' } +0ms
  cypress:server:remote-states getting remote state: { auth: null, origin: 'http://localhost:3000', strategy: 'http', fileServer: null, domainName: 'localhost', props: { port: '3000', protocol: 'http:', subdomain: null, domain: '', tld: 'localhost' } } for: http://localhost:3000 +0ms
  cypress:server:stream_buffer stream buffer writeable final called +16ms
  cypress:network:agent addRequest called { isHttps: false, href: 'http://localhost:3000/_nuxt/node_modules/@vue/shared/dist/shared.esm-bundler.js?v=b9068561' } +15ms
  cypress:network:agent got family { family: 6, href: 'http://localhost:3000/_nuxt/node_modules/@vue/shared/dist/shared.esm-bundler.js?v=b9068561' } +0ms
  cypress:server:request received status code & headers on request { requestId: 'request114', statusCode: 200, headers: { 'content-type': 'application/javascript' } } +16ms
  cypress:server:request successful response received { requestId: 'request114' } +0ms
  cypress:net-stubbing:server:intercept-response InterceptResponse { req: { url: '/_nuxt/node_modules/@vue/shared/dist/shared.esm-bundler.js?v=b9068561' }, request: undefined } +16ms
  cypress:network:cors Parsed URL { port: '3000', protocol: 'http:', subdomain: null, domain: '', tld: 'localhost' } +10ms
  cypress:server:remote-states getting remote state: { auth: null, origin: 'http://localhost:3000', strategy: 'http', fileServer: null, domainName: 'localhost', props: { port: '3000', protocol: 'http:', subdomain: null, domain: '', tld: 'localhost' } } for: http://localhost:3000 +10ms
  cypress:network:cors Parsed URL { port: '3000', protocol: 'http:', subdomain: null, domain: '', tld: 'localhost' } +0ms
  cypress:network:cors Parsed URL { port: '3000', protocol: 'http:', subdomain: null, domain: '', tld: 'localhost' } +0ms
  cypress:server:remote-states getting primary remote state: { auth: null, origin: 'http://localhost:3000', strategy: 'http', fileServer: null, domainName: 'localhost', props: { port: '3000', protocol: 'http:', subdomain: null, domain: '', tld: 'localhost' } } +0ms
  cypress:network:cors Parsed URL { port: '3000', protocol: 'http:', subdomain: null, domain: '', tld: 'localhost' } +0ms
  cypress:network:cors Parsed URL { port: '3000', protocol: 'http:', subdomain: null, domain: '', tld: 'localhost' } +0ms
  cypress:network:cors Parsed URL { port: '3000', protocol: 'http:', subdomain: null, domain: '', tld: 'localhost' } +1ms
  cypress:server:remote-states getting remote state: { auth: null, origin: 'http://localhost:3000', strategy: 'http', fileServer: null, domainName: 'localhost', props: { port: '3000', protocol: 'http:', subdomain: null, domain: '', tld: 'localhost' } } for: http://localhost:3000 +1ms
  cypress:network:cors Parsed URL { port: '3000', protocol: 'http:', subdomain: null, domain: '', tld: 'localhost' } +30ms
  cypress:network:cors Parsed URL { port: '3000', protocol: 'http:', subdomain: null, domain: '', tld: 'localhost' } +0ms
  cypress:network:cors Parsed URL { port: '3000', protocol: 'http:', subdomain: null, domain: '', tld: 'localhost' } +0ms
  cypress:server:remote-states getting remote state: { auth: null, origin: 'http://localhost:3000', strategy: 'http', fileServer: null, domainName: 'localhost', props: { port: '3000', protocol: 'http:', subdomain: null, domain: '', tld: 'localhost' } } for: http://localhost:3000/_nuxt/pages/signup.vue?t=1697611807085 +30ms
  cypress:network:cors Parsed URL { port: '3000', protocol: 'http:', subdomain: null, domain: '', tld: 'localhost' } +0ms
  cypress:server:remote-states getting remote state: { auth: null, origin: 'http://localhost:3000', strategy: 'http', fileServer: null, domainName: 'localhost', props: { port: '3000', protocol: 'http:', subdomain: null, domain: '', tld: 'localhost' } } for: http://localhost:3000 +0ms
  cypress:server:stream_buffer stream buffer writeable final called +41ms
  cypress:network:agent addRequest called { isHttps: false, href: 'http://localhost:3000/_nuxt/pages/signup.vue?t=1697611807085' } +41ms
  cypress:network:agent got family { family: 6, href: 'http://localhost:3000/_nuxt/pages/signup.vue?t=1697611807085' } +0ms
  cypress:server:request received status code & headers on request { requestId: 'request115', statusCode: 200, headers: { 'content-type': 'application/javascript' } } +44ms
  cypress:server:request successful response received { requestId: 'request115' } +0ms
  cypress:net-stubbing:server:intercept-response InterceptResponse { req: { url: '/_nuxt/pages/signup.vue?t=1697611807085' }, request: undefined } +44ms
  cypress:network:cors Parsed URL { port: '3000', protocol: 'http:', subdomain: null, domain: '', tld: 'localhost' } +13ms
  cypress:server:remote-states getting remote state: { auth: null, origin: 'http://localhost:3000', strategy: 'http', fileServer: null, domainName: 'localhost', props: { port: '3000', protocol: 'http:', subdomain: null, domain: '', tld: 'localhost' } } for: http://localhost:3000 +13ms
  cypress:network:cors Parsed URL { port: '3000', protocol: 'http:', subdomain: null, domain: '', tld: 'localhost' } +0ms
  cypress:network:cors Parsed URL { port: '3000', protocol: 'http:', subdomain: null, domain: '', tld: 'localhost' } +0ms
  cypress:server:remote-states getting primary remote state: { auth: null, origin: 'http://localhost:3000', strategy: 'http', fileServer: null, domainName: 'localhost', props: { port: '3000', protocol: 'http:', subdomain: null, domain: '', tld: 'localhost' } } +0ms
  cypress:network:cors Parsed URL { port: '3000', protocol: 'http:', subdomain: null, domain: '', tld: 'localhost' } +0ms
  cypress:network:cors Parsed URL { port: '3000', protocol: 'http:', subdomain: null, domain: '', tld: 'localhost' } +1ms
  cypress:network:cors Parsed URL { port: '3000', protocol: 'http:', subdomain: null, domain: '', tld: 'localhost' } +0ms
  cypress:server:remote-states getting remote state: { auth: null, origin: 'http://localhost:3000', strategy: 'http', fileServer: null, domainName: 'localhost', props: { port: '3000', protocol: 'http:', subdomain: null, domain: '', tld: 'localhost' } } for: http://localhost:3000 +1ms
  cypress:network:cors Parsed URL { port: '3000', protocol: 'http:', subdomain: null, domain: '', tld: 'localhost' } +38ms
  cypress:network:cors Parsed URL { port: '3000', protocol: 'http:', subdomain: null, domain: '', tld: 'localhost' } +1ms
  cypress:network:cors Parsed URL { port: '3000', protocol: 'http:', subdomain: null, domain: '', tld: 'localhost' } +0ms
  cypress:server:remote-states getting remote state: { auth: null, origin: 'http://localhost:3000', strategy: 'http', fileServer: null, domainName: 'localhost', props: { port: '3000', protocol: 'http:', subdomain: null, domain: '', tld: 'localhost' } } for: http://localhost:3000/_nuxt/components/TextInput.vue?t=1697611151730 +39ms
  cypress:network:cors Parsed URL { port: '3000', protocol: 'http:', subdomain: null, domain: '', tld: 'localhost' } +0ms
  cypress:server:remote-states getting remote state: { auth: null, origin: 'http://localhost:3000', strategy: 'http', fileServer: null, domainName: 'localhost', props: { port: '3000', protocol: 'http:', subdomain: null, domain: '', tld: 'localhost' } } for: http://localhost:3000 +0ms
  cypress:server:stream_buffer stream buffer writeable final called +53ms
  cypress:network:agent addRequest called { isHttps: false, href: 'http://localhost:3000/_nuxt/components/TextInput.vue?t=1697611151730' } +53ms
  cypress:network:agent got family { family: 6, href: 'http://localhost:3000/_nuxt/components/TextInput.vue?t=1697611151730' } +0ms
  cypress:network:cors Parsed URL { port: '3000', protocol: 'http:', subdomain: null, domain: '', tld: 'localhost' } +4ms
  cypress:network:cors Parsed URL { port: '3000', protocol: 'http:', subdomain: null, domain: '', tld: 'localhost' } +0ms
  cypress:network:cors Parsed URL { port: '3000', protocol: 'http:', subdomain: null, domain: '', tld: 'localhost' } +0ms
  cypress:server:remote-states getting remote state: { auth: null, origin: 'http://localhost:3000', strategy: 'http', fileServer: null, domainName: 'localhost', props: { port: '3000', protocol: 'http:', subdomain: null, domain: '', tld: 'localhost' } } for: http://localhost:3000/_nuxt/components/Button.vue?t=1697611148201 +5ms
  cypress:network:cors Parsed URL { port: '3000', protocol: 'http:', subdomain: null, domain: '', tld: 'localhost' } +1ms
  cypress:server:remote-states getting remote state: { auth: null, origin: 'http://localhost:3000', strategy: 'http', fileServer: null, domainName: 'localhost', props: { port: '3000', protocol: 'http:', subdomain: null, domain: '', tld: 'localhost' } } for: http://localhost:3000 +0ms
  cypress:server:stream_buffer stream buffer writeable final called +5ms
  cypress:network:agent addRequest called { isHttps: false, href: 'http://localhost:3000/_nuxt/components/Button.vue?t=1697611148201' } +5ms
  cypress:network:agent got family { family: 6, href: 'http://localhost:3000/_nuxt/components/Button.vue?t=1697611148201' } +0ms
  cypress:network:cors Parsed URL { port: '3000', protocol: 'http:', subdomain: null, domain: '', tld: 'localhost' } +3ms
  cypress:network:cors Parsed URL { port: '3000', protocol: 'http:', subdomain: null, domain: '', tld: 'localhost' } +1ms
  cypress:network:cors Parsed URL { port: '3000', protocol: 'http:', subdomain: null, domain: '', tld: 'localhost' } +0ms
  cypress:server:remote-states getting remote state: { auth: null, origin: 'http://localhost:3000', strategy: 'http', fileServer: null, domainName: 'localhost', props: { port: '3000', protocol: 'http:', subdomain: null, domain: '', tld: 'localhost' } } for: http://localhost:3000/_nuxt/node_modules/.cache/vite/client/deps/vee-validate.js?v=b9068561 +4ms
  cypress:network:cors Parsed URL { port: '3000', protocol: 'http:', subdomain: null, domain: '', tld: 'localhost' } +0ms
  cypress:server:remote-states getting remote state: { auth: null, origin: 'http://localhost:3000', strategy: 'http', fileServer: null, domainName: 'localhost', props: { port: '3000', protocol: 'http:', subdomain: null, domain: '', tld: 'localhost' } } for: http://localhost:3000 +0ms
  cypress:server:stream_buffer stream buffer writeable final called +4ms
  cypress:network:agent addRequest called { isHttps: false, href: 'http://localhost:3000/_nuxt/node_modules/.cache/vite/client/deps/vee-validate.js?v=b9068561' } +4ms
  cypress:network:agent got family { family: 6, href: 'http://localhost:3000/_nuxt/node_modules/.cache/vite/client/deps/vee-validate.js?v=b9068561' } +0ms
  cypress:server:request received status code & headers on request { requestId: 'request116', statusCode: 200, headers: { 'content-type': 'application/javascript' } } +55ms
  cypress:server:request successful response received { requestId: 'request116' } +0ms
  cypress:net-stubbing:server:intercept-response InterceptResponse { req: { url: '/_nuxt/components/TextInput.vue?t=1697611151730' }, request: undefined } +55ms
  cypress:network:cors Parsed URL { port: '3000', protocol: 'http:', subdomain: null, domain: '', tld: 'localhost' } +7ms
  cypress:server:remote-states getting remote state: { auth: null, origin: 'http://localhost:3000', strategy: 'http', fileServer: null, domainName: 'localhost', props: { port: '3000', protocol: 'http:', subdomain: null, domain: '', tld: 'localhost' } } for: http://localhost:3000 +7ms
  cypress:network:cors Parsed URL { port: '3000', protocol: 'http:', subdomain: null, domain: '', tld: 'localhost' } +0ms
  cypress:network:cors Parsed URL { port: '3000', protocol: 'http:', subdomain: null, domain: '', tld: 'localhost' } +0ms
  cypress:server:remote-states getting primary remote state: { auth: null, origin: 'http://localhost:3000', strategy: 'http', fileServer: null, domainName: 'localhost', props: { port: '3000', protocol: 'http:', subdomain: null, domain: '', tld: 'localhost' } } +0ms
  cypress:network:cors Parsed URL { port: '3000', protocol: 'http:', subdomain: null, domain: '', tld: 'localhost' } +0ms
  cypress:network:cors Parsed URL { port: '3000', protocol: 'http:', subdomain: null, domain: '', tld: 'localhost' } +0ms
  cypress:network:cors Parsed URL { port: '3000', protocol: 'http:', subdomain: null, domain: '', tld: 'localhost' } +1ms
  cypress:server:remote-states getting remote state: { auth: null, origin: 'http://localhost:3000', strategy: 'http', fileServer: null, domainName: 'localhost', props: { port: '3000', protocol: 'http:', subdomain: null, domain: '', tld: 'localhost' } } for: http://localhost:3000 +1ms
  cypress:server:request received status code & headers on request { requestId: 'request117', statusCode: 200, headers: { 'content-type': 'application/javascript' } } +7ms
  cypress:server:request successful response received { requestId: 'request117' } +0ms
  cypress:net-stubbing:server:intercept-response InterceptResponse { req: { url: '/_nuxt/components/Button.vue?t=1697611148201' }, request: undefined } +8ms
  cypress:network:cors Parsed URL { port: '3000', protocol: 'http:', subdomain: null, domain: '', tld: 'localhost' } +6ms
  cypress:server:remote-states getting remote state: { auth: null, origin: 'http://localhost:3000', strategy: 'http', fileServer: null, domainName: 'localhost', props: { port: '3000', protocol: 'http:', subdomain: null, domain: '', tld: 'localhost' } } for: http://localhost:3000 +6ms
  cypress:network:cors Parsed URL { port: '3000', protocol: 'http:', subdomain: null, domain: '', tld: 'localhost' } +1ms
  cypress:network:cors Parsed URL { port: '3000', protocol: 'http:', subdomain: null, domain: '', tld: 'localhost' } +0ms
  cypress:server:remote-states getting primary remote state: { auth: null, origin: 'http://localhost:3000', strategy: 'http', fileServer: null, domainName: 'localhost', props: { port: '3000', protocol: 'http:', subdomain: null, domain: '', tld: 'localhost' } } +1ms
  cypress:network:cors Parsed URL { port: '3000', protocol: 'http:', subdomain: null, domain: '', tld: 'localhost' } +0ms
  cypress:network:cors Parsed URL { port: '3000', protocol: 'http:', subdomain: null, domain: '', tld: 'localhost' } +0ms
  cypress:network:cors Parsed URL { port: '3000', protocol: 'http:', subdomain: null, domain: '', tld: 'localhost' } +0ms
  cypress:server:remote-states getting remote state: { auth: null, origin: 'http://localhost:3000', strategy: 'http', fileServer: null, domainName: 'localhost', props: { port: '3000', protocol: 'http:', subdomain: null, domain: '', tld: 'localhost' } } for: http://localhost:3000 +0ms
  cypress:network:cors Parsed URL { port: '3000', protocol: 'http:', subdomain: null, domain: '', tld: 'localhost' } +5ms
  cypress:network:cors Parsed URL { port: '3000', protocol: 'http:', subdomain: null, domain: '', tld: 'localhost' } +0ms
  cypress:network:cors Parsed URL { port: '3000', protocol: 'http:', subdomain: null, domain: '', tld: 'localhost' } +0ms
  cypress:server:remote-states getting remote state: { auth: null, origin: 'http://localhost:3000', strategy: 'http', fileServer: null, domainName: 'localhost', props: { port: '3000', protocol: 'http:', subdomain: null, domain: '', tld: 'localhost' } } for: http://localhost:3000/_nuxt/node_modules/.cache/vite/client/deps/yup.js?v=b9068561 +5ms
  cypress:network:cors Parsed URL { port: '3000', protocol: 'http:', subdomain: null, domain: '', tld: 'localhost' } +1ms
  cypress:server:remote-states getting remote state: { auth: null, origin: 'http://localhost:3000', strategy: 'http', fileServer: null, domainName: 'localhost', props: { port: '3000', protocol: 'http:', subdomain: null, domain: '', tld: 'localhost' } } for: http://localhost:3000 +1ms
  cypress:server:stream_buffer stream buffer writeable final called +21ms
  cypress:network:agent addRequest called { isHttps: false, href: 'http://localhost:3000/_nuxt/node_modules/.cache/vite/client/deps/yup.js?v=b9068561' } +22ms
  cypress:network:agent got family { family: 6, href: 'http://localhost:3000/_nuxt/node_modules/.cache/vite/client/deps/yup.js?v=b9068561' } +0ms
  cypress:network:cors Parsed URL { port: '3000', protocol: 'http:', subdomain: null, domain: '', tld: 'localhost' } +8ms
  cypress:network:cors Parsed URL { port: '3000', protocol: 'http:', subdomain: null, domain: '', tld: 'localhost' } +1ms
  cypress:network:cors Parsed URL { port: '3000', protocol: 'http:', subdomain: null, domain: '', tld: 'localhost' } +1ms
  cypress:server:remote-states getting remote state: { auth: null, origin: 'http://localhost:3000', strategy: 'http', fileServer: null, domainName: 'localhost', props: { port: '3000', protocol: 'http:', subdomain: null, domain: '', tld: 'localhost' } } for: http://localhost:3000/_nuxt/pages/signup.vue?t=1697611129373&vue&type=style&index=0&scoped=a9e200fb&lang.css +10ms
  cypress:network:cors Parsed URL { port: '3000', protocol: 'http:', subdomain: null, domain: '', tld: 'localhost' } +0ms
  cypress:server:remote-states getting remote state: { auth: null, origin: 'http://localhost:3000', strategy: 'http', fileServer: null, domainName: 'localhost', props: { port: '3000', protocol: 'http:', subdomain: null, domain: '', tld: 'localhost' } } for: http://localhost:3000 +0ms
  cypress:server:stream_buffer stream buffer writeable final called +11ms
  cypress:network:agent addRequest called { isHttps: false, href: 'http://localhost:3000/_nuxt/pages/signup.vue?t=1697611129373&vue&type=style&index=0&scoped=a9e200fb&lang.css' } +10ms
  cypress:network:agent got family { family: 6, href: 'http://localhost:3000/_nuxt/pages/signup.vue?t=1697611129373&vue&type=style&index=0&scoped=a9e200fb&lang.css' } +0ms
  cypress:server:request received status code & headers on request { requestId: 'request118', statusCode: 200, headers: { 'content-type': 'application/javascript' } } +35ms
  cypress:server:request successful response received { requestId: 'request118' } +1ms
  cypress:net-stubbing:server:intercept-response InterceptResponse { req: { url: '/_nuxt/node_modules/.cache/vite/client/deps/vee-validate.js?v=b9068561' }, request: undefined } +35ms
  cypress:network:cors Parsed URL { port: '3000', protocol: 'http:', subdomain: null, domain: '', tld: 'localhost' } +18ms
  cypress:server:remote-states getting remote state: { auth: null, origin: 'http://localhost:3000', strategy: 'http', fileServer: null, domainName: 'localhost', props: { port: '3000', protocol: 'http:', subdomain: null, domain: '', tld: 'localhost' } } for: http://localhost:3000 +18ms
  cypress:network:cors Parsed URL { port: '3000', protocol: 'http:', subdomain: null, domain: '', tld: 'localhost' } +0ms
  cypress:network:cors Parsed URL { port: '3000', protocol: 'http:', subdomain: null, domain: '', tld: 'localhost' } +1ms
  cypress:server:remote-states getting primary remote state: { auth: null, origin: 'http://localhost:3000', strategy: 'http', fileServer: null, domainName: 'localhost', props: { port: '3000', protocol: 'http:', subdomain: null, domain: '', tld: 'localhost' } } +1ms
  cypress:network:cors Parsed URL { port: '3000', protocol: 'http:', subdomain: null, domain: '', tld: 'localhost' } +0ms
  cypress:network:cors Parsed URL { port: '3000', protocol: 'http:', subdomain: null, domain: '', tld: 'localhost' } +0ms
  cypress:network:cors Parsed URL { port: '3000', protocol: 'http:', subdomain: null, domain: '', tld: 'localhost' } +1ms
  cypress:server:remote-states getting remote state: { auth: null, origin: 'http://localhost:3000', strategy: 'http', fileServer: null, domainName: 'localhost', props: { port: '3000', protocol: 'http:', subdomain: null, domain: '', tld: 'localhost' } } for: http://localhost:3000 +1ms
  cypress:server:request received status code & headers on request { requestId: 'request119', statusCode: 200, headers: { 'content-type': 'application/javascript' } } +19ms
  cypress:server:request successful response received { requestId: 'request119' } +0ms
  cypress:net-stubbing:server:intercept-response InterceptResponse { req: { url: '/_nuxt/node_modules/.cache/vite/client/deps/yup.js?v=b9068561' }, request: undefined } +21ms
  cypress:network:cors Parsed URL { port: '3000', protocol: 'http:', subdomain: null, domain: '', tld: 'localhost' } +19ms
  cypress:server:remote-states getting remote state: { auth: null, origin: 'http://localhost:3000', strategy: 'http', fileServer: null, domainName: 'localhost', props: { port: '3000', protocol: 'http:', subdomain: null, domain: '', tld: 'localhost' } } for: http://localhost:3000 +19ms
  cypress:network:cors Parsed URL { port: '3000', protocol: 'http:', subdomain: null, domain: '', tld: 'localhost' } +1ms
  cypress:network:cors Parsed URL { port: '3000', protocol: 'http:', subdomain: null, domain: '', tld: 'localhost' } +0ms
  cypress:server:remote-states getting primary remote state: { auth: null, origin: 'http://localhost:3000', strategy: 'http', fileServer: null, domainName: 'localhost', props: { port: '3000', protocol: 'http:', subdomain: null, domain: '', tld: 'localhost' } } +1ms
  cypress:network:cors Parsed URL { port: '3000', protocol: 'http:', subdomain: null, domain: '', tld: 'localhost' } +0ms
  cypress:network:cors Parsed URL { port: '3000', protocol: 'http:', subdomain: null, domain: '', tld: 'localhost' } +0ms
  cypress:network:cors Parsed URL { port: '3000', protocol: 'http:', subdomain: null, domain: '', tld: 'localhost' } +0ms
  cypress:server:remote-states getting remote state: { auth: null, origin: 'http://localhost:3000', strategy: 'http', fileServer: null, domainName: 'localhost', props: { port: '3000', protocol: 'http:', subdomain: null, domain: '', tld: 'localhost' } } for: http://localhost:3000 +0ms
  cypress:server:request received status code & headers on request { requestId: 'request120', statusCode: 200, headers: { 'content-type': 'application/javascript' } } +20ms
  cypress:server:request successful response received { requestId: 'request120' } +0ms
  cypress:net-stubbing:server:intercept-response InterceptResponse { req: { url: '/_nuxt/pages/signup.vue?t=1697611129373&vue&type=style&index=0&scoped=a9e200fb&lang.css' }, request: undefined } +18ms
  cypress:network:cors Parsed URL { port: '3000', protocol: 'http:', subdomain: null, domain: '', tld: 'localhost' } +18ms
  cypress:server:remote-states getting remote state: { auth: null, origin: 'http://localhost:3000', strategy: 'http', fileServer: null, domainName: 'localhost', props: { port: '3000', protocol: 'http:', subdomain: null, domain: '', tld: 'localhost' } } for: http://localhost:3000 +18ms
  cypress:network:cors Parsed URL { port: '3000', protocol: 'http:', subdomain: null, domain: '', tld: 'localhost' } +0ms
  cypress:network:cors Parsed URL { port: '3000', protocol: 'http:', subdomain: null, domain: '', tld: 'localhost' } +0ms
  cypress:server:remote-states getting primary remote state: { auth: null, origin: 'http://localhost:3000', strategy: 'http', fileServer: null, domainName: 'localhost', props: { port: '3000', protocol: 'http:', subdomain: null, domain: '', tld: 'localhost' } } +0ms
  cypress:network:cors Parsed URL { port: '3000', protocol: 'http:', subdomain: null, domain: '', tld: 'localhost' } +0ms
  cypress:network:cors Parsed URL { port: '3000', protocol: 'http:', subdomain: null, domain: '', tld: 'localhost' } +0ms
  cypress:network:cors Parsed URL { port: '3000', protocol: 'http:', subdomain: null, domain: '', tld: 'localhost' } +0ms
  cypress:server:remote-states getting remote state: { auth: null, origin: 'http://localhost:3000', strategy: 'http', fileServer: null, domainName: 'localhost', props: { port: '3000', protocol: 'http:', subdomain: null, domain: '', tld: 'localhost' } } for: http://localhost:3000 +0ms
  cypress:network:cors Parsed URL { port: '3000', protocol: 'http:', subdomain: null, domain: '', tld: 'localhost' } +12ms
  cypress:network:cors Parsed URL { port: '3000', protocol: 'http:', subdomain: null, domain: '', tld: 'localhost' } +0ms
  cypress:network:cors Parsed URL { port: '3000', protocol: 'http:', subdomain: null, domain: '', tld: 'localhost' } +0ms
  cypress:network:cors Parsed URL { port: '3000', protocol: 'http:', subdomain: null, domain: '', tld: 'localhost' } +0ms
  cypress:network:cors Parsed URL { port: '3000', protocol: 'http:', subdomain: null, domain: '', tld: 'localhost' } +0ms
  cypress:network:cors Parsed URL { port: '3000', protocol: 'http:', subdomain: null, domain: '', tld: 'localhost' } +1ms
  cypress:network:cors Parsed URL { port: '3000', protocol: 'http:', subdomain: null, domain: '', tld: 'localhost' } +7ms
  cypress:server:remote-states getting remote state: { auth: null, origin: 'http://localhost:3000', strategy: 'http', fileServer: null, domainName: 'localhost', props: { port: '3000', protocol: 'http:', subdomain: null, domain: '', tld: 'localhost' } } for: http://localhost:3000/signup?email=&password= +20ms
  cypress:network:cors Parsed URL { port: '3000', protocol: 'http:', subdomain: null, domain: '', tld: 'localhost' } +0ms
  cypress:server:remote-states getting remote state: { auth: null, origin: 'http://localhost:3000', strategy: 'http', fileServer: null, domainName: 'localhost', props: { port: '3000', protocol: 'http:', subdomain: null, domain: '', tld: 'localhost' } } for: http://localhost:3000 +0ms
  cypress:server:stream_buffer stream buffer writeable final called +76ms
  cypress:network:agent addRequest called { isHttps: false, href: 'http://localhost:3000/signup?email=&password=' } +77ms
  cypress:network:agent got family { family: 6, href: 'http://localhost:3000/signup?email=&password=' } +0ms
  cypress:network:cors Parsed URL { port: '3000', protocol: 'http:', subdomain: null, domain: '', tld: 'localhost' } +21ms
  cypress:network:cors Parsed URL { port: '3000', protocol: 'http:', subdomain: null, domain: '', tld: 'localhost' } +0ms
  cypress:network:cors Parsed URL { port: '3000', protocol: 'http:', subdomain: null, domain: '', tld: 'localhost' } +0ms
  cypress:server:remote-states getting remote state: { auth: null, origin: 'http://localhost:3000', strategy: 'http', fileServer: null, domainName: 'localhost', props: { port: '3000', protocol: 'http:', subdomain: null, domain: '', tld: 'localhost' } } for: http://localhost:3000/_nuxt/components/TextInput.vue?vue&type=style&index=0&scoped=4f98be6b&lang.scss +21ms
  cypress:network:cors Parsed URL { port: '3000', protocol: 'http:', subdomain: null, domain: '', tld: 'localhost' } +1ms
  cypress:server:remote-states getting remote state: { auth: null, origin: 'http://localhost:3000', strategy: 'http', fileServer: null, domainName: 'localhost', props: { port: '3000', protocol: 'http:', subdomain: null, domain: '', tld: 'localhost' } } for: http://localhost:3000 +1ms
  cypress:server:stream_buffer stream buffer writeable final called +23ms
  cypress:network:agent addRequest called { isHttps: false, href: 'http://localhost:3000/_nuxt/components/TextInput.vue?vue&type=style&index=0&scoped=4f98be6b&lang.scss' } +22ms
  cypress:network:agent got family { family: 6, href: 'http://localhost:3000/_nuxt/components/TextInput.vue?vue&type=style&index=0&scoped=4f98be6b&lang.scss' } +0ms
  cypress:network:cors Parsed URL { port: '3000', protocol: 'http:', subdomain: null, domain: '', tld: 'localhost' } +4ms
  cypress:network:cors Parsed URL { port: '3000', protocol: 'http:', subdomain: null, domain: '', tld: 'localhost' } +0ms
  cypress:network:cors Parsed URL { port: '3000', protocol: 'http:', subdomain: null, domain: '', tld: 'localhost' } +1ms
  cypress:server:remote-states getting remote state: { auth: null, origin: 'http://localhost:3000', strategy: 'http', fileServer: null, domainName: 'localhost', props: { port: '3000', protocol: 'http:', subdomain: null, domain: '', tld: 'localhost' } } for: http://localhost:3000/_nuxt/components/Button.vue?t=1697611148201&vue&type=style&index=0&scoped=b534b83e&lang.css +5ms
  cypress:network:cors Parsed URL { port: '3000', protocol: 'http:', subdomain: null, domain: '', tld: 'localhost' } +0ms
  cypress:server:remote-states getting remote state: { auth: null, origin: 'http://localhost:3000', strategy: 'http', fileServer: null, domainName: 'localhost', props: { port: '3000', protocol: 'http:', subdomain: null, domain: '', tld: 'localhost' } } for: http://localhost:3000 +0ms
  cypress:server:stream_buffer stream buffer writeable final called +6ms
  cypress:network:agent addRequest called { isHttps: false, href: 'http://localhost:3000/_nuxt/components/Button.vue?t=1697611148201&vue&type=style&index=0&scoped=b534b83e&lang.css' } +6ms
  cypress:network:agent got family { family: 6, href: 'http://localhost:3000/_nuxt/components/Button.vue?t=1697611148201&vue&type=style&index=0&scoped=b534b83e&lang.css' } +0ms
  cypress:server:request received status code & headers on request { requestId: 'request122', statusCode: 200, headers: { 'content-type': 'application/javascript' } } +54ms
  cypress:server:request successful response received { requestId: 'request122' } +0ms
  cypress:net-stubbing:server:intercept-response InterceptResponse { req: { url: '/_nuxt/components/TextInput.vue?vue&type=style&index=0&scoped=4f98be6b&lang.scss' }, request: undefined } +57ms
  cypress:network:cors Parsed URL { port: '3000', protocol: 'http:', subdomain: null, domain: '', tld: 'localhost' } +10ms
  cypress:server:remote-states getting remote state: { auth: null, origin: 'http://localhost:3000', strategy: 'http', fileServer: null, domainName: 'localhost', props: { port: '3000', protocol: 'http:', subdomain: null, domain: '', tld: 'localhost' } } for: http://localhost:3000 +10ms
  cypress:network:cors Parsed URL { port: '3000', protocol: 'http:', subdomain: null, domain: '', tld: 'localhost' } +0ms
  cypress:network:cors Parsed URL { port: '3000', protocol: 'http:', subdomain: null, domain: '', tld: 'localhost' } +0ms
  cypress:server:remote-states getting primary remote state: { auth: null, origin: 'http://localhost:3000', strategy: 'http', fileServer: null, domainName: 'localhost', props: { port: '3000', protocol: 'http:', subdomain: null, domain: '', tld: 'localhost' } } +0ms
  cypress:network:cors Parsed URL { port: '3000', protocol: 'http:', subdomain: null, domain: '', tld: 'localhost' } +1ms
  cypress:network:cors Parsed URL { port: '3000', protocol: 'http:', subdomain: null, domain: '', tld: 'localhost' } +0ms
  cypress:network:cors Parsed URL { port: '3000', protocol: 'http:', subdomain: null, domain: '', tld: 'localhost' } +0ms
  cypress:server:remote-states getting remote state: { auth: null, origin: 'http://localhost:3000', strategy: 'http', fileServer: null, domainName: 'localhost', props: { port: '3000', protocol: 'http:', subdomain: null, domain: '', tld: 'localhost' } } for: http://localhost:3000 +1ms
  cypress:server:request received status code & headers on request { requestId: 'request121', statusCode: 200, headers: { 'content-type': 'text/html;charset=utf-8' } } +9ms
  cypress:server:request successful response received { requestId: 'request121' } +1ms
  cypress:net-stubbing:server:intercept-response InterceptResponse { req: { url: '/signup?email=&password=' }, request: undefined } +7ms
  cypress:network:cors Parsed URL { port: '3000', protocol: 'http:', subdomain: null, domain: '', tld: 'localhost' } +5ms
  cypress:server:remote-states getting remote state: { auth: null, origin: 'http://localhost:3000', strategy: 'http', fileServer: null, domainName: 'localhost', props: { port: '3000', protocol: 'http:', subdomain: null, domain: '', tld: 'localhost' } } for: http://localhost:3000 +6ms
  cypress:network:cors Parsed URL { port: '3000', protocol: 'http:', subdomain: null, domain: '', tld: 'localhost' } +1ms
  cypress:network:cors Parsed URL { port: '3000', protocol: 'http:', subdomain: null, domain: '', tld: 'localhost' } +0ms
  cypress:server:remote-states getting primary remote state: { auth: null, origin: 'http://localhost:3000', strategy: 'http', fileServer: null, domainName: 'localhost', props: { port: '3000', protocol: 'http:', subdomain: null, domain: '', tld: 'localhost' } } +0ms
  cypress:network:cors Parsed URL { port: '3000', protocol: 'http:', subdomain: null, domain: '', tld: 'localhost' } +0ms
  cypress:network:cors Parsed URL { port: '3000', protocol: 'http:', subdomain: null, domain: '', tld: 'localhost' } +0ms
  cypress:network:cors Parsed URL { port: '3000', protocol: 'http:', subdomain: null, domain: '', tld: 'localhost' } +1ms
  cypress:server:remote-states getting remote state: { auth: null, origin: 'http://localhost:3000', strategy: 'http', fileServer: null, domainName: 'localhost', props: { port: '3000', protocol: 'http:', subdomain: null, domain: '', tld: 'localhost' } } for: http://localhost:3000 +1ms
  cypress:network:cors Parsed URL { port: '3000', protocol: 'http:', subdomain: null, domain: '', tld: 'localhost' } +1ms
  cypress:server:request received status code & headers on request { requestId: 'request123', statusCode: 200, headers: { 'content-type': 'application/javascript' } } +5ms
  cypress:server:request successful response received { requestId: 'request123' } +0ms
  cypress:net-stubbing:server:intercept-response InterceptResponse { req: { url: '/_nuxt/components/Button.vue?t=1697611148201&vue&type=style&index=0&scoped=b534b83e&lang.css' }, request: undefined } +6ms
  cypress:network:cors Parsed URL { port: '3000', protocol: 'http:', subdomain: null, domain: '', tld: 'localhost' } +3ms
  cypress:server:remote-states getting remote state: { auth: null, origin: 'http://localhost:3000', strategy: 'http', fileServer: null, domainName: 'localhost', props: { port: '3000', protocol: 'http:', subdomain: null, domain: '', tld: 'localhost' } } for: http://localhost:3000 +4ms
  cypress:network:cors Parsed URL { port: '3000', protocol: 'http:', subdomain: null, domain: '', tld: 'localhost' } +0ms
  cypress:network:cors Parsed URL { port: '3000', protocol: 'http:', subdomain: null, domain: '', tld: 'localhost' } +0ms
  cypress:server:remote-states getting primary remote state: { auth: null, origin: 'http://localhost:3000', strategy: 'http', fileServer: null, domainName: 'localhost', props: { port: '3000', protocol: 'http:', subdomain: null, domain: '', tld: 'localhost' } } +0ms
  cypress:network:cors Parsed URL { port: '3000', protocol: 'http:', subdomain: null, domain: '', tld: 'localhost' } +1ms
  cypress:network:cors Parsed URL { port: '3000', protocol: 'http:', subdomain: null, domain: '', tld: 'localhost' } +0ms
  cypress:network:cors Parsed URL { port: '3000', protocol: 'http:', subdomain: null, domain: '', tld: 'localhost' } +0ms
  cypress:server:remote-states getting remote state: { auth: null, origin: 'http://localhost:3000', strategy: 'http', fileServer: null, domainName: 'localhost', props: { port: '3000', protocol: 'http:', subdomain: null, domain: '', tld: 'localhost' } } for: http://localhost:3000 +1ms
  cypress:server:util:socket_allowed allowed socket closed, removing { localPort: 56536 } +2s
  cypress:network:cors Parsed URL { port: '3000', protocol: 'http:', subdomain: null, domain: '', tld: 'localhost' } +42ms
  cypress:network:cors Parsed URL { port: '3000', protocol: 'http:', subdomain: null, domain: '', tld: 'localhost' } +0ms
  cypress:network:cors Parsed URL { port: '3000', protocol: 'http:', subdomain: null, domain: '', tld: 'localhost' } +1ms
  cypress:server:remote-states getting remote state: { auth: null, origin: 'http://localhost:3000', strategy: 'http', fileServer: null, domainName: 'localhost', props: { port: '3000', protocol: 'http:', subdomain: null, domain: '', tld: 'localhost' } } for: http://localhost:3000/_nuxt/node_modules/@nuxt/devtools/dist/runtime/plugins/view/client.mjs?v=b9068561 +43ms
  cypress:network:cors Parsed URL { port: '3000', protocol: 'http:', subdomain: null, domain: '', tld: 'localhost' } +0ms
  cypress:server:remote-states getting remote state: { auth: null, origin: 'http://localhost:3000', strategy: 'http', fileServer: null, domainName: 'localhost', props: { port: '3000', protocol: 'http:', subdomain: null, domain: '', tld: 'localhost' } } for: http://localhost:3000 +0ms
  cypress:network:cors Parsed URL { port: '3000', protocol: 'http:', subdomain: null, domain: '', tld: 'localhost' } +5ms
  cypress:network:cors Parsed URL { port: '3000', protocol: 'http:', subdomain: null, domain: '', tld: 'localhost' } +0ms
  cypress:network:cors Parsed URL { port: '3000', protocol: 'http:', subdomain: null, domain: '', tld: 'localhost' } +1ms
  cypress:server:remote-states getting remote state: { auth: null, origin: 'http://localhost:3000', strategy: 'http', fileServer: null, domainName: 'localhost', props: { port: '3000', protocol: 'http:', subdomain: null, domain: '', tld: 'localhost' } } for: http://localhost:3000/_nuxt/layouts/default.vue?t=1697610995630 +6ms
  cypress:network:cors Parsed URL { port: '3000', protocol: 'http:', subdomain: null, domain: '', tld: 'localhost' } +0ms
  cypress:server:remote-states getting remote state: { auth: null, origin: 'http://localhost:3000', strategy: 'http', fileServer: null, domainName: 'localhost', props: { port: '3000', protocol: 'http:', subdomain: null, domain: '', tld: 'localhost' } } for: http://localhost:3000 +0ms
  cypress:network:cors Parsed URL { port: '3000', protocol: 'http:', subdomain: null, domain: '', tld: 'localhost' } +4ms
  cypress:network:cors Parsed URL { port: '3000', protocol: 'http:', subdomain: null, domain: '', tld: 'localhost' } +0ms
  cypress:network:cors Parsed URL { port: '3000', protocol: 'http:', subdomain: null, domain: '', tld: 'localhost' } +1ms
  cypress:server:remote-states getting remote state: { auth: null, origin: 'http://localhost:3000', strategy: 'http', fileServer: null, domainName: 'localhost', props: { port: '3000', protocol: 'http:', subdomain: null, domain: '', tld: 'localhost' } } for: http://localhost:3000/_nuxt/node_modules/vite-plugin-vue-inspector/src/Overlay.vue?vue&type=style&index=0&scoped=31d1379f&lang.css +5ms
  cypress:network:cors Parsed URL { port: '3000', protocol: 'http:', subdomain: null, domain: '', tld: 'localhost' } +0ms
  cypress:server:remote-states getting remote state: { auth: null, origin: 'http://localhost:3000', strategy: 'http', fileServer: null, domainName: 'localhost', props: { port: '3000', protocol: 'http:', subdomain: null, domain: '', tld: 'localhost' } } for: http://localhost:3000 +0ms
  cypress:server:stream_buffer stream buffer writeable final called +76ms
  cypress:network:agent addRequest called { isHttps: false, href: 'http://localhost:3000/_nuxt/node_modules/vite-plugin-vue-inspector/src/Overlay.vue?vue&type=style&index=0&scoped=31d1379f&lang.css' } +76ms
  cypress:network:agent got family { family: 6, href: 'http://localhost:3000/_nuxt/node_modules/vite-plugin-vue-inspector/src/Overlay.vue?vue&type=style&index=0&scoped=31d1379f&lang.css' } +1ms
  cypress:network:cors Parsed URL { port: '3000', protocol: 'http:', subdomain: null, domain: '', tld: 'localhost' } +3ms
  cypress:network:cors Parsed URL { port: '3000', protocol: 'http:', subdomain: null, domain: '', tld: 'localhost' } +0ms
  cypress:network:cors Parsed URL { port: '3000', protocol: 'http:', subdomain: null, domain: '', tld: 'localhost' } +0ms
  cypress:server:remote-states getting remote state: { auth: null, origin: 'http://localhost:3000', strategy: 'http', fileServer: null, domainName: 'localhost', props: { port: '3000', protocol: 'http:', subdomain: null, domain: '', tld: 'localhost' } } for: http://localhost:3000/_nuxt/pages/signup.vue?vue&type=style&index=0&scoped=a9e200fb&lang.css +3ms
  cypress:network:cors Parsed URL { port: '3000', protocol: 'http:', subdomain: null, domain: '', tld: 'localhost' } +0ms
  cypress:server:remote-states getting remote state: { auth: null, origin: 'http://localhost:3000', strategy: 'http', fileServer: null, domainName: 'localhost', props: { port: '3000', protocol: 'http:', subdomain: null, domain: '', tld: 'localhost' } } for: http://localhost:3000 +0ms
  cypress:server:stream_buffer stream buffer writeable final called +3ms
  cypress:network:agent addRequest called { isHttps: false, href: 'http://localhost:3000/_nuxt/pages/signup.vue?vue&type=style&index=0&scoped=a9e200fb&lang.css' } +2ms
  cypress:network:agent got family { family: 6, href: 'http://localhost:3000/_nuxt/pages/signup.vue?vue&type=style&index=0&scoped=a9e200fb&lang.css' } +0ms
  cypress:network:cors Parsed URL { port: '3000', protocol: 'http:', subdomain: null, domain: '', tld: 'localhost' } +6ms
  cypress:network:cors Parsed URL { port: '3000', protocol: 'http:', subdomain: null, domain: '', tld: 'localhost' } +0ms
  cypress:network:cors Parsed URL { port: '3000', protocol: 'http:', subdomain: null, domain: '', tld: 'localhost' } +1ms
  cypress:server:remote-states getting remote state: { auth: null, origin: 'http://localhost:3000', strategy: 'http', fileServer: null, domainName: 'localhost', props: { port: '3000', protocol: 'http:', subdomain: null, domain: '', tld: 'localhost' } } for: http://localhost:3000/_nuxt/components/Button.vue?vue&type=style&index=0&scoped=b534b83e&lang.css +7ms
  cypress:network:cors Parsed URL { port: '3000', protocol: 'http:', subdomain: null, domain: '', tld: 'localhost' } +0ms
  cypress:server:remote-states getting remote state: { auth: null, origin: 'http://localhost:3000', strategy: 'http', fileServer: null, domainName: 'localhost', props: { port: '3000', protocol: 'http:', subdomain: null, domain: '', tld: 'localhost' } } for: http://localhost:3000 +0ms
  cypress:server:stream_buffer stream buffer writeable final called +7ms
  cypress:network:agent addRequest called { isHttps: false, href: 'http://localhost:3000/_nuxt/components/Button.vue?vue&type=style&index=0&scoped=b534b83e&lang.css' } +7ms
  cypress:network:agent got family { family: 6, href: 'http://localhost:3000/_nuxt/components/Button.vue?vue&type=style&index=0&scoped=b534b83e&lang.css' } +0ms
  cypress:network:cors Parsed URL { port: '3000', protocol: 'http:', subdomain: null, domain: '', tld: 'localhost' } +3ms
  cypress:network:cors Parsed URL { port: '3000', protocol: 'http:', subdomain: null, domain: '', tld: 'localhost' } +1ms
  cypress:network:cors Parsed URL { port: '3000', protocol: 'http:', subdomain: null, domain: '', tld: 'localhost' } +0ms
  cypress:server:remote-states getting remote state: { auth: null, origin: 'http://localhost:3000', strategy: 'http', fileServer: null, domainName: 'localhost', props: { port: '3000', protocol: 'http:', subdomain: null, domain: '', tld: 'localhost' } } for: http://localhost:3000/_nuxt/components/Divider.vue?vue&type=style&index=0&scoped=2e22f3ba&lang.css +4ms
  cypress:network:cors Parsed URL { port: '3000', protocol: 'http:', subdomain: null, domain: '', tld: 'localhost' } +0ms
  cypress:server:remote-states getting remote state: { auth: null, origin: 'http://localhost:3000', strategy: 'http', fileServer: null, domainName: 'localhost', props: { port: '3000', protocol: 'http:', subdomain: null, domain: '', tld: 'localhost' } } for: http://localhost:3000 +0ms
  cypress:server:stream_buffer stream buffer writeable final called +4ms
  cypress:network:agent addRequest called { isHttps: false, href: 'http://localhost:3000/_nuxt/components/Divider.vue?vue&type=style&index=0&scoped=2e22f3ba&lang.css' } +4ms
  cypress:network:agent got family { family: 6, href: 'http://localhost:3000/_nuxt/components/Divider.vue?vue&type=style&index=0&scoped=2e22f3ba&lang.css' } +0ms
  cypress:server:request received status code & headers on request { requestId: 'request126', statusCode: 200, headers: { 'content-type': 'text/css' } } +73ms
  cypress:server:request successful response received { requestId: 'request126' } +0ms
  cypress:net-stubbing:server:intercept-response InterceptResponse { req: { url: '/_nuxt/node_modules/vite-plugin-vue-inspector/src/Overlay.vue?vue&type=style&index=0&scoped=31d1379f&lang.css' }, request: undefined } +72ms
  cypress:network:cors Parsed URL { port: '3000', protocol: 'http:', subdomain: null, domain: '', tld: 'localhost' } +3ms
  cypress:server:remote-states getting remote state: { auth: null, origin: 'http://localhost:3000', strategy: 'http', fileServer: null, domainName: 'localhost', props: { port: '3000', protocol: 'http:', subdomain: null, domain: '', tld: 'localhost' } } for: http://localhost:3000 +3ms
  cypress:network:cors Parsed URL { port: '3000', protocol: 'http:', subdomain: null, domain: '', tld: 'localhost' } +0ms
  cypress:network:cors Parsed URL { port: '3000', protocol: 'http:', subdomain: null, domain: '', tld: 'localhost' } +0ms
  cypress:server:remote-states getting primary remote state: { auth: null, origin: 'http://localhost:3000', strategy: 'http', fileServer: null, domainName: 'localhost', props: { port: '3000', protocol: 'http:', subdomain: null, domain: '', tld: 'localhost' } } +0ms
  cypress:network:cors Parsed URL { port: '3000', protocol: 'http:', subdomain: null, domain: '', tld: 'localhost' } +0ms
  cypress:network:cors Parsed URL { port: '3000', protocol: 'http:', subdomain: null, domain: '', tld: 'localhost' } +0ms
  cypress:network:cors Parsed URL { port: '3000', protocol: 'http:', subdomain: null, domain: '', tld: 'localhost' } +1ms
  cypress:server:remote-states getting remote state: { auth: null, origin: 'http://localhost:3000', strategy: 'http', fileServer: null, domainName: 'localhost', props: { port: '3000', protocol: 'http:', subdomain: null, domain: '', tld: 'localhost' } } for: http://localhost:3000 +1ms
  cypress:server:request received status code & headers on request { requestId: 'request127', statusCode: 304, headers: {} } +2ms
  cypress:server:request successful response received { requestId: 'request127' } +0ms
  cypress:net-stubbing:server:intercept-response InterceptResponse { req: { url: '/_nuxt/pages/signup.vue?vue&type=style&index=0&scoped=a9e200fb&lang.css' }, request: undefined } +4ms
  cypress:network:cors Parsed URL { port: '3000', protocol: 'http:', subdomain: null, domain: '', tld: 'localhost' } +3ms
  cypress:server:remote-states getting remote state: { auth: null, origin: 'http://localhost:3000', strategy: 'http', fileServer: null, domainName: 'localhost', props: { port: '3000', protocol: 'http:', subdomain: null, domain: '', tld: 'localhost' } } for: http://localhost:3000 +3ms
  cypress:network:cors Parsed URL { port: '3000', protocol: 'http:', subdomain: null, domain: '', tld: 'localhost' } +0ms
  cypress:network:cors Parsed URL { port: '3000', protocol: 'http:', subdomain: null, domain: '', tld: 'localhost' } +0ms
  cypress:server:remote-states getting primary remote state: { auth: null, origin: 'http://localhost:3000', strategy: 'http', fileServer: null, domainName: 'localhost', props: { port: '3000', protocol: 'http:', subdomain: null, domain: '', tld: 'localhost' } } +0ms
  cypress:network:cors Parsed URL { port: '3000', protocol: 'http:', subdomain: null, domain: '', tld: 'localhost' } +0ms
  cypress:network:cors Parsed URL { port: '3000', protocol: 'http:', subdomain: null, domain: '', tld: 'localhost' } +0ms
  cypress:network:cors Parsed URL { port: '3000', protocol: 'http:', subdomain: null, domain: '', tld: 'localhost' } +1ms
  cypress:server:remote-states getting remote state: { auth: null, origin: 'http://localhost:3000', strategy: 'http', fileServer: null, domainName: 'localhost', props: { port: '3000', protocol: 'http:', subdomain: null, domain: '', tld: 'localhost' } } for: http://localhost:3000 +1ms
  cypress:server:request received status code & headers on request { requestId: 'request128', statusCode: 304, headers: {} } +7ms
  cypress:server:request successful response received { requestId: 'request128' } +0ms
  cypress:network:cors Parsed URL { port: '3000', protocol: 'http:', subdomain: null, domain: '', tld: 'localhost' } +5ms
  cypress:network:cors Parsed URL { port: '3000', protocol: 'http:', subdomain: null, domain: '', tld: 'localhost' } +0ms
  cypress:network:cors Parsed URL { port: '3000', protocol: 'http:', subdomain: null, domain: '', tld: 'localhost' } +0ms
  cypress:server:remote-states getting remote state: { auth: null, origin: 'http://localhost:3000', strategy: 'http', fileServer: null, domainName: 'localhost', props: { port: '3000', protocol: 'http:', subdomain: null, domain: '', tld: 'localhost' } } for: http://localhost:3000/_nuxt/components/TextInput.vue?vue&type=style&index=0&scoped=4f98be6b&lang.scss +5ms
  cypress:network:cors Parsed URL { port: '3000', protocol: 'http:', subdomain: null, domain: '', tld: 'localhost' } +1ms
  cypress:server:remote-states getting remote state: { auth: null, origin: 'http://localhost:3000', strategy: 'http', fileServer: null, domainName: 'localhost', props: { port: '3000', protocol: 'http:', subdomain: null, domain: '', tld: 'localhost' } } for: http://localhost:3000 +1ms
  cypress:server:stream_buffer stream buffer writeable final called +13ms
  cypress:network:agent addRequest called { isHttps: false, href: 'http://localhost:3000/_nuxt/components/TextInput.vue?vue&type=style&index=0&scoped=4f98be6b&lang.scss' } +14ms
  cypress:network:agent got family { family: 6, href: 'http://localhost:3000/_nuxt/components/TextInput.vue?vue&type=style&index=0&scoped=4f98be6b&lang.scss' } +0ms
  cypress:net-stubbing:server:intercept-response InterceptResponse { req: { url: '/_nuxt/components/Button.vue?vue&type=style&index=0&scoped=b534b83e&lang.css' }, request: undefined } +9ms
  cypress:network:cors Parsed URL { port: '3000', protocol: 'http:', subdomain: null, domain: '', tld: 'localhost' } +2ms
  cypress:server:remote-states getting remote state: { auth: null, origin: 'http://localhost:3000', strategy: 'http', fileServer: null, domainName: 'localhost', props: { port: '3000', protocol: 'http:', subdomain: null, domain: '', tld: 'localhost' } } for: http://localhost:3000 +2ms
  cypress:network:cors Parsed URL { port: '3000', protocol: 'http:', subdomain: null, domain: '', tld: 'localhost' } +0ms
  cypress:network:cors Parsed URL { port: '3000', protocol: 'http:', subdomain: null, domain: '', tld: 'localhost' } +0ms
  cypress:server:remote-states getting primary remote state: { auth: null, origin: 'http://localhost:3000', strategy: 'http', fileServer: null, domainName: 'localhost', props: { port: '3000', protocol: 'http:', subdomain: null, domain: '', tld: 'localhost' } } +0ms
  cypress:network:cors Parsed URL { port: '3000', protocol: 'http:', subdomain: null, domain: '', tld: 'localhost' } +0ms
  cypress:network:cors Parsed URL { port: '3000', protocol: 'http:', subdomain: null, domain: '', tld: 'localhost' } +1ms
  cypress:network:cors Parsed URL { port: '3000', protocol: 'http:', subdomain: null, domain: '', tld: 'localhost' } +0ms
  cypress:server:remote-states getting remote state: { auth: null, origin: 'http://localhost:3000', strategy: 'http', fileServer: null, domainName: 'localhost', props: { port: '3000', protocol: 'http:', subdomain: null, domain: '', tld: 'localhost' } } for: http://localhost:3000 +1ms
  cypress:server:request received status code & headers on request { requestId: 'request129', statusCode: 304, headers: {} } +7ms
  cypress:server:request successful response received { requestId: 'request129' } +0ms
  cypress:net-stubbing:server:intercept-response InterceptResponse { req: { url: '/_nuxt/components/Divider.vue?vue&type=style&index=0&scoped=2e22f3ba&lang.css' }, request: undefined } +5ms
  cypress:network:cors Parsed URL { port: '3000', protocol: 'http:', subdomain: null, domain: '', tld: 'localhost' } +4ms
  cypress:server:remote-states getting remote state: { auth: null, origin: 'http://localhost:3000', strategy: 'http', fileServer: null, domainName: 'localhost', props: { port: '3000', protocol: 'http:', subdomain: null, domain: '', tld: 'localhost' } } for: http://localhost:3000 +4ms
  cypress:network:cors Parsed URL { port: '3000', protocol: 'http:', subdomain: null, domain: '', tld: 'localhost' } +0ms
  cypress:network:cors Parsed URL { port: '3000', protocol: 'http:', subdomain: null, domain: '', tld: 'localhost' } +0ms
  cypress:server:remote-states getting primary remote state: { auth: null, origin: 'http://localhost:3000', strategy: 'http', fileServer: null, domainName: 'localhost', props: { port: '3000', protocol: 'http:', subdomain: null, domain: '', tld: 'localhost' } } +0ms
  cypress:network:cors Parsed URL { port: '3000', protocol: 'http:', subdomain: null, domain: '', tld: 'localhost' } +0ms
  cypress:network:cors Parsed URL { port: '3000', protocol: 'http:', subdomain: null, domain: '', tld: 'localhost' } +0ms
  cypress:network:cors Parsed URL { port: '3000', protocol: 'http:', subdomain: null, domain: '', tld: 'localhost' } +1ms
  cypress:server:remote-states getting remote state: { auth: null, origin: 'http://localhost:3000', strategy: 'http', fileServer: null, domainName: 'localhost', props: { port: '3000', protocol: 'http:', subdomain: null, domain: '', tld: 'localhost' } } for: http://localhost:3000 +1ms
  cypress:network:cors Parsed URL { port: '3000', protocol: 'http:', subdomain: null, domain: '', tld: 'localhost' } +4ms
  cypress:network:cors Parsed URL { port: '3000', protocol: 'http:', subdomain: null, domain: '', tld: 'localhost' } +1ms
  cypress:network:cors Parsed URL { port: '3000', protocol: 'http:', subdomain: null, domain: '', tld: 'localhost' } +0ms
  cypress:server:remote-states getting remote state: { auth: null, origin: 'http://localhost:3000', strategy: 'http', fileServer: null, domainName: 'localhost', props: { port: '3000', protocol: 'http:', subdomain: null, domain: '', tld: 'localhost' } } for: http://localhost:3000/_nuxt/layouts/default.vue?vue&type=style&index=0&lang.scss +5ms
  cypress:network:cors Parsed URL { port: '3000', protocol: 'http:', subdomain: null, domain: '', tld: 'localhost' } +0ms
  cypress:server:remote-states getting remote state: { auth: null, origin: 'http://localhost:3000', strategy: 'http', fileServer: null, domainName: 'localhost', props: { port: '3000', protocol: 'http:', subdomain: null, domain: '', tld: 'localhost' } } for: http://localhost:3000 +0ms
  cypress:server:stream_buffer stream buffer writeable final called +14ms
  cypress:network:agent addRequest called { isHttps: false, href: 'http://localhost:3000/_nuxt/layouts/default.vue?vue&type=style&index=0&lang.scss' } +13ms
  cypress:network:agent got family { family: 6, href: 'http://localhost:3000/_nuxt/layouts/default.vue?vue&type=style&index=0&lang.scss' } +0ms
  cypress:server:request received status code & headers on request { requestId: 'request130', statusCode: 200, headers: { 'content-type': 'text/css' } } +11ms
  cypress:server:request successful response received { requestId: 'request130' } +0ms
  cypress:net-stubbing:server:intercept-response InterceptResponse { req: { url: '/_nuxt/components/TextInput.vue?vue&type=style&index=0&scoped=4f98be6b&lang.scss' }, request: undefined } +8ms
  cypress:network:cors Parsed URL { port: '3000', protocol: 'http:', subdomain: null, domain: '', tld: 'localhost' } +2ms
  cypress:server:remote-states getting remote state: { auth: null, origin: 'http://localhost:3000', strategy: 'http', fileServer: null, domainName: 'localhost', props: { port: '3000', protocol: 'http:', subdomain: null, domain: '', tld: 'localhost' } } for: http://localhost:3000 +2ms
  cypress:network:cors Parsed URL { port: '3000', protocol: 'http:', subdomain: null, domain: '', tld: 'localhost' } +1ms
  cypress:network:cors Parsed URL { port: '3000', protocol: 'http:', subdomain: null, domain: '', tld: 'localhost' } +0ms
  cypress:server:remote-states getting primary remote state: { auth: null, origin: 'http://localhost:3000', strategy: 'http', fileServer: null, domainName: 'localhost', props: { port: '3000', protocol: 'http:', subdomain: null, domain: '', tld: 'localhost' } } +1ms
  cypress:network:cors Parsed URL { port: '3000', protocol: 'http:', subdomain: null, domain: '', tld: 'localhost' } +0ms
  cypress:network:cors Parsed URL { port: '3000', protocol: 'http:', subdomain: null, domain: '', tld: 'localhost' } +0ms
  cypress:network:cors Parsed URL { port: '3000', protocol: 'http:', subdomain: null, domain: '', tld: 'localhost' } +0ms
  cypress:server:remote-states getting remote state: { auth: null, origin: 'http://localhost:3000', strategy: 'http', fileServer: null, domainName: 'localhost', props: { port: '3000', protocol: 'http:', subdomain: null, domain: '', tld: 'localhost' } } for: http://localhost:3000 +0ms
  cypress:network:cors Parsed URL { port: '3000', protocol: 'http:', subdomain: null, domain: '', tld: 'localhost' } +4ms
  cypress:network:cors Parsed URL { port: '3000', protocol: 'http:', subdomain: null, domain: '', tld: 'localhost' } +1ms
  cypress:network:cors Parsed URL { port: '3000', protocol: 'http:', subdomain: null, domain: '', tld: 'localhost' } +0ms
  cypress:server:remote-states getting remote state: { auth: null, origin: 'http://localhost:3000', strategy: 'http', fileServer: null, domainName: 'localhost', props: { port: '3000', protocol: 'http:', subdomain: null, domain: '', tld: 'localhost' } } for: http://localhost:3000/_nuxt/node_modules/@nuxt/ui-templates/dist/templates/error-404.vue?vue&type=style&index=0&scoped=bc8852ab&lang.css +5ms
  cypress:network:cors Parsed URL { port: '3000', protocol: 'http:', subdomain: null, domain: '', tld: 'localhost' } +0ms
  cypress:server:remote-states getting remote state: { auth: null, origin: 'http://localhost:3000', strategy: 'http', fileServer: null, domainName: 'localhost', props: { port: '3000', protocol: 'http:', subdomain: null, domain: '', tld: 'localhost' } } for: http://localhost:3000 +0ms
  cypress:server:stream_buffer stream buffer writeable final called +8ms
  cypress:network:agent addRequest called { isHttps: false, href: 'http://localhost:3000/_nuxt/node_modules/@nuxt/ui-templates/dist/templates/error-404.vue?vue&type=style&index=0&scoped=bc8852ab&lang.css' } +8ms
  cypress:network:agent got family { family: 6, href: 'http://localhost:3000/_nuxt/node_modules/@nuxt/ui-templates/dist/templates/error-404.vue?vue&type=style&index=0&scoped=bc8852ab&lang.css' } +0ms
  cypress:server:request received status code & headers on request { requestId: 'request131', statusCode: 304, headers: {} } +12ms
  cypress:server:request successful response received { requestId: 'request131' } +0ms
  cypress:net-stubbing:server:intercept-response InterceptResponse { req: { url: '/_nuxt/layouts/default.vue?vue&type=style&index=0&lang.scss' }, request: undefined } +13ms
  cypress:network:cors Parsed URL { port: '3000', protocol: 'http:', subdomain: null, domain: '', tld: 'localhost' } +7ms
  cypress:server:remote-states getting remote state: { auth: null, origin: 'http://localhost:3000', strategy: 'http', fileServer: null, domainName: 'localhost', props: { port: '3000', protocol: 'http:', subdomain: null, domain: '', tld: 'localhost' } } for: http://localhost:3000 +7ms
  cypress:network:cors Parsed URL { port: '3000', protocol: 'http:', subdomain: null, domain: '', tld: 'localhost' } +0ms
  cypress:network:cors Parsed URL { port: '3000', protocol: 'http:', subdomain: null, domain: '', tld: 'localhost' } +0ms
  cypress:server:remote-states getting primary remote state: { auth: null, origin: 'http://localhost:3000', strategy: 'http', fileServer: null, domainName: 'localhost', props: { port: '3000', protocol: 'http:', subdomain: null, domain: '', tld: 'localhost' } } +0ms
  cypress:network:cors Parsed URL { port: '3000', protocol: 'http:', subdomain: null, domain: '', tld: 'localhost' } +0ms
  cypress:network:cors Parsed URL { port: '3000', protocol: 'http:', subdomain: null, domain: '', tld: 'localhost' } +0ms
  cypress:network:cors Parsed URL { port: '3000', protocol: 'http:', subdomain: null, domain: '', tld: 'localhost' } +1ms
  cypress:server:remote-states getting remote state: { auth: null, origin: 'http://localhost:3000', strategy: 'http', fileServer: null, domainName: 'localhost', props: { port: '3000', protocol: 'http:', subdomain: null, domain: '', tld: 'localhost' } } for: http://localhost:3000 +1ms
  cypress:network:cors Parsed URL { port: '3000', protocol: 'http:', subdomain: null, domain: '', tld: 'localhost' } +1ms
  cypress:network:cors Parsed URL { port: '3000', protocol: 'http:', subdomain: null, domain: '', tld: 'localhost' } +0ms
  cypress:network:cors Parsed URL { port: '3000', protocol: 'http:', subdomain: null, domain: '', tld: 'localhost' } +1ms
  cypress:server:remote-states getting remote state: { auth: null, origin: 'http://localhost:3000', strategy: 'http', fileServer: null, domainName: 'localhost', props: { port: '3000', protocol: 'http:', subdomain: null, domain: '', tld: 'localhost' } } for: http://localhost:3000/_nuxt/C:/Users/LucasFelber/Documents/SideProjects/cypress-submit-reload/node_modules/nuxt/dist/app/entry.js +2ms
  cypress:network:cors Parsed URL { port: '3000', protocol: 'http:', subdomain: null, domain: '', tld: 'localhost' } +0ms
  cypress:server:remote-states getting remote state: { auth: null, origin: 'http://localhost:3000', strategy: 'http', fileServer: null, domainName: 'localhost', props: { port: '3000', protocol: 'http:', subdomain: null, domain: '', tld: 'localhost' } } for: http://localhost:3000 +0ms
  cypress:server:stream_buffer stream buffer writeable final called +9ms
  cypress:network:agent addRequest called { isHttps: false, href: 'http://localhost:3000/_nuxt/C:/Users/LucasFelber/Documents/SideProjects/cypress-submit-reload/node_modules/nuxt/dist/app/entry.js' } +9ms
  cypress:network:agent got family { family: 6, href: 'http://localhost:3000/_nuxt/C:/Users/LucasFelber/Documents/SideProjects/cypress-submit-reload/node_modules/nuxt/dist/app/entry.js' } +1ms
  cypress:server:request received status code & headers on request { requestId: 'request132', statusCode: 304, headers: {} } +6ms
  cypress:server:request successful response received { requestId: 'request132' } +0ms
  cypress:net-stubbing:server:intercept-response InterceptResponse { req: { url: '/_nuxt/node_modules/@nuxt/ui-templates/dist/templates/error-404.vue?vue&type=style&index=0&scoped=bc8852ab&lang.css' }, request: undefined } +6ms
  cypress:network:cors Parsed URL { port: '3000', protocol: 'http:', subdomain: null, domain: '', tld: 'localhost' } +3ms
  cypress:server:remote-states getting remote state: { auth: null, origin: 'http://localhost:3000', strategy: 'http', fileServer: null, domainName: 'localhost', props: { port: '3000', protocol: 'http:', subdomain: null, domain: '', tld: 'localhost' } } for: http://localhost:3000 +3ms
  cypress:network:cors Parsed URL { port: '3000', protocol: 'http:', subdomain: null, domain: '', tld: 'localhost' } +0ms
  cypress:network:cors Parsed URL { port: '3000', protocol: 'http:', subdomain: null, domain: '', tld: 'localhost' } +1ms
  cypress:server:remote-states getting primary remote state: { auth: null, origin: 'http://localhost:3000', strategy: 'http', fileServer: null, domainName: 'localhost', props: { port: '3000', protocol: 'http:', subdomain: null, domain: '', tld: 'localhost' } } +1ms
  cypress:network:cors Parsed URL { port: '3000', protocol: 'http:', subdomain: null, domain: '', tld: 'localhost' } +0ms
  cypress:network:cors Parsed URL { port: '3000', protocol: 'http:', subdomain: null, domain: '', tld: 'localhost' } +0ms
  cypress:network:cors Parsed URL { port: '3000', protocol: 'http:', subdomain: null, domain: '', tld: 'localhost' } +0ms
  cypress:server:remote-states getting remote state: { auth: null, origin: 'http://localhost:3000', strategy: 'http', fileServer: null, domainName: 'localhost', props: { port: '3000', protocol: 'http:', subdomain: null, domain: '', tld: 'localhost' } } for: http://localhost:3000 +0ms
  cypress:network:cors Parsed URL { port: '3000', protocol: 'http:', subdomain: null, domain: '', tld: 'localhost' } +2ms
  cypress:network:cors Parsed URL { port: '3000', protocol: 'http:', subdomain: null, domain: '', tld: 'localhost' } +0ms
  cypress:network:cors Parsed URL { port: '3000', protocol: 'http:', subdomain: null, domain: '', tld: 'localhost' } +1ms
  cypress:server:remote-states getting remote state: { auth: null, origin: 'http://localhost:3000', strategy: 'http', fileServer: null, domainName: 'localhost', props: { port: '3000', protocol: 'http:', subdomain: null, domain: '', tld: 'localhost' } } for: http://localhost:3000/_nuxt/@vite/client +3ms
  cypress:network:cors Parsed URL { port: '3000', protocol: 'http:', subdomain: null, domain: '', tld: 'localhost' } +0ms
  cypress:server:remote-states getting remote state: { auth: null, origin: 'http://localhost:3000', strategy: 'http', fileServer: null, domainName: 'localhost', props: { port: '3000', protocol: 'http:', subdomain: null, domain: '', tld: 'localhost' } } for: http://localhost:3000 +0ms
  cypress:server:stream_buffer stream buffer writeable final called +8ms
  cypress:network:agent addRequest called { isHttps: false, href: 'http://localhost:3000/_nuxt/@vite/client' } +7ms
  cypress:network:agent got family { family: 6, href: 'http://localhost:3000/_nuxt/@vite/client' } +0ms
  cypress:server:request received status code & headers on request { requestId: 'request133', statusCode: 304, headers: {} } +9ms
  cypress:server:request successful response received { requestId: 'request133' } +0ms
  cypress:net-stubbing:server:intercept-response InterceptResponse { req: { url: '/_nuxt/C:/Users/LucasFelber/Documents/SideProjects/cypress-submit-reload/node_modules/nuxt/dist/app/entry.js' }, request: undefined } +10ms
  cypress:network:cors Parsed URL { port: '3000', protocol: 'http:', subdomain: null, domain: '', tld: 'localhost' } +6ms
  cypress:server:remote-states getting remote state: { auth: null, origin: 'http://localhost:3000', strategy: 'http', fileServer: null, domainName: 'localhost', props: { port: '3000', protocol: 'http:', subdomain: null, domain: '', tld: 'localhost' } } for: http://localhost:3000 +6ms
  cypress:network:cors Parsed URL { port: '3000', protocol: 'http:', subdomain: null, domain: '', tld: 'localhost' } +1ms
  cypress:network:cors Parsed URL { port: '3000', protocol: 'http:', subdomain: null, domain: '', tld: 'localhost' } +0ms
  cypress:server:remote-states getting primary remote state: { auth: null, origin: 'http://localhost:3000', strategy: 'http', fileServer: null, domainName: 'localhost', props: { port: '3000', protocol: 'http:', subdomain: null, domain: '', tld: 'localhost' } } +1ms
  cypress:network:cors Parsed URL { port: '3000', protocol: 'http:', subdomain: null, domain: '', tld: 'localhost' } +0ms
  cypress:network:cors Parsed URL { port: '3000', protocol: 'http:', subdomain: null, domain: '', tld: 'localhost' } +0ms
  cypress:network:cors Parsed URL { port: '3000', protocol: 'http:', subdomain: null, domain: '', tld: 'localhost' } +0ms
  cypress:server:remote-states getting remote state: { auth: null, origin: 'http://localhost:3000', strategy: 'http', fileServer: null, domainName: 'localhost', props: { port: '3000', protocol: 'http:', subdomain: null, domain: '', tld: 'localhost' } } for: http://localhost:3000 +0ms
  cypress:server:request received status code & headers on request { requestId: 'request134', statusCode: 304, headers: {} } +5ms
  cypress:server:request successful response received { requestId: 'request134' } +0ms
  cypress:net-stubbing:server:intercept-response InterceptResponse { req: { url: '/_nuxt/@vite/client' }, request: undefined } +4ms
  cypress:network:cors Parsed URL { port: '3000', protocol: 'http:', subdomain: null, domain: '', tld: 'localhost' } +4ms
  cypress:server:remote-states getting remote state: { auth: null, origin: 'http://localhost:3000', strategy: 'http', fileServer: null, domainName: 'localhost', props: { port: '3000', protocol: 'http:', subdomain: null, domain: '', tld: 'localhost' } } for: http://localhost:3000 +4ms
  cypress:network:cors Parsed URL { port: '3000', protocol: 'http:', subdomain: null, domain: '', tld: 'localhost' } +0ms
  cypress:network:cors Parsed URL { port: '3000', protocol: 'http:', subdomain: null, domain: '', tld: 'localhost' } +0ms
  cypress:server:remote-states getting primary remote state: { auth: null, origin: 'http://localhost:3000', strategy: 'http', fileServer: null, domainName: 'localhost', props: { port: '3000', protocol: 'http:', subdomain: null, domain: '', tld: 'localhost' } } +0ms
  cypress:network:cors Parsed URL { port: '3000', protocol: 'http:', subdomain: null, domain: '', tld: 'localhost' } +0ms
  cypress:network:cors Parsed URL { port: '3000', protocol: 'http:', subdomain: null, domain: '', tld: 'localhost' } +0ms
  cypress:network:cors Parsed URL { port: '3000', protocol: 'http:', subdomain: null, domain: '', tld: 'localhost' } +0ms
  cypress:server:remote-states getting remote state: { auth: null, origin: 'http://localhost:3000', strategy: 'http', fileServer: null, domainName: 'localhost', props: { port: '3000', protocol: 'http:', subdomain: null, domain: '', tld: 'localhost' } } for: http://localhost:3000 +0ms
  cypress:network:cors Parsed URL { port: '3000', protocol: 'http:', subdomain: null, domain: '', tld: 'localhost' } +26ms
  cypress:network:cors Parsed URL { port: '3000', protocol: 'http:', subdomain: null, domain: '', tld: 'localhost' } +0ms
  cypress:network:cors Parsed URL { port: '3000', protocol: 'http:', subdomain: null, domain: '', tld: 'localhost' } +0ms
  cypress:server:remote-states getting remote state: { auth: null, origin: 'http://localhost:3000', strategy: 'http', fileServer: null, domainName: 'localhost', props: { port: '3000', protocol: 'http:', subdomain: null, domain: '', tld: 'localhost' } } for: http://localhost:3000/_nuxt/@id/virtual:nuxt:C:/Users/LucasFelber/Documents/SideProjects/cypress-submit-reload/.nuxt/paths.mjs +26ms
  cypress:network:cors Parsed URL { port: '3000', protocol: 'http:', subdomain: null, domain: '', tld: 'localhost' } +0ms
  cypress:server:remote-states getting remote state: { auth: null, origin: 'http://localhost:3000', strategy: 'http', fileServer: null, domainName: 'localhost', props: { port: '3000', protocol: 'http:', subdomain: null, domain: '', tld: 'localhost' } } for: http://localhost:3000 +0ms
  cypress:server:stream_buffer stream buffer writeable final called +37ms
  cypress:network:agent addRequest called { isHttps: false, href: 'http://localhost:3000/_nuxt/@id/virtual:nuxt:C:/Users/LucasFelber/Documents/SideProjects/cypress-submit-reload/.nuxt/paths.mjs' } +37ms
  cypress:network:agent got family { family: 6, href: 'http://localhost:3000/_nuxt/@id/virtual:nuxt:C:/Users/LucasFelber/Documents/SideProjects/cypress-submit-reload/.nuxt/paths.mjs' } +0ms
  cypress:network:cors Parsed URL { port: '3000', protocol: 'http:', subdomain: null, domain: '', tld: 'localhost' } +5ms
  cypress:network:cors Parsed URL { port: '3000', protocol: 'http:', subdomain: null, domain: '', tld: 'localhost' } +0ms
  cypress:network:cors Parsed URL { port: '3000', protocol: 'http:', subdomain: null, domain: '', tld: 'localhost' } +0ms
  cypress:server:remote-states getting remote state: { auth: null, origin: 'http://localhost:3000', strategy: 'http', fileServer: null, domainName: 'localhost', props: { port: '3000', protocol: 'http:', subdomain: null, domain: '', tld: 'localhost' } } for: http://localhost:3000/_nuxt/@id/virtual:nuxt:C:/Users/LucasFelber/Documents/SideProjects/cypress-submit-reload/.nuxt/css.mjs +5ms
  cypress:network:cors Parsed URL { port: '3000', protocol: 'http:', subdomain: null, domain: '', tld: 'localhost' } +0ms
  cypress:server:remote-states getting remote state: { auth: null, origin: 'http://localhost:3000', strategy: 'http', fileServer: null, domainName: 'localhost', props: { port: '3000', protocol: 'http:', subdomain: null, domain: '', tld: 'localhost' } } for: http://localhost:3000 +0ms
  cypress:server:stream_buffer stream buffer writeable final called +5ms
  cypress:network:agent addRequest called { isHttps: false, href: 'http://localhost:3000/_nuxt/@id/virtual:nuxt:C:/Users/LucasFelber/Documents/SideProjects/cypress-submit-reload/.nuxt/css.mjs' } +5ms
  cypress:network:agent got family { family: 6, href: 'http://localhost:3000/_nuxt/@id/virtual:nuxt:C:/Users/LucasFelber/Documents/SideProjects/cypress-submit-reload/.nuxt/css.mjs' } +0ms
  cypress:server:request received status code & headers on request { requestId: 'request135', statusCode: 304, headers: {} } +35ms
  cypress:server:request successful response received { requestId: 'request135' } +1ms
  cypress:net-stubbing:server:intercept-response InterceptResponse { req: { url: '/_nuxt/@id/virtual:nuxt:C:/Users/LucasFelber/Documents/SideProjects/cypress-submit-reload/.nuxt/paths.mjs' }, request: undefined } +36ms
  cypress:network:cors Parsed URL { port: '3000', protocol: 'http:', subdomain: null, domain: '', tld: 'localhost' } +4ms
  cypress:server:remote-states getting remote state: { auth: null, origin: 'http://localhost:3000', strategy: 'http', fileServer: null, domainName: 'localhost', props: { port: '3000', protocol: 'http:', subdomain: null, domain: '', tld: 'localhost' } } for: http://localhost:3000 +4ms
  cypress:network:cors Parsed URL { port: '3000', protocol: 'http:', subdomain: null, domain: '', tld: 'localhost' } +0ms
  cypress:network:cors Parsed URL { port: '3000', protocol: 'http:', subdomain: null, domain: '', tld: 'localhost' } +0ms
  cypress:server:remote-states getting primary remote state: { auth: null, origin: 'http://localhost:3000', strategy: 'http', fileServer: null, domainName: 'localhost', props: { port: '3000', protocol: 'http:', subdomain: null, domain: '', tld: 'localhost' } } +0ms
  cypress:network:cors Parsed URL { port: '3000', protocol: 'http:', subdomain: null, domain: '', tld: 'localhost' } +0ms
  cypress:network:cors Parsed URL { port: '3000', protocol: 'http:', subdomain: null, domain: '', tld: 'localhost' } +0ms
  cypress:network:cors Parsed URL { port: '3000', protocol: 'http:', subdomain: null, domain: '', tld: 'localhost' } +0ms
  cypress:server:remote-states getting remote state: { auth: null, origin: 'http://localhost:3000', strategy: 'http', fileServer: null, domainName: 'localhost', props: { port: '3000', protocol: 'http:', subdomain: null, domain: '', tld: 'localhost' } } for: http://localhost:3000 +1ms
  cypress:network:cors Parsed URL { port: '3000', protocol: 'http:', subdomain: null, domain: '', tld: 'localhost' } +4ms
  cypress:network:cors Parsed URL { port: '3000', protocol: 'http:', subdomain: null, domain: '', tld: 'localhost' } +1ms
  cypress:network:cors Parsed URL { port: '3000', protocol: 'http:', subdomain: null, domain: '', tld: 'localhost' } +0ms
  cypress:server:remote-states getting remote state: { auth: null, origin: 'http://localhost:3000', strategy: 'http', fileServer: null, domainName: 'localhost', props: { port: '3000', protocol: 'http:', subdomain: null, domain: '', tld: 'localhost' } } for: http://localhost:3000/_nuxt/@id/virtual:nuxt:C:/Users/LucasFelber/Documents/SideProjects/cypress-submit-reload/.nuxt/plugins/client.mjs +4ms
  cypress:network:cors Parsed URL { port: '3000', protocol: 'http:', subdomain: null, domain: '', tld: 'localhost' } +0ms
  cypress:server:remote-states getting remote state: { auth: null, origin: 'http://localhost:3000', strategy: 'http', fileServer: null, domainName: 'localhost', props: { port: '3000', protocol: 'http:', subdomain: null, domain: '', tld: 'localhost' } } for: http://localhost:3000 +0ms
  cypress:server:stream_buffer stream buffer writeable final called +9ms
  cypress:network:agent addRequest called { isHttps: false, href: 'http://localhost:3000/_nuxt/@id/virtual:nuxt:C:/Users/LucasFelber/Documents/SideProjects/cypress-submit-reload/.nuxt/plugins/client.mjs' } +9ms
  cypress:network:agent got family { family: 6, href: 'http://localhost:3000/_nuxt/@id/virtual:nuxt:C:/Users/LucasFelber/Documents/SideProjects/cypress-submit-reload/.nuxt/plugins/client.mjs' } +0ms
  cypress:server:request received status code & headers on request { requestId: 'request136', statusCode: 304, headers: {} } +8ms
  cypress:server:request successful response received { requestId: 'request136' } +0ms
  cypress:net-stubbing:server:intercept-response InterceptResponse { req: { url: '/_nuxt/@id/virtual:nuxt:C:/Users/LucasFelber/Documents/SideProjects/cypress-submit-reload/.nuxt/css.mjs' }, request: undefined } +8ms
  cypress:network:cors Parsed URL { port: '3000', protocol: 'http:', subdomain: null, domain: '', tld: 'localhost' } +3ms
  cypress:server:remote-states getting remote state: { auth: null, origin: 'http://localhost:3000', strategy: 'http', fileServer: null, domainName: 'localhost', props: { port: '3000', protocol: 'http:', subdomain: null, domain: '', tld: 'localhost' } } for: http://localhost:3000 +4ms
  cypress:network:cors Parsed URL { port: '3000', protocol: 'http:', subdomain: null, domain: '', tld: 'localhost' } +1ms
  cypress:network:cors Parsed URL { port: '3000', protocol: 'http:', subdomain: null, domain: '', tld: 'localhost' } +0ms
  cypress:server:remote-states getting primary remote state: { auth: null, origin: 'http://localhost:3000', strategy: 'http', fileServer: null, domainName: 'localhost', props: { port: '3000', protocol: 'http:', subdomain: null, domain: '', tld: 'localhost' } } +0ms
  cypress:network:cors Parsed URL { port: '3000', protocol: 'http:', subdomain: null, domain: '', tld: 'localhost' } +0ms
  cypress:network:cors Parsed URL { port: '3000', protocol: 'http:', subdomain: null, domain: '', tld: 'localhost' } +0ms
  cypress:network:cors Parsed URL { port: '3000', protocol: 'http:', subdomain: null, domain: '', tld: 'localhost' } +0ms
  cypress:server:remote-states getting remote state: { auth: null, origin: 'http://localhost:3000', strategy: 'http', fileServer: null, domainName: 'localhost', props: { port: '3000', protocol: 'http:', subdomain: null, domain: '', tld: 'localhost' } } for: http://localhost:3000 +0ms
  cypress:network:cors Parsed URL { port: '3000', protocol: 'http:', subdomain: null, domain: '', tld: 'localhost' } +4ms
  cypress:network:cors Parsed URL { port: '3000', protocol: 'http:', subdomain: null, domain: '', tld: 'localhost' } +0ms
  cypress:network:cors Parsed URL { port: '3000', protocol: 'http:', subdomain: null, domain: '', tld: 'localhost' } +0ms
  cypress:server:remote-states getting remote state: { auth: null, origin: 'http://localhost:3000', strategy: 'http', fileServer: null, domainName: 'localhost', props: { port: '3000', protocol: 'http:', subdomain: null, domain: '', tld: 'localhost' } } for: http://localhost:3000/_nuxt/@id/virtual:nuxt:C:/Users/LucasFelber/Documents/SideProjects/cypress-submit-reload/.nuxt/root-component.mjs +5ms
  cypress:network:cors Parsed URL { port: '3000', protocol: 'http:', subdomain: null, domain: '', tld: 'localhost' } +1ms
  cypress:server:remote-states getting remote state: { auth: null, origin: 'http://localhost:3000', strategy: 'http', fileServer: null, domainName: 'localhost', props: { port: '3000', protocol: 'http:', subdomain: null, domain: '', tld: 'localhost' } } for: http://localhost:3000 +0ms
  cypress:server:stream_buffer stream buffer writeable final called +8ms
  cypress:network:agent addRequest called { isHttps: false, href: 'http://localhost:3000/_nuxt/@id/virtual:nuxt:C:/Users/LucasFelber/Documents/SideProjects/cypress-submit-reload/.nuxt/root-component.mjs' } +8ms
  cypress:network:agent got family { family: 6, href: 'http://localhost:3000/_nuxt/@id/virtual:nuxt:C:/Users/LucasFelber/Documents/SideProjects/cypress-submit-reload/.nuxt/root-component.mjs' } +0ms
  cypress:server:request received status code & headers on request { requestId: 'request137', statusCode: 304, headers: {} } +8ms
  cypress:server:request successful response received { requestId: 'request137' } +0ms
  cypress:net-stubbing:server:intercept-response InterceptResponse { req: { url: '/_nuxt/@id/virtual:nuxt:C:/Users/LucasFelber/Documents/SideProjects/cypress-submit-reload/.nuxt/plugins/client.mjs' }, request: undefined } +8ms
  cypress:network:cors Parsed URL { port: '3000', protocol: 'http:', subdomain: null, domain: '', tld: 'localhost' } +2ms
  cypress:server:remote-states getting remote state: { auth: null, origin: 'http://localhost:3000', strategy: 'http', fileServer: null, domainName: 'localhost', props: { port: '3000', protocol: 'http:', subdomain: null, domain: '', tld: 'localhost' } } for: http://localhost:3000 +2ms
  cypress:network:cors Parsed URL { port: '3000', protocol: 'http:', subdomain: null, domain: '', tld: 'localhost' } +0ms
  cypress:network:cors Parsed URL { port: '3000', protocol: 'http:', subdomain: null, domain: '', tld: 'localhost' } +0ms
  cypress:server:remote-states getting primary remote state: { auth: null, origin: 'http://localhost:3000', strategy: 'http', fileServer: null, domainName: 'localhost', props: { port: '3000', protocol: 'http:', subdomain: null, domain: '', tld: 'localhost' } } +1ms
  cypress:network:cors Parsed URL { port: '3000', protocol: 'http:', subdomain: null, domain: '', tld: 'localhost' } +1ms
  cypress:network:cors Parsed URL { port: '3000', protocol: 'http:', subdomain: null, domain: '', tld: 'localhost' } +0ms
  cypress:network:cors Parsed URL { port: '3000', protocol: 'http:', subdomain: null, domain: '', tld: 'localhost' } +0ms
  cypress:server:remote-states getting remote state: { auth: null, origin: 'http://localhost:3000', strategy: 'http', fileServer: null, domainName: 'localhost', props: { port: '3000', protocol: 'http:', subdomain: null, domain: '', tld: 'localhost' } } for: http://localhost:3000 +0ms
  cypress:network:cors Parsed URL { port: '3000', protocol: 'http:', subdomain: null, domain: '', tld: 'localhost' } +3ms
  cypress:network:cors Parsed URL { port: '3000', protocol: 'http:', subdomain: null, domain: '', tld: 'localhost' } +0ms
  cypress:network:cors Parsed URL { port: '3000', protocol: 'http:', subdomain: null, domain: '', tld: 'localhost' } +1ms
  cypress:server:remote-states getting remote state: { auth: null, origin: 'http://localhost:3000', strategy: 'http', fileServer: null, domainName: 'localhost', props: { port: '3000', protocol: 'http:', subdomain: null, domain: '', tld: 'localhost' } } for: http://localhost:3000/_nuxt/@id/virtual:nuxt:C:/Users/LucasFelber/Documents/SideProjects/cypress-submit-reload/.nuxt/nuxt.config.mjs +4ms
  cypress:network:cors Parsed URL { port: '3000', protocol: 'http:', subdomain: null, domain: '', tld: 'localhost' } +0ms
  cypress:server:remote-states getting remote state: { auth: null, origin: 'http://localhost:3000', strategy: 'http', fileServer: null, domainName: 'localhost', props: { port: '3000', protocol: 'http:', subdomain: null, domain: '', tld: 'localhost' } } for: http://localhost:3000 +0ms
  cypress:server:stream_buffer stream buffer writeable final called +8ms
  cypress:network:agent addRequest called { isHttps: false, href: 'http://localhost:3000/_nuxt/@id/virtual:nuxt:C:/Users/LucasFelber/Documents/SideProjects/cypress-submit-reload/.nuxt/nuxt.config.mjs' } +8ms
  cypress:network:agent got family { family: 6, href: 'http://localhost:3000/_nuxt/@id/virtual:nuxt:C:/Users/LucasFelber/Documents/SideProjects/cypress-submit-reload/.nuxt/nuxt.config.mjs' } +0ms
  cypress:server:request received status code & headers on request { requestId: 'request138', statusCode: 304, headers: {} } +8ms
  cypress:server:request successful response received { requestId: 'request138' } +0ms
  cypress:net-stubbing:server:intercept-response InterceptResponse { req: { url: '/_nuxt/@id/virtual:nuxt:C:/Users/LucasFelber/Documents/SideProjects/cypress-submit-reload/.nuxt/root-component.mjs' }, request: undefined } +9ms
  cypress:network:cors Parsed URL { port: '3000', protocol: 'http:', subdomain: null, domain: '', tld: 'localhost' } +4ms
  cypress:server:remote-states getting remote state: { auth: null, origin: 'http://localhost:3000', strategy: 'http', fileServer: null, domainName: 'localhost', props: { port: '3000', protocol: 'http:', subdomain: null, domain: '', tld: 'localhost' } } for: http://localhost:3000 +4ms
  cypress:network:cors Parsed URL { port: '3000', protocol: 'http:', subdomain: null, domain: '', tld: 'localhost' } +0ms
  cypress:network:cors Parsed URL { port: '3000', protocol: 'http:', subdomain: null, domain: '', tld: 'localhost' } +0ms
  cypress:server:remote-states getting primary remote state: { auth: null, origin: 'http://localhost:3000', strategy: 'http', fileServer: null, domainName: 'localhost', props: { port: '3000', protocol: 'http:', subdomain: null, domain: '', tld: 'localhost' } } +1ms
  cypress:network:cors Parsed URL { port: '3000', protocol: 'http:', subdomain: null, domain: '', tld: 'localhost' } +1ms
  cypress:network:cors Parsed URL { port: '3000', protocol: 'http:', subdomain: null, domain: '', tld: 'localhost' } +0ms
  cypress:network:cors Parsed URL { port: '3000', protocol: 'http:', subdomain: null, domain: '', tld: 'localhost' } +0ms
  cypress:server:remote-states getting remote state: { auth: null, origin: 'http://localhost:3000', strategy: 'http', fileServer: null, domainName: 'localhost', props: { port: '3000', protocol: 'http:', subdomain: null, domain: '', tld: 'localhost' } } for: http://localhost:3000 +0ms
  cypress:network:cors Parsed URL { port: '3000', protocol: 'http:', subdomain: null, domain: '', tld: 'localhost' } +6ms
  cypress:network:cors Parsed URL { port: '3000', protocol: 'http:', subdomain: null, domain: '', tld: 'localhost' } +0ms
  cypress:network:cors Parsed URL { port: '3000', protocol: 'http:', subdomain: null, domain: '', tld: 'localhost' } +1ms
  cypress:server:remote-states getting remote state: { auth: null, origin: 'http://localhost:3000', strategy: 'http', fileServer: null, domainName: 'localhost', props: { port: '3000', protocol: 'http:', subdomain: null, domain: '', tld: 'localhost' } } for: http://localhost:3000/_nuxt/node_modules/vite-plugin-vue-inspector/src/load.js +7ms
  cypress:network:cors Parsed URL { port: '3000', protocol: 'http:', subdomain: null, domain: '', tld: 'localhost' } +0ms
  cypress:server:remote-states getting remote state: { auth: null, origin: 'http://localhost:3000', strategy: 'http', fileServer: null, domainName: 'localhost', props: { port: '3000', protocol: 'http:', subdomain: null, domain: '', tld: 'localhost' } } for: http://localhost:3000 +0ms
  cypress:server:stream_buffer stream buffer writeable final called +13ms
  cypress:network:agent addRequest called { isHttps: false, href: 'http://localhost:3000/_nuxt/node_modules/vite-plugin-vue-inspector/src/load.js' } +13ms
  cypress:network:agent got family { family: 6, href: 'http://localhost:3000/_nuxt/node_modules/vite-plugin-vue-inspector/src/load.js' } +0ms
  cypress:server:request received status code & headers on request { requestId: 'request139', statusCode: 304, headers: {} } +15ms
  cypress:server:request successful response received { requestId: 'request139' } +0ms
  cypress:net-stubbing:server:intercept-response InterceptResponse { req: { url: '/_nuxt/@id/virtual:nuxt:C:/Users/LucasFelber/Documents/SideProjects/cypress-submit-reload/.nuxt/nuxt.config.mjs' }, request: undefined } +15ms
  cypress:network:cors Parsed URL { port: '3000', protocol: 'http:', subdomain: null, domain: '', tld: 'localhost' } +7ms
  cypress:server:remote-states getting remote state: { auth: null, origin: 'http://localhost:3000', strategy: 'http', fileServer: null, domainName: 'localhost', props: { port: '3000', protocol: 'http:', subdomain: null, domain: '', tld: 'localhost' } } for: http://localhost:3000 +7ms
  cypress:network:cors Parsed URL { port: '3000', protocol: 'http:', subdomain: null, domain: '', tld: 'localhost' } +0ms
  cypress:network:cors Parsed URL { port: '3000', protocol: 'http:', subdomain: null, domain: '', tld: 'localhost' } +0ms
  cypress:server:remote-states getting primary remote state: { auth: null, origin: 'http://localhost:3000', strategy: 'http', fileServer: null, domainName: 'localhost', props: { port: '3000', protocol: 'http:', subdomain: null, domain: '', tld: 'localhost' } } +0ms
  cypress:network:cors Parsed URL { port: '3000', protocol: 'http:', subdomain: null, domain: '', tld: 'localhost' } +0ms
  cypress:network:cors Parsed URL { port: '3000', protocol: 'http:', subdomain: null, domain: '', tld: 'localhost' } +0ms
  cypress:network:cors Parsed URL { port: '3000', protocol: 'http:', subdomain: null, domain: '', tld: 'localhost' } +1ms
  cypress:server:remote-states getting remote state: { auth: null, origin: 'http://localhost:3000', strategy: 'http', fileServer: null, domainName: 'localhost', props: { port: '3000', protocol: 'http:', subdomain: null, domain: '', tld: 'localhost' } } for: http://localhost:3000 +1ms
  cypress:network:cors Parsed URL { port: '3000', protocol: 'http:', subdomain: null, domain: '', tld: 'localhost' } +4ms
  cypress:network:cors Parsed URL { port: '3000', protocol: 'http:', subdomain: null, domain: '', tld: 'localhost' } +0ms
  cypress:network:cors Parsed URL { port: '3000', protocol: 'http:', subdomain: null, domain: '', tld: 'localhost' } +0ms
  cypress:server:remote-states getting remote state: { auth: null, origin: 'http://localhost:3000', strategy: 'http', fileServer: null, domainName: 'localhost', props: { port: '3000', protocol: 'http:', subdomain: null, domain: '', tld: 'localhost' } } for: http://localhost:3000/_nuxt/node_modules/vite/dist/client/env.mjs +4ms
  cypress:network:cors Parsed URL { port: '3000', protocol: 'http:', subdomain: null, domain: '', tld: 'localhost' } +0ms
  cypress:server:remote-states getting remote state: { auth: null, origin: 'http://localhost:3000', strategy: 'http', fileServer: null, domainName: 'localhost', props: { port: '3000', protocol: 'http:', subdomain: null, domain: '', tld: 'localhost' } } for: http://localhost:3000 +0ms
  cypress:server:stream_buffer stream buffer writeable final called +11ms
  cypress:network:agent addRequest called { isHttps: false, href: 'http://localhost:3000/_nuxt/node_modules/vite/dist/client/env.mjs' } +12ms
  cypress:network:agent got family { family: 6, href: 'http://localhost:3000/_nuxt/node_modules/vite/dist/client/env.mjs' } +0ms
  cypress:server:request received status code & headers on request { requestId: 'request140', statusCode: 304, headers: {} } +10ms
  cypress:server:request successful response received { requestId: 'request140' } +0ms
  cypress:net-stubbing:server:intercept-response InterceptResponse { req: { url: '/_nuxt/node_modules/vite-plugin-vue-inspector/src/load.js' }, request: undefined } +9ms
  cypress:network:cors Parsed URL { port: '3000', protocol: 'http:', subdomain: null, domain: '', tld: 'localhost' } +4ms
  cypress:server:remote-states getting remote state: { auth: null, origin: 'http://localhost:3000', strategy: 'http', fileServer: null, domainName: 'localhost', props: { port: '3000', protocol: 'http:', subdomain: null, domain: '', tld: 'localhost' } } for: http://localhost:3000 +4ms
  cypress:network:cors Parsed URL { port: '3000', protocol: 'http:', subdomain: null, domain: '', tld: 'localhost' } +0ms
  cypress:network:cors Parsed URL { port: '3000', protocol: 'http:', subdomain: null, domain: '', tld: 'localhost' } +0ms
  cypress:server:remote-states getting primary remote state: { auth: null, origin: 'http://localhost:3000', strategy: 'http', fileServer: null, domainName: 'localhost', props: { port: '3000', protocol: 'http:', subdomain: null, domain: '', tld: 'localhost' } } +0ms
  cypress:network:cors Parsed URL { port: '3000', protocol: 'http:', subdomain: null, domain: '', tld: 'localhost' } +0ms
  cypress:network:cors Parsed URL { port: '3000', protocol: 'http:', subdomain: null, domain: '', tld: 'localhost' } +0ms
  cypress:network:cors Parsed URL { port: '3000', protocol: 'http:', subdomain: null, domain: '', tld: 'localhost' } +1ms
  cypress:server:remote-states getting remote state: { auth: null, origin: 'http://localhost:3000', strategy: 'http', fileServer: null, domainName: 'localhost', props: { port: '3000', protocol: 'http:', subdomain: null, domain: '', tld: 'localhost' } } for: http://localhost:3000 +1ms
  cypress:server:request received status code & headers on request { requestId: 'request141', statusCode: 304, headers: {} } +6ms
  cypress:server:request successful response received { requestId: 'request141' } +0ms
  cypress:net-stubbing:server:intercept-response InterceptResponse { req: { url: '/_nuxt/node_modules/vite/dist/client/env.mjs' }, request: undefined } +6ms
  cypress:network:cors Parsed URL { port: '3000', protocol: 'http:', subdomain: null, domain: '', tld: 'localhost' } +5ms
  cypress:server:remote-states getting remote state: { auth: null, origin: 'http://localhost:3000', strategy: 'http', fileServer: null, domainName: 'localhost', props: { port: '3000', protocol: 'http:', subdomain: null, domain: '', tld: 'localhost' } } for: http://localhost:3000 +5ms
  cypress:network:cors Parsed URL { port: '3000', protocol: 'http:', subdomain: null, domain: '', tld: 'localhost' } +0ms
  cypress:network:cors Parsed URL { port: '3000', protocol: 'http:', subdomain: null, domain: '', tld: 'localhost' } +0ms
  cypress:server:remote-states getting primary remote state: { auth: null, origin: 'http://localhost:3000', strategy: 'http', fileServer: null, domainName: 'localhost', props: { port: '3000', protocol: 'http:', subdomain: null, domain: '', tld: 'localhost' } } +0ms
  cypress:network:cors Parsed URL { port: '3000', protocol: 'http:', subdomain: null, domain: '', tld: 'localhost' } +1ms
  cypress:network:cors Parsed URL { port: '3000', protocol: 'http:', subdomain: null, domain: '', tld: 'localhost' } +0ms
  cypress:network:cors Parsed URL { port: '3000', protocol: 'http:', subdomain: null, domain: '', tld: 'localhost' } +0ms
  cypress:server:remote-states getting remote state: { auth: null, origin: 'http://localhost:3000', strategy: 'http', fileServer: null, domainName: 'localhost', props: { port: '3000', protocol: 'http:', subdomain: null, domain: '', tld: 'localhost' } } for: http://localhost:3000 +1ms
  cypress:network:cors Parsed URL { port: '3000', protocol: 'http:', subdomain: null, domain: '', tld: 'localhost' } +27ms
  cypress:network:cors Parsed URL { port: '3000', protocol: 'http:', subdomain: null, domain: '', tld: 'localhost' } +0ms
  cypress:network:cors Parsed URL { port: '3000', protocol: 'http:', subdomain: null, domain: '', tld: 'localhost' } +0ms
  cypress:server:remote-states getting remote state: { auth: null, origin: 'http://localhost:3000', strategy: 'http', fileServer: null, domainName: 'localhost', props: { port: '3000', protocol: 'http:', subdomain: null, domain: '', tld: 'localhost' } } for: http://localhost:3000/_nuxt/@id/virtual:nuxt:C:/Users/LucasFelber/Documents/SideProjects/cypress-submit-reload/.nuxt/components.plugin.mjs +27ms
  cypress:network:cors Parsed URL { port: '3000', protocol: 'http:', subdomain: null, domain: '', tld: 'localhost' } +0ms
  cypress:server:remote-states getting remote state: { auth: null, origin: 'http://localhost:3000', strategy: 'http', fileServer: null, domainName: 'localhost', props: { port: '3000', protocol: 'http:', subdomain: null, domain: '', tld: 'localhost' } } for: http://localhost:3000 +0ms
  cypress:server:stream_buffer stream buffer writeable final called +38ms
  cypress:network:agent addRequest called { isHttps: false, href: 'http://localhost:3000/_nuxt/@id/virtual:nuxt:C:/Users/LucasFelber/Documents/SideProjects/cypress-submit-reload/.nuxt/components.plugin.mjs' } +37ms
  cypress:network:agent got family { family: 6, href: 'http://localhost:3000/_nuxt/@id/virtual:nuxt:C:/Users/LucasFelber/Documents/SideProjects/cypress-submit-reload/.nuxt/components.plugin.mjs' } +0ms
  cypress:server:request received status code & headers on request { requestId: 'request142', statusCode: 304, headers: {} } +34ms
  cypress:server:request successful response received { requestId: 'request142' } +0ms
  cypress:net-stubbing:server:intercept-response InterceptResponse { req: { url: '/_nuxt/@id/virtual:nuxt:C:/Users/LucasFelber/Documents/SideProjects/cypress-submit-reload/.nuxt/components.plugin.mjs' }, request: undefined } +34ms
  cypress:network:cors Parsed URL { port: '3000', protocol: 'http:', subdomain: null, domain: '', tld: 'localhost' } +6ms
  cypress:server:remote-states getting remote state: { auth: null, origin: 'http://localhost:3000', strategy: 'http', fileServer: null, domainName: 'localhost', props: { port: '3000', protocol: 'http:', subdomain: null, domain: '', tld: 'localhost' } } for: http://localhost:3000 +6ms
  cypress:network:cors Parsed URL { port: '3000', protocol: 'http:', subdomain: null, domain: '', tld: 'localhost' } +0ms
  cypress:network:cors Parsed URL { port: '3000', protocol: 'http:', subdomain: null, domain: '', tld: 'localhost' } +0ms
  cypress:server:remote-states getting primary remote state: { auth: null, origin: 'http://localhost:3000', strategy: 'http', fileServer: null, domainName: 'localhost', props: { port: '3000', protocol: 'http:', subdomain: null, domain: '', tld: 'localhost' } } +0ms
  cypress:network:cors Parsed URL { port: '3000', protocol: 'http:', subdomain: null, domain: '', tld: 'localhost' } +0ms
  cypress:network:cors Parsed URL { port: '3000', protocol: 'http:', subdomain: null, domain: '', tld: 'localhost' } +0ms
  cypress:network:cors Parsed URL { port: '3000', protocol: 'http:', subdomain: null, domain: '', tld: 'localhost' } +1ms
  cypress:server:remote-states getting remote state: { auth: null, origin: 'http://localhost:3000', strategy: 'http', fileServer: null, domainName: 'localhost', props: { port: '3000', protocol: 'http:', subdomain: null, domain: '', tld: 'localhost' } } for: http://localhost:3000 +1ms
  cypress:network:cors Parsed URL { port: '3000', protocol: 'http:', subdomain: null, domain: '', tld: 'localhost' } +13ms
  cypress:network:cors Parsed URL { port: '3000', protocol: 'http:', subdomain: null, domain: '', tld: 'localhost' } +0ms
  cypress:network:cors Parsed URL { port: '3000', protocol: 'http:', subdomain: null, domain: '', tld: 'localhost' } +0ms
  cypress:server:remote-states getting remote state: { auth: null, origin: 'http://localhost:3000', strategy: 'http', fileServer: null, domainName: 'localhost', props: { port: '3000', protocol: 'http:', subdomain: null, domain: '', tld: 'localhost' } } for: http://localhost:3000/_nuxt/@id/virtual:nuxt:C:/Users/LucasFelber/Documents/SideProjects/cypress-submit-reload/.nuxt/unhead-plugins.mjs +13ms
  cypress:network:cors Parsed URL { port: '3000', protocol: 'http:', subdomain: null, domain: '', tld: 'localhost' } +1ms
  cypress:server:remote-states getting remote state: { auth: null, origin: 'http://localhost:3000', strategy: 'http', fileServer: null, domainName: 'localhost', props: { port: '3000', protocol: 'http:', subdomain: null, domain: '', tld: 'localhost' } } for: http://localhost:3000 +1ms
  cypress:server:stream_buffer stream buffer writeable final called +20ms
  cypress:network:agent addRequest called { isHttps: false, href: 'http://localhost:3000/_nuxt/@id/virtual:nuxt:C:/Users/LucasFelber/Documents/SideProjects/cypress-submit-reload/.nuxt/unhead-plugins.mjs' } +20ms
  cypress:network:agent got family { family: 6, href: 'http://localhost:3000/_nuxt/@id/virtual:nuxt:C:/Users/LucasFelber/Documents/SideProjects/cypress-submit-reload/.nuxt/unhead-plugins.mjs' } +0ms
  cypress:network:cors Parsed URL { port: '3000', protocol: 'http:', subdomain: null, domain: '', tld: 'localhost' } +2ms
  cypress:network:cors Parsed URL { port: '3000', protocol: 'http:', subdomain: null, domain: '', tld: 'localhost' } +0ms
  cypress:network:cors Parsed URL { port: '3000', protocol: 'http:', subdomain: null, domain: '', tld: 'localhost' } +1ms
  cypress:server:remote-states getting remote state: { auth: null, origin: 'http://localhost:3000', strategy: 'http', fileServer: null, domainName: 'localhost', props: { port: '3000', protocol: 'http:', subdomain: null, domain: '', tld: 'localhost' } } for: http://localhost:3000/_nuxt/@id/virtual:nuxt:C:/Users/LucasFelber/Documents/SideProjects/cypress-submit-reload/.nuxt/vue-router.mjs +3ms
  cypress:network:cors Parsed URL { port: '3000', protocol: 'http:', subdomain: null, domain: '', tld: 'localhost' } +0ms
  cypress:server:remote-states getting remote state: { auth: null, origin: 'http://localhost:3000', strategy: 'http', fileServer: null, domainName: 'localhost', props: { port: '3000', protocol: 'http:', subdomain: null, domain: '', tld: 'localhost' } } for: http://localhost:3000 +0ms
  cypress:server:stream_buffer stream buffer writeable final called +4ms
  cypress:network:agent addRequest called { isHttps: false, href: 'http://localhost:3000/_nuxt/@id/virtual:nuxt:C:/Users/LucasFelber/Documents/SideProjects/cypress-submit-reload/.nuxt/vue-router.mjs' } +4ms
  cypress:network:agent got family { family: 6, href: 'http://localhost:3000/_nuxt/@id/virtual:nuxt:C:/Users/LucasFelber/Documents/SideProjects/cypress-submit-reload/.nuxt/vue-router.mjs' } +0ms  cypress:server:request received status code & headers on request { requestId: 'request143', statusCode: 304, headers: {} } +22ms
  cypress:server:request successful response received { requestId: 'request143' } +0ms
  cypress:net-stubbing:server:intercept-response InterceptResponse { req: { url: '/_nuxt/@id/virtual:nuxt:C:/Users/LucasFelber/Documents/SideProjects/cypress-submit-reload/.nuxt/unhead-plugins.mjs' }, request: undefined } +23ms
  cypress:network:cors Parsed URL { port: '3000', protocol: 'http:', subdomain: null, domain: '', tld: 'localhost' } +6ms
  cypress:server:remote-states getting remote state: { auth: null, origin: 'http://localhost:3000', strategy: 'http', fileServer: null, domainName: 'localhost', props: { port: '3000', protocol: 'http:', subdomain: null, domain: '', tld: 'localhost' } } for: http://localhost:3000 +6ms
  cypress:network:cors Parsed URL { port: '3000', protocol: 'http:', subdomain: null, domain: '', tld: 'localhost' } +0ms
  cypress:network:cors Parsed URL { port: '3000', protocol: 'http:', subdomain: null, domain: '', tld: 'localhost' } +0ms
  cypress:server:remote-states getting primary remote state: { auth: null, origin: 'http://localhost:3000', strategy: 'http', fileServer: null, domainName: 'localhost', props: { port: '3000', protocol: 'http:', subdomain: null, domain: '', tld: 'localhost' } } +0ms
  cypress:network:cors Parsed URL { port: '3000', protocol: 'http:', subdomain: null, domain: '', tld: 'localhost' } +0ms
  cypress:network:cors Parsed URL { port: '3000', protocol: 'http:', subdomain: null, domain: '', tld: 'localhost' } +0ms
  cypress:network:cors Parsed URL { port: '3000', protocol: 'http:', subdomain: null, domain: '', tld: 'localhost' } +0ms
  cypress:server:remote-states getting remote state: { auth: null, origin: 'http://localhost:3000', strategy: 'http', fileServer: null, domainName: 'localhost', props: { port: '3000', protocol: 'http:', subdomain: null, domain: '', tld: 'localhost' } } for: http://localhost:3000 +1ms
  cypress:server:request received status code & headers on request { requestId: 'request144', statusCode: 304, headers: {} } +6ms
  cypress:server:request successful response received { requestId: 'request144' } +0ms
  cypress:net-stubbing:server:intercept-response InterceptResponse { req: { url: '/_nuxt/@id/virtual:nuxt:C:/Users/LucasFelber/Documents/SideProjects/cypress-submit-reload/.nuxt/vue-router.mjs' }, request: undefined } +5ms
  cypress:network:cors Parsed URL { port: '3000', protocol: 'http:', subdomain: null, domain: '', tld: 'localhost' } +4ms
  cypress:server:remote-states getting remote state: { auth: null, origin: 'http://localhost:3000', strategy: 'http', fileServer: null, domainName: 'localhost', props: { port: '3000', protocol: 'http:', subdomain: null, domain: '', tld: 'localhost' } } for: http://localhost:3000 +3ms
  cypress:network:cors Parsed URL { port: '3000', protocol: 'http:', subdomain: null, domain: '', tld: 'localhost' } +0ms
  cypress:network:cors Parsed URL { port: '3000', protocol: 'http:', subdomain: null, domain: '', tld: 'localhost' } +0ms
  cypress:server:remote-states getting primary remote state: { auth: null, origin: 'http://localhost:3000', strategy: 'http', fileServer: null, domainName: 'localhost', props: { port: '3000', protocol: 'http:', subdomain: null, domain: '', tld: 'localhost' } } +0ms
  cypress:network:cors Parsed URL { port: '3000', protocol: 'http:', subdomain: null, domain: '', tld: 'localhost' } +0ms
  cypress:network:cors Parsed URL { port: '3000', protocol: 'http:', subdomain: null, domain: '', tld: 'localhost' } +0ms
  cypress:network:cors Parsed URL { port: '3000', protocol: 'http:', subdomain: null, domain: '', tld: 'localhost' } +1ms
  cypress:server:remote-states getting remote state: { auth: null, origin: 'http://localhost:3000', strategy: 'http', fileServer: null, domainName: 'localhost', props: { port: '3000', protocol: 'http:', subdomain: null, domain: '', tld: 'localhost' } } for: http://localhost:3000 +1ms
  cypress:network:cors Parsed URL { port: '3000', protocol: 'http:', subdomain: null, domain: '', tld: 'localhost' } +5ms
  cypress:network:cors Parsed URL { port: '3000', protocol: 'http:', subdomain: null, domain: '', tld: 'localhost' } +0ms
  cypress:network:cors Parsed URL { port: '3000', protocol: 'http:', subdomain: null, domain: '', tld: 'localhost' } +0ms
  cypress:server:remote-states getting remote state: { auth: null, origin: 'http://localhost:3000', strategy: 'http', fileServer: null, domainName: 'localhost', props: { port: '3000', protocol: 'http:', subdomain: null, domain: '', tld: 'localhost' } } for: http://localhost:3000/_nuxt/@id/virtual:nuxt:C:/Users/LucasFelber/Documents/SideProjects/cypress-submit-reload/.nuxt/routes.mjs +5ms
  cypress:network:cors Parsed URL { port: '3000', protocol: 'http:', subdomain: null, domain: '', tld: 'localhost' } +0ms
  cypress:server:remote-states getting remote state: { auth: null, origin: 'http://localhost:3000', strategy: 'http', fileServer: null, domainName: 'localhost', props: { port: '3000', protocol: 'http:', subdomain: null, domain: '', tld: 'localhost' } } for: http://localhost:3000 +0ms
  cypress:server:stream_buffer stream buffer writeable final called +16ms
  cypress:network:agent addRequest called { isHttps: false, href: 'http://localhost:3000/_nuxt/@id/virtual:nuxt:C:/Users/LucasFelber/Documents/SideProjects/cypress-submit-reload/.nuxt/routes.mjs' } +16ms
  cypress:network:agent got family { family: 6, href: 'http://localhost:3000/_nuxt/@id/virtual:nuxt:C:/Users/LucasFelber/Documents/SideProjects/cypress-submit-reload/.nuxt/routes.mjs' } +0ms
  cypress:network:cors Parsed URL { port: '3000', protocol: 'http:', subdomain: null, domain: '', tld: 'localhost' } +4ms
  cypress:network:cors Parsed URL { port: '3000', protocol: 'http:', subdomain: null, domain: '', tld: 'localhost' } +0ms
  cypress:network:cors Parsed URL { port: '3000', protocol: 'http:', subdomain: null, domain: '', tld: 'localhost' } +0ms
  cypress:server:remote-states getting remote state: { auth: null, origin: 'http://localhost:3000', strategy: 'http', fileServer: null, domainName: 'localhost', props: { port: '3000', protocol: 'http:', subdomain: null, domain: '', tld: 'localhost' } } for: http://localhost:3000/_nuxt/@id/virtual:nuxt:C:/Users/LucasFelber/Documents/SideProjects/cypress-submit-reload/.nuxt/router.options.mjs +4ms
  cypress:network:cors Parsed URL { port: '3000', protocol: 'http:', subdomain: null, domain: '', tld: 'localhost' } +0ms
  cypress:server:remote-states getting remote state: { auth: null, origin: 'http://localhost:3000', strategy: 'http', fileServer: null, domainName: 'localhost', props: { port: '3000', protocol: 'http:', subdomain: null, domain: '', tld: 'localhost' } } for: http://localhost:3000 +0ms
  cypress:server:stream_buffer stream buffer writeable final called +4ms
  cypress:network:agent addRequest called { isHttps: false, href: 'http://localhost:3000/_nuxt/@id/virtual:nuxt:C:/Users/LucasFelber/Documents/SideProjects/cypress-submit-reload/.nuxt/router.options.mjs' } +4ms
  cypress:network:agent got family { family: 6, href: 'http://localhost:3000/_nuxt/@id/virtual:nuxt:C:/Users/LucasFelber/Documents/SideProjects/cypress-submit-reload/.nuxt/router.options.mjs' } +0ms
  cypress:network:cors Parsed URL { port: '3000', protocol: 'http:', subdomain: null, domain: '', tld: 'localhost' } +2ms
  cypress:network:cors Parsed URL { port: '3000', protocol: 'http:', subdomain: null, domain: '', tld: 'localhost' } +0ms
  cypress:network:cors Parsed URL { port: '3000', protocol: 'http:', subdomain: null, domain: '', tld: 'localhost' } +1ms
  cypress:server:remote-states getting remote state: { auth: null, origin: 'http://localhost:3000', strategy: 'http', fileServer: null, domainName: 'localhost', props: { port: '3000', protocol: 'http:', subdomain: null, domain: '', tld: 'localhost' } } for: http://localhost:3000/_nuxt/@id/virtual:nuxt:C:/Users/LucasFelber/Documents/SideProjects/cypress-submit-reload/.nuxt/middleware.mjs +3ms
  cypress:network:cors Parsed URL { port: '3000', protocol: 'http:', subdomain: null, domain: '', tld: 'localhost' } +0ms
  cypress:server:remote-states getting remote state: { auth: null, origin: 'http://localhost:3000', strategy: 'http', fileServer: null, domainName: 'localhost', props: { port: '3000', protocol: 'http:', subdomain: null, domain: '', tld: 'localhost' } } for: http://localhost:3000 +0ms
  cypress:server:stream_buffer stream buffer writeable final called +2ms
  cypress:network:agent addRequest called { isHttps: false, href: 'http://localhost:3000/_nuxt/@id/virtual:nuxt:C:/Users/LucasFelber/Documents/SideProjects/cypress-submit-reload/.nuxt/middleware.mjs' } +2ms
  cypress:network:agent got family { family: 6, href: 'http://localhost:3000/_nuxt/@id/virtual:nuxt:C:/Users/LucasFelber/Documents/SideProjects/cypress-submit-reload/.nuxt/middleware.mjs' } +0ms  cypress:server:request received status code & headers on request { requestId: 'request145', statusCode: 304, headers: {} } +15ms
  cypress:server:request successful response received { requestId: 'request145' } +0ms
  cypress:net-stubbing:server:intercept-response InterceptResponse { req: { url: '/_nuxt/@id/virtual:nuxt:C:/Users/LucasFelber/Documents/SideProjects/cypress-submit-reload/.nuxt/routes.mjs' }, request: undefined } +14ms
  cypress:network:cors Parsed URL { port: '3000', protocol: 'http:', subdomain: null, domain: '', tld: 'localhost' } +2ms
  cypress:server:remote-states getting remote state: { auth: null, origin: 'http://localhost:3000', strategy: 'http', fileServer: null, domainName: 'localhost', props: { port: '3000', protocol: 'http:', subdomain: null, domain: '', tld: 'localhost' } } for: http://localhost:3000 +2ms
  cypress:network:cors Parsed URL { port: '3000', protocol: 'http:', subdomain: null, domain: '', tld: 'localhost' } +0ms
  cypress:network:cors Parsed URL { port: '3000', protocol: 'http:', subdomain: null, domain: '', tld: 'localhost' } +0ms
  cypress:server:remote-states getting primary remote state: { auth: null, origin: 'http://localhost:3000', strategy: 'http', fileServer: null, domainName: 'localhost', props: { port: '3000', protocol: 'http:', subdomain: null, domain: '', tld: 'localhost' } } +0ms
  cypress:network:cors Parsed URL { port: '3000', protocol: 'http:', subdomain: null, domain: '', tld: 'localhost' } +0ms
  cypress:network:cors Parsed URL { port: '3000', protocol: 'http:', subdomain: null, domain: '', tld: 'localhost' } +0ms
  cypress:network:cors Parsed URL { port: '3000', protocol: 'http:', subdomain: null, domain: '', tld: 'localhost' } +0ms
  cypress:server:remote-states getting remote state: { auth: null, origin: 'http://localhost:3000', strategy: 'http', fileServer: null, domainName: 'localhost', props: { port: '3000', protocol: 'http:', subdomain: null, domain: '', tld: 'localhost' } } for: http://localhost:3000 +0ms
  cypress:network:cors Parsed URL { port: '3000', protocol: 'http:', subdomain: null, domain: '', tld: 'localhost' } +5ms
  cypress:network:cors Parsed URL { port: '3000', protocol: 'http:', subdomain: null, domain: '', tld: 'localhost' } +1ms
  cypress:network:cors Parsed URL { port: '3000', protocol: 'http:', subdomain: null, domain: '', tld: 'localhost' } +0ms
  cypress:server:remote-states getting remote state: { auth: null, origin: 'http://localhost:3000', strategy: 'http', fileServer: null, domainName: 'localhost', props: { port: '3000', protocol: 'http:', subdomain: null, domain: '', tld: 'localhost' } } for: http://localhost:3000/_nuxt/@id/virtual:nuxt:C:/Users/LucasFelber/Documents/SideProjects/cypress-submit-reload/.nuxt/layouts.mjs +6ms
  cypress:network:cors Parsed URL { port: '3000', protocol: 'http:', subdomain: null, domain: '', tld: 'localhost' } +0ms
  cypress:server:remote-states getting remote state: { auth: null, origin: 'http://localhost:3000', strategy: 'http', fileServer: null, domainName: 'localhost', props: { port: '3000', protocol: 'http:', subdomain: null, domain: '', tld: 'localhost' } } for: http://localhost:3000 +0ms
  cypress:server:stream_buffer stream buffer writeable final called +9ms
  cypress:network:agent addRequest called { isHttps: false, href: 'http://localhost:3000/_nuxt/@id/virtual:nuxt:C:/Users/LucasFelber/Documents/SideProjects/cypress-submit-reload/.nuxt/layouts.mjs' } +9ms
  cypress:network:agent got family { family: 6, href: 'http://localhost:3000/_nuxt/@id/virtual:nuxt:C:/Users/LucasFelber/Documents/SideProjects/cypress-submit-reload/.nuxt/layouts.mjs' } +0ms
  cypress:server:request received status code & headers on request { requestId: 'request147', statusCode: 304, headers: {} } +9ms
  cypress:server:request successful response received { requestId: 'request147' } +0ms
  cypress:server:request received status code & headers on request { requestId: 'request146', statusCode: 304, headers: {} } +1ms
  cypress:server:request successful response received { requestId: 'request146' } +0ms
  cypress:net-stubbing:server:intercept-response InterceptResponse { req: { url: '/_nuxt/@id/virtual:nuxt:C:/Users/LucasFelber/Documents/SideProjects/cypress-submit-reload/.nuxt/middleware.mjs' }, request: undefined } +10ms
  cypress:network:cors Parsed URL { port: '3000', protocol: 'http:', subdomain: null, domain: '', tld: 'localhost' } +3ms
  cypress:server:remote-states getting remote state: { auth: null, origin: 'http://localhost:3000', strategy: 'http', fileServer: null, domainName: 'localhost', props: { port: '3000', protocol: 'http:', subdomain: null, domain: '', tld: 'localhost' } } for: http://localhost:3000 +4ms
  cypress:network:cors Parsed URL { port: '3000', protocol: 'http:', subdomain: null, domain: '', tld: 'localhost' } +1ms
  cypress:network:cors Parsed URL { port: '3000', protocol: 'http:', subdomain: null, domain: '', tld: 'localhost' } +0ms
  cypress:server:remote-states getting primary remote state: { auth: null, origin: 'http://localhost:3000', strategy: 'http', fileServer: null, domainName: 'localhost', props: { port: '3000', protocol: 'http:', subdomain: null, domain: '', tld: 'localhost' } } +0ms
  cypress:network:cors Parsed URL { port: '3000', protocol: 'http:', subdomain: null, domain: '', tld: 'localhost' } +0ms
  cypress:network:cors Parsed URL { port: '3000', protocol: 'http:', subdomain: null, domain: '', tld: 'localhost' } +0ms
  cypress:network:cors Parsed URL { port: '3000', protocol: 'http:', subdomain: null, domain: '', tld: 'localhost' } +0ms
  cypress:server:remote-states getting remote state: { auth: null, origin: 'http://localhost:3000', strategy: 'http', fileServer: null, domainName: 'localhost', props: { port: '3000', protocol: 'http:', subdomain: null, domain: '', tld: 'localhost' } } for: http://localhost:3000 +0ms
  cypress:net-stubbing:server:intercept-response InterceptResponse { req: { url: '/_nuxt/@id/virtual:nuxt:C:/Users/LucasFelber/Documents/SideProjects/cypress-submit-reload/.nuxt/router.options.mjs' }, request: undefined } +2ms
  cypress:network:cors Parsed URL { port: '3000', protocol: 'http:', subdomain: null, domain: '', tld: 'localhost' } +1ms
  cypress:server:remote-states getting remote state: { auth: null, origin: 'http://localhost:3000', strategy: 'http', fileServer: null, domainName: 'localhost', props: { port: '3000', protocol: 'http:', subdomain: null, domain: '', tld: 'localhost' } } for: http://localhost:3000 +1ms
  cypress:network:cors Parsed URL { port: '3000', protocol: 'http:', subdomain: null, domain: '', tld: 'localhost' } +0ms
  cypress:network:cors Parsed URL { port: '3000', protocol: 'http:', subdomain: null, domain: '', tld: 'localhost' } +0ms
  cypress:server:remote-states getting primary remote state: { auth: null, origin: 'http://localhost:3000', strategy: 'http', fileServer: null, domainName: 'localhost', props: { port: '3000', protocol: 'http:', subdomain: null, domain: '', tld: 'localhost' } } +0ms
  cypress:network:cors Parsed URL { port: '3000', protocol: 'http:', subdomain: null, domain: '', tld: 'localhost' } +0ms
  cypress:network:cors Parsed URL { port: '3000', protocol: 'http:', subdomain: null, domain: '', tld: 'localhost' } +0ms
  cypress:network:cors Parsed URL { port: '3000', protocol: 'http:', subdomain: null, domain: '', tld: 'localhost' } +1ms
  cypress:server:remote-states getting remote state: { auth: null, origin: 'http://localhost:3000', strategy: 'http', fileServer: null, domainName: 'localhost', props: { port: '3000', protocol: 'http:', subdomain: null, domain: '', tld: 'localhost' } } for: http://localhost:3000 +1ms
  cypress:server:request received status code & headers on request { requestId: 'request148', statusCode: 304, headers: {} } +7ms
  cypress:server:request successful response received { requestId: 'request148' } +1ms
  cypress:net-stubbing:server:intercept-response InterceptResponse { req: { url: '/_nuxt/@id/virtual:nuxt:C:/Users/LucasFelber/Documents/SideProjects/cypress-submit-reload/.nuxt/layouts.mjs' }, request: undefined } +6ms
  cypress:network:cors Parsed URL { port: '3000', protocol: 'http:', subdomain: null, domain: '', tld: 'localhost' } +5ms
  cypress:server:remote-states getting remote state: { auth: null, origin: 'http://localhost:3000', strategy: 'http', fileServer: null, domainName: 'localhost', props: { port: '3000', protocol: 'http:', subdomain: null, domain: '', tld: 'localhost' } } for: http://localhost:3000 +5ms
  cypress:network:cors Parsed URL { port: '3000', protocol: 'http:', subdomain: null, domain: '', tld: 'localhost' } +0ms
  cypress:network:cors Parsed URL { port: '3000', protocol: 'http:', subdomain: null, domain: '', tld: 'localhost' } +0ms
  cypress:server:remote-states getting primary remote state: { auth: null, origin: 'http://localhost:3000', strategy: 'http', fileServer: null, domainName: 'localhost', props: { port: '3000', protocol: 'http:', subdomain: null, domain: '', tld: 'localhost' } } +0ms
  cypress:network:cors Parsed URL { port: '3000', protocol: 'http:', subdomain: null, domain: '', tld: 'localhost' } +1ms
  cypress:network:cors Parsed URL { port: '3000', protocol: 'http:', subdomain: null, domain: '', tld: 'localhost' } +0ms
  cypress:network:cors Parsed URL { port: '3000', protocol: 'http:', subdomain: null, domain: '', tld: 'localhost' } +0ms
  cypress:server:remote-states getting remote state: { auth: null, origin: 'http://localhost:3000', strategy: 'http', fileServer: null, domainName: 'localhost', props: { port: '3000', protocol: 'http:', subdomain: null, domain: '', tld: 'localhost' } } for: http://localhost:3000 +1ms
  cypress:network:cors Parsed URL { port: '3000', protocol: 'http:', subdomain: null, domain: '', tld: 'localhost' } +19ms
  cypress:network:cors Parsed URL { port: '3000', protocol: 'http:', subdomain: null, domain: '', tld: 'localhost' } +0ms
  cypress:network:cors Parsed URL { port: '3000', protocol: 'http:', subdomain: null, domain: '', tld: 'localhost' } +1ms
  cypress:server:remote-states getting remote state: { auth: null, origin: 'http://localhost:3000', strategy: 'http', fileServer: null, domainName: 'localhost', props: { port: '3000', protocol: 'http:', subdomain: null, domain: '', tld: 'localhost' } } for: http://localhost:3000/_nuxt/.nuxt/app.config.mjs +20ms
  cypress:network:cors Parsed URL { port: '3000', protocol: 'http:', subdomain: null, domain: '', tld: 'localhost' } +0ms
  cypress:server:remote-states getting remote state: { auth: null, origin: 'http://localhost:3000', strategy: 'http', fileServer: null, domainName: 'localhost', props: { port: '3000', protocol: 'http:', subdomain: null, domain: '', tld: 'localhost' } } for: http://localhost:3000 +0ms
  cypress:server:stream_buffer stream buffer writeable final called +31ms
  cypress:network:agent addRequest called { isHttps: false, href: 'http://localhost:3000/_nuxt/.nuxt/app.config.mjs' } +32ms
  cypress:network:agent got family { family: 6, href: 'http://localhost:3000/_nuxt/.nuxt/app.config.mjs' } +0ms
  cypress:server:request received status code & headers on request { requestId: 'request149', statusCode: 304, headers: {} } +27ms
  cypress:server:request successful response received { requestId: 'request149' } +0ms
  cypress:net-stubbing:server:intercept-response InterceptResponse { req: { url: '/_nuxt/.nuxt/app.config.mjs' }, request: undefined } +28ms
  cypress:network:cors Parsed URL { port: '3000', protocol: 'http:', subdomain: null, domain: '', tld: 'localhost' } +7ms
  cypress:server:remote-states getting remote state: { auth: null, origin: 'http://localhost:3000', strategy: 'http', fileServer: null, domainName: 'localhost', props: { port: '3000', protocol: 'http:', subdomain: null, domain: '', tld: 'localhost' } } for: http://localhost:3000 +7ms
  cypress:network:cors Parsed URL { port: '3000', protocol: 'http:', subdomain: null, domain: '', tld: 'localhost' } +0ms
  cypress:network:cors Parsed URL { port: '3000', protocol: 'http:', subdomain: null, domain: '', tld: 'localhost' } +0ms
  cypress:server:remote-states getting primary remote state: { auth: null, origin: 'http://localhost:3000', strategy: 'http', fileServer: null, domainName: 'localhost', props: { port: '3000', protocol: 'http:', subdomain: null, domain: '', tld: 'localhost' } } +0ms
  cypress:network:cors Parsed URL { port: '3000', protocol: 'http:', subdomain: null, domain: '', tld: 'localhost' } +0ms
  cypress:network:cors Parsed URL { port: '3000', protocol: 'http:', subdomain: null, domain: '', tld: 'localhost' } +0ms
  cypress:network:cors Parsed URL { port: '3000', protocol: 'http:', subdomain: null, domain: '', tld: 'localhost' } +0ms
  cypress:server:remote-states getting remote state: { auth: null, origin: 'http://localhost:3000', strategy: 'http', fileServer: null, domainName: 'localhost', props: { port: '3000', protocol: 'http:', subdomain: null, domain: '', tld: 'localhost' } } for: http://localhost:3000 +0ms
  cypress:network:cors Parsed URL { port: '3000', protocol: 'http:', subdomain: null, domain: '', tld: 'localhost' } +27ms
  cypress:network:cors Parsed URL { port: '3000', protocol: 'http:', subdomain: null, domain: '', tld: 'localhost' } +0ms
  cypress:network:cors Parsed URL { port: '3000', protocol: 'http:', subdomain: null, domain: '', tld: 'localhost' } +0ms
  cypress:server:remote-states getting remote state: { auth: null, origin: 'http://localhost:3000', strategy: 'http', fileServer: null, domainName: 'localhost', props: { port: '3000', protocol: 'http:', subdomain: null, domain: '', tld: 'localhost' } } for: http://localhost:3000/_nuxt/node_modules/nuxt/dist/app/components/nuxt-root.vue +27ms
  cypress:network:cors Parsed URL { port: '3000', protocol: 'http:', subdomain: null, domain: '', tld: 'localhost' } +0ms
  cypress:server:remote-states getting remote state: { auth: null, origin: 'http://localhost:3000', strategy: 'http', fileServer: null, domainName: 'localhost', props: { port: '3000', protocol: 'http:', subdomain: null, domain: '', tld: 'localhost' } } for: http://localhost:3000 +0ms
  cypress:server:stream_buffer stream buffer writeable final called +35ms
  cypress:network:agent addRequest called { isHttps: false, href: 'http://localhost:3000/_nuxt/node_modules/nuxt/dist/app/components/nuxt-root.vue' } +34ms
  cypress:network:agent got family { family: 6, href: 'http://localhost:3000/_nuxt/node_modules/nuxt/dist/app/components/nuxt-root.vue' } +0ms
  cypress:server:request received status code & headers on request { requestId: 'request150', statusCode: 304, headers: {} } +37ms
  cypress:server:request successful response received { requestId: 'request150' } +0ms
  cypress:net-stubbing:server:intercept-response InterceptResponse { req: { url: '/_nuxt/node_modules/nuxt/dist/app/components/nuxt-root.vue' }, request: undefined } +38ms
  cypress:network:cors Parsed URL { port: '3000', protocol: 'http:', subdomain: null, domain: '', tld: 'localhost' } +11ms
  cypress:server:remote-states getting remote state: { auth: null, origin: 'http://localhost:3000', strategy: 'http', fileServer: null, domainName: 'localhost', props: { port: '3000', protocol: 'http:', subdomain: null, domain: '', tld: 'localhost' } } for: http://localhost:3000 +11ms
  cypress:network:cors Parsed URL { port: '3000', protocol: 'http:', subdomain: null, domain: '', tld: 'localhost' } +0ms
  cypress:network:cors Parsed URL { port: '3000', protocol: 'http:', subdomain: null, domain: '', tld: 'localhost' } +1ms
  cypress:server:remote-states getting primary remote state: { auth: null, origin: 'http://localhost:3000', strategy: 'http', fileServer: null, domainName: 'localhost', props: { port: '3000', protocol: 'http:', subdomain: null, domain: '', tld: 'localhost' } } +1ms
  cypress:network:cors Parsed URL { port: '3000', protocol: 'http:', subdomain: null, domain: '', tld: 'localhost' } +0ms
  cypress:network:cors Parsed URL { port: '3000', protocol: 'http:', subdomain: null, domain: '', tld: 'localhost' } +0ms
  cypress:network:cors Parsed URL { port: '3000', protocol: 'http:', subdomain: null, domain: '', tld: 'localhost' } +1ms
  cypress:server:remote-states getting remote state: { auth: null, origin: 'http://localhost:3000', strategy: 'http', fileServer: null, domainName: 'localhost', props: { port: '3000', protocol: 'http:', subdomain: null, domain: '', tld: 'localhost' } } for: http://localhost:3000 +1ms
  cypress:network:cors Parsed URL { port: '3000', protocol: 'http:', subdomain: null, domain: '', tld: 'localhost' } +15ms
  cypress:network:cors Parsed URL { port: '3000', protocol: 'http:', subdomain: null, domain: '', tld: 'localhost' } +0ms
  cypress:network:cors Parsed URL { port: '3000', protocol: 'http:', subdomain: null, domain: '', tld: 'localhost' } +0ms
  cypress:server:remote-states getting remote state: { auth: null, origin: 'http://localhost:3000', strategy: 'http', fileServer: null, domainName: 'localhost', props: { port: '3000', protocol: 'http:', subdomain: null, domain: '', tld: 'localhost' } } for: http://localhost:3000/_nuxt/node_modules/vite-plugin-vue-inspector/src/Overlay.vue +15ms
  cypress:network:cors Parsed URL { port: '3000', protocol: 'http:', subdomain: null, domain: '', tld: 'localhost' } +1ms
  cypress:server:remote-states getting remote state: { auth: null, origin: 'http://localhost:3000', strategy: 'http', fileServer: null, domainName: 'localhost', props: { port: '3000', protocol: 'http:', subdomain: null, domain: '', tld: 'localhost' } } for: http://localhost:3000 +1ms
  cypress:server:stream_buffer stream buffer writeable final called +29ms
  cypress:network:agent addRequest called { isHttps: false, href: 'http://localhost:3000/_nuxt/node_modules/vite-plugin-vue-inspector/src/Overlay.vue' } +29ms
  cypress:network:agent got family { family: 6, href: 'http://localhost:3000/_nuxt/node_modules/vite-plugin-vue-inspector/src/Overlay.vue' } +0ms
  cypress:network:cors Parsed URL { port: '3000', protocol: 'http:', subdomain: null, domain: '', tld: 'localhost' } +2ms
  cypress:network:cors Parsed URL { port: '3000', protocol: 'http:', subdomain: null, domain: '', tld: 'localhost' } +0ms
  cypress:network:cors Parsed URL { port: '3000', protocol: 'http:', subdomain: null, domain: '', tld: 'localhost' } +0ms
  cypress:server:remote-states getting remote state: { auth: null, origin: 'http://localhost:3000', strategy: 'http', fileServer: null, domainName: 'localhost', props: { port: '3000', protocol: 'http:', subdomain: null, domain: '', tld: 'localhost' } } for: http://localhost:3000/_nuxt/@id/virtual:vue-inspector-options +2ms
  cypress:network:cors Parsed URL { port: '3000', protocol: 'http:', subdomain: null, domain: '', tld: 'localhost' } +0ms
  cypress:server:remote-states getting remote state: { auth: null, origin: 'http://localhost:3000', strategy: 'http', fileServer: null, domainName: 'localhost', props: { port: '3000', protocol: 'http:', subdomain: null, domain: '', tld: 'localhost' } } for: http://localhost:3000 +0ms
  cypress:server:stream_buffer stream buffer writeable final called +2ms
  cypress:network:agent addRequest called { isHttps: false, href: 'http://localhost:3000/_nuxt/@id/virtual:vue-inspector-options' } +2ms
  cypress:network:agent got family { family: 6, href: 'http://localhost:3000/_nuxt/@id/virtual:vue-inspector-options' } +0ms
  cypress:server:request received status code & headers on request { requestId: 'request151', statusCode: 304, headers: {} } +29ms
  cypress:server:request successful response received { requestId: 'request151' } +0ms
  cypress:net-stubbing:server:intercept-response InterceptResponse { req: { url: '/_nuxt/node_modules/vite-plugin-vue-inspector/src/Overlay.vue' }, request: undefined } +28ms
  cypress:network:cors Parsed URL { port: '3000', protocol: 'http:', subdomain: null, domain: '', tld: 'localhost' } +8ms
  cypress:server:remote-states getting remote state: { auth: null, origin: 'http://localhost:3000', strategy: 'http', fileServer: null, domainName: 'localhost', props: { port: '3000', protocol: 'http:', subdomain: null, domain: '', tld: 'localhost' } } for: http://localhost:3000 +9ms
  cypress:network:cors Parsed URL { port: '3000', protocol: 'http:', subdomain: null, domain: '', tld: 'localhost' } +1ms
  cypress:network:cors Parsed URL { port: '3000', protocol: 'http:', subdomain: null, domain: '', tld: 'localhost' } +0ms
  cypress:server:remote-states getting primary remote state: { auth: null, origin: 'http://localhost:3000', strategy: 'http', fileServer: null, domainName: 'localhost', props: { port: '3000', protocol: 'http:', subdomain: null, domain: '', tld: 'localhost' } } +0ms
  cypress:network:cors Parsed URL { port: '3000', protocol: 'http:', subdomain: null, domain: '', tld: 'localhost' } +0ms
  cypress:network:cors Parsed URL { port: '3000', protocol: 'http:', subdomain: null, domain: '', tld: 'localhost' } +0ms
  cypress:network:cors Parsed URL { port: '3000', protocol: 'http:', subdomain: null, domain: '', tld: 'localhost' } +0ms
  cypress:server:remote-states getting remote state: { auth: null, origin: 'http://localhost:3000', strategy: 'http', fileServer: null, domainName: 'localhost', props: { port: '3000', protocol: 'http:', subdomain: null, domain: '', tld: 'localhost' } } for: http://localhost:3000 +0ms
  cypress:server:request received status code & headers on request { requestId: 'request152', statusCode: 304, headers: {} } +3ms
  cypress:server:request successful response received { requestId: 'request152' } +0ms
  cypress:net-stubbing:server:intercept-response InterceptResponse { req: { url: '/_nuxt/@id/virtual:vue-inspector-options' }, request: undefined } +3ms
  cypress:network:cors Parsed URL { port: '3000', protocol: 'http:', subdomain: null, domain: '', tld: 'localhost' } +2ms
  cypress:server:remote-states getting remote state: { auth: null, origin: 'http://localhost:3000', strategy: 'http', fileServer: null, domainName: 'localhost', props: { port: '3000', protocol: 'http:', subdomain: null, domain: '', tld: 'localhost' } } for: http://localhost:3000 +2ms
  cypress:network:cors Parsed URL { port: '3000', protocol: 'http:', subdomain: null, domain: '', tld: 'localhost' } +1ms
  cypress:network:cors Parsed URL { port: '3000', protocol: 'http:', subdomain: null, domain: '', tld: 'localhost' } +0ms
  cypress:server:remote-states getting primary remote state: { auth: null, origin: 'http://localhost:3000', strategy: 'http', fileServer: null, domainName: 'localhost', props: { port: '3000', protocol: 'http:', subdomain: null, domain: '', tld: 'localhost' } } +1ms
  cypress:network:cors Parsed URL { port: '3000', protocol: 'http:', subdomain: null, domain: '', tld: 'localhost' } +0ms
  cypress:network:cors Parsed URL { port: '3000', protocol: 'http:', subdomain: null, domain: '', tld: 'localhost' } +0ms
  cypress:network:cors Parsed URL { port: '3000', protocol: 'http:', subdomain: null, domain: '', tld: 'localhost' } +1ms
  cypress:server:remote-states getting remote state: { auth: null, origin: 'http://localhost:3000', strategy: 'http', fileServer: null, domainName: 'localhost', props: { port: '3000', protocol: 'http:', subdomain: null, domain: '', tld: 'localhost' } } for: http://localhost:3000 +1ms
  cypress:network:cors Parsed URL { port: '3000', protocol: 'http:', subdomain: null, domain: '', tld: 'localhost' } +27ms
  cypress:network:cors Parsed URL { port: '3000', protocol: 'http:', subdomain: null, domain: '', tld: 'localhost' } +1ms
  cypress:network:cors Parsed URL { port: '3000', protocol: 'http:', subdomain: null, domain: '', tld: 'localhost' } +0ms
  cypress:server:remote-states getting remote state: { auth: null, origin: 'http://localhost:3000', strategy: 'http', fileServer: null, domainName: 'localhost', props: { port: '3000', protocol: 'http:', subdomain: null, domain: '', tld: 'localhost' } } for: http://localhost:3000/_nuxt/pages/index.vue?macro=true +28ms
  cypress:network:cors Parsed URL { port: '3000', protocol: 'http:', subdomain: null, domain: '', tld: 'localhost' } +0ms
  cypress:server:remote-states getting remote state: { auth: null, origin: 'http://localhost:3000', strategy: 'http', fileServer: null, domainName: 'localhost', props: { port: '3000', protocol: 'http:', subdomain: null, domain: '', tld: 'localhost' } } for: http://localhost:3000 +0ms
  cypress:server:stream_buffer stream buffer writeable final called +41ms
  cypress:network:agent addRequest called { isHttps: false, href: 'http://localhost:3000/_nuxt/pages/index.vue?macro=true' } +42ms
  cypress:network:agent got family { family: 6, href: 'http://localhost:3000/_nuxt/pages/index.vue?macro=true' } +0ms
  cypress:network:cors Parsed URL { port: '3000', protocol: 'http:', subdomain: null, domain: '', tld: 'localhost' } +6ms
  cypress:network:cors Parsed URL { port: '3000', protocol: 'http:', subdomain: null, domain: '', tld: 'localhost' } +0ms
  cypress:network:cors Parsed URL { port: '3000', protocol: 'http:', subdomain: null, domain: '', tld: 'localhost' } +1ms
  cypress:server:remote-states getting remote state: { auth: null, origin: 'http://localhost:3000', strategy: 'http', fileServer: null, domainName: 'localhost', props: { port: '3000', protocol: 'http:', subdomain: null, domain: '', tld: 'localhost' } } for: http://localhost:3000/_nuxt/pages/signup.vue?macro=true +7ms
  cypress:network:cors Parsed URL { port: '3000', protocol: 'http:', subdomain: null, domain: '', tld: 'localhost' } +0ms
  cypress:server:remote-states getting remote state: { auth: null, origin: 'http://localhost:3000', strategy: 'http', fileServer: null, domainName: 'localhost', props: { port: '3000', protocol: 'http:', subdomain: null, domain: '', tld: 'localhost' } } for: http://localhost:3000 +0ms
  cypress:server:stream_buffer stream buffer writeable final called +7ms
  cypress:network:agent addRequest called { isHttps: false, href: 'http://localhost:3000/_nuxt/pages/signup.vue?macro=true' } +6ms
  cypress:network:agent got family { family: 6, href: 'http://localhost:3000/_nuxt/pages/signup.vue?macro=true' } +0ms
  cypress:server:request received status code & headers on request { requestId: 'request153', statusCode: 304, headers: {} } +42ms
  cypress:server:request successful response received { requestId: 'request153' } +0ms
  cypress:net-stubbing:server:intercept-response InterceptResponse { req: { url: '/_nuxt/pages/index.vue?macro=true' }, request: undefined } +42ms
  cypress:network:cors Parsed URL { port: '3000', protocol: 'http:', subdomain: null, domain: '', tld: 'localhost' } +5ms
  cypress:server:remote-states getting remote state: { auth: null, origin: 'http://localhost:3000', strategy: 'http', fileServer: null, domainName: 'localhost', props: { port: '3000', protocol: 'http:', subdomain: null, domain: '', tld: 'localhost' } } for: http://localhost:3000 +5ms
  cypress:network:cors Parsed URL { port: '3000', protocol: 'http:', subdomain: null, domain: '', tld: 'localhost' } +0ms
  cypress:network:cors Parsed URL { port: '3000', protocol: 'http:', subdomain: null, domain: '', tld: 'localhost' } +0ms
  cypress:server:remote-states getting primary remote state: { auth: null, origin: 'http://localhost:3000', strategy: 'http', fileServer: null, domainName: 'localhost', props: { port: '3000', protocol: 'http:', subdomain: null, domain: '', tld: 'localhost' } } +1ms
  cypress:network:cors Parsed URL { port: '3000', protocol: 'http:', subdomain: null, domain: '', tld: 'localhost' } +1ms
  cypress:network:cors Parsed URL { port: '3000', protocol: 'http:', subdomain: null, domain: '', tld: 'localhost' } +0ms
  cypress:network:cors Parsed URL { port: '3000', protocol: 'http:', subdomain: null, domain: '', tld: 'localhost' } +0ms
  cypress:server:remote-states getting remote state: { auth: null, origin: 'http://localhost:3000', strategy: 'http', fileServer: null, domainName: 'localhost', props: { port: '3000', protocol: 'http:', subdomain: null, domain: '', tld: 'localhost' } } for: http://localhost:3000 +1ms
  cypress:server:request received status code & headers on request { requestId: 'request154', statusCode: 304, headers: {} } +4ms
  cypress:server:request successful response received { requestId: 'request154' } +0ms
  cypress:net-stubbing:server:intercept-response InterceptResponse { req: { url: '/_nuxt/pages/signup.vue?macro=true' }, request: undefined } +4ms
  cypress:network:cors Parsed URL { port: '3000', protocol: 'http:', subdomain: null, domain: '', tld: 'localhost' } +3ms
  cypress:server:remote-states getting remote state: { auth: null, origin: 'http://localhost:3000', strategy: 'http', fileServer: null, domainName: 'localhost', props: { port: '3000', protocol: 'http:', subdomain: null, domain: '', tld: 'localhost' } } for: http://localhost:3000 +2ms
  cypress:network:cors Parsed URL { port: '3000', protocol: 'http:', subdomain: null, domain: '', tld: 'localhost' } +0ms
  cypress:network:cors Parsed URL { port: '3000', protocol: 'http:', subdomain: null, domain: '', tld: 'localhost' } +0ms
  cypress:server:remote-states getting primary remote state: { auth: null, origin: 'http://localhost:3000', strategy: 'http', fileServer: null, domainName: 'localhost', props: { port: '3000', protocol: 'http:', subdomain: null, domain: '', tld: 'localhost' } } +0ms
  cypress:network:cors Parsed URL { port: '3000', protocol: 'http:', subdomain: null, domain: '', tld: 'localhost' } +0ms
  cypress:network:cors Parsed URL { port: '3000', protocol: 'http:', subdomain: null, domain: '', tld: 'localhost' } +0ms
  cypress:network:cors Parsed URL { port: '3000', protocol: 'http:', subdomain: null, domain: '', tld: 'localhost' } +1ms
  cypress:server:remote-states getting remote state: { auth: null, origin: 'http://localhost:3000', strategy: 'http', fileServer: null, domainName: 'localhost', props: { port: '3000', protocol: 'http:', subdomain: null, domain: '', tld: 'localhost' } } for: http://localhost:3000 +1ms
  cypress:network:cors Parsed URL { port: '3000', protocol: 'http:', subdomain: null, domain: '', tld: 'localhost' } +33ms
  cypress:network:cors Parsed URL { port: '3000', protocol: 'http:', subdomain: null, domain: '', tld: 'localhost' } +0ms
  cypress:network:cors Parsed URL { port: '3000', protocol: 'http:', subdomain: null, domain: '', tld: 'localhost' } +0ms
  cypress:server:remote-states getting remote state: { auth: null, origin: 'http://localhost:3000', strategy: 'http', fileServer: null, domainName: 'localhost', props: { port: '3000', protocol: 'http:', subdomain: null, domain: '', tld: 'localhost' } } for: http://localhost:3000/_nuxt/@id/virtual:nuxt:C:/Users/LucasFelber/Documents/SideProjects/cypress-submit-reload/.nuxt/app-component.mjs +33ms
  cypress:network:cors Parsed URL { port: '3000', protocol: 'http:', subdomain: null, domain: '', tld: 'localhost' } +0ms
  cypress:server:remote-states getting remote state: { auth: null, origin: 'http://localhost:3000', strategy: 'http', fileServer: null, domainName: 'localhost', props: { port: '3000', protocol: 'http:', subdomain: null, domain: '', tld: 'localhost' } } for: http://localhost:3000 +0ms
  cypress:server:stream_buffer stream buffer writeable final called +43ms
  cypress:network:agent addRequest called { isHttps: false, href: 'http://localhost:3000/_nuxt/@id/virtual:nuxt:C:/Users/LucasFelber/Documents/SideProjects/cypress-submit-reload/.nuxt/app-component.mjs' } +43ms
  cypress:network:agent got family { family: 6, href: 'http://localhost:3000/_nuxt/@id/virtual:nuxt:C:/Users/LucasFelber/Documents/SideProjects/cypress-submit-reload/.nuxt/app-component.mjs' } +0ms
  cypress:network:cors Parsed URL { port: '3000', protocol: 'http:', subdomain: null, domain: '', tld: 'localhost' } +3ms
  cypress:network:cors Parsed URL { port: '3000', protocol: 'http:', subdomain: null, domain: '', tld: 'localhost' } +0ms
  cypress:network:cors Parsed URL { port: '3000', protocol: 'http:', subdomain: null, domain: '', tld: 'localhost' } +0ms
  cypress:server:remote-states getting remote state: { auth: null, origin: 'http://localhost:3000', strategy: 'http', fileServer: null, domainName: 'localhost', props: { port: '3000', protocol: 'http:', subdomain: null, domain: '', tld: 'localhost' } } for: http://localhost:3000/_nuxt/@id/virtual:nuxt:C:/Users/LucasFelber/Documents/SideProjects/cypress-submit-reload/.nuxt/error-component.mjs +3ms
  cypress:network:cors Parsed URL { port: '3000', protocol: 'http:', subdomain: null, domain: '', tld: 'localhost' } +0ms
  cypress:server:remote-states getting remote state: { auth: null, origin: 'http://localhost:3000', strategy: 'http', fileServer: null, domainName: 'localhost', props: { port: '3000', protocol: 'http:', subdomain: null, domain: '', tld: 'localhost' } } for: http://localhost:3000 +0ms
  cypress:server:stream_buffer stream buffer writeable final called +3ms
  cypress:network:agent addRequest called { isHttps: false, href: 'http://localhost:3000/_nuxt/@id/virtual:nuxt:C:/Users/LucasFelber/Documents/SideProjects/cypress-submit-reload/.nuxt/error-component.mjs' } +3ms
  cypress:network:agent got family { family: 6, href: 'http://localhost:3000/_nuxt/@id/virtual:nuxt:C:/Users/LucasFelber/Documents/SideProjects/cypress-submit-reload/.nuxt/error-component.mjs' } +0ms
  cypress:network:cors Parsed URL { port: '3000', protocol: 'http:', subdomain: null, domain: '', tld: 'localhost' } +4ms
  cypress:network:cors Parsed URL { port: '3000', protocol: 'http:', subdomain: null, domain: '', tld: 'localhost' } +0ms
  cypress:network:cors Parsed URL { port: '3000', protocol: 'http:', subdomain: null, domain: '', tld: 'localhost' } +1ms
  cypress:server:remote-states getting remote state: { auth: null, origin: 'http://localhost:3000', strategy: 'http', fileServer: null, domainName: 'localhost', props: { port: '3000', protocol: 'http:', subdomain: null, domain: '', tld: 'localhost' } } for: http://localhost:3000/_nuxt/@id/__x00__plugin-vue:export-helper +5ms
  cypress:network:cors Parsed URL { port: '3000', protocol: 'http:', subdomain: null, domain: '', tld: 'localhost' } +0ms
  cypress:server:remote-states getting remote state: { auth: null, origin: 'http://localhost:3000', strategy: 'http', fileServer: null, domainName: 'localhost', props: { port: '3000', protocol: 'http:', subdomain: null, domain: '', tld: 'localhost' } } for: http://localhost:3000 +0ms
  cypress:server:stream_buffer stream buffer writeable final called +5ms
  cypress:network:agent addRequest called { isHttps: false, href: 'http://localhost:3000/_nuxt/@id/__x00__plugin-vue:export-helper' } +6ms
  cypress:network:agent got family { family: 6, href: 'http://localhost:3000/_nuxt/@id/__x00__plugin-vue:export-helper' } +0ms
  cypress:server:request received status code & headers on request { requestId: 'request155', statusCode: 304, headers: {} } +46ms
  cypress:server:request successful response received { requestId: 'request155' } +0ms
  cypress:net-stubbing:server:intercept-response InterceptResponse { req: { url: '/_nuxt/@id/virtual:nuxt:C:/Users/LucasFelber/Documents/SideProjects/cypress-submit-reload/.nuxt/app-component.mjs' }, request: undefined } +47ms
  cypress:network:cors Parsed URL { port: '3000', protocol: 'http:', subdomain: null, domain: '', tld: 'localhost' } +6ms
  cypress:server:remote-states getting remote state: { auth: null, origin: 'http://localhost:3000', strategy: 'http', fileServer: null, domainName: 'localhost', props: { port: '3000', protocol: 'http:', subdomain: null, domain: '', tld: 'localhost' } } for: http://localhost:3000 +6ms
  cypress:network:cors Parsed URL { port: '3000', protocol: 'http:', subdomain: null, domain: '', tld: 'localhost' } +0ms
  cypress:network:cors Parsed URL { port: '3000', protocol: 'http:', subdomain: null, domain: '', tld: 'localhost' } +0ms
  cypress:server:remote-states getting primary remote state: { auth: null, origin: 'http://localhost:3000', strategy: 'http', fileServer: null, domainName: 'localhost', props: { port: '3000', protocol: 'http:', subdomain: null, domain: '', tld: 'localhost' } } +0ms
  cypress:network:cors Parsed URL { port: '3000', protocol: 'http:', subdomain: null, domain: '', tld: 'localhost' } +0ms
  cypress:network:cors Parsed URL { port: '3000', protocol: 'http:', subdomain: null, domain: '', tld: 'localhost' } +0ms
  cypress:network:cors Parsed URL { port: '3000', protocol: 'http:', subdomain: null, domain: '', tld: 'localhost' } +1ms
  cypress:server:remote-states getting remote state: { auth: null, origin: 'http://localhost:3000', strategy: 'http', fileServer: null, domainName: 'localhost', props: { port: '3000', protocol: 'http:', subdomain: null, domain: '', tld: 'localhost' } } for: http://localhost:3000 +1ms
  cypress:server:request received status code & headers on request { requestId: 'request156', statusCode: 304, headers: {} } +5ms
  cypress:server:request successful response received { requestId: 'request156' } +0ms
  cypress:net-stubbing:server:intercept-response InterceptResponse { req: { url: '/_nuxt/@id/virtual:nuxt:C:/Users/LucasFelber/Documents/SideProjects/cypress-submit-reload/.nuxt/error-component.mjs' }, request: undefined } +4ms
  cypress:network:cors Parsed URL { port: '3000', protocol: 'http:', subdomain: null, domain: '', tld: 'localhost' } +3ms
  cypress:server:remote-states getting remote state: { auth: null, origin: 'http://localhost:3000', strategy: 'http', fileServer: null, domainName: 'localhost', props: { port: '3000', protocol: 'http:', subdomain: null, domain: '', tld: 'localhost' } } for: http://localhost:3000 +3ms
  cypress:network:cors Parsed URL { port: '3000', protocol: 'http:', subdomain: null, domain: '', tld: 'localhost' } +0ms
  cypress:network:cors Parsed URL { port: '3000', protocol: 'http:', subdomain: null, domain: '', tld: 'localhost' } +0ms
  cypress:server:remote-states getting primary remote state: { auth: null, origin: 'http://localhost:3000', strategy: 'http', fileServer: null, domainName: 'localhost', props: { port: '3000', protocol: 'http:', subdomain: null, domain: '', tld: 'localhost' } } +0ms
  cypress:network:cors Parsed URL { port: '3000', protocol: 'http:', subdomain: null, domain: '', tld: 'localhost' } +0ms
  cypress:network:cors Parsed URL { port: '3000', protocol: 'http:', subdomain: null, domain: '', tld: 'localhost' } +0ms
  cypress:network:cors Parsed URL { port: '3000', protocol: 'http:', subdomain: null, domain: '', tld: 'localhost' } +1ms
  cypress:server:remote-states getting remote state: { auth: null, origin: 'http://localhost:3000', strategy: 'http', fileServer: null, domainName: 'localhost', props: { port: '3000', protocol: 'http:', subdomain: null, domain: '', tld: 'localhost' } } for: http://localhost:3000 +1ms
  cypress:server:request received status code & headers on request { requestId: 'request157', statusCode: 304, headers: {} } +5ms
  cypress:server:request successful response received { requestId: 'request157' } +0ms
  cypress:net-stubbing:server:intercept-response InterceptResponse { req: { url: '/_nuxt/@id/__x00__plugin-vue:export-helper' }, request: undefined } +5ms
  cypress:network:cors Parsed URL { port: '3000', protocol: 'http:', subdomain: null, domain: '', tld: 'localhost' } +4ms
  cypress:server:remote-states getting remote state: { auth: null, origin: 'http://localhost:3000', strategy: 'http', fileServer: null, domainName: 'localhost', props: { port: '3000', protocol: 'http:', subdomain: null, domain: '', tld: 'localhost' } } for: http://localhost:3000 +4ms
  cypress:network:cors Parsed URL { port: '3000', protocol: 'http:', subdomain: null, domain: '', tld: 'localhost' } +0ms
  cypress:network:cors Parsed URL { port: '3000', protocol: 'http:', subdomain: null, domain: '', tld: 'localhost' } +0ms
  cypress:server:remote-states getting primary remote state: { auth: null, origin: 'http://localhost:3000', strategy: 'http', fileServer: null, domainName: 'localhost', props: { port: '3000', protocol: 'http:', subdomain: null, domain: '', tld: 'localhost' } } +0ms
  cypress:network:cors Parsed URL { port: '3000', protocol: 'http:', subdomain: null, domain: '', tld: 'localhost' } +0ms
  cypress:network:cors Parsed URL { port: '3000', protocol: 'http:', subdomain: null, domain: '', tld: 'localhost' } +0ms
  cypress:network:cors Parsed URL { port: '3000', protocol: 'http:', subdomain: null, domain: '', tld: 'localhost' } +0ms
  cypress:server:remote-states getting remote state: { auth: null, origin: 'http://localhost:3000', strategy: 'http', fileServer: null, domainName: 'localhost', props: { port: '3000', protocol: 'http:', subdomain: null, domain: '', tld: 'localhost' } } for: http://localhost:3000 +0ms
  cypress:network:cors Parsed URL { port: '3000', protocol: 'http:', subdomain: null, domain: '', tld: 'localhost' } +9ms
  cypress:network:cors Parsed URL { port: '3000', protocol: 'http:', subdomain: null, domain: '', tld: 'localhost' } +0ms
  cypress:network:cors Parsed URL { port: '3000', protocol: 'http:', subdomain: null, domain: '', tld: 'localhost' } +1ms
  cypress:server:remote-states getting remote state: { auth: null, origin: 'http://localhost:3000', strategy: 'http', fileServer: null, domainName: 'localhost', props: { port: '3000', protocol: 'http:', subdomain: null, domain: '', tld: 'localhost' } } for: http://localhost:3000/_nuxt/node_modules/vite-plugin-vue-inspector/src/Overlay.vue?vue&type=style&index=0&scoped=31d1379f&lang.css +10ms
  cypress:network:cors Parsed URL { port: '3000', protocol: 'http:', subdomain: null, domain: '', tld: 'localhost' } +0ms
  cypress:server:remote-states getting remote state: { auth: null, origin: 'http://localhost:3000', strategy: 'http', fileServer: null, domainName: 'localhost', props: { port: '3000', protocol: 'http:', subdomain: null, domain: '', tld: 'localhost' } } for: http://localhost:3000 +0ms
  cypress:server:stream_buffer stream buffer writeable final called +25ms
  cypress:network:agent addRequest called { isHttps: false, href: 'http://localhost:3000/_nuxt/node_modules/vite-plugin-vue-inspector/src/Overlay.vue?vue&type=style&index=0&scoped=31d1379f&lang.css' } +24ms
  cypress:network:agent got family { family: 6, href: 'http://localhost:3000/_nuxt/node_modules/vite-plugin-vue-inspector/src/Overlay.vue?vue&type=style&index=0&scoped=31d1379f&lang.css' } +0ms
  cypress:server:request received status code & headers on request { requestId: 'request158', statusCode: 200, headers: { 'content-type': 'application/javascript' } } +24ms
  cypress:server:request successful response received { requestId: 'request158' } +0ms
  cypress:net-stubbing:server:intercept-response InterceptResponse { req: { url: '/_nuxt/node_modules/vite-plugin-vue-inspector/src/Overlay.vue?vue&type=style&index=0&scoped=31d1379f&lang.css' }, request: undefined } +24ms
  cypress:network:cors Parsed URL { port: '3000', protocol: 'http:', subdomain: null, domain: '', tld: 'localhost' } +14ms
  cypress:server:remote-states getting remote state: { auth: null, origin: 'http://localhost:3000', strategy: 'http', fileServer: null, domainName: 'localhost', props: { port: '3000', protocol: 'http:', subdomain: null, domain: '', tld: 'localhost' } } for: http://localhost:3000 +14ms
  cypress:network:cors Parsed URL { port: '3000', protocol: 'http:', subdomain: null, domain: '', tld: 'localhost' } +0ms
  cypress:network:cors Parsed URL { port: '3000', protocol: 'http:', subdomain: null, domain: '', tld: 'localhost' } +0ms
  cypress:server:remote-states getting primary remote state: { auth: null, origin: 'http://localhost:3000', strategy: 'http', fileServer: null, domainName: 'localhost', props: { port: '3000', protocol: 'http:', subdomain: null, domain: '', tld: 'localhost' } } +1ms
  cypress:network:cors Parsed URL { port: '3000', protocol: 'http:', subdomain: null, domain: '', tld: 'localhost' } +1ms
  cypress:network:cors Parsed URL { port: '3000', protocol: 'http:', subdomain: null, domain: '', tld: 'localhost' } +0ms
  cypress:network:cors Parsed URL { port: '3000', protocol: 'http:', subdomain: null, domain: '', tld: 'localhost' } +0ms
  cypress:server:remote-states getting remote state: { auth: null, origin: 'http://localhost:3000', strategy: 'http', fileServer: null, domainName: 'localhost', props: { port: '3000', protocol: 'http:', subdomain: null, domain: '', tld: 'localhost' } } for: http://localhost:3000 +0ms
  cypress:server:server-base Got CONNECT request from localhost:3000 +2s
  cypress:https-proxy Writing browserSocket connection headers { url: 'localhost:3000', headLength: 0, headers: { host: 'localhost:3000', 'proxy-connection': 'keep-alive', 'user-agent': 'Mozilla/5.0 (Windows NT 10.0; Win64; x64) AppleWebKit/537.36 (KHTML, like Gecko) Cypress/13.3.1 Chrome/114.0.5735.289 Electron/25.8.4 Safari/537.36' } } +2s
  cypress:https-proxy Got first head bytes { url: 'localhost:3000', head: 'GET /_nuxt/ HTTP/1.1\r\nHost: localhost:3000\r\nConnection: Upgrade\r' } +3ms
  cypress:https-proxy Making intercepted connection to 56459 +0ms
  cypress:network:connect successfully connected { opts: { port: 56459, host: 'localhost', getDelayMsForRetry: [Function: h] }, iteration: 0 } +2s
  cypress:https-proxy received upstreamSocket callback for request { port: 56459, hostname: 'localhost', err: undefined } +4ms
  cypress:server:util:socket_allowed allowing socket { localPort: 56815 } +510ms
  cypress:server:server-base Got UPGRADE request from /_nuxt/ +8ms
  cypress:network:cors Parsed URL { port: '3000', protocol: 'http:', subdomain: null, domain: '', tld: 'localhost' } +12ms
  cypress:network:agent addRequest called { isHttps: false, href: 'http://localhost:3000/_nuxt/' } +26ms
  cypress:network:agent got family { family: 6, href: 'http://localhost:3000/_nuxt/' } +0ms
  cypress:network:cors Parsed URL { port: '3000', protocol: 'http:', subdomain: null, domain: '', tld: 'localhost' } +10ms
  cypress:network:cors Parsed URL { port: '3000', protocol: 'http:', subdomain: null, domain: '', tld: 'localhost' } +0ms
  cypress:network:cors Parsed URL { port: '3000', protocol: 'http:', subdomain: null, domain: '', tld: 'localhost' } +1ms
  cypress:server:remote-states getting remote state: { auth: null, origin: 'http://localhost:3000', strategy: 'http', fileServer: null, domainName: 'localhost', props: { port: '3000', protocol: 'http:', subdomain: null, domain: '', tld: 'localhost' } } for: http://localhost:3000/_nuxt/app.vue +23ms
  cypress:network:cors Parsed URL { port: '3000', protocol: 'http:', subdomain: null, domain: '', tld: 'localhost' } +0ms
  cypress:server:remote-states getting remote state: { auth: null, origin: 'http://localhost:3000', strategy: 'http', fileServer: null, domainName: 'localhost', props: { port: '3000', protocol: 'http:', subdomain: null, domain: '', tld: 'localhost' } } for: http://localhost:3000 +0ms
  cypress:server:stream_buffer stream buffer writeable final called +38ms
  cypress:network:agent addRequest called { isHttps: false, href: 'http://localhost:3000/_nuxt/app.vue' } +12ms
  cypress:network:agent got family { family: 6, href: 'http://localhost:3000/_nuxt/app.vue' } +0ms
  cypress:network:cors Parsed URL { port: '3000', protocol: 'http:', subdomain: null, domain: '', tld: 'localhost' } +4ms
  cypress:network:cors Parsed URL { port: '3000', protocol: 'http:', subdomain: null, domain: '', tld: 'localhost' } +1ms
  cypress:network:cors Parsed URL { port: '3000', protocol: 'http:', subdomain: null, domain: '', tld: 'localhost' } +0ms
  cypress:server:remote-states getting remote state: { auth: null, origin: 'http://localhost:3000', strategy: 'http', fileServer: null, domainName: 'localhost', props: { port: '3000', protocol: 'http:', subdomain: null, domain: '', tld: 'localhost' } } for: http://localhost:3000/_nuxt/node_modules/nuxt/dist/app/components/nuxt-error-page.vue +5ms
  cypress:network:cors Parsed URL { port: '3000', protocol: 'http:', subdomain: null, domain: '', tld: 'localhost' } +0ms
  cypress:server:remote-states getting remote state: { auth: null, origin: 'http://localhost:3000', strategy: 'http', fileServer: null, domainName: 'localhost', props: { port: '3000', protocol: 'http:', subdomain: null, domain: '', tld: 'localhost' } } for: http://localhost:3000 +0ms
  cypress:server:stream_buffer stream buffer writeable final called +7ms
  cypress:network:agent addRequest called { isHttps: false, href: 'http://localhost:3000/_nuxt/node_modules/nuxt/dist/app/components/nuxt-error-page.vue' } +8ms
  cypress:network:agent got family { family: 6, href: 'http://localhost:3000/_nuxt/node_modules/nuxt/dist/app/components/nuxt-error-page.vue' } +0ms
  cypress:server:request received status code & headers on request { requestId: 'request159', statusCode: 304, headers: {} } +36ms
  cypress:server:request successful response received { requestId: 'request159' } +0ms
  cypress:net-stubbing:server:intercept-response InterceptResponse { req: { url: '/_nuxt/app.vue' }, request: undefined } +37ms
  cypress:network:cors Parsed URL { port: '3000', protocol: 'http:', subdomain: null, domain: '', tld: 'localhost' } +8ms
  cypress:server:remote-states getting remote state: { auth: null, origin: 'http://localhost:3000', strategy: 'http', fileServer: null, domainName: 'localhost', props: { port: '3000', protocol: 'http:', subdomain: null, domain: '', tld: 'localhost' } } for: http://localhost:3000 +8ms
  cypress:network:cors Parsed URL { port: '3000', protocol: 'http:', subdomain: null, domain: '', tld: 'localhost' } +0ms
  cypress:network:cors Parsed URL { port: '3000', protocol: 'http:', subdomain: null, domain: '', tld: 'localhost' } +0ms
  cypress:server:remote-states getting primary remote state: { auth: null, origin: 'http://localhost:3000', strategy: 'http', fileServer: null, domainName: 'localhost', props: { port: '3000', protocol: 'http:', subdomain: null, domain: '', tld: 'localhost' } } +0ms
  cypress:network:cors Parsed URL { port: '3000', protocol: 'http:', subdomain: null, domain: '', tld: 'localhost' } +0ms
  cypress:network:cors Parsed URL { port: '3000', protocol: 'http:', subdomain: null, domain: '', tld: 'localhost' } +0ms
  cypress:network:cors Parsed URL { port: '3000', protocol: 'http:', subdomain: null, domain: '', tld: 'localhost' } +0ms
  cypress:server:remote-states getting remote state: { auth: null, origin: 'http://localhost:3000', strategy: 'http', fileServer: null, domainName: 'localhost', props: { port: '3000', protocol: 'http:', subdomain: null, domain: '', tld: 'localhost' } } for: http://localhost:3000 +0ms
  cypress:server:request received status code & headers on request { requestId: 'request160', statusCode: 304, headers: {} } +11ms
  cypress:server:request successful response received { requestId: 'request160' } +0ms
  cypress:net-stubbing:server:intercept-response InterceptResponse { req: { url: '/_nuxt/node_modules/nuxt/dist/app/components/nuxt-error-page.vue' }, request: undefined } +10ms
  cypress:network:cors Parsed URL { port: '3000', protocol: 'http:', subdomain: null, domain: '', tld: 'localhost' } +9ms
  cypress:server:remote-states getting remote state: { auth: null, origin: 'http://localhost:3000', strategy: 'http', fileServer: null, domainName: 'localhost', props: { port: '3000', protocol: 'http:', subdomain: null, domain: '', tld: 'localhost' } } for: http://localhost:3000 +9ms
  cypress:network:cors Parsed URL { port: '3000', protocol: 'http:', subdomain: null, domain: '', tld: 'localhost' } +0ms
  cypress:network:cors Parsed URL { port: '3000', protocol: 'http:', subdomain: null, domain: '', tld: 'localhost' } +0ms
  cypress:server:remote-states getting primary remote state: { auth: null, origin: 'http://localhost:3000', strategy: 'http', fileServer: null, domainName: 'localhost', props: { port: '3000', protocol: 'http:', subdomain: null, domain: '', tld: 'localhost' } } +0ms
  cypress:network:cors Parsed URL { port: '3000', protocol: 'http:', subdomain: null, domain: '', tld: 'localhost' } +0ms
  cypress:network:cors Parsed URL { port: '3000', protocol: 'http:', subdomain: null, domain: '', tld: 'localhost' } +0ms
  cypress:network:cors Parsed URL { port: '3000', protocol: 'http:', subdomain: null, domain: '', tld: 'localhost' } +1ms
  cypress:server:remote-states getting remote state: { auth: null, origin: 'http://localhost:3000', strategy: 'http', fileServer: null, domainName: 'localhost', props: { port: '3000', protocol: 'http:', subdomain: null, domain: '', tld: 'localhost' } } for: http://localhost:3000 +1ms
  cypress:network:cors Parsed URL { port: '3000', protocol: 'http:', subdomain: null, domain: '', tld: 'localhost' } +19ms
  cypress:network:cors Parsed URL { port: '3000', protocol: 'http:', subdomain: null, domain: '', tld: 'localhost' } +0ms
  cypress:network:cors Parsed URL { port: '3000', protocol: 'http:', subdomain: null, domain: '', tld: 'localhost' } +1ms
  cypress:server:remote-states getting remote state: { auth: null, origin: 'http://localhost:3000', strategy: 'http', fileServer: null, domainName: 'localhost', props: { port: '3000', protocol: 'http:', subdomain: null, domain: '', tld: 'localhost' } } for: http://localhost:3000/_nuxt/@id/virtual:nuxt:C:/Users/LucasFelber/Documents/SideProjects/cypress-submit-reload/.nuxt/pages.mjs +20ms
  cypress:network:cors Parsed URL { port: '3000', protocol: 'http:', subdomain: null, domain: '', tld: 'localhost' } +0ms
  cypress:server:remote-states getting remote state: { auth: null, origin: 'http://localhost:3000', strategy: 'http', fileServer: null, domainName: 'localhost', props: { port: '3000', protocol: 'http:', subdomain: null, domain: '', tld: 'localhost' } } for: http://localhost:3000 +0ms
  cypress:server:stream_buffer stream buffer writeable final called +35ms
  cypress:network:agent addRequest called { isHttps: false, href: 'http://localhost:3000/_nuxt/@id/virtual:nuxt:C:/Users/LucasFelber/Documents/SideProjects/cypress-submit-reload/.nuxt/pages.mjs' } +34ms
  cypress:network:agent got family { family: 6, href: 'http://localhost:3000/_nuxt/@id/virtual:nuxt:C:/Users/LucasFelber/Documents/SideProjects/cypress-submit-reload/.nuxt/pages.mjs' } +0ms
  cypress:server:request received status code & headers on request { requestId: 'request161', statusCode: 304, headers: {} } +27ms
  cypress:server:request successful response received { requestId: 'request161' } +0ms
  cypress:net-stubbing:server:intercept-response InterceptResponse { req: { url: '/_nuxt/@id/virtual:nuxt:C:/Users/LucasFelber/Documents/SideProjects/cypress-submit-reload/.nuxt/pages.mjs' }, request: undefined } +27ms
  cypress:network:cors Parsed URL { port: '3000', protocol: 'http:', subdomain: null, domain: '', tld: 'localhost' } +6ms
  cypress:server:remote-states getting remote state: { auth: null, origin: 'http://localhost:3000', strategy: 'http', fileServer: null, domainName: 'localhost', props: { port: '3000', protocol: 'http:', subdomain: null, domain: '', tld: 'localhost' } } for: http://localhost:3000 +6ms
  cypress:network:cors Parsed URL { port: '3000', protocol: 'http:', subdomain: null, domain: '', tld: 'localhost' } +0ms
  cypress:network:cors Parsed URL { port: '3000', protocol: 'http:', subdomain: null, domain: '', tld: 'localhost' } +0ms
  cypress:server:remote-states getting primary remote state: { auth: null, origin: 'http://localhost:3000', strategy: 'http', fileServer: null, domainName: 'localhost', props: { port: '3000', protocol: 'http:', subdomain: null, domain: '', tld: 'localhost' } } +0ms
  cypress:network:cors Parsed URL { port: '3000', protocol: 'http:', subdomain: null, domain: '', tld: 'localhost' } +0ms
  cypress:network:cors Parsed URL { port: '3000', protocol: 'http:', subdomain: null, domain: '', tld: 'localhost' } +0ms
  cypress:network:cors Parsed URL { port: '3000', protocol: 'http:', subdomain: null, domain: '', tld: 'localhost' } +1ms
  cypress:server:remote-states getting remote state: { auth: null, origin: 'http://localhost:3000', strategy: 'http', fileServer: null, domainName: 'localhost', props: { port: '3000', protocol: 'http:', subdomain: null, domain: '', tld: 'localhost' } } for: http://localhost:3000 +1ms
  cypress:network:cors Parsed URL { port: '3000', protocol: 'http:', subdomain: null, domain: '', tld: 'localhost' } +11ms
  cypress:network:cors Parsed URL { port: '3000', protocol: 'http:', subdomain: null, domain: '', tld: 'localhost' } +0ms
  cypress:network:cors Parsed URL { port: '3000', protocol: 'http:', subdomain: null, domain: '', tld: 'localhost' } +1ms
  cypress:server:remote-states getting remote state: { auth: null, origin: 'http://localhost:3000', strategy: 'http', fileServer: null, domainName: 'localhost', props: { port: '3000', protocol: 'http:', subdomain: null, domain: '', tld: 'localhost' } } for: http://localhost:3000/_nuxt/pages/signup.vue?t=1697611807085 +12ms
  cypress:network:cors Parsed URL { port: '3000', protocol: 'http:', subdomain: null, domain: '', tld: 'localhost' } +0ms
  cypress:server:remote-states getting remote state: { auth: null, origin: 'http://localhost:3000', strategy: 'http', fileServer: null, domainName: 'localhost', props: { port: '3000', protocol: 'http:', subdomain: null, domain: '', tld: 'localhost' } } for: http://localhost:3000 +0ms
  cypress:server:stream_buffer stream buffer writeable final called +19ms
  cypress:network:agent addRequest called { isHttps: false, href: 'http://localhost:3000/_nuxt/pages/signup.vue?t=1697611807085' } +19ms
  cypress:network:agent got family { family: 6, href: 'http://localhost:3000/_nuxt/pages/signup.vue?t=1697611807085' } +1ms
  cypress:server:request received status code & headers on request { requestId: 'request162', statusCode: 304, headers: {} } +22ms
  cypress:server:request successful response received { requestId: 'request162' } +0ms
  cypress:net-stubbing:server:intercept-response InterceptResponse { req: { url: '/_nuxt/pages/signup.vue?t=1697611807085' }, request: undefined } +22ms
  cypress:network:cors Parsed URL { port: '3000', protocol: 'http:', subdomain: null, domain: '', tld: 'localhost' } +9ms
  cypress:server:remote-states getting remote state: { auth: null, origin: 'http://localhost:3000', strategy: 'http', fileServer: null, domainName: 'localhost', props: { port: '3000', protocol: 'http:', subdomain: null, domain: '', tld: 'localhost' } } for: http://localhost:3000 +9ms
  cypress:network:cors Parsed URL { port: '3000', protocol: 'http:', subdomain: null, domain: '', tld: 'localhost' } +0ms
  cypress:network:cors Parsed URL { port: '3000', protocol: 'http:', subdomain: null, domain: '', tld: 'localhost' } +0ms
  cypress:server:remote-states getting primary remote state: { auth: null, origin: 'http://localhost:3000', strategy: 'http', fileServer: null, domainName: 'localhost', props: { port: '3000', protocol: 'http:', subdomain: null, domain: '', tld: 'localhost' } } +0ms
  cypress:network:cors Parsed URL { port: '3000', protocol: 'http:', subdomain: null, domain: '', tld: 'localhost' } +0ms
  cypress:network:cors Parsed URL { port: '3000', protocol: 'http:', subdomain: null, domain: '', tld: 'localhost' } +0ms
  cypress:network:cors Parsed URL { port: '3000', protocol: 'http:', subdomain: null, domain: '', tld: 'localhost' } +1ms
  cypress:server:remote-states getting remote state: { auth: null, origin: 'http://localhost:3000', strategy: 'http', fileServer: null, domainName: 'localhost', props: { port: '3000', protocol: 'http:', subdomain: null, domain: '', tld: 'localhost' } } for: http://localhost:3000 +1ms
  cypress:network:cors Parsed URL { port: '3000', protocol: 'http:', subdomain: null, domain: '', tld: 'localhost' } +86ms
  cypress:network:cors Parsed URL { port: '3000', protocol: 'http:', subdomain: null, domain: '', tld: 'localhost' } +0ms
  cypress:network:cors Parsed URL { port: '3000', protocol: 'http:', subdomain: null, domain: '', tld: 'localhost' } +1ms
  cypress:server:remote-states getting remote state: { auth: null, origin: 'http://localhost:3000', strategy: 'http', fileServer: null, domainName: 'localhost', props: { port: '3000', protocol: 'http:', subdomain: null, domain: '', tld: 'localhost' } } for: http://localhost:3000/_nuxt/components/TextInput.vue?t=1697611151730 +87ms
  cypress:network:cors Parsed URL { port: '3000', protocol: 'http:', subdomain: null, domain: '', tld: 'localhost' } +0ms
  cypress:server:remote-states getting remote state: { auth: null, origin: 'http://localhost:3000', strategy: 'http', fileServer: null, domainName: 'localhost', props: { port: '3000', protocol: 'http:', subdomain: null, domain: '', tld: 'localhost' } } for: http://localhost:3000 +0ms
  cypress:server:stream_buffer stream buffer writeable final called +99ms
  cypress:network:agent addRequest called { isHttps: false, href: 'http://localhost:3000/_nuxt/components/TextInput.vue?t=1697611151730' } +98ms
  cypress:network:agent got family { family: 6, href: 'http://localhost:3000/_nuxt/components/TextInput.vue?t=1697611151730' } +0ms
  cypress:network:cors Parsed URL { port: '3000', protocol: 'http:', subdomain: null, domain: '', tld: 'localhost' } +7ms
  cypress:network:cors Parsed URL { port: '3000', protocol: 'http:', subdomain: null, domain: '', tld: 'localhost' } +0ms
  cypress:network:cors Parsed URL { port: '3000', protocol: 'http:', subdomain: null, domain: '', tld: 'localhost' } +1ms
  cypress:server:remote-states getting remote state: { auth: null, origin: 'http://localhost:3000', strategy: 'http', fileServer: null, domainName: 'localhost', props: { port: '3000', protocol: 'http:', subdomain: null, domain: '', tld: 'localhost' } } for: http://localhost:3000/_nuxt/components/Button.vue?t=1697611148201 +8ms
  cypress:network:cors Parsed URL { port: '3000', protocol: 'http:', subdomain: null, domain: '', tld: 'localhost' } +0ms
  cypress:server:remote-states getting remote state: { auth: null, origin: 'http://localhost:3000', strategy: 'http', fileServer: null, domainName: 'localhost', props: { port: '3000', protocol: 'http:', subdomain: null, domain: '', tld: 'localhost' } } for: http://localhost:3000 +0ms
  cypress:server:stream_buffer stream buffer writeable final called +7ms
  cypress:network:agent addRequest called { isHttps: false, href: 'http://localhost:3000/_nuxt/components/Button.vue?t=1697611148201' } +7ms
  cypress:network:agent got family { family: 6, href: 'http://localhost:3000/_nuxt/components/Button.vue?t=1697611148201' } +0ms
  cypress:server:request received status code & headers on request { requestId: 'request163', statusCode: 304, headers: {} } +104ms
  cypress:server:request successful response received { requestId: 'request163' } +1ms
  cypress:net-stubbing:server:intercept-response InterceptResponse { req: { url: '/_nuxt/components/TextInput.vue?t=1697611151730' }, request: undefined } +104ms
  cypress:network:cors Parsed URL { port: '3000', protocol: 'http:', subdomain: null, domain: '', tld: 'localhost' } +9ms
  cypress:server:remote-states getting remote state: { auth: null, origin: 'http://localhost:3000', strategy: 'http', fileServer: null, domainName: 'localhost', props: { port: '3000', protocol: 'http:', subdomain: null, domain: '', tld: 'localhost' } } for: http://localhost:3000 +9ms
  cypress:network:cors Parsed URL { port: '3000', protocol: 'http:', subdomain: null, domain: '', tld: 'localhost' } +0ms
  cypress:network:cors Parsed URL { port: '3000', protocol: 'http:', subdomain: null, domain: '', tld: 'localhost' } +0ms
  cypress:server:remote-states getting primary remote state: { auth: null, origin: 'http://localhost:3000', strategy: 'http', fileServer: null, domainName: 'localhost', props: { port: '3000', protocol: 'http:', subdomain: null, domain: '', tld: 'localhost' } } +0ms
  cypress:network:cors Parsed URL { port: '3000', protocol: 'http:', subdomain: null, domain: '', tld: 'localhost' } +0ms
  cypress:network:cors Parsed URL { port: '3000', protocol: 'http:', subdomain: null, domain: '', tld: 'localhost' } +0ms
  cypress:network:cors Parsed URL { port: '3000', protocol: 'http:', subdomain: null, domain: '', tld: 'localhost' } +1ms
  cypress:server:remote-states getting remote state: { auth: null, origin: 'http://localhost:3000', strategy: 'http', fileServer: null, domainName: 'localhost', props: { port: '3000', protocol: 'http:', subdomain: null, domain: '', tld: 'localhost' } } for: http://localhost:3000 +1ms
  cypress:server:request received status code & headers on request { requestId: 'request164', statusCode: 304, headers: {} } +4ms
  cypress:server:request successful response received { requestId: 'request164' } +0ms
  cypress:net-stubbing:server:intercept-response InterceptResponse { req: { url: '/_nuxt/components/Button.vue?t=1697611148201' }, request: undefined } +4ms
  cypress:network:cors Parsed URL { port: '3000', protocol: 'http:', subdomain: null, domain: '', tld: 'localhost' } +3ms
  cypress:server:remote-states getting remote state: { auth: null, origin: 'http://localhost:3000', strategy: 'http', fileServer: null, domainName: 'localhost', props: { port: '3000', protocol: 'http:', subdomain: null, domain: '', tld: 'localhost' } } for: http://localhost:3000 +3ms
  cypress:network:cors Parsed URL { port: '3000', protocol: 'http:', subdomain: null, domain: '', tld: 'localhost' } +0ms
  cypress:network:cors Parsed URL { port: '3000', protocol: 'http:', subdomain: null, domain: '', tld: 'localhost' } +0ms
  cypress:server:remote-states getting primary remote state: { auth: null, origin: 'http://localhost:3000', strategy: 'http', fileServer: null, domainName: 'localhost', props: { port: '3000', protocol: 'http:', subdomain: null, domain: '', tld: 'localhost' } } +0ms
  cypress:network:cors Parsed URL { port: '3000', protocol: 'http:', subdomain: null, domain: '', tld: 'localhost' } +0ms
  cypress:network:cors Parsed URL { port: '3000', protocol: 'http:', subdomain: null, domain: '', tld: 'localhost' } +0ms
  cypress:network:cors Parsed URL { port: '3000', protocol: 'http:', subdomain: null, domain: '', tld: 'localhost' } +0ms
  cypress:server:remote-states getting remote state: { auth: null, origin: 'http://localhost:3000', strategy: 'http', fileServer: null, domainName: 'localhost', props: { port: '3000', protocol: 'http:', subdomain: null, domain: '', tld: 'localhost' } } for: http://localhost:3000 +0ms
  cypress:network:cors Parsed URL { port: '3000', protocol: 'http:', subdomain: null, domain: '', tld: 'localhost' } +7ms
  cypress:network:cors Parsed URL { port: '3000', protocol: 'http:', subdomain: null, domain: '', tld: 'localhost' } +0ms
  cypress:network:cors Parsed URL { port: '3000', protocol: 'http:', subdomain: null, domain: '', tld: 'localhost' } +1ms
  cypress:server:remote-states getting remote state: { auth: null, origin: 'http://localhost:3000', strategy: 'http', fileServer: null, domainName: 'localhost', props: { port: '3000', protocol: 'http:', subdomain: null, domain: '', tld: 'localhost' } } for: http://localhost:3000/_nuxt/pages/signup.vue?t=1697611129373&vue&type=style&index=0&scoped=a9e200fb&lang.css +8ms
  cypress:network:cors Parsed URL { port: '3000', protocol: 'http:', subdomain: null, domain: '', tld: 'localhost' } +0ms
  cypress:server:remote-states getting remote state: { auth: null, origin: 'http://localhost:3000', strategy: 'http', fileServer: null, domainName: 'localhost', props: { port: '3000', protocol: 'http:', subdomain: null, domain: '', tld: 'localhost' } } for: http://localhost:3000 +0ms
  cypress:server:stream_buffer stream buffer writeable final called +21ms
  cypress:network:agent addRequest called { isHttps: false, href: 'http://localhost:3000/_nuxt/pages/signup.vue?t=1697611129373&vue&type=style&index=0&scoped=a9e200fb&lang.css' } +21ms
  cypress:network:agent got family { family: 6, href: 'http://localhost:3000/_nuxt/pages/signup.vue?t=1697611129373&vue&type=style&index=0&scoped=a9e200fb&lang.css' } +1ms
  cypress:server:request received status code & headers on request { requestId: 'request165', statusCode: 304, headers: {} } +17ms
  cypress:server:request successful response received { requestId: 'request165' } +0ms
  cypress:net-stubbing:server:intercept-response InterceptResponse { req: { url: '/_nuxt/pages/signup.vue?t=1697611129373&vue&type=style&index=0&scoped=a9e200fb&lang.css' }, request: undefined } +18ms
  cypress:network:cors Parsed URL { port: '3000', protocol: 'http:', subdomain: null, domain: '', tld: 'localhost' } +9ms
  cypress:server:remote-states getting remote state: { auth: null, origin: 'http://localhost:3000', strategy: 'http', fileServer: null, domainName: 'localhost', props: { port: '3000', protocol: 'http:', subdomain: null, domain: '', tld: 'localhost' } } for: http://localhost:3000 +9ms
  cypress:network:cors Parsed URL { port: '3000', protocol: 'http:', subdomain: null, domain: '', tld: 'localhost' } +1ms
  cypress:network:cors Parsed URL { port: '3000', protocol: 'http:', subdomain: null, domain: '', tld: 'localhost' } +0ms
  cypress:server:remote-states getting primary remote state: { auth: null, origin: 'http://localhost:3000', strategy: 'http', fileServer: null, domainName: 'localhost', props: { port: '3000', protocol: 'http:', subdomain: null, domain: '', tld: 'localhost' } } +1ms
  cypress:network:cors Parsed URL { port: '3000', protocol: 'http:', subdomain: null, domain: '', tld: 'localhost' } +0ms
  cypress:network:cors Parsed URL { port: '3000', protocol: 'http:', subdomain: null, domain: '', tld: 'localhost' } +0ms
  cypress:network:cors Parsed URL { port: '3000', protocol: 'http:', subdomain: null, domain: '', tld: 'localhost' } +0ms
  cypress:server:remote-states getting remote state: { auth: null, origin: 'http://localhost:3000', strategy: 'http', fileServer: null, domainName: 'localhost', props: { port: '3000', protocol: 'http:', subdomain: null, domain: '', tld: 'localhost' } } for: http://localhost:3000 +1ms
  cypress:network:cors Parsed URL { port: '3000', protocol: 'http:', subdomain: null, domain: '', tld: 'localhost' } +4ms
  cypress:network:cors Parsed URL { port: '3000', protocol: 'http:', subdomain: null, domain: '', tld: 'localhost' } +0ms
  cypress:network:cors Parsed URL { port: '3000', protocol: 'http:', subdomain: null, domain: '', tld: 'localhost' } +1ms
  cypress:server:remote-states getting remote state: { auth: null, origin: 'http://localhost:3000', strategy: 'http', fileServer: null, domainName: 'localhost', props: { port: '3000', protocol: 'http:', subdomain: null, domain: '', tld: 'localhost' } } for: http://localhost:3000/_nuxt/components/TextInput.vue?vue&type=style&index=0&scoped=4f98be6b&lang.scss +4ms
  cypress:network:cors Parsed URL { port: '3000', protocol: 'http:', subdomain: null, domain: '', tld: 'localhost' } +0ms
  cypress:server:remote-states getting remote state: { auth: null, origin: 'http://localhost:3000', strategy: 'http', fileServer: null, domainName: 'localhost', props: { port: '3000', protocol: 'http:', subdomain: null, domain: '', tld: 'localhost' } } for: http://localhost:3000 +0ms
  cypress:server:stream_buffer stream buffer writeable final called +14ms
  cypress:network:agent addRequest called { isHttps: false, href: 'http://localhost:3000/_nuxt/components/TextInput.vue?vue&type=style&index=0&scoped=4f98be6b&lang.scss' } +13ms
  cypress:network:agent got family { family: 6, href: 'http://localhost:3000/_nuxt/components/TextInput.vue?vue&type=style&index=0&scoped=4f98be6b&lang.scss' } +1ms
  cypress:network:cors Parsed URL { port: '3000', protocol: 'http:', subdomain: null, domain: '', tld: 'localhost' } +2ms
  cypress:network:cors Parsed URL { port: '3000', protocol: 'http:', subdomain: null, domain: '', tld: 'localhost' } +0ms
  cypress:network:cors Parsed URL { port: '3000', protocol: 'http:', subdomain: null, domain: '', tld: 'localhost' } +0ms
  cypress:server:remote-states getting remote state: { auth: null, origin: 'http://localhost:3000', strategy: 'http', fileServer: null, domainName: 'localhost', props: { port: '3000', protocol: 'http:', subdomain: null, domain: '', tld: 'localhost' } } for: http://localhost:3000/_nuxt/components/Button.vue?t=1697611148201&vue&type=style&index=0&scoped=b534b83e&lang.css +2ms
  cypress:network:cors Parsed URL { port: '3000', protocol: 'http:', subdomain: null, domain: '', tld: 'localhost' } +0ms
  cypress:server:remote-states getting remote state: { auth: null, origin: 'http://localhost:3000', strategy: 'http', fileServer: null, domainName: 'localhost', props: { port: '3000', protocol: 'http:', subdomain: null, domain: '', tld: 'localhost' } } for: http://localhost:3000 +1ms
  cypress:server:stream_buffer stream buffer writeable final called +3ms
  cypress:network:agent addRequest called { isHttps: false, href: 'http://localhost:3000/_nuxt/components/Button.vue?t=1697611148201&vue&type=style&index=0&scoped=b534b83e&lang.css' } +2ms
  cypress:network:agent got family { family: 6, href: 'http://localhost:3000/_nuxt/components/Button.vue?t=1697611148201&vue&type=style&index=0&scoped=b534b83e&lang.css' } +0ms
  cypress:server:request received status code & headers on request { requestId: 'request166', statusCode: 200, headers: { 'content-type': 'application/javascript' } } +17ms
  cypress:server:request successful response received { requestId: 'request166' } +0ms
  cypress:net-stubbing:server:intercept-response InterceptResponse { req: { url: '/_nuxt/components/TextInput.vue?vue&type=style&index=0&scoped=4f98be6b&lang.scss' }, request: undefined } +17ms
  cypress:network:cors Parsed URL { port: '3000', protocol: 'http:', subdomain: null, domain: '', tld: 'localhost' } +9ms
  cypress:server:remote-states getting remote state: { auth: null, origin: 'http://localhost:3000', strategy: 'http', fileServer: null, domainName: 'localhost', props: { port: '3000', protocol: 'http:', subdomain: null, domain: '', tld: 'localhost' } } for: http://localhost:3000 +8ms
  cypress:network:cors Parsed URL { port: '3000', protocol: 'http:', subdomain: null, domain: '', tld: 'localhost' } +0ms
  cypress:network:cors Parsed URL { port: '3000', protocol: 'http:', subdomain: null, domain: '', tld: 'localhost' } +0ms
  cypress:server:remote-states getting primary remote state: { auth: null, origin: 'http://localhost:3000', strategy: 'http', fileServer: null, domainName: 'localhost', props: { port: '3000', protocol: 'http:', subdomain: null, domain: '', tld: 'localhost' } } +0ms
  cypress:network:cors Parsed URL { port: '3000', protocol: 'http:', subdomain: null, domain: '', tld: 'localhost' } +1ms
  cypress:network:cors Parsed URL { port: '3000', protocol: 'http:', subdomain: null, domain: '', tld: 'localhost' } +0ms
  cypress:network:cors Parsed URL { port: '3000', protocol: 'http:', subdomain: null, domain: '', tld: 'localhost' } +0ms
  cypress:server:remote-states getting remote state: { auth: null, origin: 'http://localhost:3000', strategy: 'http', fileServer: null, domainName: 'localhost', props: { port: '3000', protocol: 'http:', subdomain: null, domain: '', tld: 'localhost' } } for: http://localhost:3000 +1ms
  cypress:server:request received status code & headers on request { requestId: 'request167', statusCode: 304, headers: {} } +4ms
  cypress:server:request successful response received { requestId: 'request167' } +0ms
  cypress:net-stubbing:server:intercept-response InterceptResponse { req: { url: '/_nuxt/components/Button.vue?t=1697611148201&vue&type=style&index=0&scoped=b534b83e&lang.css' }, request: undefined } +4ms
  cypress:network:cors Parsed URL { port: '3000', protocol: 'http:', subdomain: null, domain: '', tld: 'localhost' } +4ms
  cypress:server:remote-states getting remote state: { auth: null, origin: 'http://localhost:3000', strategy: 'http', fileServer: null, domainName: 'localhost', props: { port: '3000', protocol: 'http:', subdomain: null, domain: '', tld: 'localhost' } } for: http://localhost:3000 +4ms
  cypress:network:cors Parsed URL { port: '3000', protocol: 'http:', subdomain: null, domain: '', tld: 'localhost' } +0ms
  cypress:network:cors Parsed URL { port: '3000', protocol: 'http:', subdomain: null, domain: '', tld: 'localhost' } +0ms
  cypress:server:remote-states getting primary remote state: { auth: null, origin: 'http://localhost:3000', strategy: 'http', fileServer: null, domainName: 'localhost', props: { port: '3000', protocol: 'http:', subdomain: null, domain: '', tld: 'localhost' } } +0ms
  cypress:network:cors Parsed URL { port: '3000', protocol: 'http:', subdomain: null, domain: '', tld: 'localhost' } +0ms
  cypress:network:cors Parsed URL { port: '3000', protocol: 'http:', subdomain: null, domain: '', tld: 'localhost' } +0ms
  cypress:network:cors Parsed URL { port: '3000', protocol: 'http:', subdomain: null, domain: '', tld: 'localhost' } +1ms
  cypress:server:remote-states getting remote state: { auth: null, origin: 'http://localhost:3000', strategy: 'http', fileServer: null, domainName: 'localhost', props: { port: '3000', protocol: 'http:', subdomain: null, domain: '', tld: 'localhost' } } for: http://localhost:3000 +1ms
  cypress:network:cors Parsed URL { port: '3000', protocol: 'http:', subdomain: null, domain: '', tld: 'localhost' } +14ms
  cypress:network:cors Parsed URL { port: '3000', protocol: 'http:', subdomain: null, domain: '', tld: 'localhost' } +0ms
  cypress:network:cors Parsed URL { port: '3000', protocol: 'http:', subdomain: null, domain: '', tld: 'localhost' } +0ms
  cypress:server:remote-states getting remote state: { auth: null, origin: 'http://localhost:3000', strategy: 'http', fileServer: null, domainName: 'localhost', props: { port: '3000', protocol: 'http:', subdomain: null, domain: '', tld: 'localhost' } } for: http://localhost:3000/_nuxt/node_modules/@nuxt/devtools/dist/runtime/plugins/view/client.mjs?v=b9068561 +14ms
  cypress:network:cors Parsed URL { port: '3000', protocol: 'http:', subdomain: null, domain: '', tld: 'localhost' } +1ms
  cypress:server:remote-states getting remote state: { auth: null, origin: 'http://localhost:3000', strategy: 'http', fileServer: null, domainName: 'localhost', props: { port: '3000', protocol: 'http:', subdomain: null, domain: '', tld: 'localhost' } } for: http://localhost:3000 +1ms
  cypress:server:stream_buffer stream buffer writeable final called +30ms
  cypress:network:agent addRequest called { isHttps: false, href: 'http://localhost:3000/_nuxt/node_modules/@nuxt/devtools/dist/runtime/plugins/view/client.mjs?v=b9068561' } +30ms
  cypress:network:agent got family { family: 6, href: 'http://localhost:3000/_nuxt/node_modules/@nuxt/devtools/dist/runtime/plugins/view/client.mjs?v=b9068561' } +0ms
  cypress:network:cors Parsed URL { port: '3000', protocol: 'http:', subdomain: null, domain: '', tld: 'localhost' } +7ms
  cypress:network:cors Parsed URL { port: '3000', protocol: 'http:', subdomain: null, domain: '', tld: 'localhost' } +0ms
  cypress:network:cors Parsed URL { port: '3000', protocol: 'http:', subdomain: null, domain: '', tld: 'localhost' } +0ms
  cypress:server:remote-states getting remote state: { auth: null, origin: 'http://localhost:3000', strategy: 'http', fileServer: null, domainName: 'localhost', props: { port: '3000', protocol: 'http:', subdomain: null, domain: '', tld: 'localhost' } } for: http://localhost:3000/_nuxt/layouts/default.vue?t=1697610995630 +7ms
  cypress:network:cors Parsed URL { port: '3000', protocol: 'http:', subdomain: null, domain: '', tld: 'localhost' } +0ms
  cypress:server:remote-states getting remote state: { auth: null, origin: 'http://localhost:3000', strategy: 'http', fileServer: null, domainName: 'localhost', props: { port: '3000', protocol: 'http:', subdomain: null, domain: '', tld: 'localhost' } } for: http://localhost:3000 +1ms
  cypress:server:stream_buffer stream buffer writeable final called +7ms
  cypress:network:agent addRequest called { isHttps: false, href: 'http://localhost:3000/_nuxt/layouts/default.vue?t=1697610995630' } +8ms
  cypress:network:agent got family { family: 6, href: 'http://localhost:3000/_nuxt/layouts/default.vue?t=1697610995630' } +0ms
  cypress:server:request received status code & headers on request { requestId: 'request168', statusCode: 200, headers: { 'content-type': 'application/javascript' } } +31ms
  cypress:server:request successful response received { requestId: 'request168' } +0ms
  cypress:net-stubbing:server:intercept-response InterceptResponse { req: { url: '/_nuxt/node_modules/@nuxt/devtools/dist/runtime/plugins/view/client.mjs?v=b9068561' }, request: undefined } +31ms
  cypress:network:cors Parsed URL { port: '3000', protocol: 'http:', subdomain: null, domain: '', tld: 'localhost' } +8ms
  cypress:server:remote-states getting remote state: { auth: null, origin: 'http://localhost:3000', strategy: 'http', fileServer: null, domainName: 'localhost', props: { port: '3000', protocol: 'http:', subdomain: null, domain: '', tld: 'localhost' } } for: http://localhost:3000 +7ms
  cypress:network:cors Parsed URL { port: '3000', protocol: 'http:', subdomain: null, domain: '', tld: 'localhost' } +0ms
  cypress:network:cors Parsed URL { port: '3000', protocol: 'http:', subdomain: null, domain: '', tld: 'localhost' } +0ms
  cypress:server:remote-states getting primary remote state: { auth: null, origin: 'http://localhost:3000', strategy: 'http', fileServer: null, domainName: 'localhost', props: { port: '3000', protocol: 'http:', subdomain: null, domain: '', tld: 'localhost' } } +1ms
  cypress:network:cors Parsed URL { port: '3000', protocol: 'http:', subdomain: null, domain: '', tld: 'localhost' } +1ms
  cypress:network:cors Parsed URL { port: '3000', protocol: 'http:', subdomain: null, domain: '', tld: 'localhost' } +0ms
  cypress:network:cors Parsed URL { port: '3000', protocol: 'http:', subdomain: null, domain: '', tld: 'localhost' } +0ms
  cypress:server:remote-states getting remote state: { auth: null, origin: 'http://localhost:3000', strategy: 'http', fileServer: null, domainName: 'localhost', props: { port: '3000', protocol: 'http:', subdomain: null, domain: '', tld: 'localhost' } } for: http://localhost:3000 +0ms
  cypress:server:request received status code & headers on request { requestId: 'request169', statusCode: 200, headers: { 'content-type': 'application/javascript' } } +10ms
  cypress:server:request successful response received { requestId: 'request169' } +1ms
  cypress:net-stubbing:server:intercept-response InterceptResponse { req: { url: '/_nuxt/layouts/default.vue?t=1697610995630' }, request: undefined } +10ms
  cypress:network:cors Parsed URL { port: '3000', protocol: 'http:', subdomain: null, domain: '', tld: 'localhost' } +9ms
  cypress:server:remote-states getting remote state: { auth: null, origin: 'http://localhost:3000', strategy: 'http', fileServer: null, domainName: 'localhost', props: { port: '3000', protocol: 'http:', subdomain: null, domain: '', tld: 'localhost' } } for: http://localhost:3000 +9ms
  cypress:network:cors Parsed URL { port: '3000', protocol: 'http:', subdomain: null, domain: '', tld: 'localhost' } +0ms
  cypress:network:cors Parsed URL { port: '3000', protocol: 'http:', subdomain: null, domain: '', tld: 'localhost' } +0ms
  cypress:server:remote-states getting primary remote state: { auth: null, origin: 'http://localhost:3000', strategy: 'http', fileServer: null, domainName: 'localhost', props: { port: '3000', protocol: 'http:', subdomain: null, domain: '', tld: 'localhost' } } +0ms
  cypress:network:cors Parsed URL { port: '3000', protocol: 'http:', subdomain: null, domain: '', tld: 'localhost' } +0ms
  cypress:network:cors Parsed URL { port: '3000', protocol: 'http:', subdomain: null, domain: '', tld: 'localhost' } +0ms
  cypress:network:cors Parsed URL { port: '3000', protocol: 'http:', subdomain: null, domain: '', tld: 'localhost' } +1ms
  cypress:server:remote-states getting remote state: { auth: null, origin: 'http://localhost:3000', strategy: 'http', fileServer: null, domainName: 'localhost', props: { port: '3000', protocol: 'http:', subdomain: null, domain: '', tld: 'localhost' } } for: http://localhost:3000 +1ms
  cypress:network:cors Parsed URL { port: '3000', protocol: 'http:', subdomain: null, domain: '', tld: 'localhost' } +10ms
  cypress:network:cors Parsed URL { port: '3000', protocol: 'http:', subdomain: null, domain: '', tld: 'localhost' } +0ms
  cypress:network:cors Parsed URL { port: '3000', protocol: 'http:', subdomain: null, domain: '', tld: 'localhost' } +0ms
  cypress:server:remote-states getting remote state: { auth: null, origin: 'http://localhost:3000', strategy: 'http', fileServer: null, domainName: 'localhost', props: { port: '3000', protocol: 'http:', subdomain: null, domain: '', tld: 'localhost' } } for: http://localhost:3000/_nuxt/layouts/default.vue?vue&type=style&index=0&lang.scss +10ms
  cypress:network:cors Parsed URL { port: '3000', protocol: 'http:', subdomain: null, domain: '', tld: 'localhost' } +1ms
  cypress:server:remote-states getting remote state: { auth: null, origin: 'http://localhost:3000', strategy: 'http', fileServer: null, domainName: 'localhost', props: { port: '3000', protocol: 'http:', subdomain: null, domain: '', tld: 'localhost' } } for: http://localhost:3000 +1ms
  cypress:server:stream_buffer stream buffer writeable final called +29ms
  cypress:network:agent addRequest called { isHttps: false, href: 'http://localhost:3000/_nuxt/layouts/default.vue?vue&type=style&index=0&lang.scss' } +28ms
  cypress:network:agent got family { family: 6, href: 'http://localhost:3000/_nuxt/layouts/default.vue?vue&type=style&index=0&lang.scss' } +1ms
  cypress:server:request received status code & headers on request { requestId: 'request170', statusCode: 200, headers: { 'content-type': 'application/javascript' } } +23ms
  cypress:server:request successful response received { requestId: 'request170' } +0ms
  cypress:net-stubbing:server:intercept-response InterceptResponse { req: { url: '/_nuxt/layouts/default.vue?vue&type=style&index=0&lang.scss' }, request: undefined } +24ms
  cypress:network:cors Parsed URL { port: '3000', protocol: 'http:', subdomain: null, domain: '', tld: 'localhost' } +12ms
  cypress:server:remote-states getting remote state: { auth: null, origin: 'http://localhost:3000', strategy: 'http', fileServer: null, domainName: 'localhost', props: { port: '3000', protocol: 'http:', subdomain: null, domain: '', tld: 'localhost' } } for: http://localhost:3000 +12ms
  cypress:network:cors Parsed URL { port: '3000', protocol: 'http:', subdomain: null, domain: '', tld: 'localhost' } +0ms
  cypress:network:cors Parsed URL { port: '3000', protocol: 'http:', subdomain: null, domain: '', tld: 'localhost' } +0ms
  cypress:server:remote-states getting primary remote state: { auth: null, origin: 'http://localhost:3000', strategy: 'http', fileServer: null, domainName: 'localhost', props: { port: '3000', protocol: 'http:', subdomain: null, domain: '', tld: 'localhost' } } +0ms
  cypress:network:cors Parsed URL { port: '3000', protocol: 'http:', subdomain: null, domain: '', tld: 'localhost' } +0ms
  cypress:network:cors Parsed URL { port: '3000', protocol: 'http:', subdomain: null, domain: '', tld: 'localhost' } +0ms
  cypress:network:cors Parsed URL { port: '3000', protocol: 'http:', subdomain: null, domain: '', tld: 'localhost' } +1ms
  cypress:server:remote-states getting remote state: { auth: null, origin: 'http://localhost:3000', strategy: 'http', fileServer: null, domainName: 'localhost', props: { port: '3000', protocol: 'http:', subdomain: null, domain: '', tld: 'localhost' } } for: http://localhost:3000 +1ms
  cypress:network:cors Parsed URL { port: '3000', protocol: 'http:', subdomain: null, domain: '', tld: 'localhost' } +5ms
  cypress:network:cors Parsed URL { port: '3000', protocol: 'http:', subdomain: null, domain: '', tld: 'localhost' } +0ms
  cypress:network:cors Parsed URL { port: '3000', protocol: 'http:', subdomain: null, domain: '', tld: 'localhost' } +0ms
  cypress:server:remote-states getting remote state: { auth: null, origin: 'http://localhost:3000', strategy: 'http', fileServer: null, domainName: 'localhost', props: { port: '3000', protocol: 'http:', subdomain: null, domain: '', tld: 'localhost' } } for: http://localhost:3000/_nuxt/node_modules/perfect-debounce/dist/index.mjs?v=b9068561 +5ms
  cypress:network:cors Parsed URL { port: '3000', protocol: 'http:', subdomain: null, domain: '', tld: 'localhost' } +1ms
  cypress:server:remote-states getting remote state: { auth: null, origin: 'http://localhost:3000', strategy: 'http', fileServer: null, domainName: 'localhost', props: { port: '3000', protocol: 'http:', subdomain: null, domain: '', tld: 'localhost' } } for: http://localhost:3000 +1ms
  cypress:server:stream_buffer stream buffer writeable final called +19ms
  cypress:network:agent addRequest called { isHttps: false, href: 'http://localhost:3000/_nuxt/node_modules/perfect-debounce/dist/index.mjs?v=b9068561' } +19ms
  cypress:network:agent got family { family: 6, href: 'http://localhost:3000/_nuxt/node_modules/perfect-debounce/dist/index.mjs?v=b9068561' } +0ms
  cypress:network:cors Parsed URL { port: '3000', protocol: 'http:', subdomain: null, domain: '', tld: 'localhost' } +3ms
  cypress:network:cors Parsed URL { port: '3000', protocol: 'http:', subdomain: null, domain: '', tld: 'localhost' } +1ms
  cypress:network:cors Parsed URL { port: '3000', protocol: 'http:', subdomain: null, domain: '', tld: 'localhost' } +0ms
  cypress:server:remote-states getting remote state: { auth: null, origin: 'http://localhost:3000', strategy: 'http', fileServer: null, domainName: 'localhost', props: { port: '3000', protocol: 'http:', subdomain: null, domain: '', tld: 'localhost' } } for: http://localhost:3000/_nuxt/node_modules/@nuxt/devtools/dist/runtime/function-metrics-helpers.mjs?v=b9068561 +4ms
  cypress:network:cors Parsed URL { port: '3000', protocol: 'http:', subdomain: null, domain: '', tld: 'localhost' } +1ms
  cypress:server:remote-states getting remote state: { auth: null, origin: 'http://localhost:3000', strategy: 'http', fileServer: null, domainName: 'localhost', props: { port: '3000', protocol: 'http:', subdomain: null, domain: '', tld: 'localhost' } } for: http://localhost:3000 +1ms
  cypress:server:stream_buffer stream buffer writeable final called +6ms
  cypress:network:agent addRequest called { isHttps: false, href: 'http://localhost:3000/_nuxt/node_modules/@nuxt/devtools/dist/runtime/function-metrics-helpers.mjs?v=b9068561' } +5ms
  cypress:network:agent got family { family: 6, href: 'http://localhost:3000/_nuxt/node_modules/@nuxt/devtools/dist/runtime/function-metrics-helpers.mjs?v=b9068561' } +0ms
  cypress:network:cors Parsed URL { port: '3000', protocol: 'http:', subdomain: null, domain: '', tld: 'localhost' } +3ms
  cypress:network:cors Parsed URL { port: '3000', protocol: 'http:', subdomain: null, domain: '', tld: 'localhost' } +0ms
  cypress:network:cors Parsed URL { port: '3000', protocol: 'http:', subdomain: null, domain: '', tld: 'localhost' } +1ms
  cypress:server:remote-states getting remote state: { auth: null, origin: 'http://localhost:3000', strategy: 'http', fileServer: null, domainName: 'localhost', props: { port: '3000', protocol: 'http:', subdomain: null, domain: '', tld: 'localhost' } } for: http://localhost:3000/_nuxt/node_modules/@nuxt/devtools/dist/runtime/plugins/view/Main.vue?v=b9068561 +4ms
  cypress:network:cors Parsed URL { port: '3000', protocol: 'http:', subdomain: null, domain: '', tld: 'localhost' } +0ms
  cypress:server:remote-states getting remote state: { auth: null, origin: 'http://localhost:3000', strategy: 'http', fileServer: null, domainName: 'localhost', props: { port: '3000', protocol: 'http:', subdomain: null, domain: '', tld: 'localhost' } } for: http://localhost:3000 +0ms
  cypress:server:stream_buffer stream buffer writeable final called +4ms
  cypress:network:agent addRequest called { isHttps: false, href: 'http://localhost:3000/_nuxt/node_modules/@nuxt/devtools/dist/runtime/plugins/view/Main.vue?v=b9068561' } +5ms
  cypress:network:agent got family { family: 6, href: 'http://localhost:3000/_nuxt/node_modules/@nuxt/devtools/dist/runtime/plugins/view/Main.vue?v=b9068561' } +0ms
  cypress:server:request received status code & headers on request { requestId: 'request171', statusCode: 200, headers: { 'content-type': 'application/javascript' } } +21ms
  cypress:server:request successful response received { requestId: 'request171' } +1ms
  cypress:net-stubbing:server:intercept-response InterceptResponse { req: { url: '/_nuxt/node_modules/perfect-debounce/dist/index.mjs?v=b9068561' }, request: undefined } +22ms
  cypress:network:cors Parsed URL { port: '3000', protocol: 'http:', subdomain: null, domain: '', tld: 'localhost' } +5ms
  cypress:server:remote-states getting remote state: { auth: null, origin: 'http://localhost:3000', strategy: 'http', fileServer: null, domainName: 'localhost', props: { port: '3000', protocol: 'http:', subdomain: null, domain: '', tld: 'localhost' } } for: http://localhost:3000 +5ms
  cypress:network:cors Parsed URL { port: '3000', protocol: 'http:', subdomain: null, domain: '', tld: 'localhost' } +0ms
  cypress:network:cors Parsed URL { port: '3000', protocol: 'http:', subdomain: null, domain: '', tld: 'localhost' } +0ms
  cypress:server:remote-states getting primary remote state: { auth: null, origin: 'http://localhost:3000', strategy: 'http', fileServer: null, domainName: 'localhost', props: { port: '3000', protocol: 'http:', subdomain: null, domain: '', tld: 'localhost' } } +0ms
  cypress:network:cors Parsed URL { port: '3000', protocol: 'http:', subdomain: null, domain: '', tld: 'localhost' } +1ms
  cypress:network:cors Parsed URL { port: '3000', protocol: 'http:', subdomain: null, domain: '', tld: 'localhost' } +0ms
  cypress:network:cors Parsed URL { port: '3000', protocol: 'http:', subdomain: null, domain: '', tld: 'localhost' } +0ms
  cypress:server:remote-states getting remote state: { auth: null, origin: 'http://localhost:3000', strategy: 'http', fileServer: null, domainName: 'localhost', props: { port: '3000', protocol: 'http:', subdomain: null, domain: '', tld: 'localhost' } } for: http://localhost:3000 +1ms
  cypress:server:request received status code & headers on request { requestId: 'request172', statusCode: 200, headers: { 'content-type': 'application/javascript' } } +6ms
  cypress:server:request successful response received { requestId: 'request172' } +0ms
  cypress:net-stubbing:server:intercept-response InterceptResponse { req: { url: '/_nuxt/node_modules/@nuxt/devtools/dist/runtime/function-metrics-helpers.mjs?v=b9068561' }, request: undefined } +6ms
  cypress:network:cors Parsed URL { port: '3000', protocol: 'http:', subdomain: null, domain: '', tld: 'localhost' } +6ms
  cypress:server:remote-states getting remote state: { auth: null, origin: 'http://localhost:3000', strategy: 'http', fileServer: null, domainName: 'localhost', props: { port: '3000', protocol: 'http:', subdomain: null, domain: '', tld: 'localhost' } } for: http://localhost:3000 +6ms
  cypress:network:cors Parsed URL { port: '3000', protocol: 'http:', subdomain: null, domain: '', tld: 'localhost' } +0ms
  cypress:network:cors Parsed URL { port: '3000', protocol: 'http:', subdomain: null, domain: '', tld: 'localhost' } +0ms
  cypress:server:remote-states getting primary remote state: { auth: null, origin: 'http://localhost:3000', strategy: 'http', fileServer: null, domainName: 'localhost', props: { port: '3000', protocol: 'http:', subdomain: null, domain: '', tld: 'localhost' } } +0ms
  cypress:network:cors Parsed URL { port: '3000', protocol: 'http:', subdomain: null, domain: '', tld: 'localhost' } +0ms
  cypress:network:cors Parsed URL { port: '3000', protocol: 'http:', subdomain: null, domain: '', tld: 'localhost' } +0ms
  cypress:network:cors Parsed URL { port: '3000', protocol: 'http:', subdomain: null, domain: '', tld: 'localhost' } +1ms
  cypress:server:remote-states getting remote state: { auth: null, origin: 'http://localhost:3000', strategy: 'http', fileServer: null, domainName: 'localhost', props: { port: '3000', protocol: 'http:', subdomain: null, domain: '', tld: 'localhost' } } for: http://localhost:3000 +1ms
  cypress:network:cors Parsed URL { port: '3000', protocol: 'http:', subdomain: null, domain: '', tld: 'localhost' } +1ms
  cypress:network:cors Parsed URL { port: '3000', protocol: 'http:', subdomain: null, domain: '', tld: 'localhost' } +1ms
  cypress:network:cors Parsed URL { port: '3000', protocol: 'http:', subdomain: null, domain: '', tld: 'localhost' } +0ms
  cypress:server:remote-states getting remote state: { auth: null, origin: 'http://localhost:3000', strategy: 'http', fileServer: null, domainName: 'localhost', props: { port: '3000', protocol: 'http:', subdomain: null, domain: '', tld: 'localhost' } } for: http://localhost:3000/_nuxt/node_modules/@nuxt/devtools/dist/runtime/plugins/view/state.mjs?v=b9068561 +2ms
  cypress:network:cors Parsed URL { port: '3000', protocol: 'http:', subdomain: null, domain: '', tld: 'localhost' } +0ms
  cypress:server:remote-states getting remote state: { auth: null, origin: 'http://localhost:3000', strategy: 'http', fileServer: null, domainName: 'localhost', props: { port: '3000', protocol: 'http:', subdomain: null, domain: '', tld: 'localhost' } } for: http://localhost:3000 +0ms
  cypress:server:stream_buffer stream buffer writeable final called +15ms
  cypress:network:agent addRequest called { isHttps: false, href: 'http://localhost:3000/_nuxt/node_modules/@nuxt/devtools/dist/runtime/plugins/view/state.mjs?v=b9068561' } +14ms
  cypress:network:agent got family { family: 6, href: 'http://localhost:3000/_nuxt/node_modules/@nuxt/devtools/dist/runtime/plugins/view/state.mjs?v=b9068561' } +0ms
  cypress:server:request received status code & headers on request { requestId: 'request173', statusCode: 200, headers: { 'content-type': 'application/javascript' } } +11ms
  cypress:server:request successful response received { requestId: 'request173' } +0ms
  cypress:net-stubbing:server:intercept-response InterceptResponse { req: { url: '/_nuxt/node_modules/@nuxt/devtools/dist/runtime/plugins/view/Main.vue?v=b9068561' }, request: undefined } +11ms
  cypress:network:cors Parsed URL { port: '3000', protocol: 'http:', subdomain: null, domain: '', tld: 'localhost' } +8ms
  cypress:server:remote-states getting remote state: { auth: null, origin: 'http://localhost:3000', strategy: 'http', fileServer: null, domainName: 'localhost', props: { port: '3000', protocol: 'http:', subdomain: null, domain: '', tld: 'localhost' } } for: http://localhost:3000 +8ms
  cypress:network:cors Parsed URL { port: '3000', protocol: 'http:', subdomain: null, domain: '', tld: 'localhost' } +0ms
  cypress:network:cors Parsed URL { port: '3000', protocol: 'http:', subdomain: null, domain: '', tld: 'localhost' } +0ms
  cypress:server:remote-states getting primary remote state: { auth: null, origin: 'http://localhost:3000', strategy: 'http', fileServer: null, domainName: 'localhost', props: { port: '3000', protocol: 'http:', subdomain: null, domain: '', tld: 'localhost' } } +0ms
  cypress:network:cors Parsed URL { port: '3000', protocol: 'http:', subdomain: null, domain: '', tld: 'localhost' } +0ms
  cypress:network:cors Parsed URL { port: '3000', protocol: 'http:', subdomain: null, domain: '', tld: 'localhost' } +0ms
  cypress:network:cors Parsed URL { port: '3000', protocol: 'http:', subdomain: null, domain: '', tld: 'localhost' } +1ms
  cypress:server:remote-states getting remote state: { auth: null, origin: 'http://localhost:3000', strategy: 'http', fileServer: null, domainName: 'localhost', props: { port: '3000', protocol: 'http:', subdomain: null, domain: '', tld: 'localhost' } } for: http://localhost:3000 +1ms
  cypress:server:request received status code & headers on request { requestId: 'request174', statusCode: 200, headers: { 'content-type': 'application/javascript' } } +6ms
  cypress:server:request successful response received { requestId: 'request174' } +0ms
  cypress:net-stubbing:server:intercept-response InterceptResponse { req: { url: '/_nuxt/node_modules/@nuxt/devtools/dist/runtime/plugins/view/state.mjs?v=b9068561' }, request: undefined } +7ms
  cypress:network:cors Parsed URL { port: '3000', protocol: 'http:', subdomain: null, domain: '', tld: 'localhost' } +5ms
  cypress:server:remote-states getting remote state: { auth: null, origin: 'http://localhost:3000', strategy: 'http', fileServer: null, domainName: 'localhost', props: { port: '3000', protocol: 'http:', subdomain: null, domain: '', tld: 'localhost' } } for: http://localhost:3000 +5ms
  cypress:network:cors Parsed URL { port: '3000', protocol: 'http:', subdomain: null, domain: '', tld: 'localhost' } +1ms
  cypress:network:cors Parsed URL { port: '3000', protocol: 'http:', subdomain: null, domain: '', tld: 'localhost' } +0ms
  cypress:server:remote-states getting primary remote state: { auth: null, origin: 'http://localhost:3000', strategy: 'http', fileServer: null, domainName: 'localhost', props: { port: '3000', protocol: 'http:', subdomain: null, domain: '', tld: 'localhost' } } +1ms
  cypress:network:cors Parsed URL { port: '3000', protocol: 'http:', subdomain: null, domain: '', tld: 'localhost' } +0ms
  cypress:network:cors Parsed URL { port: '3000', protocol: 'http:', subdomain: null, domain: '', tld: 'localhost' } +0ms
  cypress:network:cors Parsed URL { port: '3000', protocol: 'http:', subdomain: null, domain: '', tld: 'localhost' } +1ms
  cypress:server:remote-states getting remote state: { auth: null, origin: 'http://localhost:3000', strategy: 'http', fileServer: null, domainName: 'localhost', props: { port: '3000', protocol: 'http:', subdomain: null, domain: '', tld: 'localhost' } } for: http://localhost:3000 +1ms
  cypress:network:cors Parsed URL { port: '3000', protocol: 'http:', subdomain: null, domain: '', tld: 'localhost' } +23ms
  cypress:network:cors Parsed URL { port: '3000', protocol: 'http:', subdomain: null, domain: '', tld: 'localhost' } +0ms
  cypress:network:cors Parsed URL { port: '3000', protocol: 'http:', subdomain: null, domain: '', tld: 'localhost' } +0ms
  cypress:server:remote-states getting remote state: { auth: null, origin: 'http://localhost:3000', strategy: 'http', fileServer: null, domainName: 'localhost', props: { port: '3000', protocol: 'http:', subdomain: null, domain: '', tld: 'localhost' } } for: http://localhost:3000/_nuxt/node_modules/error-stack-parser-es/dist/index.mjs?v=b9068561 +24ms
  cypress:network:cors Parsed URL { port: '3000', protocol: 'http:', subdomain: null, domain: '', tld: 'localhost' } +1ms
  cypress:server:remote-states getting remote state: { auth: null, origin: 'http://localhost:3000', strategy: 'http', fileServer: null, domainName: 'localhost', props: { port: '3000', protocol: 'http:', subdomain: null, domain: '', tld: 'localhost' } } for: http://localhost:3000 +0ms
  cypress:server:stream_buffer stream buffer writeable final called +40ms
  cypress:network:agent addRequest called { isHttps: false, href: 'http://localhost:3000/_nuxt/node_modules/error-stack-parser-es/dist/index.mjs?v=b9068561' } +40ms
  cypress:network:agent got family { family: 6, href: 'http://localhost:3000/_nuxt/node_modules/error-stack-parser-es/dist/index.mjs?v=b9068561' } +0ms
  cypress:network:cors Parsed URL { port: '3000', protocol: 'http:', subdomain: null, domain: '', tld: 'localhost' } +4ms
  cypress:network:cors Parsed URL { port: '3000', protocol: 'http:', subdomain: null, domain: '', tld: 'localhost' } +0ms
  cypress:network:cors Parsed URL { port: '3000', protocol: 'http:', subdomain: null, domain: '', tld: 'localhost' } +1ms
  cypress:server:remote-states getting remote state: { auth: null, origin: 'http://localhost:3000', strategy: 'http', fileServer: null, domainName: 'localhost', props: { port: '3000', protocol: 'http:', subdomain: null, domain: '', tld: 'localhost' } } for: http://localhost:3000/_nuxt/node_modules/@nuxt/devtools/dist/runtime/plugins/view/utils.mjs?v=b9068561 +5ms
  cypress:network:cors Parsed URL { port: '3000', protocol: 'http:', subdomain: null, domain: '', tld: 'localhost' } +0ms
  cypress:server:remote-states getting remote state: { auth: null, origin: 'http://localhost:3000', strategy: 'http', fileServer: null, domainName: 'localhost', props: { port: '3000', protocol: 'http:', subdomain: null, domain: '', tld: 'localhost' } } for: http://localhost:3000 +0ms
  cypress:server:stream_buffer stream buffer writeable final called +5ms
  cypress:network:agent addRequest called { isHttps: false, href: 'http://localhost:3000/_nuxt/node_modules/@nuxt/devtools/dist/runtime/plugins/view/utils.mjs?v=b9068561' } +6ms
  cypress:network:agent got family { family: 6, href: 'http://localhost:3000/_nuxt/node_modules/@nuxt/devtools/dist/runtime/plugins/view/utils.mjs?v=b9068561' } +0ms
  cypress:server:request received status code & headers on request { requestId: 'request175', statusCode: 200, headers: { 'content-type': 'application/javascript' } } +38ms
  cypress:server:request successful response received { requestId: 'request175' } +1ms
  cypress:net-stubbing:server:intercept-response InterceptResponse { req: { url: '/_nuxt/node_modules/error-stack-parser-es/dist/index.mjs?v=b9068561' }, request: undefined } +39ms
  cypress:network:cors Parsed URL { port: '3000', protocol: 'http:', subdomain: null, domain: '', tld: 'localhost' } +9ms
  cypress:server:remote-states getting remote state: { auth: null, origin: 'http://localhost:3000', strategy: 'http', fileServer: null, domainName: 'localhost', props: { port: '3000', protocol: 'http:', subdomain: null, domain: '', tld: 'localhost' } } for: http://localhost:3000 +9ms
  cypress:network:cors Parsed URL { port: '3000', protocol: 'http:', subdomain: null, domain: '', tld: 'localhost' } +0ms
  cypress:network:cors Parsed URL { port: '3000', protocol: 'http:', subdomain: null, domain: '', tld: 'localhost' } +0ms
  cypress:server:remote-states getting primary remote state: { auth: null, origin: 'http://localhost:3000', strategy: 'http', fileServer: null, domainName: 'localhost', props: { port: '3000', protocol: 'http:', subdomain: null, domain: '', tld: 'localhost' } } +0ms
  cypress:network:cors Parsed URL { port: '3000', protocol: 'http:', subdomain: null, domain: '', tld: 'localhost' } +0ms
  cypress:network:cors Parsed URL { port: '3000', protocol: 'http:', subdomain: null, domain: '', tld: 'localhost' } +0ms
  cypress:network:cors Parsed URL { port: '3000', protocol: 'http:', subdomain: null, domain: '', tld: 'localhost' } +1ms
  cypress:server:remote-states getting remote state: { auth: null, origin: 'http://localhost:3000', strategy: 'http', fileServer: null, domainName: 'localhost', props: { port: '3000', protocol: 'http:', subdomain: null, domain: '', tld: 'localhost' } } for: http://localhost:3000 +1ms
  cypress:server:request received status code & headers on request { requestId: 'request176', statusCode: 200, headers: { 'content-type': 'application/javascript' } } +9ms
  cypress:server:request successful response received { requestId: 'request176' } +0ms
  cypress:net-stubbing:server:intercept-response InterceptResponse { req: { url: '/_nuxt/node_modules/@nuxt/devtools/dist/runtime/plugins/view/utils.mjs?v=b9068561' }, request: undefined } +8ms
  cypress:network:cors Parsed URL { port: '3000', protocol: 'http:', subdomain: null, domain: '', tld: 'localhost' } +7ms
  cypress:server:remote-states getting remote state: { auth: null, origin: 'http://localhost:3000', strategy: 'http', fileServer: null, domainName: 'localhost', props: { port: '3000', protocol: 'http:', subdomain: null, domain: '', tld: 'localhost' } } for: http://localhost:3000 +7ms
  cypress:network:cors Parsed URL { port: '3000', protocol: 'http:', subdomain: null, domain: '', tld: 'localhost' } +0ms
  cypress:network:cors Parsed URL { port: '3000', protocol: 'http:', subdomain: null, domain: '', tld: 'localhost' } +0ms
  cypress:server:remote-states getting primary remote state: { auth: null, origin: 'http://localhost:3000', strategy: 'http', fileServer: null, domainName: 'localhost', props: { port: '3000', protocol: 'http:', subdomain: null, domain: '', tld: 'localhost' } } +0ms
  cypress:network:cors Parsed URL { port: '3000', protocol: 'http:', subdomain: null, domain: '', tld: 'localhost' } +0ms
  cypress:network:cors Parsed URL { port: '3000', protocol: 'http:', subdomain: null, domain: '', tld: 'localhost' } +0ms
  cypress:network:cors Parsed URL { port: '3000', protocol: 'http:', subdomain: null, domain: '', tld: 'localhost' } +1ms
  cypress:server:remote-states getting remote state: { auth: null, origin: 'http://localhost:3000', strategy: 'http', fileServer: null, domainName: 'localhost', props: { port: '3000', protocol: 'http:', subdomain: null, domain: '', tld: 'localhost' } } for: http://localhost:3000 +1ms
  cypress:network:cors Parsed URL { port: '3000', protocol: 'http:', subdomain: null, domain: '', tld: 'localhost' } +10ms
  cypress:network:cors Parsed URL { port: '3000', protocol: 'http:', subdomain: null, domain: '', tld: 'localhost' } +0ms
  cypress:network:cors Parsed URL { port: '3000', protocol: 'http:', subdomain: null, domain: '', tld: 'localhost' } +1ms
  cypress:server:remote-states getting remote state: { auth: null, origin: 'http://localhost:3000', strategy: 'http', fileServer: null, domainName: 'localhost', props: { port: '3000', protocol: 'http:', subdomain: null, domain: '', tld: 'localhost' } } for: http://localhost:3000/_nuxt/node_modules/@nuxt/devtools/dist/runtime/settings.mjs?v=b9068561 +11ms
  cypress:network:cors Parsed URL { port: '3000', protocol: 'http:', subdomain: null, domain: '', tld: 'localhost' } +0ms
  cypress:server:remote-states getting remote state: { auth: null, origin: 'http://localhost:3000', strategy: 'http', fileServer: null, domainName: 'localhost', props: { port: '3000', protocol: 'http:', subdomain: null, domain: '', tld: 'localhost' } } for: http://localhost:3000 +0ms
  cypress:server:stream_buffer stream buffer writeable final called +28ms
  cypress:network:agent addRequest called { isHttps: false, href: 'http://localhost:3000/_nuxt/node_modules/@nuxt/devtools/dist/runtime/settings.mjs?v=b9068561' } +28ms
  cypress:network:agent got family { family: 6, href: 'http://localhost:3000/_nuxt/node_modules/@nuxt/devtools/dist/runtime/settings.mjs?v=b9068561' } +0ms
  cypress:network:cors Parsed URL { port: '3000', protocol: 'http:', subdomain: null, domain: '', tld: 'localhost' } +1ms
  cypress:network:cors Parsed URL { port: '3000', protocol: 'http:', subdomain: null, domain: '', tld: 'localhost' } +0ms
  cypress:network:cors Parsed URL { port: '3000', protocol: 'http:', subdomain: null, domain: '', tld: 'localhost' } +1ms
  cypress:server:remote-states getting remote state: { auth: null, origin: 'http://localhost:3000', strategy: 'http', fileServer: null, domainName: 'localhost', props: { port: '3000', protocol: 'http:', subdomain: null, domain: '', tld: 'localhost' } } for: http://localhost:3000/_nuxt/node_modules/@nuxt/devtools/dist/runtime/plugins/view/FrameBox.vue +2ms
  cypress:network:cors Parsed URL { port: '3000', protocol: 'http:', subdomain: null, domain: '', tld: 'localhost' } +0ms
  cypress:server:remote-states getting remote state: { auth: null, origin: 'http://localhost:3000', strategy: 'http', fileServer: null, domainName: 'localhost', props: { port: '3000', protocol: 'http:', subdomain: null, domain: '', tld: 'localhost' } } for: http://localhost:3000 +0ms
  cypress:server:stream_buffer stream buffer writeable final called +3ms
  cypress:network:agent addRequest called { isHttps: false, href: 'http://localhost:3000/_nuxt/node_modules/@nuxt/devtools/dist/runtime/plugins/view/FrameBox.vue' } +2ms
  cypress:network:agent got family { family: 6, href: 'http://localhost:3000/_nuxt/node_modules/@nuxt/devtools/dist/runtime/plugins/view/FrameBox.vue' } +0ms
  cypress:network:cors Parsed URL { port: '3000', protocol: 'http:', subdomain: null, domain: '', tld: 'localhost' } +4ms
  cypress:network:cors Parsed URL { port: '3000', protocol: 'http:', subdomain: null, domain: '', tld: 'localhost' } +0ms
  cypress:network:cors Parsed URL { port: '3000', protocol: 'http:', subdomain: null, domain: '', tld: 'localhost' } +0ms
  cypress:server:remote-states getting remote state: { auth: null, origin: 'http://localhost:3000', strategy: 'http', fileServer: null, domainName: 'localhost', props: { port: '3000', protocol: 'http:', subdomain: null, domain: '', tld: 'localhost' } } for: http://localhost:3000/_nuxt/node_modules/@nuxt/devtools/dist/runtime/plugins/view/Main.vue?vue&type=style&index=0&scoped=ed978889&lang.css +4ms
  cypress:network:cors Parsed URL { port: '3000', protocol: 'http:', subdomain: null, domain: '', tld: 'localhost' } +1ms
  cypress:server:remote-states getting remote state: { auth: null, origin: 'http://localhost:3000', strategy: 'http', fileServer: null, domainName: 'localhost', props: { port: '3000', protocol: 'http:', subdomain: null, domain: '', tld: 'localhost' } } for: http://localhost:3000 +1ms
  cypress:server:stream_buffer stream buffer writeable final called +4ms
  cypress:network:agent addRequest called { isHttps: false, href: 'http://localhost:3000/_nuxt/node_modules/@nuxt/devtools/dist/runtime/plugins/view/Main.vue?vue&type=style&index=0&scoped=ed978889&lang.css' } +5ms
  cypress:network:agent got family { family: 6, href: 'http://localhost:3000/_nuxt/node_modules/@nuxt/devtools/dist/runtime/plugins/view/Main.vue?vue&type=style&index=0&scoped=ed978889&lang.css' } +0ms
  cypress:server:request received status code & headers on request { requestId: 'request177', statusCode: 200, headers: { 'content-type': 'application/javascript' } } +23ms
  cypress:server:request successful response received { requestId: 'request177' } +0ms
  cypress:net-stubbing:server:intercept-response InterceptResponse { req: { url: '/_nuxt/node_modules/@nuxt/devtools/dist/runtime/settings.mjs?v=b9068561' }, request: undefined } +23ms
  cypress:network:cors Parsed URL { port: '3000', protocol: 'http:', subdomain: null, domain: '', tld: 'localhost' } +3ms
  cypress:server:remote-states getting remote state: { auth: null, origin: 'http://localhost:3000', strategy: 'http', fileServer: null, domainName: 'localhost', props: { port: '3000', protocol: 'http:', subdomain: null, domain: '', tld: 'localhost' } } for: http://localhost:3000 +4ms
  cypress:network:cors Parsed URL { port: '3000', protocol: 'http:', subdomain: null, domain: '', tld: 'localhost' } +1ms
  cypress:network:cors Parsed URL { port: '3000', protocol: 'http:', subdomain: null, domain: '', tld: 'localhost' } +0ms
  cypress:server:remote-states getting primary remote state: { auth: null, origin: 'http://localhost:3000', strategy: 'http', fileServer: null, domainName: 'localhost', props: { port: '3000', protocol: 'http:', subdomain: null, domain: '', tld: 'localhost' } } +0ms
  cypress:network:cors Parsed URL { port: '3000', protocol: 'http:', subdomain: null, domain: '', tld: 'localhost' } +0ms
  cypress:network:cors Parsed URL { port: '3000', protocol: 'http:', subdomain: null, domain: '', tld: 'localhost' } +0ms
  cypress:network:cors Parsed URL { port: '3000', protocol: 'http:', subdomain: null, domain: '', tld: 'localhost' } +0ms
  cypress:server:remote-states getting remote state: { auth: null, origin: 'http://localhost:3000', strategy: 'http', fileServer: null, domainName: 'localhost', props: { port: '3000', protocol: 'http:', subdomain: null, domain: '', tld: 'localhost' } } for: http://localhost:3000 +0ms
  cypress:server:request received status code & headers on request { requestId: 'request178', statusCode: 200, headers: { 'content-type': 'application/javascript' } } +6ms
  cypress:server:request successful response received { requestId: 'request178' } +0ms
  cypress:net-stubbing:server:intercept-response InterceptResponse { req: { url: '/_nuxt/node_modules/@nuxt/devtools/dist/runtime/plugins/view/FrameBox.vue' }, request: undefined } +6ms
  cypress:network:cors Parsed URL { port: '3000', protocol: 'http:', subdomain: null, domain: '', tld: 'localhost' } +5ms
  cypress:server:remote-states getting remote state: { auth: null, origin: 'http://localhost:3000', strategy: 'http', fileServer: null, domainName: 'localhost', props: { port: '3000', protocol: 'http:', subdomain: null, domain: '', tld: 'localhost' } } for: http://localhost:3000 +5ms
  cypress:network:cors Parsed URL { port: '3000', protocol: 'http:', subdomain: null, domain: '', tld: 'localhost' } +1ms
  cypress:network:cors Parsed URL { port: '3000', protocol: 'http:', subdomain: null, domain: '', tld: 'localhost' } +0ms
  cypress:server:remote-states getting primary remote state: { auth: null, origin: 'http://localhost:3000', strategy: 'http', fileServer: null, domainName: 'localhost', props: { port: '3000', protocol: 'http:', subdomain: null, domain: '', tld: 'localhost' } } +1ms
  cypress:network:cors Parsed URL { port: '3000', protocol: 'http:', subdomain: null, domain: '', tld: 'localhost' } +0ms
  cypress:network:cors Parsed URL { port: '3000', protocol: 'http:', subdomain: null, domain: '', tld: 'localhost' } +0ms
  cypress:network:cors Parsed URL { port: '3000', protocol: 'http:', subdomain: null, domain: '', tld: 'localhost' } +0ms
  cypress:server:remote-states getting remote state: { auth: null, origin: 'http://localhost:3000', strategy: 'http', fileServer: null, domainName: 'localhost', props: { port: '3000', protocol: 'http:', subdomain: null, domain: '', tld: 'localhost' } } for: http://localhost:3000 +0ms
  cypress:server:request received status code & headers on request { requestId: 'request179', statusCode: 200, headers: { 'content-type': 'application/javascript' } } +9ms
  cypress:server:request successful response received { requestId: 'request179' } +0ms
  cypress:net-stubbing:server:intercept-response InterceptResponse { req: { url: '/_nuxt/node_modules/@nuxt/devtools/dist/runtime/plugins/view/Main.vue?vue&type=style&index=0&scoped=ed978889&lang.css' }, request: undefined } +9ms
  cypress:network:cors Parsed URL { port: '3000', protocol: 'http:', subdomain: null, domain: '', tld: 'localhost' } +8ms
  cypress:server:remote-states getting remote state: { auth: null, origin: 'http://localhost:3000', strategy: 'http', fileServer: null, domainName: 'localhost', props: { port: '3000', protocol: 'http:', subdomain: null, domain: '', tld: 'localhost' } } for: http://localhost:3000 +8ms
  cypress:network:cors Parsed URL { port: '3000', protocol: 'http:', subdomain: null, domain: '', tld: 'localhost' } +0ms
  cypress:network:cors Parsed URL { port: '3000', protocol: 'http:', subdomain: null, domain: '', tld: 'localhost' } +0ms
  cypress:server:remote-states getting primary remote state: { auth: null, origin: 'http://localhost:3000', strategy: 'http', fileServer: null, domainName: 'localhost', props: { port: '3000', protocol: 'http:', subdomain: null, domain: '', tld: 'localhost' } } +0ms
  cypress:network:cors Parsed URL { port: '3000', protocol: 'http:', subdomain: null, domain: '', tld: 'localhost' } +0ms
  cypress:network:cors Parsed URL { port: '3000', protocol: 'http:', subdomain: null, domain: '', tld: 'localhost' } +0ms
  cypress:network:cors Parsed URL { port: '3000', protocol: 'http:', subdomain: null, domain: '', tld: 'localhost' } +1ms
  cypress:server:remote-states getting remote state: { auth: null, origin: 'http://localhost:3000', strategy: 'http', fileServer: null, domainName: 'localhost', props: { port: '3000', protocol: 'http:', subdomain: null, domain: '', tld: 'localhost' } } for: http://localhost:3000 +1ms
  cypress:network:cors Parsed URL { port: '3000', protocol: 'http:', subdomain: null, domain: '', tld: 'localhost' } +12ms
  cypress:network:cors Parsed URL { port: '3000', protocol: 'http:', subdomain: null, domain: '', tld: 'localhost' } +0ms
  cypress:network:cors Parsed URL { port: '3000', protocol: 'http:', subdomain: null, domain: '', tld: 'localhost' } +1ms
  cypress:server:remote-states getting remote state: { auth: null, origin: 'http://localhost:3000', strategy: 'http', fileServer: null, domainName: 'localhost', props: { port: '3000', protocol: 'http:', subdomain: null, domain: '', tld: 'localhost' } } for: http://localhost:3000/_nuxt/@id/virtual:nuxt:C:/Users/LucasFelber/Documents/SideProjects/cypress-submit-reload/.nuxt/devtools/settings.mjs +13ms
  cypress:network:cors Parsed URL { port: '3000', protocol: 'http:', subdomain: null, domain: '', tld: 'localhost' } +0ms
  cypress:server:remote-states getting remote state: { auth: null, origin: 'http://localhost:3000', strategy: 'http', fileServer: null, domainName: 'localhost', props: { port: '3000', protocol: 'http:', subdomain: null, domain: '', tld: 'localhost' } } for: http://localhost:3000 +0ms
  cypress:server:stream_buffer stream buffer writeable final called +32ms
  cypress:network:agent addRequest called { isHttps: false, href: 'http://localhost:3000/_nuxt/@id/virtual:nuxt:C:/Users/LucasFelber/Documents/SideProjects/cypress-submit-reload/.nuxt/devtools/settings.mjs' } +31ms
  cypress:network:agent got family { family: 6, href: 'http://localhost:3000/_nuxt/@id/virtual:nuxt:C:/Users/LucasFelber/Documents/SideProjects/cypress-submit-reload/.nuxt/devtools/settings.mjs' } +0ms
  cypress:network:cors Parsed URL { port: '3000', protocol: 'http:', subdomain: null, domain: '', tld: 'localhost' } +4ms
  cypress:network:cors Parsed URL { port: '3000', protocol: 'http:', subdomain: null, domain: '', tld: 'localhost' } +0ms
  cypress:network:cors Parsed URL { port: '3000', protocol: 'http:', subdomain: null, domain: '', tld: 'localhost' } +1ms
  cypress:server:remote-states getting remote state: { auth: null, origin: 'http://localhost:3000', strategy: 'http', fileServer: null, domainName: 'localhost', props: { port: '3000', protocol: 'http:', subdomain: null, domain: '', tld: 'localhost' } } for: http://localhost:3000/_nuxt/node_modules/@nuxt/devtools/dist/runtime/plugins/view/FrameBox.vue?vue&type=style&index=0&scoped=233db32a&lang.css +5ms
  cypress:network:cors Parsed URL { port: '3000', protocol: 'http:', subdomain: null, domain: '', tld: 'localhost' } +0ms
  cypress:server:remote-states getting remote state: { auth: null, origin: 'http://localhost:3000', strategy: 'http', fileServer: null, domainName: 'localhost', props: { port: '3000', protocol: 'http:', subdomain: null, domain: '', tld: 'localhost' } } for: http://localhost:3000 +0ms
  cypress:server:stream_buffer stream buffer writeable final called +6ms
  cypress:network:agent addRequest called { isHttps: false, href: 'http://localhost:3000/_nuxt/node_modules/@nuxt/devtools/dist/runtime/plugins/view/FrameBox.vue?vue&type=style&index=0&scoped=233db32a&lang.css' } +6ms
  cypress:network:agent got family { family: 6, href: 'http://localhost:3000/_nuxt/node_modules/@nuxt/devtools/dist/runtime/plugins/view/FrameBox.vue?vue&type=style&index=0&scoped=233db32a&lang.css' } +0ms
  cypress:server:request received status code & headers on request { requestId: 'request180', statusCode: 200, headers: { 'content-type': 'application/javascript' } } +22ms
  cypress:server:request successful response received { requestId: 'request180' } +0ms
  cypress:net-stubbing:server:intercept-response InterceptResponse { req: { url: '/_nuxt/@id/virtual:nuxt:C:/Users/LucasFelber/Documents/SideProjects/cypress-submit-reload/.nuxt/devtools/settings.mjs' }, request: undefined } +22ms
  cypress:network:cors Parsed URL { port: '3000', protocol: 'http:', subdomain: null, domain: '', tld: 'localhost' } +4ms
  cypress:server:remote-states getting remote state: { auth: null, origin: 'http://localhost:3000', strategy: 'http', fileServer: null, domainName: 'localhost', props: { port: '3000', protocol: 'http:', subdomain: null, domain: '', tld: 'localhost' } } for: http://localhost:3000 +4ms
  cypress:network:cors Parsed URL { port: '3000', protocol: 'http:', subdomain: null, domain: '', tld: 'localhost' } +0ms
  cypress:network:cors Parsed URL { port: '3000', protocol: 'http:', subdomain: null, domain: '', tld: 'localhost' } +0ms
  cypress:server:remote-states getting primary remote state: { auth: null, origin: 'http://localhost:3000', strategy: 'http', fileServer: null, domainName: 'localhost', props: { port: '3000', protocol: 'http:', subdomain: null, domain: '', tld: 'localhost' } } +0ms
  cypress:network:cors Parsed URL { port: '3000', protocol: 'http:', subdomain: null, domain: '', tld: 'localhost' } +0ms
  cypress:network:cors Parsed URL { port: '3000', protocol: 'http:', subdomain: null, domain: '', tld: 'localhost' } +0ms
  cypress:network:cors Parsed URL { port: '3000', protocol: 'http:', subdomain: null, domain: '', tld: 'localhost' } +1ms
  cypress:server:remote-states getting remote state: { auth: null, origin: 'http://localhost:3000', strategy: 'http', fileServer: null, domainName: 'localhost', props: { port: '3000', protocol: 'http:', subdomain: null, domain: '', tld: 'localhost' } } for: http://localhost:3000 +1ms
  cypress:server:request received status code & headers on request { requestId: 'request181', statusCode: 200, headers: { 'content-type': 'application/javascript' } } +11ms
  cypress:server:request successful response received { requestId: 'request181' } +0ms
  cypress:net-stubbing:server:intercept-response InterceptResponse { req: { url: '/_nuxt/node_modules/@nuxt/devtools/dist/runtime/plugins/view/FrameBox.vue?vue&type=style&index=0&scoped=233db32a&lang.css' }, request: undefined } +11ms
  cypress:network:cors Parsed URL { port: '3000', protocol: 'http:', subdomain: null, domain: '', tld: 'localhost' } +9ms
  cypress:server:remote-states getting remote state: { auth: null, origin: 'http://localhost:3000', strategy: 'http', fileServer: null, domainName: 'localhost', props: { port: '3000', protocol: 'http:', subdomain: null, domain: '', tld: 'localhost' } } for: http://localhost:3000 +9ms
  cypress:network:cors Parsed URL { port: '3000', protocol: 'http:', subdomain: null, domain: '', tld: 'localhost' } +0ms
  cypress:network:cors Parsed URL { port: '3000', protocol: 'http:', subdomain: null, domain: '', tld: 'localhost' } +1ms
  cypress:server:remote-states getting primary remote state: { auth: null, origin: 'http://localhost:3000', strategy: 'http', fileServer: null, domainName: 'localhost', props: { port: '3000', protocol: 'http:', subdomain: null, domain: '', tld: 'localhost' } } +1ms
  cypress:network:cors Parsed URL { port: '3000', protocol: 'http:', subdomain: null, domain: '', tld: 'localhost' } +0ms
  cypress:network:cors Parsed URL { port: '3000', protocol: 'http:', subdomain: null, domain: '', tld: 'localhost' } +0ms
  cypress:network:cors Parsed URL { port: '3000', protocol: 'http:', subdomain: null, domain: '', tld: 'localhost' } +0ms
  cypress:server:remote-states getting remote state: { auth: null, origin: 'http://localhost:3000', strategy: 'http', fileServer: null, domainName: 'localhost', props: { port: '3000', protocol: 'http:', subdomain: null, domain: '', tld: 'localhost' } } for: http://localhost:3000 +0ms
  cypress:server:util:process_profiler current & mean memory and CPU usage by process group:
  cypress:server:util:process_profiler ┌─────────┬────────────┬──────────────┬─────────────────────────────┬────────────┬────────────────┬──────────┬──────────────┬─────────────┐
  cypress:server:util:process_profiler │ (index) │   group    │ processCount │            pids             │ cpuPercent │ meanCpuPercent │ memRssMb │ meanMemRssMb │ maxMemRssMb │
  cypress:server:util:process_profiler ├─────────┼────────────┼──────────────┼─────────────────────────────┼────────────┼────────────────┼──────────┼──────────────┼─────────────┤
  cypress:server:util:process_profiler │    0    │ 'cypress'  │      1       │           '33780'           │    5.22    │      2.61      │  408.89  │    383.32    │   408.89    │
  cypress:server:util:process_profiler │    1    │  'other'   │      4       │ '17464, 2200, 36848, 36700' │    1.99    │       1        │  303.03  │    283.44    │   303.03    │
  cypress:server:util:process_profiler │    2    │ 'Electron' │      1       │           '32136'           │    0.01    │      0.01      │  202.62  │    202.62    │   202.62    │
  cypress:server:util:process_profiler │    3    │  'plugin'  │      2       │       '29468, 34532'        │    2.72    │      1.36      │  155.58  │    109.24    │   155.58    │
  cypress:server:util:process_profiler │    4    │  'TOTAL'   │      8       │             '-'             │    9.94    │      4.97      │ 1070.12  │    877.31    │   1070.12   │
  cypress:server:util:process_profiler └─────────┴────────────┴──────────────┴─────────────────────────────┴────────────┴────────────────┴──────────┴──────────────┴─────────────┘ +12s
  cypress:server:socket-base automation:request take:screenshot { titles: [ 'page', 'does not work' ], testId: 'r3', testAttemptIndex: 0, simple: true, testFailure: true, capture: 'runner', clip: { x: 0, y: 0, width: 1000, height: 660 }, viewport: { width: 1280, height: 720 }, scaled: true, blackout: [], overwrite: false, startTime: '2023-10-18T07:12:00.262Z', appOnly: false, hideRunnerUi: false } +7s
  cypress:server:screenshot (s182) capturing screenshot { titles: [ 'page', 'does not work' ], testId: 'r3', testAttemptIndex: 0, simple: true, testFailure: true, capture: 'runner', clip: { x: 0, y: 0, width: 1000, height: 660 }, viewport: { width: 1280, height: 720 }, scaled: true, blackout: [], overwrite: false, startTime: '2023-10-18T07:12:00.262Z', appOnly: false, hideRunnerUi: false, specName: 'spec.cy.js' } +0ms
  cypress:server:screenshot (s182) ensureSafePath { withoutExt: 'C:\\Users\\LucasFelber\\Documents\\SideProjects\\cypress-submit-reload\\cypress\\screenshots\\spec.cy.js\\page -- does not work (failed)', extension: 'png', num: 0, maxSafeBytes: 254, maxSafePrefixBytes: 250 } +232ms
    1) does not work


  0 passing (7s)
  1 failing

  1) page
       does not work:
     AssertionError: Timed out retrying after 4000ms: Expected to find content: 'Email is required' within the element: <span.text-input-label-appendage.star> but never did.
      at Context.eval (webpack://cypress-test-tiny/./cypress/e2e/spec.cy.js:11:7)




  (Results)

  ┌────────────────────────────────────────────────────────────────────────────────────────────────┐
  │ Tests:        1                                                                                │
  │ Passing:      0                                                                                │
  │ Failing:      1                                                                                │
  │ Pending:      0                                                                                │
  │ Skipped:      0                                                                                │
  │ Screenshots:  1                                                                                │
  │ Video:        false                                                                            │
  │ Duration:     7 seconds                                                                        │
  │ Spec Ran:     spec.cy.js                                                                       │
  └────────────────────────────────────────────────────────────────────────────────────────────────┘


  (Screenshots)

  -  C:\Users\LucasFelber\Documents\SideProjects\cypress-submit-reload\cypress\screen     (1280x720)
     shots\spec.cy.js\page -- does not work (failed).png


====================================================================================================

  (Run Finished)


       Spec                                              Tests  Passing  Failing  Pending  Skipped
  ┌────────────────────────────────────────────────────────────────────────────────────────────────┐
  │ ×  spec.cy.js                               00:07        1        -        1        -        - │
  └────────────────────────────────────────────────────────────────────────────────────────────────┘
    ×  1 of 1 failed (100%)                     00:07        1        -        1        -        -

  cypress:cli child event fired { event: 'exit', code: 1, signal: null } +21s
  cypress:server:screenshot (s182) save C:\Users\LucasFelber\Documents\SideProjects\cypress-submit-reload\cypress\screenshots\spec.cy.js\page -- does not work (failed).png +5ms
  cypress:lifecycle:EventRegistrar plugin event registered? { eventName: 'after:screenshot', isRegistered: false } +9s
  cypress:server:reporter got mocha event 'fail' with args: [ { title: 'does not work', fn: [Function: o] { toString: [Function (anonymous)] }, body: '() => {\n' + "    cy.visit('/signup');\n" + '    cy.getByData("button-signup").click();\n' + '    cy.getByData("email").within(() => {\n' + '      cy.get(".text-input-label-appendage").contains("Email is required");\n' + '    });\n' + '    cy.getByData("password").within(() => {\n' + '      cy.get(".text-input-label-appendage").contains("Password is required");\n' + '    });\n' + '  }', async: undefined, sync: undefined, _timeout: 2000, _slow: 10000, _enableTimeouts: true, timedOut: undefined, _retries: 0, _currentRetry: 0, pending: false, type: 'test', duration: undefined, state: 'failed', parent: p { title: 'page', ctx: {}, suites: [], tests: [Array], pending: false, _beforeEach: [], _beforeAll: [], _afterEach: [], _afterAll: [], root: false, _timeout: 2000, _enableTimeouts: true, _slow: 10000, _bail: false, _retries: -1, _onlyTests: [], _onlySuites: [], delayed: false, _events: [Object: null prototype], _eventsCount: 1, parent: [p], file: null, id: 'r2', type: 'suite', invocationDetails: [Object] }, _testConfig: { testConfigList: [], unverifiedTestConfig: {}, applied: 'complete' }, order: 1, file: null, invocationDetails: { function: 'Suite.eval', fileUrl: 'http://localhost:3000/__cypress/tests?p=cypress\\e2e\\spec.cy.js', originalFile: 'webpack://cypress-test-tiny/./cypress/e2e/spec.cy.js', relativeFile: 'cypress/e2e/spec.cy.js', absoluteFile: 'C:\\Users\\LucasFelber\\Documents\\SideProjects\\cypress-submit-reload/cypress/e2e/spec.cy.js', line: 4, column: 2, whitespace: '    ', stack: 'Error\n' + '    at Suite.eval (http://localhost:3000/__cypress/tests?p=cypress\\e2e\\spec.cy.js:11:3)\n' + '    at eval (http://localhost:3000/__cypress/tests?p=cypress\\e2e\\spec.cy.js:10:1)\n' + '    at eval (http://localhost:3000/__cypress/tests?p=cypress\\e2e\\spec.cy.js:22:12)\n' + '    at eval (<anonymous>)' }, wallClockStartedAt: '2023-10-18T07:11:53.217Z', err: { message: "Timed out retrying after 4000ms: Expected to find content: 'Email is required' within the element: <span.text-input-label-appendage.star> but never did.", type: 'existence', name: 'AssertionError', stack: "AssertionError: Timed out retrying after 4000ms: Expected to find content: 'Email is required' within the element: <span.text-input-label-appendage.star> but never did.\n" + '    at Context.eval (webpack://cypress-test-tiny/./cypress/e2e/spec.cy.js:11:7)', parsedStack: [Array], codeFrame: [Object] }, clone: [Function (anonymous)], timeout: [Function (anonymous)], slow: [Function (anonymous)], enableTimeouts: [Function (anonymous)], skip: [Function (anonymous)], isPending: [Function (anonymous)], isFailed: [Function (anonymous)], isPassed: [Function (anonymous)], retries: [Function (anonymous)], currentRetry: [Function (anonymous)], fullTitle: [Function (anonymous)], titlePath: [Function (anonymous)], clearTimeout: [Function (anonymous)], inspect: [Function (anonymous)], resetTimeout: [Function (anonymous)], globals: [Function (anonymous)], run: [Function (anonymous)], _timeoutError: [Function (anonymous)], _events: undefined, _eventsCount: 0, _maxListeners: undefined, setMaxListeners: [Function: setMaxListeners], getMaxListeners: [Function: getMaxListeners], emit: [Function: emit], addListener: [Function: addListener], on: [Function: addListener], prependListener: [Function: prependListener], once: [Function: once], prependOnceListener: [Function: prependOnceListener], removeListener: [Function: removeListener], off: [Function: removeListener], removeAllListeners: [Function: removeAllListeners], listeners: [Function: listeners], rawListeners: [Function: rawListeners], listenerCount: [Function: listenerCount], eventNames: [Function: eventNames] }, { message: "Timed out retrying after 4000ms: Expected to find content: 'Email is required' within the element: <span.text-input-label-appendage.star> but never did.", type: 'existence', name: 'AssertionError', stack: "AssertionError: Timed out retrying after 4000ms: Expected to find content: 'Email is required' within the element: <span.text-input-label-appendage.star> but never did.\n" + '    at Context.eval (webpack://cypress-test-tiny/./cypress/e2e/spec.cy.js:11:7)', parsedStack: [ [Object], [Object] ], codeFrame: { line: 11, column: 8, originalFile: 'cypress/e2e/spec.cy.js', relativeFile: 'cypress/e2e/spec.cy.js', absoluteFile: 'C:\\Users\\LucasFelber\\Documents\\SideProjects\\cypress-submit-reload/cypress/e2e/spec.cy.js', frame: '   9 |     cy.getByData("email").within(() => {\n' + '  10 |       cy.get(".text-input-label-appendage")\n' + '> 11 |       .contains("Email is required")\n' + '     |        ^\n' + '  12 |     })\n' + '  13 | \n' + '  14 |     cy.getByData("password").within(() => {', language: 'js' } } ] +7s
  cypress:server:reporter got mocha event 'test end' with args: [ u { title: 'does not work', fn: [Function: o] { toString: [Function (anonymous)] }, body: '() => {\n' + "    cy.visit('/signup');\n" + '    cy.getByData("button-signup").click();\n' + '    cy.getByData("email").within(() => {\n' + '      cy.get(".text-input-label-appendage").contains("Email is required");\n' + '    });\n' + '    cy.getByData("password").within(() => {\n' + '      cy.get(".text-input-label-appendage").contains("Password is required");\n' + '    });\n' + '  }', async: undefined, sync: undefined, _timeout: 2000, _slow: 10000, _enableTimeouts: true, timedOut: undefined, _retries: 0, _currentRetry: 0, pending: false, type: 'test', duration: 7294, state: 'failed', parent: p { title: 'page', ctx: {}, suites: [], tests: [Array], pending: false, _beforeEach: [], _beforeAll: [], _afterEach: [], _afterAll: [], root: false, _timeout: 2000, _enableTimeouts: true, _slow: 10000, _bail: false, _retries: -1, _onlyTests: [], _onlySuites: [], delayed: false, _events: [Object: null prototype], _eventsCount: 1, parent: [p], file: null, id: 'r2', type: 'suite', invocationDetails: [Object] }, id: 'r3', _testConfig: { testConfigList: [], unverifiedTestConfig: {}, applied: 'complete' }, order: 1, file: null, invocationDetails: { function: 'Suite.eval', fileUrl: 'http://localhost:3000/__cypress/tests?p=cypress\\e2e\\spec.cy.js', originalFile: 'webpack://cypress-test-tiny/./cypress/e2e/spec.cy.js', relativeFile: 'cypress/e2e/spec.cy.js', absoluteFile: 'C:\\Users\\LucasFelber\\Documents\\SideProjects\\cypress-submit-reload/cypress/e2e/spec.cy.js', line: 4, column: 2, whitespace: '    ', stack: 'Error\n' + '    at Suite.eval (http://localhost:3000/__cypress/tests?p=cypress\\e2e\\spec.cy.js:11:3)\n' + '    at eval (http://localhost:3000/__cypress/tests?p=cypress\\e2e\\spec.cy.js:10:1)\n' + '    at eval (http://localhost:3000/__cypress/tests?p=cypress\\e2e\\spec.cy.js:22:12)\n' + '    at eval (<anonymous>)' }, wallClockStartedAt: '2023-10-18T07:11:53.217Z', err: { message: "Timed out retrying after 4000ms: Expected to find content: 'Email is required' within the element: <span.text-input-label-appendage.star> but never did.", type: 'existence', name: 'AssertionError', stack: "AssertionError: Timed out retrying after 4000ms: Expected to find content: 'Email is required' within the element: <span.text-input-label-appendage.star> but never did.\n" + '    at Context.eval (webpack://cypress-test-tiny/./cypress/e2e/spec.cy.js:11:7)', parsedStack: [Array], codeFrame: [Object] }, timings: { lifecycle: 23, test: [Object] }, final: true } ] +4ms
  cypress:server:reporter got mocha event 'suite end' with args: [ p { title: 'page', ctx: {}, suites: [], tests: [ [u] ], pending: false, _beforeEach: [], _beforeAll: [], _afterEach: [], _afterAll: [], root: false, _timeout: 2000, _enableTimeouts: true, _slow: 10000, _bail: false, _retries: -1, _onlyTests: [], _onlySuites: [], delayed: false, _events: [Object: null prototype] { newListener: [Function (anonymous)] }, _eventsCount: 1, parent: p { title: '', ctx: {}, suites: [Array], tests: [], pending: false, _beforeEach: [], _beforeAll: [], _afterEach: [], _afterAll: [], root: true, _timeout: 2000, _enableTimeouts: true, _slow: 10000, _bail: false, _retries: -1, _onlyTests: [], _onlySuites: [], delayed: false, _events: [Object: null prototype], _eventsCount: 1, file: 'cypress\\e2e\\spec.cy.js', id: 'r1', type: 'suite' }, file: null, id: 'r2', type: 'suite', invocationDetails: { function: 'eval', fileUrl: 'http://localhost:3000/__cypress/tests?p=cypress\\e2e\\spec.cy.js', originalFile: 'webpack://cypress-test-tiny/./cypress/e2e/spec.cy.js', relativeFile: 'cypress/e2e/spec.cy.js', absoluteFile: 'C:\\Users\\LucasFelber\\Documents\\SideProjects\\cypress-submit-reload/cypress/e2e/spec.cy.js', line: 2, column: 0, whitespace: '    ', stack: 'Error\n' + '    at eval (http://localhost:3000/__cypress/tests?p=cypress\\e2e\\spec.cy.js:10:1)\n' + '    at eval (http://localhost:3000/__cypress/tests?p=cypress\\e2e\\spec.cy.js:22:12)\n' + '    at eval (<anonymous>)' } } ] +2ms
  cypress:server:util:socket_allowed allowed socket closed, removing { localPort: 56815 } +4s
  cypress:server:reporter got mocha event 'test:after:run' with args: [ u { title: 'does not work', fn: [Function: o] { toString: [Function (anonymous)] }, body: '() => {\n' + "    cy.visit('/signup');\n" + '    cy.getByData("button-signup").click();\n' + '    cy.getByData("email").within(() => {\n' + '      cy.get(".text-input-label-appendage").contains("Email is required");\n' + '    });\n' + '    cy.getByData("password").within(() => {\n' + '      cy.get(".text-input-label-appendage").contains("Password is required");\n' + '    });\n' + '  }', async: undefined, sync: undefined, _timeout: 2000, _slow: 10000, _enableTimeouts: true, timedOut: undefined, _retries: 0, _currentRetry: 0, pending: false, type: 'test', duration: 7294, state: 'failed', parent: p { title: 'page', ctx: {}, suites: [], tests: [Array], pending: false, _beforeEach: [], _beforeAll: [], _afterEach: [], _afterAll: [], root: false, _timeout: 2000, _enableTimeouts: true, _slow: 10000, _bail: false, _retries: -1, _onlyTests: [], _onlySuites: [], delayed: false, _events: [Object: null prototype], _eventsCount: 1, parent: [p], file: null, id: 'r2', type: 'suite', invocationDetails: [Object] }, id: 'r3', _testConfig: { testConfigList: [], unverifiedTestConfig: {}, applied: 'complete' }, order: 1, file: null, invocationDetails: { function: 'Suite.eval', fileUrl: 'http://localhost:3000/__cypress/tests?p=cypress\\e2e\\spec.cy.js', originalFile: 'webpack://cypress-test-tiny/./cypress/e2e/spec.cy.js', relativeFile: 'cypress/e2e/spec.cy.js', absoluteFile: 'C:\\Users\\LucasFelber\\Documents\\SideProjects\\cypress-submit-reload/cypress/e2e/spec.cy.js', line: 4, column: 2, whitespace: '    ', stack: 'Error\n' + '    at Suite.eval (http://localhost:3000/__cypress/tests?p=cypress\\e2e\\spec.cy.js:11:3)\n' + '    at eval (http://localhost:3000/__cypress/tests?p=cypress\\e2e\\spec.cy.js:10:1)\n' + '    at eval (http://localhost:3000/__cypress/tests?p=cypress\\e2e\\spec.cy.js:22:12)\n' + '    at eval (<anonymous>)' }, wallClockStartedAt: '2023-10-18T07:11:53.217Z', err: { message: "Timed out retrying after 4000ms: Expected to find content: 'Email is required' within the element: <span.text-input-label-appendage.star> but never did.", type: 'existence', name: 'AssertionError', stack: "AssertionError: Timed out retrying after 4000ms: Expected to find content: 'Email is required' within the element: <span.text-input-label-appendage.star> but never did.\n" + '    at Context.eval (webpack://cypress-test-tiny/./cypress/e2e/spec.cy.js:11:7)', parsedStack: [Array], codeFrame: [Object] }, timings: { lifecycle: 23, test: [Object] }, final: true, wallClockDuration: 7315 } ] +60ms
  cypress:server:reporter got mocha event 'suite end' with args: [ p { title: '', ctx: {}, suites: [ [p] ], tests: [], pending: false, _beforeEach: [], _beforeAll: [], _afterEach: [], _afterAll: [], root: true, _timeout: 2000, _enableTimeouts: true, _slow: 10000, _bail: false, _retries: -1, _onlyTests: [], _onlySuites: [], delayed: false, _events: [Object: null prototype] { newListener: [Function (anonymous)] }, _eventsCount: 1, file: 'cypress\\e2e\\spec.cy.js', id: 'r1', type: 'suite' } ] +1ms
  cypress:server:reporter got mocha event 'end' with args: [ undefined ] +2ms
  cypress:server:run project ended with results {
  cypress:server:run   stats: {
  cypress:server:run     suites: 1,
  cypress:server:run     tests: 1,
  cypress:server:run     passes: 0,
  cypress:server:run     pending: 0,
  cypress:server:run     skipped: 0,
  cypress:server:run     failures: 1,
  cypress:server:run     wallClockStartedAt: 2023-10-18T07:11:53.210Z,
  cypress:server:run     wallClockDuration: 7369,
  cypress:server:run     wallClockEndedAt: 2023-10-18T07:12:00.579Z
  cypress:server:run   },
  cypress:server:run   reporter: 'spec',
  cypress:server:run   reporterStats: {
  cypress:server:run     suites: 1,
  cypress:server:run     tests: 1,
  cypress:server:run     passes: 0,
  cypress:server:run     pending: 0,
  cypress:server:run     failures: 1,
  cypress:server:run     start: 2023-10-18T07:11:53.217Z,
  cypress:server:run     end: 2023-10-18T07:12:00.584Z,
  cypress:server:run     duration: 7367
  cypress:server:run   },
  cypress:server:run   hooks: [],
  cypress:server:run   tests: [
  cypress:server:run     {
  cypress:server:run       testId: 'r3',
  cypress:server:run       title: [Array],
  cypress:server:run       state: 'failed',
  cypress:server:run       body: '() => {\n' +
  cypress:server:run         "    cy.visit('/signup');\n" +
  cypress:server:run         '    cy.getByData("button-signup").click();\n' +
  cypress:server:run         '    cy.getByData("email").within(() => {\n' +
  cypress:server:run         '      cy.get(".text-input-label-appendage").contains("Email is required");\n' +
  cypress:server:run         '    });\n' +
  cypress:server:run         '    cy.getByData("password").within(() => {\n' +
  cypress:server:run         '      cy.get(".text-input-label-appendage").contains("Password is required");\n' +
  cypress:server:run         '    });\n' +
  cypress:server:run         '  }',
  cypress:server:run       displayError: "AssertionError: Timed out retrying after 4000ms: Expected to find content: 'Email is required' within the element: <span.text-input-label-appendage.star> but never did.\n" +
  cypress:server:run         '    at Context.eval (webpack://cypress-test-tiny/./cypress/e2e/spec.cy.js:11:7)',
  cypress:server:run       attempts: [Array]
  cypress:server:run     }
  cypress:server:run   ]
  cypress:server:run } +9s
  cypress:server:run received project end +0ms
  cypress:server:run received videoController { videoController: undefined } +0ms
  cypress:server:run spec results: { error: null, reporter: 'spec', reporterStats: { suites: 1, tests: 1, passes: 0, pending: 0, failures: 1, start: 2023-10-18T07:11:53.217Z, end: 2023-10-18T07:12:00.584Z, duration: 7367 }, screenshots: [ { height: 720, name: null, path: 'C:\\Users\\LucasFelber\\Documents\\SideProjects\\cypress-submit-reload\\cypress\\screenshots\\spec.cy.js\\page -- does not work (failed).png', takenAt: '2023-10-18T07:12:00.265Z', width: 1280 } ], spec: { absolute: 'C:/Users/LucasFelber/Documents/SideProjects/cypress-submit-reload/cypress/e2e/spec.cy.js', fileExtension: '.js', fileName: 'spec', name: 'spec.cy.js', relative: 'cypress\\e2e\\spec.cy.js' }, stats: { duration: 7369, endedAt: 2023-10-18T07:12:00.579Z, failures: 1, passes: 0, pending: 0, skipped: 0, startedAt: 2023-10-18T07:11:53.210Z, suites: 1, tests: 1 }, tests: [ { attempts: [Array], displayError: "AssertionError: Timed out retrying after 4000ms: Expected to find content: 'Email is required' within the element: <span.text-input-label-appendage.star> but never did.\n" + '    at Context.eval (webpack://cypress-test-tiny/./cypress/e2e/spec.cy.js:11:7)', duration: 7315, state: 'failed', title: [Array] } ], video: null } +0ms
  cypress:server:run execute after:spec +0ms
  cypress:lifecycle:EventRegistrar plugin event registered? { eventName: 'after:spec', isRegistered: false } +80ms
  cypress:server:run No video found after spec ran - skipping compression. Video path: undefined +1ms
  cypress:server:run attempting to close the browser tab +3ms
  cypress:server:browsers:cri-client closing cri client { closed: false, target: '7C33974A5F09D799F5F69F171ED3F535' } +11s
  cypress:server:browsers:cri-client closed cri client { closed: true, target: '7C33974A5F09D799F5F69F171ED3F535' } +2ms
  cypress:server:browsers:cri-client closing cri client { closed: false, target: 'ws://127.0.0.1:56458/devtools/browser/21394616-ac5a-48d7-bc32-9e6e2b8b18f1' } +0ms
  cypress:server:browsers:cri-client closed cri client { closed: true, target: 'ws://127.0.0.1:56458/devtools/browser/21394616-ac5a-48d7-bc32-9e6e2b8b18f1' } +1ms
  cypress:server:browsers:electron closed event fired +11s
  cypress:server:windows error removing all extensions { err: TypeError: Object has been destroyed at Object.j (<embedded>:4490:89973) at BrowserWindow.<anonymous> (<embedded>:4490:103308)     at Object.onceWrapper (node:events:628:26)     at BrowserWindow.emit (node:events:525:35) at D.sendCloseCommandFn (<embedded>:4490:98113)     at process.processTicksAndRejections (node:internal/process/task_queues:95:5), extensions: undefined } +0ms
  cypress:server:browsers browser instance exit event received { code: undefined, signal: undefined } +9s
  cypress:server:preprocessor removeFile C:\Users\LucasFelber\Documents\SideProjects\cypress-submit-reload\cypress\e2e\spec.cy.js +9s
  cypress:server:preprocessor base emitter plugin close event +0ms
  cypress:server:preprocessor base emitter native close event +0ms
  cypress:server:preprocessor base emitter native close event +0ms
  cypress:server:browsers:electron closing remote interface client { options: {} } +2ms
  cypress:server:browsers:browser-cri-client browser cri client is already closed +11s
  cypress:server:run all BrowserWindows closed, not exiting +11ms
  cypress:server:run resetting server state +1ms
  cypress:proxy:http:util:buffers resetting buffers +7s
  cypress:network:cors Parsed URL { port: '3000', protocol: 'http:', subdomain: null, domain: '', tld: 'localhost' } +4s
  cypress:network:cors Parsed URL { port: '3000', protocol: 'http:', subdomain: null, domain: '', tld: 'localhost' } +0ms
  cypress:server:remote-states setting remote state { auth: undefined, origin: 'http://localhost:3000', strategy: 'http', fileServer: null, domainName: 'localhost', props: { port: '3000', protocol: 'http:', subdomain: null, domain: '', tld: 'localhost' } } for http://localhost:3000 +4s
  cypress:network:cors Parsed URL { port: '3000', protocol: 'http:', subdomain: null, domain: '', tld: 'localhost' } +1ms
  cypress:server:remote-states getting remote state: { auth: undefined, origin: 'http://localhost:3000', strategy: 'http', fileServer: null, domainName: 'localhost', props: { port: '3000', protocol: 'http:', subdomain: null, domain: '', tld: 'localhost' } } for: http://localhost:3000 +1ms
  cypress:webpack close C:\Users\LucasFelber\Documents\SideProjects\cypress-submit-reload\cypress\e2e\spec.cy.js +7s
  cypress:server:run final results of all runs: { browserName: 'electron', browserPath: '', browserVersion: '114.0.5735.289', config: { baseUrl: 'http://localhost:3000', projectRoot: 'C:\\Users\\LucasFelber\\Documents\\SideProjects\\cypress-submit-reload', projectName: 'cypress-submit-reload', configFile: 'cypress.config.js', isTextTerminal: true, animationDistanceThreshold: 5, arch: 'x64', blockHosts: null, chromeWebSecurity: true, clientCertificates: [], defaultCommandTimeout: 4000, downloadsFolder: 'C:\\Users\\LucasFelber\\Documents\\SideProjects\\cypress-submit-reload\\cypress\\downloads', env: {}, execTimeout: 60000, experimentalCspAllowList: false, experimentalFetchPolyfill: false, experimentalInteractiveRunEvents: false, experimentalRunAllSpecs: false, experimentalMemoryManagement: false, experimentalModifyObstructiveThirdPartyCode: false, experimentalSkipDomainInjection: null, experimentalOriginDependencies: false, experimentalSourceRewriting: false, experimentalSingleTabRunMode: false, experimentalStudio: false, experimentalWebKitSupport: false, fileServerFolder: 'C:\\Users\\LucasFelber\\Documents\\SideProjects\\cypress-submit-reload', fixturesFolder: 'C:\\Users\\LucasFelber\\Documents\\SideProjects\\cypress-submit-reload\\cypress\\fixtures', excludeSpecPattern: '*.hot-update.js', includeShadowDom: false, keystrokeDelay: 0, modifyObstructiveCode: true, numTestsKeptInMemory: 0, platform: 'win32', pageLoadTimeout: 60000, port: 56459, projectId: null, redirectionLimit: 20, reporter: 'spec', reporterOptions: null, requestTimeout: 5000, resolvedNodePath: 'C:\\Program Files\\nodejs\\node.exe', resolvedNodeVersion: '18.17.1', responseTimeout: 30000, retries: { runMode: 0, openMode: 0 }, screenshotOnRunFailure: true, screenshotsFolder: 'C:\\Users\\LucasFelber\\Documents\\SideProjects\\cypress-submit-reload\\cypress\\screenshots', slowTestThreshold: 10000, scrollBehavior: 'top', supportFile: 'C:\\Users\\LucasFelber\\Documents\\SideProjects\\cypress-submit-reload\\cypress\\support\\e2e.js', taskTimeout: 60000, testIsolation: true, trashAssetsBeforeRuns: true, userAgent: null, video: false, videoCompression: false, videosFolder: 'C:\\Users\\LucasFelber\\Documents\\SideProjects\\cypress-submit-reload\\cypress\\videos', viewportHeight: 660, viewportWidth: 1000, waitForAnimations: true, watchForFileChanges: false, specPattern: 'cypress/e2e/**/*.cy.{js,jsx,ts,tsx}', browsers: [ [Object], [Object], [Object], [Object], [Object] ], cypressBinaryRoot: 'C:\\Users\\LucasFelber\\AppData\\Local\\Cypress\\Cache\\13.3.1\\Cypress\\resources\\app', hosts: null, isInteractive: true, version: '13.3.1', testingType: 'e2e', browser: null, cypressInternalEnv: 'production' }, cypressVersion: '13.3.1', endedTestsAt: 2023-10-18T07:12:00.579Z, osName: 'win32', osVersion: '10.0.19045', runs: [ { error: null, reporter: 'spec', reporterStats: [Object], screenshots: [Array], spec: [Object], stats: [Object], tests: [Array], video: null } ], runUrl: undefined, startedTestsAt: 2023-10-18T07:11:53.210Z, totalDuration: 7369, totalFailed: 1, totalPassed: 0, totalPending: 0, totalSkipped: 0, totalSuites: 1, totalTests: 1 } +6ms
  cypress:lifecycle:EventRegistrar plugin event registered? { eventName: 'after:run', isRegistered: false } +21ms
  cypress:server:cypress about to exit with code 1 +15s
  cypress:server:browsers browsers.kill called with no active instance +67ms
  cypress:proxy:http:util:prerequests metrics: { browserPreRequestsReceived: 277, proxyRequestsReceived: 179, immediatelyMatchedRequests: 13, unmatchedRequests: 0, unmatchedPreRequests: 0 } +0ms  cypress:server:util:socket_allowed allowed socket closed, removing { localPort: 56486 } +138ms
error Command failed with exit code 1.
info Visit https://yarnpkg.com/en/docs/cli/run for documentation about this command.